nvcc warning : Support for offline compilation for architectures prior to '<compute/sm/lto>_75' will be removed in a future release (Use -Wno-deprecated-gpu-targets to suppress warning).
ptxas info    : 0 bytes gmem
ptxas info    : Compiling entry function '_Z13w8_m32_reduceILb1ELb1ELb1ELb0ELi0ELi0EEvPK12aw_work_descPK12aw_tile_desciiiPKi' for 'sm_60'
ptxas info    : Function properties for _Z13w8_m32_reduceILb1ELb1ELb1ELb0ELi0ELi0EEvPK12aw_work_descPK12aw_tile_desciiiPKi
    0 bytes stack frame, 0 bytes spill stores, 0 bytes spill loads
ptxas info    : Used 144 registers, used 1 barriers, 24576 bytes smem, 360 bytes cmem[0]
ptxas info    : Compile time = 87.058 ms
ptxas info    : Compiling entry function '_Z17aw_q8_service_m32ILb1ELb1ELb1ELb0ELi0ELi0EEvPK12aw_work_descPK12aw_tile_desciiiPKi' for 'sm_60'
ptxas info    : Function properties for _Z17aw_q8_service_m32ILb1ELb1ELb1ELb0ELi0ELi0EEvPK12aw_work_descPK12aw_tile_desciiiPKi
    0 bytes stack frame, 0 bytes spill stores, 0 bytes spill loads
ptxas info    : Used 144 registers, used 1 barriers, 24576 bytes smem, 360 bytes cmem[0]
ptxas info    : Compile time = 84.582 ms
ptxas info    : Compiling entry function '_Z17aw_q8_service_m32ILb0ELb1ELb1ELb0ELi0ELi0EEvPK12aw_work_descPK12aw_tile_desciiiPKi' for 'sm_60'
ptxas info    : Function properties for _Z17aw_q8_service_m32ILb0ELb1ELb1ELb0ELi0ELi0EEvPK12aw_work_descPK12aw_tile_desciiiPKi
    0 bytes stack frame, 0 bytes spill stores, 0 bytes spill loads
ptxas info    : Used 144 registers, used 1 barriers, 24576 bytes smem, 360 bytes cmem[0]
ptxas info    : Compile time = 81.262 ms
ptxas info    : Compiling entry function '_Z8quantizeILi4EEvPK6__halfPhm' for 'sm_60'
ptxas info    : Function properties for _Z8quantizeILi4EEvPK6__halfPhm
    0 bytes stack frame, 0 bytes spill stores, 0 bytes spill loads
ptxas info    : Used 21 registers, used 0 barriers, 344 bytes cmem[0], 24 bytes cmem[2]
ptxas info    : Compile time = 7.392 ms
ptxas info    : Compiling entry function '_Z8quantizeILi8EEvPK6__halfPhm' for 'sm_60'
ptxas info    : Function properties for _Z8quantizeILi8EEvPK6__halfPhm
    0 bytes stack frame, 0 bytes spill stores, 0 bytes spill loads
ptxas info    : Used 21 registers, used 0 barriers, 344 bytes cmem[0], 20 bytes cmem[2]
ptxas info    : Compile time = 7.405 ms
