nvcc warning : Support for offline compilation for architectures prior to '<compute/sm/lto>_75' will be removed in a future release (Use -Wno-deprecated-gpu-targets to suppress warning).
ptxas info    : 0 bytes gmem
ptxas info    : Compiling entry function '_Z13prepare_tiledILb1EEvPKfPviii' for 'sm_60'
ptxas info    : Function properties for _Z13prepare_tiledILb1EEvPKfPviii
    0 bytes stack frame, 0 bytes spill stores, 0 bytes spill loads
ptxas info    : Used 38 registers, used 1 barriers, 4224 bytes smem, 348 bytes cmem[0]
ptxas info    : Compile time = 21.801 ms
ptxas info    : Compiling entry function '_Z13prepare_tiledILb0EEvPKfPviii' for 'sm_60'
ptxas info    : Function properties for _Z13prepare_tiledILb0EEvPKfPviii
    0 bytes stack frame, 0 bytes spill stores, 0 bytes spill loads
ptxas info    : Used 38 registers, used 1 barriers, 4224 bytes smem, 348 bytes cmem[0]
ptxas info    : Compile time = 20.497 ms
ptxas info    : Compiling entry function '_Z11q4_f32_tileILi64ELi64ELi128ELi1ELi1ELi8ELi0EEvPK6__halfPKhPfiiii' for 'sm_60'
ptxas info    : Function properties for _Z11q4_f32_tileILi64ELi64ELi128ELi1ELi1ELi8ELi0EEvPK6__halfPKhPfiiii
    0 bytes stack frame, 0 bytes spill stores, 0 bytes spill loads
ptxas info    : Used 106 registers, used 1 barriers, 16384 bytes smem, 360 bytes cmem[0], 4 bytes cmem[2]
ptxas info    : Compile time = 107.142 ms
ptxas info    : Compiling entry function '_Z11q4_f32_tileILi64ELi64ELi128ELi1ELi1ELi8ELi1EEvPK6__halfPKhPfiiii' for 'sm_60'
ptxas info    : Function properties for _Z11q4_f32_tileILi64ELi64ELi128ELi1ELi1ELi8ELi1EEvPK6__halfPKhPfiiii
    0 bytes stack frame, 0 bytes spill stores, 0 bytes spill loads
ptxas info    : Used 106 registers, used 1 barriers, 16384 bytes smem, 360 bytes cmem[0], 4 bytes cmem[2]
ptxas info    : Compile time = 106.754 ms
ptxas info    : Compiling entry function '_Z17aw_q4_service_m64ILb1ELb1ELb0ELi2ELb0EEvPK12aw_work_descPK12aw_tile_desciiiPKi' for 'sm_60'
ptxas info    : Function properties for _Z17aw_q4_service_m64ILb1ELb1ELb0ELi2ELb0EEvPK12aw_work_descPK12aw_tile_desciiiPKi
    0 bytes stack frame, 0 bytes spill stores, 0 bytes spill loads
ptxas info    : Used 96 registers, used 1 barriers, 32768 bytes smem, 360 bytes cmem[0], 4 bytes cmem[2]
ptxas info    : Compile time = 110.407 ms
ptxas info    : Compiling entry function '_Z17aw_q8_service_m64ILb1ELb1ELb0ELi2ELb0EEvPK12aw_work_descPK12aw_tile_desciiiPKi' for 'sm_60'
ptxas info    : Function properties for _Z17aw_q8_service_m64ILb1ELb1ELb0ELi2ELb0EEvPK12aw_work_descPK12aw_tile_desciiiPKi
    0 bytes stack frame, 0 bytes spill stores, 0 bytes spill loads
ptxas info    : Used 96 registers, used 1 barriers, 32768 bytes smem, 360 bytes cmem[0], 4 bytes cmem[2]
ptxas info    : Compile time = 98.216 ms
ptxas info    : Compiling entry function '_Z17aw_q8_service_m64ILb0ELb1ELb0ELi2ELb0EEvPK12aw_work_descPK12aw_tile_desciiiPKi' for 'sm_60'
ptxas info    : Function properties for _Z17aw_q8_service_m64ILb0ELb1ELb0ELi2ELb0EEvPK12aw_work_descPK12aw_tile_desciiiPKi
    0 bytes stack frame, 0 bytes spill stores, 0 bytes spill loads
ptxas info    : Used 93 registers, used 1 barriers, 32768 bytes smem, 360 bytes cmem[0], 4 bytes cmem[2]
ptxas info    : Compile time = 75.717 ms
ptxas info    : Compiling entry function '_Z13delivery_leadILi4ELi1ELi32ELi0EEvPKvPKhPfiiii' for 'sm_60'
ptxas info    : Function properties for _Z13delivery_leadILi4ELi1ELi32ELi0EEvPKvPKhPfiiii
    0 bytes stack frame, 0 bytes spill stores, 0 bytes spill loads
ptxas info    : Used 115 registers, used 1 barriers, 16384 bytes smem, 360 bytes cmem[0], 4 bytes cmem[2]
ptxas info    : Compile time = 158.988 ms
ptxas info    : Compiling entry function '_Z13delivery_leadILi4ELi1ELi16ELi0EEvPKvPKhPfiiii' for 'sm_60'
ptxas info    : Function properties for _Z13delivery_leadILi4ELi1ELi16ELi0EEvPKvPKhPfiiii
    0 bytes stack frame, 0 bytes spill stores, 0 bytes spill loads
ptxas info    : Used 114 registers, used 1 barriers, 16384 bytes smem, 360 bytes cmem[0], 4 bytes cmem[2]
ptxas info    : Compile time = 105.385 ms
ptxas info    : Compiling entry function '_Z13aw_special_q4ILb0EEvPK12aw_work_descPK12aw_tile_desciiiPKi' for 'sm_60'
ptxas info    : Function properties for _Z13aw_special_q4ILb0EEvPK12aw_work_descPK12aw_tile_desciiiPKi
    0 bytes stack frame, 0 bytes spill stores, 0 bytes spill loads
ptxas info    : Used 121 registers, used 1 barriers, 32768 bytes smem, 360 bytes cmem[0], 4 bytes cmem[2]
ptxas info    : Compile time = 146.150 ms
ptxas info    : Compiling entry function '_Z36aw_q8_service_m64_n128_halfpipe_syncILb0EEvPK12aw_work_descPK12aw_tile_desciiiPKi' for 'sm_60'
ptxas info    : Function properties for _Z36aw_q8_service_m64_n128_halfpipe_syncILb0EEvPK12aw_work_descPK12aw_tile_desciiiPKi
    0 bytes stack frame, 0 bytes spill stores, 0 bytes spill loads
ptxas info    : Used 128 registers, used 1 barriers, 32768 bytes smem, 360 bytes cmem[0]
ptxas info    : Compile time = 286.816 ms
ptxas info    : Compiling entry function '_Z13delivery_leadILi4ELi1ELi32ELi2EEvPKvPKhPfiiii' for 'sm_60'
ptxas info    : Function properties for _Z13delivery_leadILi4ELi1ELi32ELi2EEvPKvPKhPfiiii
    0 bytes stack frame, 0 bytes spill stores, 0 bytes spill loads
ptxas info    : Used 88 registers, used 1 barriers, 12288 bytes smem, 360 bytes cmem[0], 4 bytes cmem[2]
ptxas info    : Compile time = 78.121 ms
ptxas info    : Compiling entry function '_Z13delivery_leadILi4ELi1ELi16ELi2EEvPKvPKhPfiiii' for 'sm_60'
ptxas info    : Function properties for _Z13delivery_leadILi4ELi1ELi16ELi2EEvPKvPKhPfiiii
    0 bytes stack frame, 0 bytes spill stores, 0 bytes spill loads
ptxas info    : Used 91 registers, used 1 barriers, 12288 bytes smem, 360 bytes cmem[0], 4 bytes cmem[2]
ptxas info    : Compile time = 58.127 ms
ptxas info    : Compiling entry function '_Z13delivery_leadILi0ELi1ELi32ELi3EEvPKvPKhPfiiii' for 'sm_60'
ptxas info    : Function properties for _Z13delivery_leadILi0ELi1ELi32ELi3EEvPKvPKhPfiiii
    0 bytes stack frame, 0 bytes spill stores, 0 bytes spill loads
ptxas info    : Used 78 registers, used 1 barriers, 10240 bytes smem, 360 bytes cmem[0], 4 bytes cmem[2]
ptxas info    : Compile time = 61.278 ms
ptxas info    : Compiling entry function '_Z13delivery_leadILi0ELi1ELi16ELi3EEvPKvPKhPfiiii' for 'sm_60'
ptxas info    : Function properties for _Z13delivery_leadILi0ELi1ELi16ELi3EEvPKvPKhPfiiii
    0 bytes stack frame, 0 bytes spill stores, 0 bytes spill loads
ptxas info    : Used 79 registers, used 1 barriers, 10240 bytes smem, 360 bytes cmem[0], 4 bytes cmem[2]
ptxas info    : Compile time = 51.598 ms
ptxas info    : Compiling entry function '_Z13delivery_leadILi0ELi1ELi8ELi3EEvPKvPKhPfiiii' for 'sm_60'
ptxas info    : Function properties for _Z13delivery_leadILi0ELi1ELi8ELi3EEvPKvPKhPfiiii
    0 bytes stack frame, 0 bytes spill stores, 0 bytes spill loads
ptxas info    : Used 78 registers, used 1 barriers, 10240 bytes smem, 360 bytes cmem[0], 4 bytes cmem[2]
ptxas info    : Compile time = 45.714 ms
ptxas info    : Compiling entry function '_Z13delivery_leadILi0ELi1ELi32ELi2EEvPKvPKhPfiiii' for 'sm_60'
ptxas info    : Function properties for _Z13delivery_leadILi0ELi1ELi32ELi2EEvPKvPKhPfiiii
    0 bytes stack frame, 0 bytes spill stores, 0 bytes spill loads
ptxas info    : Used 86 registers, used 1 barriers, 12288 bytes smem, 360 bytes cmem[0], 4 bytes cmem[2]
ptxas info    : Compile time = 74.604 ms
ptxas info    : Compiling entry function '_Z13delivery_leadILi0ELi1ELi16ELi2EEvPKvPKhPfiiii' for 'sm_60'
ptxas info    : Function properties for _Z13delivery_leadILi0ELi1ELi16ELi2EEvPKvPKhPfiiii
    0 bytes stack frame, 0 bytes spill stores, 0 bytes spill loads
ptxas info    : Used 86 registers, used 1 barriers, 12288 bytes smem, 360 bytes cmem[0], 4 bytes cmem[2]
ptxas info    : Compile time = 54.378 ms
ptxas info    : Compiling entry function '_Z13delivery_leadILi0ELi1ELi8ELi2EEvPKvPKhPfiiii' for 'sm_60'
ptxas info    : Function properties for _Z13delivery_leadILi0ELi1ELi8ELi2EEvPKvPKhPfiiii
    0 bytes stack frame, 0 bytes spill stores, 0 bytes spill loads
ptxas info    : Used 88 registers, used 1 barriers, 12288 bytes smem, 360 bytes cmem[0], 4 bytes cmem[2]
ptxas info    : Compile time = 44.007 ms
ptxas info    : Compiling entry function '_Z13delivery_leadILi0ELi1ELi4ELi2EEvPKvPKhPfiiii' for 'sm_60'
ptxas info    : Function properties for _Z13delivery_leadILi0ELi1ELi4ELi2EEvPKvPKhPfiiii
    0 bytes stack frame, 0 bytes spill stores, 0 bytes spill loads
ptxas info    : Used 88 registers, used 1 barriers, 12288 bytes smem, 360 bytes cmem[0], 4 bytes cmem[2]
ptxas info    : Compile time = 39.323 ms
ptxas info    : Compiling entry function '_Z13delivery_leadILi3ELi1ELi8ELi1EEvPKvPKhPfiiii' for 'sm_60'
ptxas info    : Function properties for _Z13delivery_leadILi3ELi1ELi8ELi1EEvPKvPKhPfiiii
    0 bytes stack frame, 0 bytes spill stores, 0 bytes spill loads
ptxas info    : Used 105 registers, used 1 barriers, 16384 bytes smem, 360 bytes cmem[0], 4 bytes cmem[2]
ptxas info    : Compile time = 60.474 ms
ptxas info    : Compiling entry function '_Z13delivery_leadILi3ELi1ELi4ELi1EEvPKvPKhPfiiii' for 'sm_60'
ptxas info    : Function properties for _Z13delivery_leadILi3ELi1ELi4ELi1EEvPKvPKhPfiiii
    0 bytes stack frame, 0 bytes spill stores, 0 bytes spill loads
ptxas info    : Used 104 registers, used 1 barriers, 16384 bytes smem, 360 bytes cmem[0], 4 bytes cmem[2]
ptxas info    : Compile time = 49.890 ms
ptxas info    : Compiling entry function '_Z13delivery_leadILi2ELi1ELi8ELi1EEvPKvPKhPfiiii' for 'sm_60'
ptxas info    : Function properties for _Z13delivery_leadILi2ELi1ELi8ELi1EEvPKvPKhPfiiii
    0 bytes stack frame, 0 bytes spill stores, 0 bytes spill loads
ptxas info    : Used 112 registers, used 1 barriers, 16384 bytes smem, 360 bytes cmem[0], 4 bytes cmem[2]
ptxas info    : Compile time = 61.129 ms
ptxas info    : Compiling entry function '_Z13delivery_leadILi2ELi1ELi4ELi1EEvPKvPKhPfiiii' for 'sm_60'
ptxas info    : Function properties for _Z13delivery_leadILi2ELi1ELi4ELi1EEvPKvPKhPfiiii
    0 bytes stack frame, 0 bytes spill stores, 0 bytes spill loads
ptxas info    : Used 112 registers, used 1 barriers, 16384 bytes smem, 360 bytes cmem[0], 4 bytes cmem[2]
ptxas info    : Compile time = 48.319 ms
ptxas info    : Compiling entry function '_Z13delivery_leadILi1ELi1ELi8ELi1EEvPKvPKhPfiiii' for 'sm_60'
ptxas info    : Function properties for _Z13delivery_leadILi1ELi1ELi8ELi1EEvPKvPKhPfiiii
    0 bytes stack frame, 0 bytes spill stores, 0 bytes spill loads
ptxas info    : Used 105 registers, used 1 barriers, 16384 bytes smem, 360 bytes cmem[0], 4 bytes cmem[2]
ptxas info    : Compile time = 54.331 ms
ptxas info    : Compiling entry function '_Z13delivery_leadILi1ELi1ELi4ELi1EEvPKvPKhPfiiii' for 'sm_60'
ptxas info    : Function properties for _Z13delivery_leadILi1ELi1ELi4ELi1EEvPKvPKhPfiiii
    0 bytes stack frame, 0 bytes spill stores, 0 bytes spill loads
ptxas info    : Used 104 registers, used 1 barriers, 16384 bytes smem, 360 bytes cmem[0], 4 bytes cmem[2]
ptxas info    : Compile time = 43.806 ms
ptxas info    : Compiling entry function '_Z13delivery_leadILi0ELi1ELi8ELi1EEvPKvPKhPfiiii' for 'sm_60'
ptxas info    : Function properties for _Z13delivery_leadILi0ELi1ELi8ELi1EEvPKvPKhPfiiii
    0 bytes stack frame, 0 bytes spill stores, 0 bytes spill loads
ptxas info    : Used 110 registers, used 1 barriers, 16384 bytes smem, 360 bytes cmem[0], 4 bytes cmem[2]
ptxas info    : Compile time = 58.645 ms
ptxas info    : Compiling entry function '_Z13delivery_leadILi0ELi1ELi4ELi1EEvPKvPKhPfiiii' for 'sm_60'
ptxas info    : Function properties for _Z13delivery_leadILi0ELi1ELi4ELi1EEvPKvPKhPfiiii
    0 bytes stack frame, 0 bytes spill stores, 0 bytes spill loads
ptxas info    : Used 110 registers, used 1 barriers, 16384 bytes smem, 360 bytes cmem[0], 4 bytes cmem[2]
ptxas info    : Compile time = 48.594 ms
ptxas info    : Compiling entry function '_Z13delivery_leadILi3ELi1ELi4ELi0EEvPKvPKhPfiiii' for 'sm_60'
ptxas info    : Function properties for _Z13delivery_leadILi3ELi1ELi4ELi0EEvPKvPKhPfiiii
    0 bytes stack frame, 0 bytes spill stores, 0 bytes spill loads
ptxas info    : Used 104 registers, used 1 barriers, 16384 bytes smem, 360 bytes cmem[0], 4 bytes cmem[2]
ptxas info    : Compile time = 48.423 ms
ptxas info    : Compiling entry function '_Z13delivery_leadILi2ELi1ELi4ELi0EEvPKvPKhPfiiii' for 'sm_60'
ptxas info    : Function properties for _Z13delivery_leadILi2ELi1ELi4ELi0EEvPKvPKhPfiiii
    0 bytes stack frame, 0 bytes spill stores, 0 bytes spill loads
ptxas info    : Used 112 registers, used 1 barriers, 16384 bytes smem, 360 bytes cmem[0], 4 bytes cmem[2]
ptxas info    : Compile time = 48.293 ms
ptxas info    : Compiling entry function '_Z13delivery_leadILi1ELi1ELi4ELi0EEvPKvPKhPfiiii' for 'sm_60'
ptxas info    : Function properties for _Z13delivery_leadILi1ELi1ELi4ELi0EEvPKvPKhPfiiii
    0 bytes stack frame, 0 bytes spill stores, 0 bytes spill loads
ptxas info    : Used 104 registers, used 1 barriers, 16384 bytes smem, 360 bytes cmem[0], 4 bytes cmem[2]
ptxas info    : Compile time = 48.977 ms
ptxas info    : Compiling entry function '_Z13delivery_leadILi0ELi1ELi4ELi0EEvPKvPKhPfiiii' for 'sm_60'
ptxas info    : Function properties for _Z13delivery_leadILi0ELi1ELi4ELi0EEvPKvPKhPfiiii
    0 bytes stack frame, 0 bytes spill stores, 0 bytes spill loads
ptxas info    : Used 110 registers, used 1 barriers, 16384 bytes smem, 360 bytes cmem[0], 4 bytes cmem[2]
ptxas info    : Compile time = 54.221 ms
ptxas info    : Compiling entry function '_Z13delivery_leadILi3ELi1ELi32ELi0EEvPKvPKhPfiiii' for 'sm_60'
ptxas info    : Function properties for _Z13delivery_leadILi3ELi1ELi32ELi0EEvPKvPKhPfiiii
    0 bytes stack frame, 0 bytes spill stores, 0 bytes spill loads
ptxas info    : Used 102 registers, used 1 barriers, 16384 bytes smem, 360 bytes cmem[0], 4 bytes cmem[2]
ptxas info    : Compile time = 117.358 ms
ptxas info    : Compiling entry function '_Z13delivery_leadILi3ELi1ELi16ELi0EEvPKvPKhPfiiii' for 'sm_60'
ptxas info    : Function properties for _Z13delivery_leadILi3ELi1ELi16ELi0EEvPKvPKhPfiiii
    0 bytes stack frame, 0 bytes spill stores, 0 bytes spill loads
ptxas info    : Used 102 registers, used 1 barriers, 16384 bytes smem, 360 bytes cmem[0], 4 bytes cmem[2]
ptxas info    : Compile time = 72.439 ms
ptxas info    : Compiling entry function '_Z13delivery_leadILi3ELi1ELi8ELi0EEvPKvPKhPfiiii' for 'sm_60'
ptxas info    : Function properties for _Z13delivery_leadILi3ELi1ELi8ELi0EEvPKvPKhPfiiii
    0 bytes stack frame, 0 bytes spill stores, 0 bytes spill loads
ptxas info    : Used 104 registers, used 1 barriers, 16384 bytes smem, 360 bytes cmem[0], 4 bytes cmem[2]
ptxas info    : Compile time = 53.342 ms
ptxas info    : Compiling entry function '_Z13delivery_leadILi3ELi0ELi32ELi0EEvPKvPKhPfiiii' for 'sm_60'
ptxas info    : Function properties for _Z13delivery_leadILi3ELi0ELi32ELi0EEvPKvPKhPfiiii
    0 bytes stack frame, 0 bytes spill stores, 0 bytes spill loads
ptxas info    : Used 100 registers, used 1 barriers, 16384 bytes smem, 360 bytes cmem[0], 4 bytes cmem[2]
ptxas info    : Compile time = 109.861 ms
ptxas info    : Compiling entry function '_Z13delivery_leadILi3ELi0ELi16ELi0EEvPKvPKhPfiiii' for 'sm_60'
ptxas info    : Function properties for _Z13delivery_leadILi3ELi0ELi16ELi0EEvPKvPKhPfiiii
    0 bytes stack frame, 0 bytes spill stores, 0 bytes spill loads
ptxas info    : Used 100 registers, used 1 barriers, 16384 bytes smem, 360 bytes cmem[0], 4 bytes cmem[2]
ptxas info    : Compile time = 72.234 ms
ptxas info    : Compiling entry function '_Z13delivery_leadILi3ELi0ELi8ELi0EEvPKvPKhPfiiii' for 'sm_60'
ptxas info    : Function properties for _Z13delivery_leadILi3ELi0ELi8ELi0EEvPKvPKhPfiiii
    0 bytes stack frame, 0 bytes spill stores, 0 bytes spill loads
ptxas info    : Used 102 registers, used 1 barriers, 16384 bytes smem, 360 bytes cmem[0], 4 bytes cmem[2]
ptxas info    : Compile time = 54.240 ms
ptxas info    : Compiling entry function '_Z13delivery_leadILi2ELi1ELi32ELi0EEvPKvPKhPfiiii' for 'sm_60'
ptxas info    : Function properties for _Z13delivery_leadILi2ELi1ELi32ELi0EEvPKvPKhPfiiii
    0 bytes stack frame, 0 bytes spill stores, 0 bytes spill loads
ptxas info    : Used 109 registers, used 1 barriers, 16384 bytes smem, 360 bytes cmem[0], 4 bytes cmem[2]
ptxas info    : Compile time = 110.558 ms
ptxas info    : Compiling entry function '_Z13delivery_leadILi2ELi1ELi16ELi0EEvPKvPKhPfiiii' for 'sm_60'
ptxas info    : Function properties for _Z13delivery_leadILi2ELi1ELi16ELi0EEvPKvPKhPfiiii
    0 bytes stack frame, 0 bytes spill stores, 0 bytes spill loads
ptxas info    : Used 109 registers, used 1 barriers, 16384 bytes smem, 360 bytes cmem[0], 4 bytes cmem[2]
ptxas info    : Compile time = 67.243 ms
ptxas info    : Compiling entry function '_Z13delivery_leadILi2ELi1ELi8ELi0EEvPKvPKhPfiiii' for 'sm_60'
ptxas info    : Function properties for _Z13delivery_leadILi2ELi1ELi8ELi0EEvPKvPKhPfiiii
    0 bytes stack frame, 0 bytes spill stores, 0 bytes spill loads
ptxas info    : Used 112 registers, used 1 barriers, 16384 bytes smem, 360 bytes cmem[0], 4 bytes cmem[2]
ptxas info    : Compile time = 49.206 ms
ptxas info    : Compiling entry function '_Z13delivery_leadILi2ELi0ELi32ELi0EEvPKvPKhPfiiii' for 'sm_60'
ptxas info    : Function properties for _Z13delivery_leadILi2ELi0ELi32ELi0EEvPKvPKhPfiiii
    0 bytes stack frame, 0 bytes spill stores, 0 bytes spill loads
ptxas info    : Used 108 registers, used 1 barriers, 16384 bytes smem, 360 bytes cmem[0], 4 bytes cmem[2]
ptxas info    : Compile time = 102.663 ms
ptxas info    : Compiling entry function '_Z13delivery_leadILi2ELi0ELi16ELi0EEvPKvPKhPfiiii' for 'sm_60'
ptxas info    : Function properties for _Z13delivery_leadILi2ELi0ELi16ELi0EEvPKvPKhPfiiii
    0 bytes stack frame, 0 bytes spill stores, 0 bytes spill loads
ptxas info    : Used 108 registers, used 1 barriers, 16384 bytes smem, 360 bytes cmem[0], 4 bytes cmem[2]
ptxas info    : Compile time = 67.339 ms
ptxas info    : Compiling entry function '_Z13delivery_leadILi2ELi0ELi8ELi0EEvPKvPKhPfiiii' for 'sm_60'
ptxas info    : Function properties for _Z13delivery_leadILi2ELi0ELi8ELi0EEvPKvPKhPfiiii
    0 bytes stack frame, 0 bytes spill stores, 0 bytes spill loads
ptxas info    : Used 111 registers, used 1 barriers, 16384 bytes smem, 360 bytes cmem[0], 4 bytes cmem[2]
ptxas info    : Compile time = 49.104 ms
ptxas info    : Compiling entry function '_Z13delivery_leadILi1ELi1ELi32ELi0EEvPKvPKhPfiiii' for 'sm_60'
ptxas info    : Function properties for _Z13delivery_leadILi1ELi1ELi32ELi0EEvPKvPKhPfiiii
    0 bytes stack frame, 0 bytes spill stores, 0 bytes spill loads
ptxas info    : Used 102 registers, used 1 barriers, 16384 bytes smem, 360 bytes cmem[0], 4 bytes cmem[2]
ptxas info    : Compile time = 101.727 ms
ptxas info    : Compiling entry function '_Z13delivery_leadILi1ELi1ELi16ELi0EEvPKvPKhPfiiii' for 'sm_60'
ptxas info    : Function properties for _Z13delivery_leadILi1ELi1ELi16ELi0EEvPKvPKhPfiiii
    0 bytes stack frame, 0 bytes spill stores, 0 bytes spill loads
ptxas info    : Used 102 registers, used 1 barriers, 16384 bytes smem, 360 bytes cmem[0], 4 bytes cmem[2]
ptxas info    : Compile time = 68.070 ms
ptxas info    : Compiling entry function '_Z13delivery_leadILi1ELi1ELi8ELi0EEvPKvPKhPfiiii' for 'sm_60'
ptxas info    : Function properties for _Z13delivery_leadILi1ELi1ELi8ELi0EEvPKvPKhPfiiii
    0 bytes stack frame, 0 bytes spill stores, 0 bytes spill loads
ptxas info    : Used 104 registers, used 1 barriers, 16384 bytes smem, 360 bytes cmem[0], 4 bytes cmem[2]
ptxas info    : Compile time = 49.519 ms
ptxas info    : Compiling entry function '_Z13delivery_leadILi1ELi0ELi32ELi0EEvPKvPKhPfiiii' for 'sm_60'
ptxas info    : Function properties for _Z13delivery_leadILi1ELi0ELi32ELi0EEvPKvPKhPfiiii
    0 bytes stack frame, 0 bytes spill stores, 0 bytes spill loads
ptxas info    : Used 100 registers, used 1 barriers, 16384 bytes smem, 360 bytes cmem[0], 4 bytes cmem[2]
ptxas info    : Compile time = 98.186 ms
ptxas info    : Compiling entry function '_Z13delivery_leadILi1ELi0ELi16ELi0EEvPKvPKhPfiiii' for 'sm_60'
ptxas info    : Function properties for _Z13delivery_leadILi1ELi0ELi16ELi0EEvPKvPKhPfiiii
    0 bytes stack frame, 0 bytes spill stores, 0 bytes spill loads
ptxas info    : Used 100 registers, used 1 barriers, 16384 bytes smem, 360 bytes cmem[0], 4 bytes cmem[2]
ptxas info    : Compile time = 65.587 ms
ptxas info    : Compiling entry function '_Z13delivery_leadILi1ELi0ELi8ELi0EEvPKvPKhPfiiii' for 'sm_60'
ptxas info    : Function properties for _Z13delivery_leadILi1ELi0ELi8ELi0EEvPKvPKhPfiiii
    0 bytes stack frame, 0 bytes spill stores, 0 bytes spill loads
ptxas info    : Used 102 registers, used 1 barriers, 16384 bytes smem, 360 bytes cmem[0], 4 bytes cmem[2]
ptxas info    : Compile time = 48.223 ms
ptxas info    : Compiling entry function '_Z13delivery_leadILi0ELi1ELi32ELi0EEvPKvPKhPfiiii' for 'sm_60'
ptxas info    : Function properties for _Z13delivery_leadILi0ELi1ELi32ELi0EEvPKvPKhPfiiii
    0 bytes stack frame, 0 bytes spill stores, 0 bytes spill loads
ptxas info    : Used 110 registers, used 1 barriers, 16384 bytes smem, 360 bytes cmem[0], 4 bytes cmem[2]
ptxas info    : Compile time = 105.695 ms
ptxas info    : Compiling entry function '_Z13delivery_leadILi0ELi1ELi16ELi0EEvPKvPKhPfiiii' for 'sm_60'
ptxas info    : Function properties for _Z13delivery_leadILi0ELi1ELi16ELi0EEvPKvPKhPfiiii
    0 bytes stack frame, 0 bytes spill stores, 0 bytes spill loads
ptxas info    : Used 107 registers, used 1 barriers, 16384 bytes smem, 360 bytes cmem[0], 4 bytes cmem[2]
ptxas info    : Compile time = 69.229 ms
ptxas info    : Compiling entry function '_Z13delivery_leadILi0ELi1ELi8ELi0EEvPKvPKhPfiiii' for 'sm_60'
ptxas info    : Function properties for _Z13delivery_leadILi0ELi1ELi8ELi0EEvPKvPKhPfiiii
    0 bytes stack frame, 0 bytes spill stores, 0 bytes spill loads
ptxas info    : Used 110 registers, used 1 barriers, 16384 bytes smem, 360 bytes cmem[0], 4 bytes cmem[2]
ptxas info    : Compile time = 53.380 ms
ptxas info    : Compiling entry function '_Z13delivery_leadILi0ELi0ELi32ELi0EEvPKvPKhPfiiii' for 'sm_60'
ptxas info    : Function properties for _Z13delivery_leadILi0ELi0ELi32ELi0EEvPKvPKhPfiiii
    0 bytes stack frame, 0 bytes spill stores, 0 bytes spill loads
ptxas info    : Used 104 registers, used 1 barriers, 16384 bytes smem, 360 bytes cmem[0], 4 bytes cmem[2]
ptxas info    : Compile time = 101.803 ms
ptxas info    : Compiling entry function '_Z13delivery_leadILi0ELi0ELi16ELi0EEvPKvPKhPfiiii' for 'sm_60'
ptxas info    : Function properties for _Z13delivery_leadILi0ELi0ELi16ELi0EEvPKvPKhPfiiii
    0 bytes stack frame, 0 bytes spill stores, 0 bytes spill loads
ptxas info    : Used 103 registers, used 1 barriers, 16384 bytes smem, 360 bytes cmem[0], 4 bytes cmem[2]
ptxas info    : Compile time = 67.379 ms
ptxas info    : Compiling entry function '_Z13delivery_leadILi0ELi0ELi8ELi0EEvPKvPKhPfiiii' for 'sm_60'
ptxas info    : Function properties for _Z13delivery_leadILi0ELi0ELi8ELi0EEvPKvPKhPfiiii
    0 bytes stack frame, 0 bytes spill stores, 0 bytes spill loads
ptxas info    : Used 106 registers, used 1 barriers, 16384 bytes smem, 360 bytes cmem[0], 4 bytes cmem[2]
ptxas info    : Compile time = 52.137 ms
ptxas info    : Compiling entry function '_Z18prepare_a16_vectorPKfP6__halfm' for 'sm_60'
ptxas info    : Function properties for _Z18prepare_a16_vectorPKfP6__halfm
    0 bytes stack frame, 0 bytes spill stores, 0 bytes spill loads
ptxas info    : Used 20 registers, used 0 barriers, 344 bytes cmem[0]
ptxas info    : Compile time = 1.926 ms
ptxas info    : Compiling entry function '_Z11prepare_a16PKfP6__halfm' for 'sm_60'
ptxas info    : Function properties for _Z11prepare_a16PKfP6__halfm
    0 bytes stack frame, 0 bytes spill stores, 0 bytes spill loads
ptxas info    : Used 10 registers, used 0 barriers, 344 bytes cmem[0]
ptxas info    : Compile time = 1.426 ms
