QUANT bits=8 values=8388608 bad=0
QUANT bits=4 values=8388608 bad=0
CHECK A32 outputs=33554432 samples=256 bad=0 nonfinite=0 changed=0 rel_l2=0
CHECK A16 outputs=33554432 samples=256 bad=0 nonfinite=0 changed=0 rel_l2=0
CHECK A8 outputs=33554432 samples=256 bad=0 nonfinite=0 changed=33554204 rel_l2=0.0047127057
CHECK A4 outputs=33554432 samples=256 bad=0 nonfinite=0 changed=33554419 rel_l2=0.0878195876
CHECK A64 outputs=33554432 samples=256 bad=0 nonfinite=0 changed=33548559 rel_l2=0.000198982443
META M=256 N=2048 K=512 experts=64 quantization_timed=1 full_q8_codes=1
TIME A32 prep=1 rep=0 us=4537.27979
TIME A16 prep=1 rep=0 us=4528.18115
TIME A8 prep=1 rep=0 us=4765.54688
TIME A8 prep=0 rep=0 us=4606.33057
TIME A4 prep=1 rep=0 us=4772.55469
TIME A4 prep=0 rep=0 us=4611.09863
TIME A64 prep=1 rep=0 us=4714.92236
TIME A16 prep=1 rep=1 us=4538.76807
TIME A8 prep=1 rep=1 us=4755.32275
TIME A8 prep=0 rep=1 us=4604.54395
TIME A4 prep=1 rep=1 us=4773.0083
TIME A4 prep=0 rep=1 us=4608.75732
TIME A64 prep=1 rep=1 us=4719.74414
TIME A32 prep=1 rep=1 us=4529.69629
TIME A8 prep=1 rep=2 us=4754.44238
TIME A8 prep=0 rep=2 us=4607.38135
TIME A4 prep=1 rep=2 us=4775.37598
TIME A4 prep=0 rep=2 us=4678.81592
TIME A64 prep=1 rep=2 us=4815.15186
TIME A32 prep=1 rep=2 us=4616.91162
TIME A16 prep=1 rep=2 us=4605.31201
TIME A4 prep=1 rep=3 us=4767.6001
TIME A4 prep=0 rep=3 us=4606.02686
TIME A64 prep=1 rep=3 us=4714.04834
TIME A32 prep=1 rep=3 us=4532.37354
TIME A16 prep=1 rep=3 us=4528.81104
TIME A8 prep=1 rep=3 us=4760.10693
TIME A8 prep=0 rep=3 us=4612.34668
TIME A64 prep=1 rep=4 us=4716.25635
TIME A32 prep=1 rep=4 us=4532.77881
TIME A16 prep=1 rep=4 us=4530.74658
TIME A8 prep=1 rep=4 us=4755.37598
TIME A8 prep=0 rep=4 us=4598.46924
TIME A4 prep=1 rep=4 us=4770.96533
TIME A4 prep=0 rep=4 us=4608.09082
TIME A32 prep=1 rep=5 us=4530.4375
TIME A16 prep=1 rep=5 us=4526.41064
TIME A8 prep=1 rep=5 us=4756.32568
TIME A8 prep=0 rep=5 us=4602.09033
TIME A4 prep=1 rep=5 us=4766.73584
TIME A4 prep=0 rep=5 us=4606.41064
TIME A64 prep=1 rep=5 us=4714.73047
TIME A16 prep=1 rep=6 us=4529.50439
TIME A8 prep=1 rep=6 us=4768.34131
TIME A8 prep=0 rep=6 us=4603.13037
TIME A4 prep=1 rep=6 us=4765.04541
TIME A4 prep=0 rep=6 us=4604.83203
TIME A64 prep=1 rep=6 us=4715.30127
TIME A32 prep=1 rep=6 us=4532.29346
PASS
