QUANT bits=8 values=33554432 bad=0
QUANT bits=4 values=33554432 bad=0
CHECK A32 outputs=8388608 samples=256 bad=0 nonfinite=0 changed=0 rel_l2=0
CHECK A16 outputs=8388608 samples=256 bad=0 nonfinite=0 changed=0 rel_l2=0
CHECK A8 outputs=8388608 samples=256 bad=0 nonfinite=0 changed=8388549 rel_l2=0.00471072876
CHECK A4 outputs=8388608 samples=256 bad=0 nonfinite=0 changed=8388606 rel_l2=0.0877454925
CHECK A64 outputs=8388608 samples=256 bad=0 nonfinite=0 changed=8387180 rel_l2=0.000199025538
META M=256 N=512 K=2048 experts=64 quantization_timed=1 full_q8_codes=1
TIME A32 prep=1 rep=0 us=4625.76562
TIME A16 prep=1 rep=0 us=4624.84814
TIME A8 prep=1 rep=0 us=5301.78125
TIME A8 prep=0 rep=0 us=4707.45605
TIME A4 prep=1 rep=0 us=5329.26416
TIME A4 prep=0 rep=0 us=4708.58643
TIME A64 prep=1 rep=0 us=4802.229
TIME A16 prep=1 rep=1 us=4626.14404
TIME A8 prep=1 rep=1 us=5304.90137
TIME A8 prep=0 rep=1 us=4707.07764
TIME A4 prep=1 rep=1 us=5332.10645
TIME A4 prep=0 rep=1 us=4708.87451
TIME A64 prep=1 rep=1 us=4801.86133
TIME A32 prep=1 rep=1 us=4623.74414
TIME A8 prep=1 rep=2 us=5305.80273
TIME A8 prep=0 rep=2 us=4708.58643
TIME A4 prep=1 rep=2 us=5330.72021
TIME A4 prep=0 rep=2 us=4708.56543
TIME A64 prep=1 rep=2 us=4802.55469
TIME A32 prep=1 rep=2 us=4626.54395
TIME A16 prep=1 rep=2 us=4627.95166
TIME A4 prep=1 rep=3 us=5330.41064
TIME A4 prep=0 rep=3 us=4709.74951
TIME A64 prep=1 rep=3 us=4804.2666
TIME A32 prep=1 rep=3 us=4627.69092
TIME A16 prep=1 rep=3 us=4626.896
TIME A8 prep=1 rep=3 us=5308.8374
TIME A8 prep=0 rep=3 us=4710.67236
TIME A64 prep=1 rep=4 us=4804.41064
TIME A32 prep=1 rep=4 us=4626.70947
TIME A16 prep=1 rep=4 us=4626.98682
TIME A8 prep=1 rep=4 us=5311.17822
TIME A8 prep=0 rep=4 us=4713.48242
TIME A4 prep=1 rep=4 us=5328.80518
TIME A4 prep=0 rep=4 us=4707.93604
TIME A32 prep=1 rep=5 us=4626.01611
TIME A16 prep=1 rep=5 us=4626.40527
TIME A8 prep=1 rep=5 us=5303.78125
TIME A8 prep=0 rep=5 us=4709.12549
TIME A4 prep=1 rep=5 us=5324.37842
TIME A4 prep=0 rep=5 us=4708.10693
TIME A64 prep=1 rep=5 us=4803.87207
TIME A16 prep=1 rep=6 us=4625.59473
TIME A8 prep=1 rep=6 us=5302.80518
TIME A8 prep=0 rep=6 us=4707.50928
TIME A4 prep=1 rep=6 us=5325.33838
TIME A4 prep=0 rep=6 us=4708.05859
TIME A64 prep=1 rep=6 us=4799.68555
TIME A32 prep=1 rep=6 us=4623.64258
PASS
