QUANT bits=8 values=33554432 bad=0
QUANT bits=4 values=33554432 bad=0
CHECK A32 outputs=8388608 samples=256 bad=0 nonfinite=0 changed=0 rel_l2=0
CHECK A16 outputs=8388608 samples=256 bad=0 nonfinite=0 changed=0 rel_l2=0
CHECK A8 outputs=8388608 samples=256 bad=0 nonfinite=0 changed=8388549 rel_l2=0.00471072876
CHECK A4 outputs=8388608 samples=256 bad=0 nonfinite=0 changed=8388606 rel_l2=0.0877454925
CHECK A64 outputs=8388608 samples=256 bad=0 nonfinite=0 changed=8387180 rel_l2=0.000199025538
META M=256 N=512 K=2048 experts=64 quantization_timed=1 full_q8_codes=1
TIME A32 prep=1 rep=0 us=4625.50928
TIME A16 prep=1 rep=0 us=4622.93896
TIME A8 prep=1 rep=0 us=5301.76025
TIME A8 prep=0 rep=0 us=4701.36572
TIME A4 prep=1 rep=0 us=5326.95459
TIME A4 prep=0 rep=0 us=4706.23486
TIME A64 prep=1 rep=0 us=4802.54395
TIME A16 prep=1 rep=1 us=4624.6665
TIME A8 prep=1 rep=1 us=5303.49854
TIME A8 prep=0 rep=1 us=4706.05908
TIME A4 prep=1 rep=1 us=5325.83447
TIME A4 prep=0 rep=1 us=4705.62695
TIME A64 prep=1 rep=1 us=4801.61572
TIME A32 prep=1 rep=1 us=4623.68506
TIME A8 prep=1 rep=2 us=5302.7627
TIME A8 prep=0 rep=2 us=4706.25049
TIME A4 prep=1 rep=2 us=5325.57324
TIME A4 prep=0 rep=2 us=4706.09619
TIME A64 prep=1 rep=2 us=4802.53369
TIME A32 prep=1 rep=2 us=4623.90381
TIME A16 prep=1 rep=2 us=4622.72021
TIME A4 prep=1 rep=3 us=5324.5918
TIME A4 prep=0 rep=3 us=4709.58936
TIME A64 prep=1 rep=3 us=4805.00244
TIME A32 prep=1 rep=3 us=4626.10107
TIME A16 prep=1 rep=3 us=4624.96533
TIME A8 prep=1 rep=3 us=5302.64551
TIME A8 prep=0 rep=3 us=4705.979
TIME A64 prep=1 rep=4 us=4799.75488
TIME A32 prep=1 rep=4 us=4626.15967
TIME A16 prep=1 rep=4 us=4624.84277
TIME A8 prep=1 rep=4 us=5301.6001
TIME A8 prep=0 rep=4 us=4703.05029
TIME A4 prep=1 rep=4 us=5324.26123
TIME A4 prep=0 rep=4 us=4707.78174
TIME A32 prep=1 rep=5 us=4623.91455
TIME A16 prep=1 rep=5 us=4623.41895
TIME A8 prep=1 rep=5 us=5302.67236
TIME A8 prep=0 rep=5 us=4704.03174
TIME A4 prep=1 rep=5 us=5327.22656
TIME A4 prep=0 rep=5 us=4705.38135
TIME A64 prep=1 rep=5 us=4799.87207
TIME A16 prep=1 rep=6 us=4621.98926
TIME A8 prep=1 rep=6 us=5302.89062
TIME A8 prep=0 rep=6 us=4703.45068
TIME A4 prep=1 rep=6 us=5326.12793
TIME A4 prep=0 rep=6 us=4705.50439
TIME A64 prep=1 rep=6 us=4800.48535
TIME A32 prep=1 rep=6 us=4624.18115
PASS
