QUANT bits=8 values=8388608 bad=0
QUANT bits=4 values=8388608 bad=0
CHECK A32 outputs=33554432 samples=256 bad=0 nonfinite=0 changed=0 rel_l2=0
CHECK A16 outputs=33554432 samples=256 bad=0 nonfinite=0 changed=0 rel_l2=0
CHECK A64 outputs=33554432 samples=256 bad=0 nonfinite=0 changed=33552961 rel_l2=0.000882661185
CHECK A128 outputs=33554432 samples=256 bad=0 nonfinite=0 changed=33553339 rel_l2=0.00120743371
CHECK A256 outputs=33554432 samples=256 bad=0 nonfinite=0 changed=33553631 rel_l2=0.00167724372
CHECK A512 outputs=33554432 samples=256 bad=0 nonfinite=0 changed=33553982 rel_l2=0.00330551495
META M=256 N=2048 K=512 experts=64 quantization_timed=1 full_q8_codes=1
TIME A32 prep=1 rep=0 us=4528.00537
TIME A16 prep=1 rep=0 us=4524.42139
TIME A64 prep=1 rep=0 us=3270.52808
TIME A128 prep=1 rep=0 us=3159.71704
TIME A256 prep=1 rep=0 us=3094.06421
TIME A512 prep=1 rep=0 us=2970.40527
TIME A16 prep=1 rep=1 us=4534.06934
TIME A64 prep=1 rep=1 us=3269.60547
TIME A128 prep=1 rep=1 us=3160.28296
TIME A256 prep=1 rep=1 us=3098.89062
TIME A512 prep=1 rep=1 us=2973.64258
TIME A32 prep=1 rep=1 us=4529.60498
TIME A64 prep=1 rep=2 us=3268.51196
TIME A128 prep=1 rep=2 us=3167.54663
TIME A256 prep=1 rep=2 us=3147.37085
TIME A512 prep=1 rep=2 us=3024.92261
TIME A32 prep=1 rep=2 us=4621.18945
TIME A16 prep=1 rep=2 us=4623.39209
TIME A128 prep=1 rep=3 us=3186.86914
TIME A256 prep=1 rep=3 us=3099.09351
TIME A512 prep=1 rep=3 us=2970.81616
TIME A32 prep=1 rep=3 us=4537.46143
TIME A16 prep=1 rep=3 us=4530.52295
TIME A64 prep=1 rep=3 us=3268.5918
TIME A256 prep=1 rep=4 us=3093.38672
TIME A512 prep=1 rep=4 us=2974.01587
TIME A32 prep=1 rep=4 us=4525.62695
TIME A16 prep=1 rep=4 us=4530.11768
TIME A64 prep=1 rep=4 us=3267.92505
TIME A128 prep=1 rep=4 us=3158.84277
TIME A512 prep=1 rep=5 us=2972.19727
TIME A32 prep=1 rep=5 us=4525.63721
TIME A16 prep=1 rep=5 us=4524.92822
TIME A64 prep=1 rep=5 us=3273.63745
TIME A128 prep=1 rep=5 us=3158.98145
TIME A256 prep=1 rep=5 us=3098.07446
TIME A32 prep=1 rep=6 us=4529.16797
TIME A16 prep=1 rep=6 us=4524.69873
TIME A64 prep=1 rep=6 us=3270.68262
TIME A128 prep=1 rep=6 us=3165.1145
TIME A256 prep=1 rep=6 us=3097.16235
TIME A512 prep=1 rep=6 us=2972.96509
PASS
