QUANT bits=8 values=33554432 bad=0
QUANT bits=4 values=33554432 bad=0
CHECK A32 outputs=8388608 samples=256 bad=0 nonfinite=0 changed=0 rel_l2=0
CHECK A16 outputs=8388608 samples=256 bad=0 nonfinite=0 changed=0 rel_l2=0
CHECK A64 outputs=8388608 samples=256 bad=0 nonfinite=0 changed=8388240 rel_l2=0.000882587476
CHECK A128 outputs=8388608 samples=256 bad=0 nonfinite=0 changed=8388314 rel_l2=0.00120715208
CHECK A256 outputs=8388608 samples=256 bad=0 nonfinite=0 changed=8388415 rel_l2=0.00167732544
CHECK A512 outputs=8388608 samples=256 bad=0 nonfinite=0 changed=8388544 rel_l2=0.00656814682
META M=256 N=512 K=2048 experts=64 quantization_timed=1 full_q8_codes=1
TIME A32 prep=1 rep=0 us=4625.91992
TIME A16 prep=1 rep=0 us=4630.07471
TIME A64 prep=1 rep=0 us=3341.50415
TIME A128 prep=1 rep=0 us=3222.65039
TIME A256 prep=1 rep=0 us=3165.04004
TIME A512 prep=1 rep=0 us=3059.57349
TIME A16 prep=1 rep=1 us=4624.44824
TIME A64 prep=1 rep=1 us=3341.80786
TIME A128 prep=1 rep=1 us=3222.66138
TIME A256 prep=1 rep=1 us=3166.46948
TIME A512 prep=1 rep=1 us=3068.41602
TIME A32 prep=1 rep=1 us=4625.74951
TIME A64 prep=1 rep=2 us=3340.07446
TIME A128 prep=1 rep=2 us=3219.4187
TIME A256 prep=1 rep=2 us=3166.20801
TIME A512 prep=1 rep=2 us=3066.92285
TIME A32 prep=1 rep=2 us=4623.63232
TIME A16 prep=1 rep=2 us=4624.37842
TIME A128 prep=1 rep=3 us=3221.97339
TIME A256 prep=1 rep=3 us=3162.40015
TIME A512 prep=1 rep=3 us=3059.47754
TIME A32 prep=1 rep=3 us=4623.75488
TIME A16 prep=1 rep=3 us=4622.6665
TIME A64 prep=1 rep=3 us=3341.53101
TIME A256 prep=1 rep=4 us=3164.05859
TIME A512 prep=1 rep=4 us=3059.94653
TIME A32 prep=1 rep=4 us=4625.47217
TIME A16 prep=1 rep=4 us=4626.84814
TIME A64 prep=1 rep=4 us=3338.23462
TIME A128 prep=1 rep=4 us=3221.62109
TIME A512 prep=1 rep=5 us=3060.46387
TIME A32 prep=1 rep=5 us=4624.74121
TIME A16 prep=1 rep=5 us=4626.7417
TIME A64 prep=1 rep=5 us=3338.61328
TIME A128 prep=1 rep=5 us=3219.91479
TIME A256 prep=1 rep=5 us=3162.53833
TIME A32 prep=1 rep=6 us=4623.86133
TIME A16 prep=1 rep=6 us=4625.66406
TIME A64 prep=1 rep=6 us=3339.70679
TIME A128 prep=1 rep=6 us=3217.49878
TIME A256 prep=1 rep=6 us=3161.14673
TIME A512 prep=1 rep=6 us=3057.75464
PASS
