QUANT bits=8 values=33554432 bad=0
QUANT bits=4 values=33554432 bad=0
CHECK A32 outputs=8388608 samples=256 bad=0 nonfinite=0 changed=0 rel_l2=0
CHECK A16 outputs=8388608 samples=256 bad=0 nonfinite=0 changed=0 rel_l2=0
CHECK A64 outputs=8388608 samples=256 bad=0 nonfinite=0 changed=8388240 rel_l2=0.000882587476
CHECK A128 outputs=8388608 samples=256 bad=0 nonfinite=0 changed=8388314 rel_l2=0.00120715208
CHECK A256 outputs=8388608 samples=256 bad=0 nonfinite=0 changed=8388415 rel_l2=0.00167732544
CHECK A512 outputs=8388608 samples=256 bad=0 nonfinite=0 changed=8388544 rel_l2=0.00656814682
META M=256 N=512 K=2048 experts=64 quantization_timed=1 full_q8_codes=1
TIME A32 prep=1 rep=0 us=4622.44287
TIME A16 prep=1 rep=0 us=4627.57324
TIME A64 prep=1 rep=0 us=3338.02124
TIME A128 prep=1 rep=0 us=3220.16528
TIME A256 prep=1 rep=0 us=3165.84009
TIME A512 prep=1 rep=0 us=3061.96777
TIME A16 prep=1 rep=1 us=4626.85889
TIME A64 prep=1 rep=1 us=3337.67993
TIME A128 prep=1 rep=1 us=3218.56543
TIME A256 prep=1 rep=1 us=3164.45312
TIME A512 prep=1 rep=1 us=3062.93335
TIME A32 prep=1 rep=1 us=4624.31494
TIME A64 prep=1 rep=2 us=3340.92798
TIME A128 prep=1 rep=2 us=3218.43188
TIME A256 prep=1 rep=2 us=3163.22681
TIME A512 prep=1 rep=2 us=3059.82397
TIME A32 prep=1 rep=2 us=4624.38916
TIME A16 prep=1 rep=2 us=4624.46436
TIME A128 prep=1 rep=3 us=3220.80005
TIME A256 prep=1 rep=3 us=3160.21362
TIME A512 prep=1 rep=3 us=3061.49878
TIME A32 prep=1 rep=3 us=4624.14941
TIME A16 prep=1 rep=3 us=4625.48242
TIME A64 prep=1 rep=3 us=3338.82129
TIME A256 prep=1 rep=4 us=3159.69043
TIME A512 prep=1 rep=4 us=3058.65601
TIME A32 prep=1 rep=4 us=4624.57568
TIME A16 prep=1 rep=4 us=4622.52295
TIME A64 prep=1 rep=4 us=3337.38672
TIME A128 prep=1 rep=4 us=3217.55176
TIME A512 prep=1 rep=5 us=3056.7998
TIME A32 prep=1 rep=5 us=4621.8667
TIME A16 prep=1 rep=5 us=4624.9707
TIME A64 prep=1 rep=5 us=3337.81348
TIME A128 prep=1 rep=5 us=3216.70923
TIME A256 prep=1 rep=5 us=3160.10669
TIME A32 prep=1 rep=6 us=4621.9624
TIME A16 prep=1 rep=6 us=4625.58398
TIME A64 prep=1 rep=6 us=3335.06152
TIME A128 prep=1 rep=6 us=3219.2373
TIME A256 prep=1 rep=6 us=3162.06372
TIME A512 prep=1 rep=6 us=3053.33325
PASS
