QUANT bits=8 values=33554432 bad=0
QUANT bits=4 values=33554432 bad=0
CHECK A32 outputs=8388608 samples=256 bad=0 nonfinite=0 changed=0 rel_l2=0
CHECK A16 outputs=8388608 samples=256 bad=0 nonfinite=0 changed=0 rel_l2=0
CHECK A64 outputs=8388608 samples=256 bad=0 nonfinite=0 changed=8388240 rel_l2=0.000882587476
CHECK A128 outputs=8388608 samples=256 bad=0 nonfinite=0 changed=8388314 rel_l2=0.00120715208
CHECK A256 outputs=8388608 samples=256 bad=0 nonfinite=0 changed=8388415 rel_l2=0.00167732544
CHECK A512 outputs=8388608 samples=256 bad=0 nonfinite=0 changed=8388544 rel_l2=0.00656814682
META M=256 N=512 K=2048 experts=64 quantization_timed=1 full_q8_codes=1
TIME A32 prep=1 rep=0 us=4624.29346
TIME A16 prep=1 rep=0 us=4627.84521
TIME A64 prep=1 rep=0 us=3341.00293
TIME A128 prep=1 rep=0 us=3222.07446
TIME A256 prep=1 rep=0 us=3171.04004
TIME A512 prep=1 rep=0 us=3070.53833
TIME A16 prep=1 rep=1 us=4626.11768
TIME A64 prep=1 rep=1 us=3337.95728
TIME A128 prep=1 rep=1 us=3220.7627
TIME A256 prep=1 rep=1 us=3162.23999
TIME A512 prep=1 rep=1 us=3072.98657
TIME A32 prep=1 rep=1 us=4624.98682
TIME A64 prep=1 rep=2 us=3340.04272
TIME A128 prep=1 rep=2 us=3219.46655
TIME A256 prep=1 rep=2 us=3155.75488
TIME A512 prep=1 rep=2 us=3063.32251
TIME A32 prep=1 rep=2 us=4623.50928
TIME A16 prep=1 rep=2 us=4626.11768
TIME A128 prep=1 rep=3 us=3217.97339
TIME A256 prep=1 rep=3 us=3159.48267
TIME A512 prep=1 rep=3 us=3063.53052
TIME A32 prep=1 rep=3 us=4621.49365
TIME A16 prep=1 rep=3 us=4622.9917
TIME A64 prep=1 rep=3 us=3337.58911
TIME A256 prep=1 rep=4 us=3161.4397
TIME A512 prep=1 rep=4 us=3061.13062
TIME A32 prep=1 rep=4 us=4622.01025
TIME A16 prep=1 rep=4 us=4623.34424
TIME A64 prep=1 rep=4 us=3335.03491
TIME A128 prep=1 rep=4 us=3221.24805
TIME A512 prep=1 rep=5 us=3054.34668
TIME A32 prep=1 rep=5 us=4626.89111
TIME A16 prep=1 rep=5 us=4622.61328
TIME A64 prep=1 rep=5 us=3336.91724
TIME A128 prep=1 rep=5 us=3217.61621
TIME A256 prep=1 rep=5 us=3160.23462
TIME A32 prep=1 rep=6 us=4623.81885
TIME A16 prep=1 rep=6 us=4624.07471
TIME A64 prep=1 rep=6 us=3335.1731
TIME A128 prep=1 rep=6 us=3218.43726
TIME A256 prep=1 rep=6 us=3159.71704
TIME A512 prep=1 rep=6 us=3052.92261
PASS
