QUANT bits=8 values=4194304 bad=0
QUANT bits=4 values=4194304 bad=0
CHECK A32 outputs=16777216 samples=256 bad=0 nonfinite=0 changed=0 rel_l2=0
CHECK A16 outputs=16777216 samples=256 bad=0 nonfinite=0 changed=0 rel_l2=0
CHECK A64 outputs=16777216 samples=256 bad=0 nonfinite=0 changed=16776498 rel_l2=0.000882608304
CHECK A128 outputs=16777216 samples=256 bad=0 nonfinite=0 changed=16776665 rel_l2=0.00120719888
CHECK A256 outputs=16777216 samples=256 bad=0 nonfinite=0 changed=16776803 rel_l2=0.0016772993
CHECK A512 outputs=16777216 samples=256 bad=0 nonfinite=0 changed=16776981 rel_l2=0.00330428914
META M=128 N=2048 K=512 experts=64 quantization_timed=1 full_q8_codes=1
TIME A32 prep=1 rep=0 us=2284.40015
TIME A16 prep=1 rep=0 us=2288.08008
TIME A64 prep=1 rep=0 us=1653.24805
TIME A128 prep=1 rep=0 us=1602.72546
TIME A256 prep=1 rep=0 us=1572.01599
TIME A512 prep=1 rep=0 us=1513.82947
TIME A16 prep=1 rep=1 us=2284.84253
TIME A64 prep=1 rep=1 us=1655.8667
TIME A128 prep=1 rep=1 us=1603.18933
TIME A256 prep=1 rep=1 us=1569.29065
TIME A512 prep=1 rep=1 us=1511.87744
TIME A32 prep=1 rep=1 us=2284.28271
TIME A64 prep=1 rep=2 us=1653.38135
TIME A128 prep=1 rep=2 us=1602.59729
TIME A256 prep=1 rep=2 us=1571.88269
TIME A512 prep=1 rep=2 us=1512.95996
TIME A32 prep=1 rep=2 us=2290.69336
TIME A16 prep=1 rep=2 us=2287.78149
TIME A128 prep=1 rep=3 us=1601.74915
TIME A256 prep=1 rep=3 us=1569.01331
TIME A512 prep=1 rep=3 us=1512.88
TIME A32 prep=1 rep=3 us=2283.30151
TIME A16 prep=1 rep=3 us=2285.76538
TIME A64 prep=1 rep=3 us=1656.91736
TIME A256 prep=1 rep=4 us=1569.74402
TIME A512 prep=1 rep=4 us=1512.29871
TIME A32 prep=1 rep=4 us=2284.19727
TIME A16 prep=1 rep=4 us=2282.34668
TIME A64 prep=1 rep=4 us=1655.68005
TIME A128 prep=1 rep=4 us=1604.20801
TIME A512 prep=1 rep=5 us=1513.22119
TIME A32 prep=1 rep=5 us=2283.54663
TIME A16 prep=1 rep=5 us=2282.75732
TIME A64 prep=1 rep=5 us=1655.58398
TIME A128 prep=1 rep=5 us=1602.09583
TIME A256 prep=1 rep=5 us=1569.05066
TIME A32 prep=1 rep=6 us=2284.00537
TIME A16 prep=1 rep=6 us=2282.13867
TIME A64 prep=1 rep=6 us=1654.54407
TIME A128 prep=1 rep=6 us=1602.56531
TIME A256 prep=1 rep=6 us=1569.93604
TIME A512 prep=1 rep=6 us=1512.65613
PASS
