QUANT bits=8 values=16777216 bad=0
QUANT bits=4 values=16777216 bad=0
CHECK A32 outputs=67108864 samples=256 bad=0 nonfinite=0 changed=0 rel_l2=0
CHECK A16 outputs=67108864 samples=256 bad=0 nonfinite=0 changed=0 rel_l2=0
CHECK A64 outputs=67108864 samples=256 bad=0 nonfinite=0 changed=67105841 rel_l2=0.000882794225
CHECK A128 outputs=67108864 samples=256 bad=0 nonfinite=0 changed=67106608 rel_l2=0.00120733789
CHECK A256 outputs=67108864 samples=256 bad=0 nonfinite=0 changed=67107235 rel_l2=0.00167814905
CHECK A512 outputs=67108864 samples=256 bad=0 nonfinite=0 changed=67108035 rel_l2=0.00330660737
META M=512 N=2048 K=512 experts=64 quantization_timed=1 full_q8_codes=1
TIME A32 prep=1 rep=0 us=9023.17383
TIME A16 prep=1 rep=0 us=9012.18164
TIME A64 prep=1 rep=0 us=6483.41846
TIME A128 prep=1 rep=0 us=6285.82959
TIME A256 prep=1 rep=0 us=6142.28271
TIME A512 prep=1 rep=0 us=5884.98096
TIME A16 prep=1 rep=1 us=9023.72754
TIME A64 prep=1 rep=1 us=6494.12305
TIME A128 prep=1 rep=1 us=6312.58154
TIME A256 prep=1 rep=1 us=6156.82178
TIME A512 prep=1 rep=1 us=5890.896
TIME A32 prep=1 rep=1 us=9021.27441
TIME A64 prep=1 rep=2 us=6494.52295
TIME A128 prep=1 rep=2 us=6311.25342
TIME A256 prep=1 rep=2 us=6142.08545
TIME A512 prep=1 rep=2 us=5905.70654
TIME A32 prep=1 rep=2 us=9012.48535
TIME A16 prep=1 rep=2 us=9023.25293
TIME A128 prep=1 rep=3 us=6292.05908
TIME A256 prep=1 rep=3 us=6147.39258
TIME A512 prep=1 rep=3 us=5881.08838
TIME A32 prep=1 rep=3 us=9016.89551
TIME A16 prep=1 rep=3 us=9034.83691
TIME A64 prep=1 rep=3 us=6483.92578
TIME A256 prep=1 rep=4 us=6168.36768
TIME A512 prep=1 rep=4 us=5892.58154
TIME A32 prep=1 rep=4 us=9038.29883
TIME A16 prep=1 rep=4 us=9010.75195
TIME A64 prep=1 rep=4 us=6495.25342
TIME A128 prep=1 rep=4 us=6323.17822
TIME A512 prep=1 rep=5 us=5889.74951
TIME A32 prep=1 rep=5 us=9041.41895
TIME A16 prep=1 rep=5 us=9004.65137
TIME A64 prep=1 rep=5 us=6494.04297
TIME A128 prep=1 rep=5 us=6334.60791
TIME A256 prep=1 rep=5 us=6156.44287
TIME A32 prep=1 rep=6 us=9017.65332
TIME A16 prep=1 rep=6 us=9018.37793
TIME A64 prep=1 rep=6 us=6485.41943
TIME A128 prep=1 rep=6 us=6282.36279
TIME A256 prep=1 rep=6 us=6150.26172
TIME A512 prep=1 rep=6 us=5894.68213
PASS
