QUANT bits=8 values=8388608 bad=0
QUANT bits=4 values=8388608 bad=0
CHECK A32 outputs=2097152 samples=256 bad=0 nonfinite=0 changed=0 rel_l2=0
CHECK A16 outputs=2097152 samples=256 bad=0 nonfinite=0 changed=0 rel_l2=0
CHECK A64 outputs=2097152 samples=256 bad=0 nonfinite=0 changed=2097053 rel_l2=0.000882599737
CHECK A128 outputs=2097152 samples=256 bad=0 nonfinite=0 changed=2097067 rel_l2=0.00120738669
CHECK A256 outputs=2097152 samples=256 bad=0 nonfinite=0 changed=2097109 rel_l2=0.00167623592
CHECK A512 outputs=2097152 samples=256 bad=0 nonfinite=0 changed=2097133 rel_l2=0.00657112946
META M=64 N=512 K=2048 experts=64 quantization_timed=1 full_q8_codes=1
TIME A32 prep=1 rep=0 us=1276.89075
TIME A16 prep=1 rep=0 us=1274.13342
TIME A64 prep=1 rep=0 us=945.461365
TIME A128 prep=1 rep=0 us=921.578613
TIME A256 prep=1 rep=0 us=904.46405
TIME A512 prep=1 rep=0 us=862.650635
TIME A16 prep=1 rep=1 us=1272.84802
TIME A64 prep=1 rep=1 us=945.861328
TIME A128 prep=1 rep=1 us=920.442627
TIME A256 prep=1 rep=1 us=907.802673
TIME A512 prep=1 rep=1 us=865.050598
TIME A32 prep=1 rep=1 us=1275.76001
TIME A64 prep=1 rep=2 us=945.06665
TIME A128 prep=1 rep=2 us=922.309326
TIME A256 prep=1 rep=2 us=908.399963
TIME A512 prep=1 rep=2 us=867.429382
TIME A32 prep=1 rep=2 us=1276.07996
TIME A16 prep=1 rep=2 us=1275.14661
TIME A128 prep=1 rep=3 us=921.605408
TIME A256 prep=1 rep=3 us=907.146729
TIME A512 prep=1 rep=3 us=865.669373
TIME A32 prep=1 rep=3 us=1275.76001
TIME A16 prep=1 rep=3 us=1274.53333
TIME A64 prep=1 rep=3 us=945.64801
TIME A256 prep=1 rep=4 us=909.034668
TIME A512 prep=1 rep=4 us=864.090637
TIME A32 prep=1 rep=4 us=1276.01599
TIME A16 prep=1 rep=4 us=1275.13599
TIME A64 prep=1 rep=4 us=945.594666
TIME A128 prep=1 rep=4 us=922.597351
TIME A512 prep=1 rep=5 us=867.52002
TIME A32 prep=1 rep=5 us=1274.43201
TIME A16 prep=1 rep=5 us=1275.5946
TIME A64 prep=1 rep=5 us=945.114685
TIME A128 prep=1 rep=5 us=921.674622
TIME A256 prep=1 rep=5 us=908.389343
TIME A32 prep=1 rep=6 us=1276.93335
TIME A16 prep=1 rep=6 us=1274.73071
TIME A64 prep=1 rep=6 us=945.023987
TIME A128 prep=1 rep=6 us=921.605408
TIME A256 prep=1 rep=6 us=908.815979
TIME A512 prep=1 rep=6 us=865.850647
PASS
