DECODE_EXHAUSTIVE cases=16252928 bad=0
QUANT bits=8 values=33554432 bad=0
QUANT bits=4 values=33554432 bad=0
CHECK A32 outputs=8388608 samples=256 bad=0 nonfinite=0 changed=0 rel_l2=0
CHECK A16 outputs=8388608 samples=256 bad=0 nonfinite=0 changed=0 rel_l2=0
CHECK A64 outputs=8388608 samples=256 bad=0 nonfinite=0 changed=8388184 rel_l2=0.000646669288
MATCH_PREVIOUS A64 values=8388608 bad=0
CHECK A128 outputs=8388608 samples=256 bad=0 nonfinite=0 changed=8388212 rel_l2=0.000870531122
MATCH_PREVIOUS A128 values=8388608 bad=0
CHECK A256 outputs=8388608 samples=256 bad=0 nonfinite=0 changed=8388329 rel_l2=0.00119812381
MATCH_PREVIOUS A256 values=8388608 bad=0
CHECK A512 outputs=8388608 samples=256 bad=0 nonfinite=0 changed=8388529 rel_l2=0.00465019343
MATCH_PREVIOUS A512 values=8388608 bad=0
META M=256 N=512 K=2048 experts=64 quantization_timed=1 full_q8_codes=1
TIME A32 prep=1 rep=0 us=4625.06689
TIME A16 prep=1 rep=0 us=4625.57373
TIME A64 prep=1 rep=0 us=5170.20801
TIME A128 prep=1 rep=0 us=4880.19189
TIME A256 prep=1 rep=0 us=3919.79199
TIME A512 prep=1 rep=0 us=2862.81079
TIME A16 prep=1 rep=1 us=4626.70361
TIME A64 prep=1 rep=1 us=5209.48242
TIME A128 prep=1 rep=1 us=4874.68799
TIME A256 prep=1 rep=1 us=3908.40527
TIME A512 prep=1 rep=1 us=2861.95215
TIME A32 prep=1 rep=1 us=4628.57568
TIME A64 prep=1 rep=2 us=5220.34131
TIME A128 prep=1 rep=2 us=4891.50391
TIME A256 prep=1 rep=2 us=3917.59473
TIME A512 prep=1 rep=2 us=2862.39453
TIME A32 prep=1 rep=2 us=4627.30127
TIME A16 prep=1 rep=2 us=4627.62646
TIME A128 prep=1 rep=3 us=4902.41064
TIME A256 prep=1 rep=3 us=3924.34668
TIME A512 prep=1 rep=3 us=2862.60254
TIME A32 prep=1 rep=3 us=4626.33594
TIME A16 prep=1 rep=3 us=4623.11475
TIME A64 prep=1 rep=3 us=5187.92529
TIME A256 prep=1 rep=4 us=3945.47192
TIME A512 prep=1 rep=4 us=2897.51465
TIME A32 prep=1 rep=4 us=4666.39453
TIME A16 prep=1 rep=4 us=4646.61328
TIME A64 prep=1 rep=4 us=5205.78125
TIME A128 prep=1 rep=4 us=4872.73584
TIME A512 prep=1 rep=5 us=2861.0188
TIME A32 prep=1 rep=5 us=4626.01611
TIME A16 prep=1 rep=5 us=4622.67236
TIME A64 prep=1 rep=5 us=5197.19482
TIME A128 prep=1 rep=5 us=4896.46924
TIME A256 prep=1 rep=5 us=3917.09351
TIME A32 prep=1 rep=6 us=4623.83447
TIME A16 prep=1 rep=6 us=4621.75439
TIME A64 prep=1 rep=6 us=5250.03711
TIME A128 prep=1 rep=6 us=4886.3252
TIME A256 prep=1 rep=6 us=3913.24243
TIME A512 prep=1 rep=6 us=2863.53589
PASS
