QUANT bits=8 values=8388608 bad=0
QUANT bits=4 values=8388608 bad=0
CHECK A32 outputs=33554432 samples=256 bad=0 nonfinite=0 changed=0 rel_l2=0
CHECK A16 outputs=33554432 samples=256 bad=0 nonfinite=0 changed=0 rel_l2=0
CHECK A64 outputs=33554432 samples=256 bad=0 nonfinite=0 changed=33552460 rel_l2=0.000646755344
MATCH_PREVIOUS A64 values=33554432 bad=0
CHECK A128 outputs=33554432 samples=256 bad=0 nonfinite=0 changed=33552924 rel_l2=0.000870702495
MATCH_PREVIOUS A128 values=33554432 bad=0
CHECK A256 outputs=33554432 samples=256 bad=0 nonfinite=0 changed=33553306 rel_l2=0.0011977545
MATCH_PREVIOUS A256 values=33554432 bad=0
CHECK A512 outputs=33554432 samples=256 bad=0 nonfinite=0 changed=33553839 rel_l2=0.00234354039
MATCH_PREVIOUS A512 values=33554432 bad=0
META M=256 N=2048 K=512 experts=64 quantization_timed=1 full_q8_codes=1
TIME A32 prep=1 rep=0 us=4534.85889
TIME A16 prep=1 rep=0 us=4533.61084
TIME A64 prep=1 rep=0 us=4646.63477
TIME A128 prep=1 rep=0 us=4534.09619
TIME A256 prep=1 rep=0 us=3601.40259
TIME A512 prep=1 rep=0 us=2647.63208
TIME A16 prep=1 rep=1 us=4577.66406
TIME A64 prep=1 rep=1 us=4677.59473
TIME A128 prep=1 rep=1 us=4559.21582
TIME A256 prep=1 rep=1 us=3591.94116
TIME A512 prep=1 rep=1 us=2621.71729
TIME A32 prep=1 rep=1 us=4535.17334
TIME A64 prep=1 rep=2 us=4634.14893
TIME A128 prep=1 rep=2 us=4561.0293
TIME A256 prep=1 rep=2 us=3568.80542
TIME A512 prep=1 rep=2 us=2624.61328
TIME A32 prep=1 rep=2 us=4536.18652
TIME A16 prep=1 rep=2 us=4541.56787
TIME A128 prep=1 rep=3 us=4550.73584
TIME A256 prep=1 rep=3 us=3570.08521
TIME A512 prep=1 rep=3 us=2622.17065
TIME A32 prep=1 rep=3 us=4523.04004
TIME A16 prep=1 rep=3 us=4529.57861
TIME A64 prep=1 rep=3 us=4657.07178
TIME A256 prep=1 rep=4 us=3607.42407
TIME A512 prep=1 rep=4 us=2621.32251
TIME A32 prep=1 rep=4 us=4526.76807
TIME A16 prep=1 rep=4 us=4531.64258
TIME A64 prep=1 rep=4 us=4634.51221
TIME A128 prep=1 rep=4 us=4550.94971
TIME A512 prep=1 rep=5 us=2621.28003
TIME A32 prep=1 rep=5 us=4525.34912
TIME A16 prep=1 rep=5 us=4532.65088
TIME A64 prep=1 rep=5 us=4629.98389
TIME A128 prep=1 rep=5 us=4541.22119
TIME A256 prep=1 rep=5 us=3588.29883
TIME A32 prep=1 rep=6 us=4534.93896
TIME A16 prep=1 rep=6 us=4533.27979
TIME A64 prep=1 rep=6 us=4650.81592
TIME A128 prep=1 rep=6 us=4540.30371
TIME A256 prep=1 rep=6 us=3578.91211
TIME A512 prep=1 rep=6 us=2622.35181
PASS
