nvcc warning : Support for offline compilation for architectures prior to '<compute/sm/lto>_75' will be removed in a future release (Use -Wno-deprecated-gpu-targets to suppress warning).
ptxas info    : 0 bytes gmem
ptxas info    : Compiling entry function '_Z13prepare_tiledILb1EEvPKfPviii' for 'sm_60'
ptxas info    : Function properties for _Z13prepare_tiledILb1EEvPKfPviii
    0 bytes stack frame, 0 bytes spill stores, 0 bytes spill loads
ptxas info    : Used 38 registers, used 1 barriers, 4224 bytes smem, 348 bytes cmem[0]
ptxas info    : Compile time = 27.853 ms
ptxas info    : Compiling entry function '_Z13prepare_tiledILb0EEvPKfPviii' for 'sm_60'
ptxas info    : Function properties for _Z13prepare_tiledILb0EEvPKfPviii
    0 bytes stack frame, 0 bytes spill stores, 0 bytes spill loads
ptxas info    : Used 38 registers, used 1 barriers, 4224 bytes smem, 348 bytes cmem[0]
ptxas info    : Compile time = 25.388 ms
ptxas info    : Compiling entry function '_Z11q4_f32_tileILi64ELi64ELi128ELi1ELi1ELi8ELi0EEvPK6__halfPKhPfiiii' for 'sm_60'
ptxas info    : Function properties for _Z11q4_f32_tileILi64ELi64ELi128ELi1ELi1ELi8ELi0EEvPK6__halfPKhPfiiii
    0 bytes stack frame, 0 bytes spill stores, 0 bytes spill loads
ptxas info    : Used 106 registers, used 1 barriers, 16384 bytes smem, 360 bytes cmem[0], 4 bytes cmem[2]
ptxas info    : Compile time = 136.115 ms
ptxas info    : Compiling entry function '_Z11q4_f32_tileILi64ELi64ELi128ELi1ELi1ELi8ELi1EEvPK6__halfPKhPfiiii' for 'sm_60'
ptxas info    : Function properties for _Z11q4_f32_tileILi64ELi64ELi128ELi1ELi1ELi8ELi1EEvPK6__halfPKhPfiiii
    0 bytes stack frame, 0 bytes spill stores, 0 bytes spill loads
ptxas info    : Used 106 registers, used 1 barriers, 16384 bytes smem, 360 bytes cmem[0], 4 bytes cmem[2]
ptxas info    : Compile time = 103.241 ms
ptxas info    : Compiling entry function '_Z17aw_q4_service_m64ILb1ELb1ELb0ELi2ELb0EEvPK12aw_work_descPK12aw_tile_desciiiPKi' for 'sm_60'
ptxas info    : Function properties for _Z17aw_q4_service_m64ILb1ELb1ELb0ELi2ELb0EEvPK12aw_work_descPK12aw_tile_desciiiPKi
    0 bytes stack frame, 0 bytes spill stores, 0 bytes spill loads
ptxas info    : Used 96 registers, used 1 barriers, 32768 bytes smem, 360 bytes cmem[0], 4 bytes cmem[2]
ptxas info    : Compile time = 99.094 ms
ptxas info    : Compiling entry function '_Z17aw_q8_service_m64ILb1ELb1ELb0ELi2ELb0EEvPK12aw_work_descPK12aw_tile_desciiiPKi' for 'sm_60'
ptxas info    : Function properties for _Z17aw_q8_service_m64ILb1ELb1ELb0ELi2ELb0EEvPK12aw_work_descPK12aw_tile_desciiiPKi
    0 bytes stack frame, 0 bytes spill stores, 0 bytes spill loads
ptxas info    : Used 96 registers, used 1 barriers, 32768 bytes smem, 360 bytes cmem[0], 4 bytes cmem[2]
ptxas info    : Compile time = 90.479 ms
ptxas info    : Compiling entry function '_Z17aw_q8_service_m64ILb0ELb1ELb0ELi2ELb0EEvPK12aw_work_descPK12aw_tile_desciiiPKi' for 'sm_60'
ptxas info    : Function properties for _Z17aw_q8_service_m64ILb0ELb1ELb0ELi2ELb0EEvPK12aw_work_descPK12aw_tile_desciiiPKi
    0 bytes stack frame, 0 bytes spill stores, 0 bytes spill loads
ptxas info    : Used 93 registers, used 1 barriers, 32768 bytes smem, 360 bytes cmem[0], 4 bytes cmem[2]
ptxas info    : Compile time = 88.416 ms
ptxas info    : Compiling entry function '_Z13delivery_leadILi0ELi1ELi32ELi3EEvPKvPKhPfiiii' for 'sm_60'
ptxas info    : Function properties for _Z13delivery_leadILi0ELi1ELi32ELi3EEvPKvPKhPfiiii
    0 bytes stack frame, 0 bytes spill stores, 0 bytes spill loads
ptxas info    : Used 78 registers, used 1 barriers, 10240 bytes smem, 360 bytes cmem[0], 4 bytes cmem[2]
ptxas info    : Compile time = 76.356 ms
ptxas info    : Compiling entry function '_Z13delivery_leadILi0ELi1ELi16ELi3EEvPKvPKhPfiiii' for 'sm_60'
ptxas info    : Function properties for _Z13delivery_leadILi0ELi1ELi16ELi3EEvPKvPKhPfiiii
    0 bytes stack frame, 0 bytes spill stores, 0 bytes spill loads
ptxas info    : Used 79 registers, used 1 barriers, 10240 bytes smem, 360 bytes cmem[0], 4 bytes cmem[2]
ptxas info    : Compile time = 61.390 ms
ptxas info    : Compiling entry function '_Z13delivery_leadILi0ELi1ELi8ELi3EEvPKvPKhPfiiii' for 'sm_60'
ptxas info    : Function properties for _Z13delivery_leadILi0ELi1ELi8ELi3EEvPKvPKhPfiiii
    0 bytes stack frame, 0 bytes spill stores, 0 bytes spill loads
ptxas info    : Used 78 registers, used 1 barriers, 10240 bytes smem, 360 bytes cmem[0], 4 bytes cmem[2]
ptxas info    : Compile time = 46.755 ms
ptxas info    : Compiling entry function '_Z13delivery_leadILi0ELi1ELi32ELi2EEvPKvPKhPfiiii' for 'sm_60'
ptxas info    : Function properties for _Z13delivery_leadILi0ELi1ELi32ELi2EEvPKvPKhPfiiii
    0 bytes stack frame, 0 bytes spill stores, 0 bytes spill loads
ptxas info    : Used 88 registers, used 1 barriers, 12288 bytes smem, 360 bytes cmem[0], 4 bytes cmem[2]
ptxas info    : Compile time = 85.711 ms
ptxas info    : Compiling entry function '_Z13delivery_leadILi0ELi1ELi16ELi2EEvPKvPKhPfiiii' for 'sm_60'
ptxas info    : Function properties for _Z13delivery_leadILi0ELi1ELi16ELi2EEvPKvPKhPfiiii
    0 bytes stack frame, 0 bytes spill stores, 0 bytes spill loads
ptxas info    : Used 91 registers, used 1 barriers, 12288 bytes smem, 360 bytes cmem[0], 4 bytes cmem[2]
ptxas info    : Compile time = 64.625 ms
ptxas info    : Compiling entry function '_Z13delivery_leadILi0ELi1ELi8ELi2EEvPKvPKhPfiiii' for 'sm_60'
ptxas info    : Function properties for _Z13delivery_leadILi0ELi1ELi8ELi2EEvPKvPKhPfiiii
    0 bytes stack frame, 0 bytes spill stores, 0 bytes spill loads
ptxas info    : Used 92 registers, used 1 barriers, 12288 bytes smem, 360 bytes cmem[0], 4 bytes cmem[2]
ptxas info    : Compile time = 55.304 ms
ptxas info    : Compiling entry function '_Z13delivery_leadILi0ELi1ELi4ELi2EEvPKvPKhPfiiii' for 'sm_60'
ptxas info    : Function properties for _Z13delivery_leadILi0ELi1ELi4ELi2EEvPKvPKhPfiiii
    0 bytes stack frame, 0 bytes spill stores, 0 bytes spill loads
ptxas info    : Used 90 registers, used 1 barriers, 12288 bytes smem, 360 bytes cmem[0], 4 bytes cmem[2]
ptxas info    : Compile time = 49.901 ms
ptxas info    : Compiling entry function '_Z13delivery_leadILi3ELi1ELi8ELi1EEvPKvPKhPfiiii' for 'sm_60'
ptxas info    : Function properties for _Z13delivery_leadILi3ELi1ELi8ELi1EEvPKvPKhPfiiii
    0 bytes stack frame, 0 bytes spill stores, 0 bytes spill loads
ptxas info    : Used 103 registers, used 1 barriers, 16384 bytes smem, 360 bytes cmem[0], 4 bytes cmem[2]
ptxas info    : Compile time = 63.475 ms
ptxas info    : Compiling entry function '_Z13delivery_leadILi3ELi1ELi4ELi1EEvPKvPKhPfiiii' for 'sm_60'
ptxas info    : Function properties for _Z13delivery_leadILi3ELi1ELi4ELi1EEvPKvPKhPfiiii
    0 bytes stack frame, 0 bytes spill stores, 0 bytes spill loads
ptxas info    : Used 103 registers, used 1 barriers, 16384 bytes smem, 360 bytes cmem[0], 4 bytes cmem[2]
ptxas info    : Compile time = 52.005 ms
ptxas info    : Compiling entry function '_Z13delivery_leadILi2ELi1ELi8ELi1EEvPKvPKhPfiiii' for 'sm_60'
ptxas info    : Function properties for _Z13delivery_leadILi2ELi1ELi8ELi1EEvPKvPKhPfiiii
    0 bytes stack frame, 0 bytes spill stores, 0 bytes spill loads
ptxas info    : Used 111 registers, used 1 barriers, 16384 bytes smem, 360 bytes cmem[0], 4 bytes cmem[2]
ptxas info    : Compile time = 63.792 ms
ptxas info    : Compiling entry function '_Z13delivery_leadILi2ELi1ELi4ELi1EEvPKvPKhPfiiii' for 'sm_60'
ptxas info    : Function properties for _Z13delivery_leadILi2ELi1ELi4ELi1EEvPKvPKhPfiiii
    0 bytes stack frame, 0 bytes spill stores, 0 bytes spill loads
ptxas info    : Used 111 registers, used 1 barriers, 16384 bytes smem, 360 bytes cmem[0], 4 bytes cmem[2]
ptxas info    : Compile time = 53.181 ms
ptxas info    : Compiling entry function '_Z13delivery_leadILi1ELi1ELi8ELi1EEvPKvPKhPfiiii' for 'sm_60'
ptxas info    : Function properties for _Z13delivery_leadILi1ELi1ELi8ELi1EEvPKvPKhPfiiii
    0 bytes stack frame, 0 bytes spill stores, 0 bytes spill loads
ptxas info    : Used 103 registers, used 1 barriers, 16384 bytes smem, 360 bytes cmem[0], 4 bytes cmem[2]
ptxas info    : Compile time = 63.874 ms
ptxas info    : Compiling entry function '_Z13delivery_leadILi1ELi1ELi4ELi1EEvPKvPKhPfiiii' for 'sm_60'
ptxas info    : Function properties for _Z13delivery_leadILi1ELi1ELi4ELi1EEvPKvPKhPfiiii
    0 bytes stack frame, 0 bytes spill stores, 0 bytes spill loads
ptxas info    : Used 103 registers, used 1 barriers, 16384 bytes smem, 360 bytes cmem[0], 4 bytes cmem[2]
ptxas info    : Compile time = 52.107 ms
ptxas info    : Compiling entry function '_Z13delivery_leadILi0ELi1ELi8ELi1EEvPKvPKhPfiiii' for 'sm_60'
ptxas info    : Function properties for _Z13delivery_leadILi0ELi1ELi8ELi1EEvPKvPKhPfiiii
    0 bytes stack frame, 0 bytes spill stores, 0 bytes spill loads
ptxas info    : Used 104 registers, used 1 barriers, 16384 bytes smem, 360 bytes cmem[0], 4 bytes cmem[2]
ptxas info    : Compile time = 69.431 ms
ptxas info    : Compiling entry function '_Z13delivery_leadILi0ELi1ELi4ELi1EEvPKvPKhPfiiii' for 'sm_60'
ptxas info    : Function properties for _Z13delivery_leadILi0ELi1ELi4ELi1EEvPKvPKhPfiiii
    0 bytes stack frame, 0 bytes spill stores, 0 bytes spill loads
ptxas info    : Used 106 registers, used 1 barriers, 16384 bytes smem, 360 bytes cmem[0], 4 bytes cmem[2]
ptxas info    : Compile time = 58.331 ms
ptxas info    : Compiling entry function '_Z13delivery_leadILi3ELi1ELi4ELi0EEvPKvPKhPfiiii' for 'sm_60'
ptxas info    : Function properties for _Z13delivery_leadILi3ELi1ELi4ELi0EEvPKvPKhPfiiii
    0 bytes stack frame, 0 bytes spill stores, 0 bytes spill loads
ptxas info    : Used 104 registers, used 1 barriers, 16384 bytes smem, 360 bytes cmem[0], 4 bytes cmem[2]
ptxas info    : Compile time = 58.391 ms
ptxas info    : Compiling entry function '_Z13delivery_leadILi2ELi1ELi4ELi0EEvPKvPKhPfiiii' for 'sm_60'
ptxas info    : Function properties for _Z13delivery_leadILi2ELi1ELi4ELi0EEvPKvPKhPfiiii
    0 bytes stack frame, 0 bytes spill stores, 0 bytes spill loads
ptxas info    : Used 111 registers, used 1 barriers, 16384 bytes smem, 360 bytes cmem[0], 4 bytes cmem[2]
ptxas info    : Compile time = 59.012 ms
ptxas info    : Compiling entry function '_Z13delivery_leadILi1ELi1ELi4ELi0EEvPKvPKhPfiiii' for 'sm_60'
ptxas info    : Function properties for _Z13delivery_leadILi1ELi1ELi4ELi0EEvPKvPKhPfiiii
    0 bytes stack frame, 0 bytes spill stores, 0 bytes spill loads
ptxas info    : Used 104 registers, used 1 barriers, 16384 bytes smem, 360 bytes cmem[0], 4 bytes cmem[2]
ptxas info    : Compile time = 57.797 ms
ptxas info    : Compiling entry function '_Z13delivery_leadILi0ELi1ELi4ELi0EEvPKvPKhPfiiii' for 'sm_60'
ptxas info    : Function properties for _Z13delivery_leadILi0ELi1ELi4ELi0EEvPKvPKhPfiiii
    0 bytes stack frame, 0 bytes spill stores, 0 bytes spill loads
ptxas info    : Used 107 registers, used 1 barriers, 16384 bytes smem, 360 bytes cmem[0], 4 bytes cmem[2]
ptxas info    : Compile time = 57.883 ms
ptxas info    : Compiling entry function '_Z13delivery_leadILi3ELi1ELi32ELi0EEvPKvPKhPfiiii' for 'sm_60'
ptxas info    : Function properties for _Z13delivery_leadILi3ELi1ELi32ELi0EEvPKvPKhPfiiii
    0 bytes stack frame, 0 bytes spill stores, 0 bytes spill loads
ptxas info    : Used 103 registers, used 1 barriers, 16384 bytes smem, 360 bytes cmem[0], 4 bytes cmem[2]
ptxas info    : Compile time = 122.996 ms
ptxas info    : Compiling entry function '_Z13delivery_leadILi3ELi1ELi16ELi0EEvPKvPKhPfiiii' for 'sm_60'
ptxas info    : Function properties for _Z13delivery_leadILi3ELi1ELi16ELi0EEvPKvPKhPfiiii
    0 bytes stack frame, 0 bytes spill stores, 0 bytes spill loads
ptxas info    : Used 102 registers, used 1 barriers, 16384 bytes smem, 360 bytes cmem[0], 4 bytes cmem[2]
ptxas info    : Compile time = 81.706 ms
ptxas info    : Compiling entry function '_Z13delivery_leadILi3ELi1ELi8ELi0EEvPKvPKhPfiiii' for 'sm_60'
ptxas info    : Function properties for _Z13delivery_leadILi3ELi1ELi8ELi0EEvPKvPKhPfiiii
    0 bytes stack frame, 0 bytes spill stores, 0 bytes spill loads
ptxas info    : Used 103 registers, used 1 barriers, 16384 bytes smem, 360 bytes cmem[0], 4 bytes cmem[2]
ptxas info    : Compile time = 62.510 ms
ptxas info    : Compiling entry function '_Z13delivery_leadILi3ELi0ELi32ELi0EEvPKvPKhPfiiii' for 'sm_60'
ptxas info    : Function properties for _Z13delivery_leadILi3ELi0ELi32ELi0EEvPKvPKhPfiiii
    0 bytes stack frame, 0 bytes spill stores, 0 bytes spill loads
ptxas info    : Used 99 registers, used 1 barriers, 16384 bytes smem, 360 bytes cmem[0], 4 bytes cmem[2]
ptxas info    : Compile time = 123.139 ms
ptxas info    : Compiling entry function '_Z13delivery_leadILi3ELi0ELi16ELi0EEvPKvPKhPfiiii' for 'sm_60'
ptxas info    : Function properties for _Z13delivery_leadILi3ELi0ELi16ELi0EEvPKvPKhPfiiii
    0 bytes stack frame, 0 bytes spill stores, 0 bytes spill loads
ptxas info    : Used 109 registers, used 1 barriers, 16384 bytes smem, 360 bytes cmem[0], 4 bytes cmem[2]
ptxas info    : Compile time = 80.413 ms
ptxas info    : Compiling entry function '_Z13delivery_leadILi3ELi0ELi8ELi0EEvPKvPKhPfiiii' for 'sm_60'
ptxas info    : Function properties for _Z13delivery_leadILi3ELi0ELi8ELi0EEvPKvPKhPfiiii
    0 bytes stack frame, 0 bytes spill stores, 0 bytes spill loads
ptxas info    : Used 100 registers, used 1 barriers, 16384 bytes smem, 360 bytes cmem[0], 4 bytes cmem[2]
ptxas info    : Compile time = 55.635 ms
ptxas info    : Compiling entry function '_Z13delivery_leadILi2ELi1ELi32ELi0EEvPKvPKhPfiiii' for 'sm_60'
ptxas info    : Function properties for _Z13delivery_leadILi2ELi1ELi32ELi0EEvPKvPKhPfiiii
    0 bytes stack frame, 0 bytes spill stores, 0 bytes spill loads
ptxas info    : Used 110 registers, used 1 barriers, 16384 bytes smem, 360 bytes cmem[0], 4 bytes cmem[2]
ptxas info    : Compile time = 112.963 ms
ptxas info    : Compiling entry function '_Z13delivery_leadILi2ELi1ELi16ELi0EEvPKvPKhPfiiii' for 'sm_60'
ptxas info    : Function properties for _Z13delivery_leadILi2ELi1ELi16ELi0EEvPKvPKhPfiiii
    0 bytes stack frame, 0 bytes spill stores, 0 bytes spill loads
ptxas info    : Used 108 registers, used 1 barriers, 16384 bytes smem, 360 bytes cmem[0], 4 bytes cmem[2]
ptxas info    : Compile time = 75.696 ms
ptxas info    : Compiling entry function '_Z13delivery_leadILi2ELi1ELi8ELi0EEvPKvPKhPfiiii' for 'sm_60'
ptxas info    : Function properties for _Z13delivery_leadILi2ELi1ELi8ELi0EEvPKvPKhPfiiii
    0 bytes stack frame, 0 bytes spill stores, 0 bytes spill loads
ptxas info    : Used 111 registers, used 1 barriers, 16384 bytes smem, 360 bytes cmem[0], 4 bytes cmem[2]
ptxas info    : Compile time = 56.123 ms
ptxas info    : Compiling entry function '_Z13delivery_leadILi2ELi0ELi32ELi0EEvPKvPKhPfiiii' for 'sm_60'
ptxas info    : Function properties for _Z13delivery_leadILi2ELi0ELi32ELi0EEvPKvPKhPfiiii
    0 bytes stack frame, 0 bytes spill stores, 0 bytes spill loads
ptxas info    : Used 104 registers, used 1 barriers, 16384 bytes smem, 360 bytes cmem[0], 4 bytes cmem[2]
ptxas info    : Compile time = 113.268 ms
ptxas info    : Compiling entry function '_Z13delivery_leadILi2ELi0ELi16ELi0EEvPKvPKhPfiiii' for 'sm_60'
ptxas info    : Function properties for _Z13delivery_leadILi2ELi0ELi16ELi0EEvPKvPKhPfiiii
    0 bytes stack frame, 0 bytes spill stores, 0 bytes spill loads
ptxas info    : Used 104 registers, used 1 barriers, 16384 bytes smem, 360 bytes cmem[0], 4 bytes cmem[2]
ptxas info    : Compile time = 74.795 ms
ptxas info    : Compiling entry function '_Z13delivery_leadILi2ELi0ELi8ELi0EEvPKvPKhPfiiii' for 'sm_60'
ptxas info    : Function properties for _Z13delivery_leadILi2ELi0ELi8ELi0EEvPKvPKhPfiiii
    0 bytes stack frame, 0 bytes spill stores, 0 bytes spill loads
ptxas info    : Used 107 registers, used 1 barriers, 16384 bytes smem, 360 bytes cmem[0], 4 bytes cmem[2]
ptxas info    : Compile time = 53.238 ms
ptxas info    : Compiling entry function '_Z13delivery_leadILi1ELi1ELi32ELi0EEvPKvPKhPfiiii' for 'sm_60'
ptxas info    : Function properties for _Z13delivery_leadILi1ELi1ELi32ELi0EEvPKvPKhPfiiii
    0 bytes stack frame, 0 bytes spill stores, 0 bytes spill loads
ptxas info    : Used 103 registers, used 1 barriers, 16384 bytes smem, 360 bytes cmem[0], 4 bytes cmem[2]
ptxas info    : Compile time = 104.428 ms
ptxas info    : Compiling entry function '_Z13delivery_leadILi1ELi1ELi16ELi0EEvPKvPKhPfiiii' for 'sm_60'
ptxas info    : Function properties for _Z13delivery_leadILi1ELi1ELi16ELi0EEvPKvPKhPfiiii
    0 bytes stack frame, 0 bytes spill stores, 0 bytes spill loads
ptxas info    : Used 102 registers, used 1 barriers, 16384 bytes smem, 360 bytes cmem[0], 4 bytes cmem[2]
ptxas info    : Compile time = 68.943 ms
ptxas info    : Compiling entry function '_Z13delivery_leadILi1ELi1ELi8ELi0EEvPKvPKhPfiiii' for 'sm_60'
ptxas info    : Function properties for _Z13delivery_leadILi1ELi1ELi8ELi0EEvPKvPKhPfiiii
    0 bytes stack frame, 0 bytes spill stores, 0 bytes spill loads
ptxas info    : Used 103 registers, used 1 barriers, 16384 bytes smem, 360 bytes cmem[0], 4 bytes cmem[2]
ptxas info    : Compile time = 51.507 ms
ptxas info    : Compiling entry function '_Z13delivery_leadILi1ELi0ELi32ELi0EEvPKvPKhPfiiii' for 'sm_60'
ptxas info    : Function properties for _Z13delivery_leadILi1ELi0ELi32ELi0EEvPKvPKhPfiiii
    0 bytes stack frame, 0 bytes spill stores, 0 bytes spill loads
ptxas info    : Used 99 registers, used 1 barriers, 16384 bytes smem, 360 bytes cmem[0], 4 bytes cmem[2]
ptxas info    : Compile time = 103.175 ms
ptxas info    : Compiling entry function '_Z13delivery_leadILi1ELi0ELi16ELi0EEvPKvPKhPfiiii' for 'sm_60'
ptxas info    : Function properties for _Z13delivery_leadILi1ELi0ELi16ELi0EEvPKvPKhPfiiii
    0 bytes stack frame, 0 bytes spill stores, 0 bytes spill loads
ptxas info    : Used 109 registers, used 1 barriers, 16384 bytes smem, 360 bytes cmem[0], 4 bytes cmem[2]
ptxas info    : Compile time = 67.133 ms
ptxas info    : Compiling entry function '_Z13delivery_leadILi1ELi0ELi8ELi0EEvPKvPKhPfiiii' for 'sm_60'
ptxas info    : Function properties for _Z13delivery_leadILi1ELi0ELi8ELi0EEvPKvPKhPfiiii
    0 bytes stack frame, 0 bytes spill stores, 0 bytes spill loads
ptxas info    : Used 100 registers, used 1 barriers, 16384 bytes smem, 360 bytes cmem[0], 4 bytes cmem[2]
ptxas info    : Compile time = 50.473 ms
ptxas info    : Compiling entry function '_Z13delivery_leadILi0ELi1ELi32ELi0EEvPKvPKhPfiiii' for 'sm_60'
ptxas info    : Function properties for _Z13delivery_leadILi0ELi1ELi32ELi0EEvPKvPKhPfiiii
    0 bytes stack frame, 0 bytes spill stores, 0 bytes spill loads
ptxas info    : Used 110 registers, used 1 barriers, 16384 bytes smem, 360 bytes cmem[0], 4 bytes cmem[2]
ptxas info    : Compile time = 107.397 ms
ptxas info    : Compiling entry function '_Z13delivery_leadILi0ELi1ELi16ELi0EEvPKvPKhPfiiii' for 'sm_60'
ptxas info    : Function properties for _Z13delivery_leadILi0ELi1ELi16ELi0EEvPKvPKhPfiiii
    0 bytes stack frame, 0 bytes spill stores, 0 bytes spill loads
ptxas info    : Used 105 registers, used 1 barriers, 16384 bytes smem, 360 bytes cmem[0], 4 bytes cmem[2]
ptxas info    : Compile time = 69.350 ms
ptxas info    : Compiling entry function '_Z13delivery_leadILi0ELi1ELi8ELi0EEvPKvPKhPfiiii' for 'sm_60'
ptxas info    : Function properties for _Z13delivery_leadILi0ELi1ELi8ELi0EEvPKvPKhPfiiii
    0 bytes stack frame, 0 bytes spill stores, 0 bytes spill loads
ptxas info    : Used 107 registers, used 1 barriers, 16384 bytes smem, 360 bytes cmem[0], 4 bytes cmem[2]
ptxas info    : Compile time = 51.670 ms
ptxas info    : Compiling entry function '_Z13delivery_leadILi0ELi0ELi32ELi0EEvPKvPKhPfiiii' for 'sm_60'
ptxas info    : Function properties for _Z13delivery_leadILi0ELi0ELi32ELi0EEvPKvPKhPfiiii
    0 bytes stack frame, 0 bytes spill stores, 0 bytes spill loads
ptxas info    : Used 104 registers, used 1 barriers, 16384 bytes smem, 360 bytes cmem[0], 4 bytes cmem[2]
ptxas info    : Compile time = 103.678 ms
ptxas info    : Compiling entry function '_Z13delivery_leadILi0ELi0ELi16ELi0EEvPKvPKhPfiiii' for 'sm_60'
ptxas info    : Function properties for _Z13delivery_leadILi0ELi0ELi16ELi0EEvPKvPKhPfiiii
    0 bytes stack frame, 0 bytes spill stores, 0 bytes spill loads
ptxas info    : Used 105 registers, used 1 barriers, 16384 bytes smem, 360 bytes cmem[0], 4 bytes cmem[2]
ptxas info    : Compile time = 69.359 ms
ptxas info    : Compiling entry function '_Z13delivery_leadILi0ELi0ELi8ELi0EEvPKvPKhPfiiii' for 'sm_60'
ptxas info    : Function properties for _Z13delivery_leadILi0ELi0ELi8ELi0EEvPKvPKhPfiiii
    0 bytes stack frame, 0 bytes spill stores, 0 bytes spill loads
ptxas info    : Used 107 registers, used 1 barriers, 16384 bytes smem, 360 bytes cmem[0], 4 bytes cmem[2]
ptxas info    : Compile time = 53.479 ms
ptxas info    : Compiling entry function '_Z18prepare_a16_vectorPKfP6__halfm' for 'sm_60'
ptxas info    : Function properties for _Z18prepare_a16_vectorPKfP6__halfm
    0 bytes stack frame, 0 bytes spill stores, 0 bytes spill loads
ptxas info    : Used 20 registers, used 0 barriers, 344 bytes cmem[0]
ptxas info    : Compile time = 1.912 ms
ptxas info    : Compiling entry function '_Z11prepare_a16PKfP6__halfm' for 'sm_60'
ptxas info    : Function properties for _Z11prepare_a16PKfP6__halfm
    0 bytes stack frame, 0 bytes spill stores, 0 bytes spill loads
ptxas info    : Used 10 registers, used 0 barriers, 344 bytes cmem[0]
ptxas info    : Compile time = 1.447 ms
