nvcc warning : Support for offline compilation for architectures prior to '<compute/sm/lto>_75' will be removed in a future release (Use -Wno-deprecated-gpu-targets to suppress warning).
ptxas info    : 0 bytes gmem
ptxas info    : Compiling entry function '_Z14q4_token_pairsILi8ELi8ELi128EEvPK6__halfPKhPfiiii' for 'sm_60'
ptxas info    : Function properties for _Z14q4_token_pairsILi8ELi8ELi128EEvPK6__halfPKhPfiiii
    0 bytes stack frame, 0 bytes spill stores, 0 bytes spill loads
ptxas info    : Used 231 registers, used 1 barriers, 41472 bytes smem, 360 bytes cmem[0], 4 bytes cmem[2]
ptxas info    : Compile time = 162.186 ms
ptxas info    : Compiling entry function '_Z14q4_token_pairsILi4ELi8ELi128EEvPK6__halfPKhPfiiii' for 'sm_60'
ptxas info    : Function properties for _Z14q4_token_pairsILi4ELi8ELi128EEvPK6__halfPKhPfiiii
    0 bytes stack frame, 0 bytes spill stores, 0 bytes spill loads
ptxas info    : Used 187 registers, used 1 barriers, 41472 bytes smem, 360 bytes cmem[0], 4 bytes cmem[2]
ptxas info    : Compile time = 124.875 ms
ptxas info    : Compiling entry function '_Z14q4_token_pairsILi2ELi8ELi128EEvPK6__halfPKhPfiiii' for 'sm_60'
ptxas info    : Function properties for _Z14q4_token_pairsILi2ELi8ELi128EEvPK6__halfPKhPfiiii
    0 bytes stack frame, 0 bytes spill stores, 0 bytes spill loads
ptxas info    : Used 143 registers, used 1 barriers, 41472 bytes smem, 360 bytes cmem[0], 4 bytes cmem[2]
ptxas info    : Compile time = 105.641 ms
ptxas info    : Compiling entry function '_Z14q4_token_pairsILi1ELi8ELi128EEvPK6__halfPKhPfiiii' for 'sm_60'
ptxas info    : Function properties for _Z14q4_token_pairsILi1ELi8ELi128EEvPK6__halfPKhPfiiii
    0 bytes stack frame, 0 bytes spill stores, 0 bytes spill loads
ptxas info    : Used 120 registers, used 1 barriers, 41472 bytes smem, 360 bytes cmem[0], 4 bytes cmem[2]
ptxas info    : Compile time = 94.848 ms
ptxas info    : Compiling entry function '_Z14q4_token_pairsILi0ELi8ELi128EEvPK6__halfPKhPfiiii' for 'sm_60'
ptxas info    : Function properties for _Z14q4_token_pairsILi0ELi8ELi128EEvPK6__halfPKhPfiiii
    0 bytes stack frame, 0 bytes spill stores, 0 bytes spill loads
ptxas info    : Used 132 registers, used 1 barriers, 41472 bytes smem, 360 bytes cmem[0], 4 bytes cmem[2]
ptxas info    : Compile time = 113.306 ms
ptxas info    : Compiling entry function '_Z14q4_token_pairsILi8ELi8ELi64EEvPK6__halfPKhPfiiii' for 'sm_60'
ptxas info    : Function properties for _Z14q4_token_pairsILi8ELi8ELi64EEvPK6__halfPKhPfiiii
    0 bytes stack frame, 0 bytes spill stores, 0 bytes spill loads
ptxas info    : Used 141 registers, used 1 barriers, 24832 bytes smem, 360 bytes cmem[0], 4 bytes cmem[2]
ptxas info    : Compile time = 83.902 ms
ptxas info    : Compiling entry function '_Z14q4_token_pairsILi4ELi8ELi64EEvPK6__halfPKhPfiiii' for 'sm_60'
ptxas info    : Function properties for _Z14q4_token_pairsILi4ELi8ELi64EEvPK6__halfPKhPfiiii
    0 bytes stack frame, 0 bytes spill stores, 0 bytes spill loads
ptxas info    : Used 118 registers, used 1 barriers, 24832 bytes smem, 360 bytes cmem[0], 4 bytes cmem[2]
ptxas info    : Compile time = 73.445 ms
ptxas info    : Compiling entry function '_Z14q4_token_pairsILi2ELi8ELi64EEvPK6__halfPKhPfiiii' for 'sm_60'
ptxas info    : Function properties for _Z14q4_token_pairsILi2ELi8ELi64EEvPK6__halfPKhPfiiii
    0 bytes stack frame, 0 bytes spill stores, 0 bytes spill loads
ptxas info    : Used 102 registers, used 1 barriers, 24832 bytes smem, 360 bytes cmem[0], 4 bytes cmem[2]
ptxas info    : Compile time = 64.579 ms
ptxas info    : Compiling entry function '_Z14q4_token_pairsILi1ELi8ELi64EEvPK6__halfPKhPfiiii' for 'sm_60'
ptxas info    : Function properties for _Z14q4_token_pairsILi1ELi8ELi64EEvPK6__halfPKhPfiiii
    0 bytes stack frame, 0 bytes spill stores, 0 bytes spill loads
ptxas info    : Used 94 registers, used 1 barriers, 24832 bytes smem, 360 bytes cmem[0], 4 bytes cmem[2]
ptxas info    : Compile time = 59.706 ms
ptxas info    : Compiling entry function '_Z14q4_token_pairsILi0ELi8ELi64EEvPK6__halfPKhPfiiii' for 'sm_60'
ptxas info    : Function properties for _Z14q4_token_pairsILi0ELi8ELi64EEvPK6__halfPKhPfiiii
    0 bytes stack frame, 0 bytes spill stores, 0 bytes spill loads
ptxas info    : Used 95 registers, used 1 barriers, 24832 bytes smem, 360 bytes cmem[0], 4 bytes cmem[2]
ptxas info    : Compile time = 68.998 ms
ptxas info    : Compiling entry function '_Z14q4_token_pairsILi8ELi4ELi64EEvPK6__halfPKhPfiiii' for 'sm_60'
ptxas info    : Function properties for _Z14q4_token_pairsILi8ELi4ELi64EEvPK6__halfPKhPfiiii
    0 bytes stack frame, 0 bytes spill stores, 0 bytes spill loads
ptxas info    : Used 150 registers, used 1 barriers, 20736 bytes smem, 360 bytes cmem[0], 4 bytes cmem[2]
ptxas info    : Compile time = 88.281 ms
ptxas info    : Compiling entry function '_Z14q4_token_pairsILi4ELi4ELi64EEvPK6__halfPKhPfiiii' for 'sm_60'
ptxas info    : Function properties for _Z14q4_token_pairsILi4ELi4ELi64EEvPK6__halfPKhPfiiii
    0 bytes stack frame, 0 bytes spill stores, 0 bytes spill loads
ptxas info    : Used 124 registers, used 1 barriers, 20736 bytes smem, 360 bytes cmem[0], 4 bytes cmem[2]
ptxas info    : Compile time = 76.474 ms
ptxas info    : Compiling entry function '_Z14q4_token_pairsILi2ELi4ELi64EEvPK6__halfPKhPfiiii' for 'sm_60'
ptxas info    : Function properties for _Z14q4_token_pairsILi2ELi4ELi64EEvPK6__halfPKhPfiiii
    0 bytes stack frame, 0 bytes spill stores, 0 bytes spill loads
ptxas info    : Used 109 registers, used 1 barriers, 20736 bytes smem, 360 bytes cmem[0], 4 bytes cmem[2]
ptxas info    : Compile time = 68.653 ms
ptxas info    : Compiling entry function '_Z14q4_token_pairsILi1ELi4ELi64EEvPK6__halfPKhPfiiii' for 'sm_60'
ptxas info    : Function properties for _Z14q4_token_pairsILi1ELi4ELi64EEvPK6__halfPKhPfiiii
    0 bytes stack frame, 0 bytes spill stores, 0 bytes spill loads
ptxas info    : Used 95 registers, used 1 barriers, 20736 bytes smem, 360 bytes cmem[0], 4 bytes cmem[2]
ptxas info    : Compile time = 65.327 ms
ptxas info    : Compiling entry function '_Z14q4_token_pairsILi0ELi4ELi64EEvPK6__halfPKhPfiiii' for 'sm_60'
ptxas info    : Function properties for _Z14q4_token_pairsILi0ELi4ELi64EEvPK6__halfPKhPfiiii
    0 bytes stack frame, 0 bytes spill stores, 0 bytes spill loads
ptxas info    : Used 96 registers, used 1 barriers, 20736 bytes smem, 360 bytes cmem[0], 4 bytes cmem[2]
ptxas info    : Compile time = 74.635 ms
ptxas info    : Compiling entry function '_Z17aw_q8_service_m64ILb0ELb1ELb0ELi2ELb0EEvPK12aw_work_descPK12aw_tile_desciiiPKi' for 'sm_60'
ptxas info    : Function properties for _Z17aw_q8_service_m64ILb0ELb1ELb0ELi2ELb0EEvPK12aw_work_descPK12aw_tile_desciiiPKi
    0 bytes stack frame, 0 bytes spill stores, 0 bytes spill loads
ptxas info    : Used 93 registers, used 1 barriers, 32768 bytes smem, 360 bytes cmem[0], 4 bytes cmem[2]
ptxas info    : Compile time = 52.097 ms
ptxas info    : Compiling entry function '_Z11prepare_a16PKfP6__halfm' for 'sm_60'
ptxas info    : Function properties for _Z11prepare_a16PKfP6__halfm
    0 bytes stack frame, 0 bytes spill stores, 0 bytes spill loads
ptxas info    : Used 10 registers, used 0 barriers, 344 bytes cmem[0]
ptxas info    : Compile time = 1.418 ms
