TIME mode=resident-half2-r16 rep=0 us=3225.26932 useful_tmac_s=9.32163119
TIME mode=prebuilt-full256-r16 rep=0 us=2439.47728 useful_tmac_s=12.3242677
TIME mode=prebuilt-half128-r16 rep=0 us=6418.39981 useful_tmac_s=4.68415368
TIME mode=resident-half2-r8 rep=0 us=1609.83467 useful_tmac_s=9.33784432
TIME mode=prebuilt-full256-r8 rep=0 us=1457.48266 useful_tmac_s=10.3139379
TIME mode=prebuilt-half128-r8 rep=0 us=3138.68809 useful_tmac_s=4.78938497
TIME mode=resident-half2-r4 rep=0 us=819.775979 useful_tmac_s=9.16859357
TIME mode=prebuilt-full256-r4 rep=0 us=816.5013 useful_tmac_s=9.20536535
TIME mode=prebuilt-half128-r4 rep=0 us=1573.42927 useful_tmac_s=4.77694989
TIME mode=prebuilt-half128-r16 rep=1 us=6417.9306 useful_tmac_s=4.68449613
TIME mode=resident-half2-r8 rep=1 us=1610.13333 useful_tmac_s=9.33611227
TIME mode=prebuilt-full256-r8 rep=1 us=1457.46136 useful_tmac_s=10.3140886
TIME mode=prebuilt-half128-r8 rep=1 us=3138.41057 useful_tmac_s=4.78980847
TIME mode=resident-half2-r4 rep=1 us=819.487969 useful_tmac_s=9.17181588
TIME mode=prebuilt-full256-r4 rep=1 us=816.330671 useful_tmac_s=9.20728944
TIME mode=prebuilt-half128-r4 rep=1 us=1572.9173 useful_tmac_s=4.77850473
TIME mode=resident-half2-r16 rep=1 us=3227.03997 useful_tmac_s=9.31651647
TIME mode=prebuilt-full256-r16 rep=1 us=2437.90929 useful_tmac_s=12.3321943
TIME mode=prebuilt-full256-r8 rep=2 us=1457.64271 useful_tmac_s=10.3128053
TIME mode=prebuilt-half128-r8 rep=2 us=3141.27986 useful_tmac_s=4.7854334
TIME mode=resident-half2-r4 rep=2 us=819.423993 useful_tmac_s=9.17253196
TIME mode=prebuilt-full256-r4 rep=2 us=816.469351 useful_tmac_s=9.20572555
TIME mode=prebuilt-half128-r4 rep=2 us=1573.35472 useful_tmac_s=4.77717623
TIME mode=resident-half2-r16 rep=2 us=3228.10682 useful_tmac_s=9.3134375
TIME mode=prebuilt-full256-r16 rep=2 us=2437.98399 useful_tmac_s=12.3318165
TIME mode=prebuilt-half128-r16 rep=2 us=6417.67438 useful_tmac_s=4.68468315
TIME mode=resident-half2-r8 rep=2 us=1609.48261 useful_tmac_s=9.33988692
TIME mode=resident-half2-r4 rep=3 us=819.594701 useful_tmac_s=9.17062148
TIME mode=prebuilt-full256-r4 rep=3 us=816.320022 useful_tmac_s=9.20740955
TIME mode=prebuilt-half128-r4 rep=3 us=1573.19466 useful_tmac_s=4.77766226
TIME mode=resident-half2-r16 rep=3 us=3227.29588 useful_tmac_s=9.31577774
TIME mode=prebuilt-full256-r16 rep=3 us=2438.78396 useful_tmac_s=12.3277713
TIME mode=prebuilt-half128-r16 rep=3 us=6418.66684 useful_tmac_s=4.68395881
TIME mode=resident-half2-r8 rep=3 us=1609.25865 useful_tmac_s=9.34118671
TIME mode=prebuilt-full256-r8 rep=3 us=1457.5146 useful_tmac_s=10.3137118
TIME mode=prebuilt-half128-r8 rep=3 us=3139.19989 useful_tmac_s=4.78860412
TIME mode=prebuilt-half128-r4 rep=4 us=1573.02396 useful_tmac_s=4.77818074
TIME mode=resident-half2-r16 rep=4 us=3224.54389 useful_tmac_s=9.32372829
TIME mode=prebuilt-full256-r16 rep=4 us=2438.26135 useful_tmac_s=12.3304137
TIME mode=prebuilt-half128-r16 rep=4 us=6418.26121 useful_tmac_s=4.68425483
TIME mode=resident-half2-r8 rep=4 us=1609.3653 useful_tmac_s=9.34056767
TIME mode=prebuilt-full256-r8 rep=4 us=1457.53606 useful_tmac_s=10.3135599
TIME mode=prebuilt-half128-r8 rep=4 us=3140.68254 useful_tmac_s=4.78634353
TIME mode=resident-half2-r4 rep=4 us=819.509347 useful_tmac_s=9.17157662
TIME mode=prebuilt-full256-r4 rep=4 us=816.383998 useful_tmac_s=9.20668802
TIME mode=prebuilt-full256-r16 rep=5 us=2437.79198 useful_tmac_s=12.3327877
TIME mode=prebuilt-half128-r16 rep=5 us=6418.30381 useful_tmac_s=4.68422374
TIME mode=resident-half2-r8 rep=5 us=1609.84532 useful_tmac_s=9.33778255
TIME mode=prebuilt-full256-r8 rep=5 us=1457.31195 useful_tmac_s=10.315146
TIME mode=prebuilt-half128-r8 rep=5 us=3137.15204 useful_tmac_s=4.79173
TIME mode=resident-half2-r4 rep=5 us=820.640008 useful_tmac_s=9.15894021
TIME mode=prebuilt-full256-r4 rep=5 us=816.693306 useful_tmac_s=9.20320114
TIME mode=prebuilt-half128-r4 rep=5 us=1573.02396 useful_tmac_s=4.77818074
TIME mode=resident-half2-r16 rep=5 us=3225.01342 useful_tmac_s=9.32237086
TIME mode=resident-half2-r8 rep=6 us=1609.62137 useful_tmac_s=9.33908176
TIME mode=prebuilt-full256-r8 rep=6 us=1457.28 useful_tmac_s=10.3153722
TIME mode=prebuilt-half128-r8 rep=6 us=3146.97615 useful_tmac_s=4.77677135
TIME mode=resident-half2-r4 rep=6 us=820.074638 useful_tmac_s=9.16525451
TIME mode=prebuilt-full256-r4 rep=6 us=816.309373 useful_tmac_s=9.20752967
TIME mode=prebuilt-half128-r4 rep=6 us=1573.13061 useful_tmac_s=4.7778568
TIME mode=resident-half2-r16 rep=6 us=3226.94397 useful_tmac_s=9.31679365
TIME mode=prebuilt-full256-r16 rep=6 us=2438.05869 useful_tmac_s=12.3314386
TIME mode=prebuilt-half128-r16 rep=6 us=6440.92814 useful_tmac_s=4.66776999
TIME mode=prebuilt-half128-r8 rep=7 us=3160.45856 useful_tmac_s=4.7563938
TIME mode=resident-half2-r4 rep=7 us=826.56002 useful_tmac_s=9.09334178
TIME mode=prebuilt-full256-r4 rep=7 us=823.029359 useful_tmac_s=9.13235073
TIME mode=prebuilt-half128-r4 rep=7 us=1586.49604 useful_tmac_s=4.73760577
TIME mode=resident-half2-r16 rep=7 us=3250.66662 useful_tmac_s=9.24880174
TIME mode=prebuilt-full256-r16 rep=7 us=2457.55736 useful_tmac_s=12.2335989
TIME mode=prebuilt-half128-r16 rep=7 us=6471.26389 useful_tmac_s=4.64588859
TIME mode=resident-half2-r8 rep=7 us=1622.77333 useful_tmac_s=9.26339204
TIME mode=prebuilt-full256-r8 rep=7 us=1470.1333 useful_tmac_s=10.2251854
TIME mode=prebuilt-full256-r4 rep=8 us=823.114634 useful_tmac_s=9.13140462
TIME mode=prebuilt-half128-r4 rep=8 us=1587.09335 useful_tmac_s=4.73582272
TIME mode=resident-half2-r16 rep=8 us=3247.83993 useful_tmac_s=9.25685124
TIME mode=prebuilt-full256-r16 rep=8 us=2457.21594 useful_tmac_s=12.2352987
TIME mode=prebuilt-half128-r16 rep=8 us=6426.16526 useful_tmac_s=4.67849329
TIME mode=resident-half2-r8 rep=8 us=1609.60007 useful_tmac_s=9.33920534
TIME mode=prebuilt-full256-r8 rep=8 us=1457.66401 useful_tmac_s=10.3126546
TIME mode=prebuilt-half128-r8 rep=8 us=3140.63994 useful_tmac_s=4.78640845
TIME mode=resident-half2-r4 rep=8 us=819.46667 useful_tmac_s=9.17205426
META grid=112 block=256 threads=28672 groups=512 seed=3911 checksum=0 prebuilt_table=1 omitted_build=1 omitted_finish=1 full_half_bitidentical=1
PASS
