QUANT bits=8 values=8388608 bad=0
QUANT bits=4 values=8388608 bad=0
CHECK A32 outputs=33554432 samples=256 bad=0 nonfinite=0 changed=0 rel_l2=0
CHECK A16 outputs=33554432 samples=256 bad=0 nonfinite=0 changed=0 rel_l2=0
CHECK A64 outputs=33554432 samples=256 bad=0 nonfinite=0 changed=33552961 rel_l2=0.000882661185
CHECK A128 outputs=33554432 samples=256 bad=0 nonfinite=0 changed=33553339 rel_l2=0.00120743371
CHECK A256 outputs=33554432 samples=256 bad=0 nonfinite=0 changed=33553631 rel_l2=0.00167724372
CHECK A512 outputs=33554432 samples=256 bad=0 nonfinite=0 changed=33553982 rel_l2=0.00330551495
META M=256 N=2048 K=512 experts=64 quantization_timed=1 full_q8_codes=1
TIME A32 prep=1 rep=0 us=4531.31738
TIME A16 prep=1 rep=0 us=4534.03711
TIME A64 prep=1 rep=0 us=3744.3894
TIME A128 prep=1 rep=0 us=3642.08521
TIME A256 prep=1 rep=0 us=3583.36548
TIME A512 prep=1 rep=0 us=2708.16553
TIME A16 prep=1 rep=1 us=4532.99219
TIME A64 prep=1 rep=1 us=3734.92798
TIME A128 prep=1 rep=1 us=3638.65601
TIME A256 prep=1 rep=1 us=3575.52539
TIME A512 prep=1 rep=1 us=2717.75464
TIME A32 prep=1 rep=1 us=4540.65625
TIME A64 prep=1 rep=2 us=3733.05078
TIME A128 prep=1 rep=2 us=3639.32812
TIME A256 prep=1 rep=2 us=3575.96802
TIME A512 prep=1 rep=2 us=2721.84546
TIME A32 prep=1 rep=2 us=4543.4292
TIME A16 prep=1 rep=2 us=4533.57861
TIME A128 prep=1 rep=3 us=3637.41333
TIME A256 prep=1 rep=3 us=3573.2959
TIME A512 prep=1 rep=3 us=2713.41333
TIME A32 prep=1 rep=3 us=4532.48535
TIME A16 prep=1 rep=3 us=4529.15723
TIME A64 prep=1 rep=3 us=3733.69043
TIME A256 prep=1 rep=4 us=3573.87207
TIME A512 prep=1 rep=4 us=2706.58667
TIME A32 prep=1 rep=4 us=4532.46387
TIME A16 prep=1 rep=4 us=4529.88281
TIME A64 prep=1 rep=4 us=3730.81079
TIME A128 prep=1 rep=4 us=3640.9707
TIME A512 prep=1 rep=5 us=2706.73608
TIME A32 prep=1 rep=5 us=4525.55713
TIME A16 prep=1 rep=5 us=4534.44287
TIME A64 prep=1 rep=5 us=3730.33081
TIME A128 prep=1 rep=5 us=3637.30151
TIME A256 prep=1 rep=5 us=3575.95728
TIME A32 prep=1 rep=6 us=4526.89062
TIME A16 prep=1 rep=6 us=4531.62158
TIME A64 prep=1 rep=6 us=3731.19458
TIME A128 prep=1 rep=6 us=3637.99487
TIME A256 prep=1 rep=6 us=3575.21069
TIME A512 prep=1 rep=6 us=2707.01343
PASS
