QUANT bits=8 values=33554432 bad=0
QUANT bits=4 values=33554432 bad=0
CHECK A32 outputs=8388608 samples=256 bad=0 nonfinite=0 changed=0 rel_l2=0
CHECK A16 outputs=8388608 samples=256 bad=0 nonfinite=0 changed=0 rel_l2=0
CHECK A64 outputs=8388608 samples=256 bad=0 nonfinite=0 changed=8388240 rel_l2=0.000882587476
CHECK A128 outputs=8388608 samples=256 bad=0 nonfinite=0 changed=8388314 rel_l2=0.00120715208
CHECK A256 outputs=8388608 samples=256 bad=0 nonfinite=0 changed=8388415 rel_l2=0.00167732544
CHECK A512 outputs=8388608 samples=256 bad=0 nonfinite=0 changed=8388544 rel_l2=0.00656814682
META M=256 N=512 K=2048 experts=64 quantization_timed=1 full_q8_codes=1
TIME A32 prep=1 rep=0 us=4626.6665
TIME A16 prep=1 rep=0 us=4629.06689
TIME A64 prep=1 rep=0 us=3835.43457
TIME A128 prep=1 rep=0 us=3760.46411
TIME A256 prep=1 rep=0 us=3681.49829
TIME A512 prep=1 rep=0 us=2840.42114
TIME A16 prep=1 rep=1 us=4623.74414
TIME A64 prep=1 rep=1 us=3832.12793
TIME A128 prep=1 rep=1 us=3757.37598
TIME A256 prep=1 rep=1 us=3681.88257
TIME A512 prep=1 rep=1 us=2839.01343
TIME A32 prep=1 rep=1 us=4625.36523
TIME A64 prep=1 rep=2 us=3832.07983
TIME A128 prep=1 rep=2 us=3759.24805
TIME A256 prep=1 rep=2 us=3678.51733
TIME A512 prep=1 rep=2 us=2841.06665
TIME A32 prep=1 rep=2 us=4625.66406
TIME A16 prep=1 rep=2 us=4626.35205
TIME A128 prep=1 rep=3 us=3757.53052
TIME A256 prep=1 rep=3 us=3679.74414
TIME A512 prep=1 rep=3 us=2841.97339
TIME A32 prep=1 rep=3 us=4624.8584
TIME A16 prep=1 rep=3 us=4623.5415
TIME A64 prep=1 rep=3 us=3834.63989
TIME A256 prep=1 rep=4 us=3678.00513
TIME A512 prep=1 rep=4 us=2839.60547
TIME A32 prep=1 rep=4 us=4627.3335
TIME A16 prep=1 rep=4 us=4625.20557
TIME A64 prep=1 rep=4 us=3831.30664
TIME A128 prep=1 rep=4 us=3760.23999
TIME A512 prep=1 rep=5 us=2834.23462
TIME A32 prep=1 rep=5 us=4623.03467
TIME A16 prep=1 rep=5 us=4625.63184
TIME A64 prep=1 rep=5 us=3830.98657
TIME A128 prep=1 rep=5 us=3757.26392
TIME A256 prep=1 rep=5 us=3681.82397
TIME A32 prep=1 rep=6 us=4623.73291
TIME A16 prep=1 rep=6 us=4625.17334
TIME A64 prep=1 rep=6 us=3830.99731
TIME A128 prep=1 rep=6 us=3757.06665
TIME A256 prep=1 rep=6 us=3680.06372
TIME A512 prep=1 rep=6 us=2843.09863
PASS
