DECODE_EXHAUSTIVE cases=16252928 bad=0
QUANT bits=8 values=33554432 bad=0
QUANT bits=4 values=33554432 bad=0
CHECK A32 outputs=8388608 samples=256 bad=0 nonfinite=0 changed=0 rel_l2=0
CHECK A16 outputs=8388608 samples=256 bad=0 nonfinite=0 changed=0 rel_l2=0
CHECK A64 outputs=8388608 samples=256 bad=0 nonfinite=0 changed=8388184 rel_l2=0.000646669288
MATCH_PREVIOUS A64 values=8388608 bad=0
CHECK A128 outputs=8388608 samples=256 bad=0 nonfinite=0 changed=8388212 rel_l2=0.000870531122
MATCH_PREVIOUS A128 values=8388608 bad=0
CHECK A256 outputs=8388608 samples=256 bad=0 nonfinite=0 changed=8388329 rel_l2=0.00119812381
MATCH_PREVIOUS A256 values=8388608 bad=0
CHECK A512 outputs=8388608 samples=256 bad=0 nonfinite=0 changed=8388529 rel_l2=0.00465019343
MATCH_PREVIOUS A512 values=8388608 bad=0
META M=256 N=512 K=2048 experts=64 quantization_timed=1 full_q8_codes=1
TIME A32 prep=1 rep=0 us=4627.64258
TIME A16 prep=1 rep=0 us=4624.67725
TIME A64 prep=1 rep=0 us=3801.12012
TIME A128 prep=1 rep=0 us=3728.33081
TIME A256 prep=1 rep=0 us=3551.88794
TIME A512 prep=1 rep=0 us=2660.93335
TIME A16 prep=1 rep=1 us=4619.84521
TIME A64 prep=1 rep=1 us=3796.25073
TIME A128 prep=1 rep=1 us=3728.05884
TIME A256 prep=1 rep=1 us=3548.41602
TIME A512 prep=1 rep=1 us=2657.07739
TIME A32 prep=1 rep=1 us=4626.55469
TIME A64 prep=1 rep=2 us=3789.80786
TIME A128 prep=1 rep=2 us=3722.62915
TIME A256 prep=1 rep=2 us=3550.67188
TIME A512 prep=1 rep=2 us=2657.54663
TIME A32 prep=1 rep=2 us=4626.21875
TIME A16 prep=1 rep=2 us=4626.55469
TIME A128 prep=1 rep=3 us=3731.33325
TIME A256 prep=1 rep=3 us=3539.21069
TIME A512 prep=1 rep=3 us=2657.06665
TIME A32 prep=1 rep=3 us=4622.28271
TIME A16 prep=1 rep=3 us=4622.21338
TIME A64 prep=1 rep=3 us=3797.30664
TIME A256 prep=1 rep=4 us=3540.52808
TIME A512 prep=1 rep=4 us=2659.30127
TIME A32 prep=1 rep=4 us=4628.60254
TIME A16 prep=1 rep=4 us=4623.19482
TIME A64 prep=1 rep=4 us=3796.12793
TIME A128 prep=1 rep=4 us=3722.3894
TIME A512 prep=1 rep=5 us=2660.27197
TIME A32 prep=1 rep=5 us=4625.979
TIME A16 prep=1 rep=5 us=4623.89893
TIME A64 prep=1 rep=5 us=3792.50122
TIME A128 prep=1 rep=5 us=3721.97339
TIME A256 prep=1 rep=5 us=3540.7041
TIME A32 prep=1 rep=6 us=4625.18945
TIME A16 prep=1 rep=6 us=4625.00781
TIME A64 prep=1 rep=6 us=3786.61353
TIME A128 prep=1 rep=6 us=3735.65845
TIME A256 prep=1 rep=6 us=3545.28516
TIME A512 prep=1 rep=6 us=2658.94946
PASS
