CHECK mode=original-q8 outputs=33554432 samples=0 bad=0 nonfinite=0 diff_vs_w8=0
CHECK mode=w8-dualrail outputs=33554432 samples=256 bad=0 nonfinite=0 diff_vs_w8=0
CHECK mode=w16-dualrail outputs=33554432 samples=256 bad=0 nonfinite=0 diff_vs_w8=0
META M=256 N=2048 K=512 experts=64 seed=3911 wire=f32 pair_grid=112 all_dispatch_launches_timed=1
TIME mode=original-q8 rep=0 us=4527.4668
TIME mode=w8-dualrail rep=0 us=2460.68286
TIME mode=w16-dualrail rep=0 us=2411.37061
TIME mode=w8-dualrail rep=1 us=2457.95728
TIME mode=w16-dualrail rep=1 us=2409.20532
TIME mode=original-q8 rep=1 us=4531.48779
TIME mode=w16-dualrail rep=2 us=2412.89062
TIME mode=original-q8 rep=2 us=4534.28809
TIME mode=w8-dualrail rep=2 us=2461.77075
TIME mode=original-q8 rep=3 us=4535.44531
TIME mode=w8-dualrail rep=3 us=2457.34937
TIME mode=w16-dualrail rep=3 us=2424.27222
TIME mode=w8-dualrail rep=4 us=2459.80249
TIME mode=w16-dualrail rep=4 us=2413.44531
TIME mode=original-q8 rep=4 us=4528.30908
TIME mode=w16-dualrail rep=5 us=2418.30396
TIME mode=original-q8 rep=5 us=4527.95752
TIME mode=w8-dualrail rep=5 us=2460.96533
TIME mode=original-q8 rep=6 us=4523.75977
TIME mode=w8-dualrail rep=6 us=2461.13062
TIME mode=w16-dualrail rep=6 us=2411.39722
PASS
