CHECK mode=original-q8 outputs=33554432 samples=0 bad=0 nonfinite=0 diff_vs_w8=0
CHECK mode=w8-dualrail outputs=33554432 samples=256 bad=0 nonfinite=0 diff_vs_w8=0
CHECK mode=w16-dualrail outputs=33554432 samples=256 bad=0 nonfinite=0 diff_vs_w8=0
META M=256 N=2048 K=512 experts=64 seed=3911 wire=f32 pair_grid=112 all_dispatch_launches_timed=1
TIME mode=original-q8 rep=0 us=4523.26416
TIME mode=w8-dualrail rep=0 us=2454.54419
TIME mode=w16-dualrail rep=0 us=2411.37061
TIME mode=w8-dualrail rep=1 us=2455.48267
TIME mode=w16-dualrail rep=1 us=2410.5813
TIME mode=original-q8 rep=1 us=4532.56543
TIME mode=w16-dualrail rep=2 us=2411.39722
TIME mode=original-q8 rep=2 us=4532.64502
TIME mode=w8-dualrail rep=2 us=2456.35205
TIME mode=original-q8 rep=3 us=4533.39746
TIME mode=w8-dualrail rep=3 us=2455.9895
TIME mode=w16-dualrail rep=3 us=2411.13599
TIME mode=w8-dualrail rep=4 us=2452.99194
TIME mode=w16-dualrail rep=4 us=2409.47729
TIME mode=original-q8 rep=4 us=4521.95215
TIME mode=w16-dualrail rep=5 us=2420.50659
TIME mode=original-q8 rep=5 us=4529.4292
TIME mode=w8-dualrail rep=5 us=2455.09863
TIME mode=original-q8 rep=6 us=4527.81299
TIME mode=w8-dualrail rep=6 us=2457.49878
TIME mode=w16-dualrail rep=6 us=2412.33057
PASS
