CHECK mode=original-q8 outputs=33554432 samples=0 bad=0 nonfinite=0 diff_vs_w8=0
CHECK mode=w8-dualrail outputs=33554432 samples=256 bad=0 nonfinite=0 diff_vs_w8=0
CHECK mode=w16-dualrail outputs=33554432 samples=256 bad=0 nonfinite=0 diff_vs_w8=0
META M=256 N=2048 K=512 experts=64 seed=3911 pair_grid=112 all_dispatch_launches_timed=1
TIME mode=original-q8 rep=0 us=4531.8291
TIME mode=w8-dualrail rep=0 us=2396.83203
TIME mode=w16-dualrail rep=0 us=2355.91992
TIME mode=w8-dualrail rep=1 us=2396.93335
TIME mode=w16-dualrail rep=1 us=2353.96265
TIME mode=original-q8 rep=1 us=4534.64551
TIME mode=w16-dualrail rep=2 us=2355.31714
TIME mode=original-q8 rep=2 us=4535.71729
TIME mode=w8-dualrail rep=2 us=2399.73853
TIME mode=original-q8 rep=3 us=4532.90137
TIME mode=w8-dualrail rep=3 us=2392.92798
TIME mode=w16-dualrail rep=3 us=2356.14941
TIME mode=w8-dualrail rep=4 us=2393.43481
TIME mode=w16-dualrail rep=4 us=2349.07739
TIME mode=original-q8 rep=4 us=4525.77588
TIME mode=w16-dualrail rep=5 us=2349.47729
TIME mode=original-q8 rep=5 us=4532.87451
TIME mode=w8-dualrail rep=5 us=2388.69873
TIME mode=original-q8 rep=6 us=4530.95996
TIME mode=w8-dualrail rep=6 us=2388.58667
TIME mode=w16-dualrail rep=6 us=2348.65063
PASS
