CHECK mode=original-q8 outputs=67108864 samples=0 bad=0 nonfinite=0 diff_vs_w8=0
CHECK mode=w8-dualrail outputs=67108864 samples=256 bad=0 nonfinite=0 diff_vs_w8=0
CHECK mode=w16-dualrail outputs=67108864 samples=256 bad=0 nonfinite=0 diff_vs_w8=0
META M=512 N=2048 K=512 experts=64 seed=3911 pair_grid=112 all_dispatch_launches_timed=1
TIME mode=original-q8 rep=0 us=9018.06934
TIME mode=w8-dualrail rep=0 us=4730.76807
TIME mode=w16-dualrail rep=0 us=4645.6748
TIME mode=w8-dualrail rep=1 us=4738.39502
TIME mode=w16-dualrail rep=1 us=4649.3335
TIME mode=original-q8 rep=1 us=9017.94629
TIME mode=w16-dualrail rep=2 us=4640.21875
TIME mode=original-q8 rep=2 us=9012.58691
TIME mode=w8-dualrail rep=2 us=4746.69336
TIME mode=original-q8 rep=3 us=9035.86621
TIME mode=w8-dualrail rep=3 us=4738.55469
TIME mode=w16-dualrail rep=3 us=4634.09082
TIME mode=w8-dualrail rep=4 us=4743.2373
TIME mode=w16-dualrail rep=4 us=4628.7251
TIME mode=original-q8 rep=4 us=8992.95508
TIME mode=w16-dualrail rep=5 us=4633.69043
TIME mode=original-q8 rep=5 us=9010.06348
TIME mode=w8-dualrail rep=5 us=4730.64014
TIME mode=original-q8 rep=6 us=9028.94434
TIME mode=w8-dualrail rep=6 us=4733.15771
TIME mode=w16-dualrail rep=6 us=4644.25049
PASS
