nvcc warning : Support for offline compilation for architectures prior to '<compute/sm/lto>_75' will be removed in a future release (Use -Wno-deprecated-gpu-targets to suppress warning).
ptxas info    : 0 bytes gmem
ptxas info    : Compiling entry function '_Z6decodeILi5ELi2ELi8ELi8ELi16ELb1EEvPK7Q4BlockPKjPKtS6_Pfjjj' for 'sm_60'
ptxas info    : Function properties for _Z6decodeILi5ELi2ELi8ELi8ELi16ELb1EEvPK7Q4BlockPKjPKtS6_Pfjjj
    0 bytes stack frame, 0 bytes spill stores, 0 bytes spill loads
ptxas info    : Used 80 registers, used 1 barriers, 372 bytes cmem[0], 12 bytes cmem[2]
ptxas info    : Compile time = 93.394 ms
ptxas info    : Compiling entry function '_Z6decodeILi4ELi2ELi8ELi8ELi16ELb1EEvPK7Q4BlockPKjPKtS6_Pfjjj' for 'sm_60'
ptxas info    : Function properties for _Z6decodeILi4ELi2ELi8ELi8ELi16ELb1EEvPK7Q4BlockPKjPKtS6_Pfjjj
    0 bytes stack frame, 0 bytes spill stores, 0 bytes spill loads
ptxas info    : Used 80 registers, used 1 barriers, 372 bytes cmem[0], 12 bytes cmem[2]
ptxas info    : Compile time = 90.998 ms
ptxas info    : Compiling entry function '_Z6decodeILi3ELi2ELi8ELi8ELi16ELb1EEvPK7Q4BlockPKjPKtS6_Pfjjj' for 'sm_60'
ptxas info    : Function properties for _Z6decodeILi3ELi2ELi8ELi8ELi16ELb1EEvPK7Q4BlockPKjPKtS6_Pfjjj
    0 bytes stack frame, 0 bytes spill stores, 0 bytes spill loads
ptxas info    : Used 72 registers, used 1 barriers, 372 bytes cmem[0], 12 bytes cmem[2]
ptxas info    : Compile time = 128.768 ms
ptxas info    : Compiling entry function '_Z6decodeILi5ELi2ELi8ELi8ELi8ELb1EEvPK7Q4BlockPKjPKtS6_Pfjjj' for 'sm_60'
ptxas info    : Function properties for _Z6decodeILi5ELi2ELi8ELi8ELi8ELb1EEvPK7Q4BlockPKjPKtS6_Pfjjj
    0 bytes stack frame, 0 bytes spill stores, 0 bytes spill loads
ptxas info    : Used 80 registers, used 1 barriers, 372 bytes cmem[0], 12 bytes cmem[2]
ptxas info    : Compile time = 89.562 ms
ptxas info    : Compiling entry function '_Z6decodeILi4ELi2ELi8ELi8ELi8ELb1EEvPK7Q4BlockPKjPKtS6_Pfjjj' for 'sm_60'
ptxas info    : Function properties for _Z6decodeILi4ELi2ELi8ELi8ELi8ELb1EEvPK7Q4BlockPKjPKtS6_Pfjjj
    0 bytes stack frame, 0 bytes spill stores, 0 bytes spill loads
ptxas info    : Used 80 registers, used 1 barriers, 372 bytes cmem[0], 12 bytes cmem[2]
ptxas info    : Compile time = 87.582 ms
ptxas info    : Compiling entry function '_Z6decodeILi3ELi2ELi8ELi8ELi8ELb1EEvPK7Q4BlockPKjPKtS6_Pfjjj' for 'sm_60'
ptxas info    : Function properties for _Z6decodeILi3ELi2ELi8ELi8ELi8ELb1EEvPK7Q4BlockPKjPKtS6_Pfjjj
    0 bytes stack frame, 0 bytes spill stores, 0 bytes spill loads
ptxas info    : Used 72 registers, used 1 barriers, 372 bytes cmem[0], 12 bytes cmem[2]
ptxas info    : Compile time = 123.231 ms
ptxas info    : Compiling entry function '_Z6decodeILi5ELi1ELi8ELi8ELi32ELb1EEvPK7Q4BlockPKjPKtS6_Pfjjj' for 'sm_60'
ptxas info    : Function properties for _Z6decodeILi5ELi1ELi8ELi8ELi32ELb1EEvPK7Q4BlockPKjPKtS6_Pfjjj
    0 bytes stack frame, 0 bytes spill stores, 0 bytes spill loads
ptxas info    : Used 48 registers, used 1 barriers, 372 bytes cmem[0], 12 bytes cmem[2]
ptxas info    : Compile time = 58.128 ms
ptxas info    : Compiling entry function '_Z6decodeILi4ELi1ELi8ELi8ELi32ELb1EEvPK7Q4BlockPKjPKtS6_Pfjjj' for 'sm_60'
ptxas info    : Function properties for _Z6decodeILi4ELi1ELi8ELi8ELi32ELb1EEvPK7Q4BlockPKjPKtS6_Pfjjj
    0 bytes stack frame, 0 bytes spill stores, 0 bytes spill loads
ptxas info    : Used 48 registers, used 1 barriers, 372 bytes cmem[0], 12 bytes cmem[2]
ptxas info    : Compile time = 59.649 ms
ptxas info    : Compiling entry function '_Z6decodeILi3ELi1ELi8ELi8ELi32ELb1EEvPK7Q4BlockPKjPKtS6_Pfjjj' for 'sm_60'
ptxas info    : Function properties for _Z6decodeILi3ELi1ELi8ELi8ELi32ELb1EEvPK7Q4BlockPKjPKtS6_Pfjjj
    0 bytes stack frame, 0 bytes spill stores, 0 bytes spill loads
ptxas info    : Used 48 registers, used 1 barriers, 372 bytes cmem[0], 12 bytes cmem[2]
ptxas info    : Compile time = 81.263 ms
ptxas info    : Compiling entry function '_Z6decodeILi5ELi1ELi8ELi8ELi16ELb1EEvPK7Q4BlockPKjPKtS6_Pfjjj' for 'sm_60'
ptxas info    : Function properties for _Z6decodeILi5ELi1ELi8ELi8ELi16ELb1EEvPK7Q4BlockPKjPKtS6_Pfjjj
    0 bytes stack frame, 0 bytes spill stores, 0 bytes spill loads
ptxas info    : Used 48 registers, used 1 barriers, 372 bytes cmem[0], 12 bytes cmem[2]
ptxas info    : Compile time = 55.515 ms
ptxas info    : Compiling entry function '_Z6decodeILi4ELi1ELi8ELi8ELi16ELb1EEvPK7Q4BlockPKjPKtS6_Pfjjj' for 'sm_60'
ptxas info    : Function properties for _Z6decodeILi4ELi1ELi8ELi8ELi16ELb1EEvPK7Q4BlockPKjPKtS6_Pfjjj
    0 bytes stack frame, 0 bytes spill stores, 0 bytes spill loads
ptxas info    : Used 48 registers, used 1 barriers, 372 bytes cmem[0], 12 bytes cmem[2]
ptxas info    : Compile time = 55.727 ms
ptxas info    : Compiling entry function '_Z6decodeILi3ELi1ELi8ELi8ELi16ELb1EEvPK7Q4BlockPKjPKtS6_Pfjjj' for 'sm_60'
ptxas info    : Function properties for _Z6decodeILi3ELi1ELi8ELi8ELi16ELb1EEvPK7Q4BlockPKjPKtS6_Pfjjj
    0 bytes stack frame, 0 bytes spill stores, 0 bytes spill loads
ptxas info    : Used 48 registers, used 1 barriers, 372 bytes cmem[0], 12 bytes cmem[2]
ptxas info    : Compile time = 76.511 ms
ptxas info    : Compiling entry function '_Z6decodeILi5ELi1ELi8ELi4ELi8ELb1EEvPK7Q4BlockPKjPKtS6_Pfjjj' for 'sm_60'
ptxas info    : Function properties for _Z6decodeILi5ELi1ELi8ELi4ELi8ELb1EEvPK7Q4BlockPKjPKtS6_Pfjjj
    0 bytes stack frame, 0 bytes spill stores, 0 bytes spill loads
ptxas info    : Used 48 registers, used 1 barriers, 372 bytes cmem[0], 12 bytes cmem[2]
ptxas info    : Compile time = 51.411 ms
ptxas info    : Compiling entry function '_Z6decodeILi4ELi1ELi8ELi4ELi8ELb1EEvPK7Q4BlockPKjPKtS6_Pfjjj' for 'sm_60'
ptxas info    : Function properties for _Z6decodeILi4ELi1ELi8ELi4ELi8ELb1EEvPK7Q4BlockPKjPKtS6_Pfjjj
    0 bytes stack frame, 0 bytes spill stores, 0 bytes spill loads
ptxas info    : Used 48 registers, used 1 barriers, 372 bytes cmem[0], 12 bytes cmem[2]
ptxas info    : Compile time = 50.324 ms
ptxas info    : Compiling entry function '_Z6decodeILi3ELi1ELi8ELi4ELi8ELb1EEvPK7Q4BlockPKjPKtS6_Pfjjj' for 'sm_60'
ptxas info    : Function properties for _Z6decodeILi3ELi1ELi8ELi4ELi8ELb1EEvPK7Q4BlockPKjPKtS6_Pfjjj
    0 bytes stack frame, 0 bytes spill stores, 0 bytes spill loads
ptxas info    : Used 48 registers, used 1 barriers, 372 bytes cmem[0], 12 bytes cmem[2]
ptxas info    : Compile time = 69.295 ms
ptxas info    : Compiling entry function '_Z6decodeILi5ELi2ELi4ELi8ELi32ELb1EEvPK7Q4BlockPKjPKtS6_Pfjjj' for 'sm_60'
ptxas info    : Function properties for _Z6decodeILi5ELi2ELi4ELi8ELi32ELb1EEvPK7Q4BlockPKjPKtS6_Pfjjj
    0 bytes stack frame, 0 bytes spill stores, 0 bytes spill loads
ptxas info    : Used 48 registers, used 1 barriers, 372 bytes cmem[0], 12 bytes cmem[2]
ptxas info    : Compile time = 47.512 ms
ptxas info    : Compiling entry function '_Z6decodeILi4ELi2ELi4ELi8ELi32ELb1EEvPK7Q4BlockPKjPKtS6_Pfjjj' for 'sm_60'
ptxas info    : Function properties for _Z6decodeILi4ELi2ELi4ELi8ELi32ELb1EEvPK7Q4BlockPKjPKtS6_Pfjjj
    0 bytes stack frame, 0 bytes spill stores, 0 bytes spill loads
ptxas info    : Used 48 registers, used 1 barriers, 372 bytes cmem[0], 12 bytes cmem[2]
ptxas info    : Compile time = 46.901 ms
ptxas info    : Compiling entry function '_Z6decodeILi3ELi2ELi4ELi8ELi32ELb1EEvPK7Q4BlockPKjPKtS6_Pfjjj' for 'sm_60'
ptxas info    : Function properties for _Z6decodeILi3ELi2ELi4ELi8ELi32ELb1EEvPK7Q4BlockPKjPKtS6_Pfjjj
    0 bytes stack frame, 0 bytes spill stores, 0 bytes spill loads
ptxas info    : Used 48 registers, used 1 barriers, 372 bytes cmem[0], 12 bytes cmem[2]
ptxas info    : Compile time = 63.030 ms
ptxas info    : Compiling entry function '_Z6decodeILi5ELi2ELi4ELi8ELi16ELb1EEvPK7Q4BlockPKjPKtS6_Pfjjj' for 'sm_60'
ptxas info    : Function properties for _Z6decodeILi5ELi2ELi4ELi8ELi16ELb1EEvPK7Q4BlockPKjPKtS6_Pfjjj
    0 bytes stack frame, 0 bytes spill stores, 0 bytes spill loads
ptxas info    : Used 48 registers, used 1 barriers, 372 bytes cmem[0], 12 bytes cmem[2]
ptxas info    : Compile time = 44.799 ms
ptxas info    : Compiling entry function '_Z6decodeILi4ELi2ELi4ELi8ELi16ELb1EEvPK7Q4BlockPKjPKtS6_Pfjjj' for 'sm_60'
ptxas info    : Function properties for _Z6decodeILi4ELi2ELi4ELi8ELi16ELb1EEvPK7Q4BlockPKjPKtS6_Pfjjj
    0 bytes stack frame, 0 bytes spill stores, 0 bytes spill loads
ptxas info    : Used 48 registers, used 1 barriers, 372 bytes cmem[0], 12 bytes cmem[2]
ptxas info    : Compile time = 44.635 ms
ptxas info    : Compiling entry function '_Z6decodeILi3ELi2ELi4ELi8ELi16ELb1EEvPK7Q4BlockPKjPKtS6_Pfjjj' for 'sm_60'
ptxas info    : Function properties for _Z6decodeILi3ELi2ELi4ELi8ELi16ELb1EEvPK7Q4BlockPKjPKtS6_Pfjjj
    0 bytes stack frame, 0 bytes spill stores, 0 bytes spill loads
ptxas info    : Used 48 registers, used 1 barriers, 372 bytes cmem[0], 12 bytes cmem[2]
ptxas info    : Compile time = 58.424 ms
ptxas info    : Compiling entry function '_Z6decodeILi5ELi1ELi4ELi16ELi32ELb1EEvPK7Q4BlockPKjPKtS6_Pfjjj' for 'sm_60'
ptxas info    : Function properties for _Z6decodeILi5ELi1ELi4ELi16ELi32ELb1EEvPK7Q4BlockPKjPKtS6_Pfjjj
    0 bytes stack frame, 0 bytes spill stores, 0 bytes spill loads
ptxas info    : Used 32 registers, used 1 barriers, 372 bytes cmem[0], 8 bytes cmem[2]
ptxas info    : Compile time = 32.298 ms
ptxas info    : Compiling entry function '_Z6decodeILi4ELi1ELi4ELi16ELi32ELb1EEvPK7Q4BlockPKjPKtS6_Pfjjj' for 'sm_60'
ptxas info    : Function properties for _Z6decodeILi4ELi1ELi4ELi16ELi32ELb1EEvPK7Q4BlockPKjPKtS6_Pfjjj
    0 bytes stack frame, 0 bytes spill stores, 0 bytes spill loads
ptxas info    : Used 32 registers, used 1 barriers, 372 bytes cmem[0], 8 bytes cmem[2]
ptxas info    : Compile time = 32.896 ms
ptxas info    : Compiling entry function '_Z6decodeILi3ELi1ELi4ELi16ELi32ELb1EEvPK7Q4BlockPKjPKtS6_Pfjjj' for 'sm_60'
ptxas info    : Function properties for _Z6decodeILi3ELi1ELi4ELi16ELi32ELb1EEvPK7Q4BlockPKjPKtS6_Pfjjj
    0 bytes stack frame, 0 bytes spill stores, 0 bytes spill loads
ptxas info    : Used 32 registers, used 1 barriers, 372 bytes cmem[0], 8 bytes cmem[2]
ptxas info    : Compile time = 40.347 ms
ptxas info    : Compiling entry function '_Z6decodeILi5ELi1ELi4ELi8ELi32ELb1EEvPK7Q4BlockPKjPKtS6_Pfjjj' for 'sm_60'
ptxas info    : Function properties for _Z6decodeILi5ELi1ELi4ELi8ELi32ELb1EEvPK7Q4BlockPKjPKtS6_Pfjjj
    0 bytes stack frame, 0 bytes spill stores, 0 bytes spill loads
ptxas info    : Used 32 registers, used 1 barriers, 372 bytes cmem[0], 8 bytes cmem[2]
ptxas info    : Compile time = 30.994 ms
ptxas info    : Compiling entry function '_Z6decodeILi4ELi1ELi4ELi8ELi32ELb1EEvPK7Q4BlockPKjPKtS6_Pfjjj' for 'sm_60'
ptxas info    : Function properties for _Z6decodeILi4ELi1ELi4ELi8ELi32ELb1EEvPK7Q4BlockPKjPKtS6_Pfjjj
    0 bytes stack frame, 0 bytes spill stores, 0 bytes spill loads
ptxas info    : Used 32 registers, used 1 barriers, 372 bytes cmem[0], 8 bytes cmem[2]
ptxas info    : Compile time = 30.313 ms
ptxas info    : Compiling entry function '_Z6decodeILi3ELi1ELi4ELi8ELi32ELb1EEvPK7Q4BlockPKjPKtS6_Pfjjj' for 'sm_60'
ptxas info    : Function properties for _Z6decodeILi3ELi1ELi4ELi8ELi32ELb1EEvPK7Q4BlockPKjPKtS6_Pfjjj
    0 bytes stack frame, 0 bytes spill stores, 0 bytes spill loads
ptxas info    : Used 32 registers, used 1 barriers, 372 bytes cmem[0], 8 bytes cmem[2]
ptxas info    : Compile time = 39.160 ms
ptxas info    : Compiling entry function '_Z6decodeILi5ELi1ELi4ELi8ELi16ELb1EEvPK7Q4BlockPKjPKtS6_Pfjjj' for 'sm_60'
ptxas info    : Function properties for _Z6decodeILi5ELi1ELi4ELi8ELi16ELb1EEvPK7Q4BlockPKjPKtS6_Pfjjj
    0 bytes stack frame, 0 bytes spill stores, 0 bytes spill loads
ptxas info    : Used 32 registers, used 1 barriers, 372 bytes cmem[0], 8 bytes cmem[2]
ptxas info    : Compile time = 30.623 ms
ptxas info    : Compiling entry function '_Z6decodeILi4ELi1ELi4ELi8ELi16ELb1EEvPK7Q4BlockPKjPKtS6_Pfjjj' for 'sm_60'
ptxas info    : Function properties for _Z6decodeILi4ELi1ELi4ELi8ELi16ELb1EEvPK7Q4BlockPKjPKtS6_Pfjjj
    0 bytes stack frame, 0 bytes spill stores, 0 bytes spill loads
ptxas info    : Used 32 registers, used 1 barriers, 372 bytes cmem[0], 8 bytes cmem[2]
ptxas info    : Compile time = 29.920 ms
ptxas info    : Compiling entry function '_Z6decodeILi3ELi1ELi4ELi8ELi16ELb1EEvPK7Q4BlockPKjPKtS6_Pfjjj' for 'sm_60'
ptxas info    : Function properties for _Z6decodeILi3ELi1ELi4ELi8ELi16ELb1EEvPK7Q4BlockPKjPKtS6_Pfjjj
    0 bytes stack frame, 0 bytes spill stores, 0 bytes spill loads
ptxas info    : Used 32 registers, used 1 barriers, 372 bytes cmem[0], 8 bytes cmem[2]
ptxas info    : Compile time = 39.171 ms
ptxas info    : Compiling entry function '_Z6decodeILi5ELi1ELi4ELi8ELi8ELb1EEvPK7Q4BlockPKjPKtS6_Pfjjj' for 'sm_60'
ptxas info    : Function properties for _Z6decodeILi5ELi1ELi4ELi8ELi8ELb1EEvPK7Q4BlockPKjPKtS6_Pfjjj
    0 bytes stack frame, 0 bytes spill stores, 0 bytes spill loads
ptxas info    : Used 32 registers, used 1 barriers, 372 bytes cmem[0], 8 bytes cmem[2]
ptxas info    : Compile time = 27.870 ms
ptxas info    : Compiling entry function '_Z6decodeILi4ELi1ELi4ELi8ELi8ELb1EEvPK7Q4BlockPKjPKtS6_Pfjjj' for 'sm_60'
ptxas info    : Function properties for _Z6decodeILi4ELi1ELi4ELi8ELi8ELb1EEvPK7Q4BlockPKjPKtS6_Pfjjj
    0 bytes stack frame, 0 bytes spill stores, 0 bytes spill loads
ptxas info    : Used 32 registers, used 1 barriers, 372 bytes cmem[0], 8 bytes cmem[2]
ptxas info    : Compile time = 28.244 ms
ptxas info    : Compiling entry function '_Z6decodeILi3ELi1ELi4ELi8ELi8ELb1EEvPK7Q4BlockPKjPKtS6_Pfjjj' for 'sm_60'
ptxas info    : Function properties for _Z6decodeILi3ELi1ELi4ELi8ELi8ELb1EEvPK7Q4BlockPKjPKtS6_Pfjjj
    0 bytes stack frame, 0 bytes spill stores, 0 bytes spill loads
ptxas info    : Used 32 registers, used 1 barriers, 372 bytes cmem[0], 8 bytes cmem[2]
ptxas info    : Compile time = 35.911 ms
ptxas info    : Compiling entry function '_Z6decodeILi5ELi1ELi4ELi4ELi8ELb1EEvPK7Q4BlockPKjPKtS6_Pfjjj' for 'sm_60'
ptxas info    : Function properties for _Z6decodeILi5ELi1ELi4ELi4ELi8ELb1EEvPK7Q4BlockPKjPKtS6_Pfjjj
    0 bytes stack frame, 0 bytes spill stores, 0 bytes spill loads
ptxas info    : Used 32 registers, used 1 barriers, 372 bytes cmem[0], 12 bytes cmem[2]
ptxas info    : Compile time = 26.553 ms
ptxas info    : Compiling entry function '_Z6decodeILi4ELi1ELi4ELi4ELi8ELb1EEvPK7Q4BlockPKjPKtS6_Pfjjj' for 'sm_60'
ptxas info    : Function properties for _Z6decodeILi4ELi1ELi4ELi4ELi8ELb1EEvPK7Q4BlockPKjPKtS6_Pfjjj
    0 bytes stack frame, 0 bytes spill stores, 0 bytes spill loads
ptxas info    : Used 32 registers, used 1 barriers, 372 bytes cmem[0], 12 bytes cmem[2]
ptxas info    : Compile time = 26.080 ms
ptxas info    : Compiling entry function '_Z6decodeILi3ELi1ELi4ELi4ELi8ELb1EEvPK7Q4BlockPKjPKtS6_Pfjjj' for 'sm_60'
ptxas info    : Function properties for _Z6decodeILi3ELi1ELi4ELi4ELi8ELb1EEvPK7Q4BlockPKjPKtS6_Pfjjj
    0 bytes stack frame, 0 bytes spill stores, 0 bytes spill loads
ptxas info    : Used 32 registers, used 1 barriers, 372 bytes cmem[0], 12 bytes cmem[2]
ptxas info    : Compile time = 35.029 ms
ptxas info    : Compiling entry function '_Z6decodeILi5ELi2ELi1ELi32ELi32ELb1EEvPK7Q4BlockPKjPKtS6_Pfjjj' for 'sm_60'
ptxas info    : Function properties for _Z6decodeILi5ELi2ELi1ELi32ELi32ELb1EEvPK7Q4BlockPKjPKtS6_Pfjjj
    0 bytes stack frame, 0 bytes spill stores, 0 bytes spill loads
ptxas info    : Used 32 registers, used 1 barriers, 372 bytes cmem[0], 8 bytes cmem[2]
ptxas info    : Compile time = 27.760 ms
ptxas info    : Compiling entry function '_Z6decodeILi4ELi2ELi1ELi32ELi32ELb1EEvPK7Q4BlockPKjPKtS6_Pfjjj' for 'sm_60'
ptxas info    : Function properties for _Z6decodeILi4ELi2ELi1ELi32ELi32ELb1EEvPK7Q4BlockPKjPKtS6_Pfjjj
    0 bytes stack frame, 0 bytes spill stores, 0 bytes spill loads
ptxas info    : Used 32 registers, used 1 barriers, 372 bytes cmem[0], 8 bytes cmem[2]
ptxas info    : Compile time = 27.479 ms
ptxas info    : Compiling entry function '_Z6decodeILi3ELi2ELi1ELi32ELi32ELb1EEvPK7Q4BlockPKjPKtS6_Pfjjj' for 'sm_60'
ptxas info    : Function properties for _Z6decodeILi3ELi2ELi1ELi32ELi32ELb1EEvPK7Q4BlockPKjPKtS6_Pfjjj
    0 bytes stack frame, 0 bytes spill stores, 0 bytes spill loads
ptxas info    : Used 32 registers, used 1 barriers, 372 bytes cmem[0], 8 bytes cmem[2]
ptxas info    : Compile time = 34.981 ms
ptxas info    : Compiling entry function '_Z6decodeILi5ELi2ELi1ELi16ELi32ELb1EEvPK7Q4BlockPKjPKtS6_Pfjjj' for 'sm_60'
ptxas info    : Function properties for _Z6decodeILi5ELi2ELi1ELi16ELi32ELb1EEvPK7Q4BlockPKjPKtS6_Pfjjj
    0 bytes stack frame, 0 bytes spill stores, 0 bytes spill loads
ptxas info    : Used 32 registers, used 1 barriers, 372 bytes cmem[0], 8 bytes cmem[2]
ptxas info    : Compile time = 27.684 ms
ptxas info    : Compiling entry function '_Z6decodeILi4ELi2ELi1ELi16ELi32ELb1EEvPK7Q4BlockPKjPKtS6_Pfjjj' for 'sm_60'
ptxas info    : Function properties for _Z6decodeILi4ELi2ELi1ELi16ELi32ELb1EEvPK7Q4BlockPKjPKtS6_Pfjjj
    0 bytes stack frame, 0 bytes spill stores, 0 bytes spill loads
ptxas info    : Used 32 registers, used 1 barriers, 372 bytes cmem[0], 8 bytes cmem[2]
ptxas info    : Compile time = 27.785 ms
ptxas info    : Compiling entry function '_Z6decodeILi3ELi2ELi1ELi16ELi32ELb1EEvPK7Q4BlockPKjPKtS6_Pfjjj' for 'sm_60'
ptxas info    : Function properties for _Z6decodeILi3ELi2ELi1ELi16ELi32ELb1EEvPK7Q4BlockPKjPKtS6_Pfjjj
    0 bytes stack frame, 0 bytes spill stores, 0 bytes spill loads
ptxas info    : Used 32 registers, used 1 barriers, 372 bytes cmem[0], 8 bytes cmem[2]
ptxas info    : Compile time = 33.848 ms
ptxas info    : Compiling entry function '_Z6decodeILi5ELi2ELi1ELi8ELi32ELb1EEvPK7Q4BlockPKjPKtS6_Pfjjj' for 'sm_60'
ptxas info    : Function properties for _Z6decodeILi5ELi2ELi1ELi8ELi32ELb1EEvPK7Q4BlockPKjPKtS6_Pfjjj
    0 bytes stack frame, 0 bytes spill stores, 0 bytes spill loads
ptxas info    : Used 32 registers, used 1 barriers, 372 bytes cmem[0], 8 bytes cmem[2]
ptxas info    : Compile time = 26.189 ms
ptxas info    : Compiling entry function '_Z6decodeILi4ELi2ELi1ELi8ELi32ELb1EEvPK7Q4BlockPKjPKtS6_Pfjjj' for 'sm_60'
ptxas info    : Function properties for _Z6decodeILi4ELi2ELi1ELi8ELi32ELb1EEvPK7Q4BlockPKjPKtS6_Pfjjj
    0 bytes stack frame, 0 bytes spill stores, 0 bytes spill loads
ptxas info    : Used 32 registers, used 1 barriers, 372 bytes cmem[0], 8 bytes cmem[2]
ptxas info    : Compile time = 24.407 ms
ptxas info    : Compiling entry function '_Z6decodeILi3ELi2ELi1ELi8ELi32ELb1EEvPK7Q4BlockPKjPKtS6_Pfjjj' for 'sm_60'
ptxas info    : Function properties for _Z6decodeILi3ELi2ELi1ELi8ELi32ELb1EEvPK7Q4BlockPKjPKtS6_Pfjjj
    0 bytes stack frame, 0 bytes spill stores, 0 bytes spill loads
ptxas info    : Used 32 registers, used 1 barriers, 372 bytes cmem[0], 8 bytes cmem[2]
ptxas info    : Compile time = 30.977 ms
ptxas info    : Compiling entry function '_Z6decodeILi5ELi2ELi1ELi8ELi16ELb1EEvPK7Q4BlockPKjPKtS6_Pfjjj' for 'sm_60'
ptxas info    : Function properties for _Z6decodeILi5ELi2ELi1ELi8ELi16ELb1EEvPK7Q4BlockPKjPKtS6_Pfjjj
    0 bytes stack frame, 0 bytes spill stores, 0 bytes spill loads
ptxas info    : Used 32 registers, used 1 barriers, 372 bytes cmem[0], 8 bytes cmem[2]
ptxas info    : Compile time = 23.764 ms
ptxas info    : Compiling entry function '_Z6decodeILi4ELi2ELi1ELi8ELi16ELb1EEvPK7Q4BlockPKjPKtS6_Pfjjj' for 'sm_60'
ptxas info    : Function properties for _Z6decodeILi4ELi2ELi1ELi8ELi16ELb1EEvPK7Q4BlockPKjPKtS6_Pfjjj
    0 bytes stack frame, 0 bytes spill stores, 0 bytes spill loads
ptxas info    : Used 32 registers, used 1 barriers, 372 bytes cmem[0], 8 bytes cmem[2]
ptxas info    : Compile time = 22.623 ms
ptxas info    : Compiling entry function '_Z6decodeILi3ELi2ELi1ELi8ELi16ELb1EEvPK7Q4BlockPKjPKtS6_Pfjjj' for 'sm_60'
ptxas info    : Function properties for _Z6decodeILi3ELi2ELi1ELi8ELi16ELb1EEvPK7Q4BlockPKjPKtS6_Pfjjj
    0 bytes stack frame, 0 bytes spill stores, 0 bytes spill loads
ptxas info    : Used 32 registers, used 1 barriers, 372 bytes cmem[0], 8 bytes cmem[2]
ptxas info    : Compile time = 28.853 ms
ptxas info    : Compiling entry function '_Z6decodeILi5ELi1ELi1ELi16ELi32ELb1EEvPK7Q4BlockPKjPKtS6_Pfjjj' for 'sm_60'
ptxas info    : Function properties for _Z6decodeILi5ELi1ELi1ELi16ELi32ELb1EEvPK7Q4BlockPKjPKtS6_Pfjjj
    0 bytes stack frame, 0 bytes spill stores, 0 bytes spill loads
ptxas info    : Used 28 registers, used 1 barriers, 372 bytes cmem[0], 8 bytes cmem[2]
ptxas info    : Compile time = 21.486 ms
ptxas info    : Compiling entry function '_Z6decodeILi4ELi1ELi1ELi16ELi32ELb1EEvPK7Q4BlockPKjPKtS6_Pfjjj' for 'sm_60'
ptxas info    : Function properties for _Z6decodeILi4ELi1ELi1ELi16ELi32ELb1EEvPK7Q4BlockPKjPKtS6_Pfjjj
    0 bytes stack frame, 0 bytes spill stores, 0 bytes spill loads
ptxas info    : Used 28 registers, used 1 barriers, 372 bytes cmem[0], 8 bytes cmem[2]
ptxas info    : Compile time = 20.398 ms
ptxas info    : Compiling entry function '_Z6decodeILi3ELi1ELi1ELi16ELi32ELb1EEvPK7Q4BlockPKjPKtS6_Pfjjj' for 'sm_60'
ptxas info    : Function properties for _Z6decodeILi3ELi1ELi1ELi16ELi32ELb1EEvPK7Q4BlockPKjPKtS6_Pfjjj
    0 bytes stack frame, 0 bytes spill stores, 0 bytes spill loads
ptxas info    : Used 29 registers, used 1 barriers, 372 bytes cmem[0], 8 bytes cmem[2]
ptxas info    : Compile time = 24.095 ms
ptxas info    : Compiling entry function '_Z6decodeILi5ELi1ELi1ELi8ELi32ELb1EEvPK7Q4BlockPKjPKtS6_Pfjjj' for 'sm_60'
ptxas info    : Function properties for _Z6decodeILi5ELi1ELi1ELi8ELi32ELb1EEvPK7Q4BlockPKjPKtS6_Pfjjj
    0 bytes stack frame, 0 bytes spill stores, 0 bytes spill loads
ptxas info    : Used 28 registers, used 1 barriers, 372 bytes cmem[0], 8 bytes cmem[2]
ptxas info    : Compile time = 19.036 ms
ptxas info    : Compiling entry function '_Z6decodeILi4ELi1ELi1ELi8ELi32ELb1EEvPK7Q4BlockPKjPKtS6_Pfjjj' for 'sm_60'
ptxas info    : Function properties for _Z6decodeILi4ELi1ELi1ELi8ELi32ELb1EEvPK7Q4BlockPKjPKtS6_Pfjjj
    0 bytes stack frame, 0 bytes spill stores, 0 bytes spill loads
ptxas info    : Used 28 registers, used 1 barriers, 372 bytes cmem[0], 8 bytes cmem[2]
ptxas info    : Compile time = 18.712 ms
ptxas info    : Compiling entry function '_Z6decodeILi3ELi1ELi1ELi8ELi32ELb1EEvPK7Q4BlockPKjPKtS6_Pfjjj' for 'sm_60'
ptxas info    : Function properties for _Z6decodeILi3ELi1ELi1ELi8ELi32ELb1EEvPK7Q4BlockPKjPKtS6_Pfjjj
    0 bytes stack frame, 0 bytes spill stores, 0 bytes spill loads
ptxas info    : Used 29 registers, used 1 barriers, 372 bytes cmem[0], 8 bytes cmem[2]
ptxas info    : Compile time = 21.697 ms
ptxas info    : Compiling entry function '_Z6decodeILi5ELi1ELi1ELi8ELi16ELb1EEvPK7Q4BlockPKjPKtS6_Pfjjj' for 'sm_60'
ptxas info    : Function properties for _Z6decodeILi5ELi1ELi1ELi8ELi16ELb1EEvPK7Q4BlockPKjPKtS6_Pfjjj
    0 bytes stack frame, 0 bytes spill stores, 0 bytes spill loads
ptxas info    : Used 28 registers, used 1 barriers, 372 bytes cmem[0], 8 bytes cmem[2]
ptxas info    : Compile time = 18.968 ms
ptxas info    : Compiling entry function '_Z6decodeILi4ELi1ELi1ELi8ELi16ELb1EEvPK7Q4BlockPKjPKtS6_Pfjjj' for 'sm_60'
ptxas info    : Function properties for _Z6decodeILi4ELi1ELi1ELi8ELi16ELb1EEvPK7Q4BlockPKjPKtS6_Pfjjj
    0 bytes stack frame, 0 bytes spill stores, 0 bytes spill loads
ptxas info    : Used 28 registers, used 1 barriers, 372 bytes cmem[0], 8 bytes cmem[2]
ptxas info    : Compile time = 20.246 ms
ptxas info    : Compiling entry function '_Z6decodeILi3ELi1ELi1ELi8ELi16ELb1EEvPK7Q4BlockPKjPKtS6_Pfjjj' for 'sm_60'
ptxas info    : Function properties for _Z6decodeILi3ELi1ELi1ELi8ELi16ELb1EEvPK7Q4BlockPKjPKtS6_Pfjjj
    0 bytes stack frame, 0 bytes spill stores, 0 bytes spill loads
ptxas info    : Used 29 registers, used 1 barriers, 372 bytes cmem[0], 8 bytes cmem[2]
ptxas info    : Compile time = 21.598 ms
ptxas info    : Compiling entry function '_Z6decodeILi5ELi1ELi1ELi8ELi8ELb1EEvPK7Q4BlockPKjPKtS6_Pfjjj' for 'sm_60'
ptxas info    : Function properties for _Z6decodeILi5ELi1ELi1ELi8ELi8ELb1EEvPK7Q4BlockPKjPKtS6_Pfjjj
    0 bytes stack frame, 0 bytes spill stores, 0 bytes spill loads
ptxas info    : Used 28 registers, used 1 barriers, 372 bytes cmem[0], 8 bytes cmem[2]
ptxas info    : Compile time = 18.967 ms
ptxas info    : Compiling entry function '_Z6decodeILi4ELi1ELi1ELi8ELi8ELb1EEvPK7Q4BlockPKjPKtS6_Pfjjj' for 'sm_60'
ptxas info    : Function properties for _Z6decodeILi4ELi1ELi1ELi8ELi8ELb1EEvPK7Q4BlockPKjPKtS6_Pfjjj
    0 bytes stack frame, 0 bytes spill stores, 0 bytes spill loads
ptxas info    : Used 28 registers, used 1 barriers, 372 bytes cmem[0], 8 bytes cmem[2]
ptxas info    : Compile time = 18.177 ms
ptxas info    : Compiling entry function '_Z6decodeILi3ELi1ELi1ELi8ELi8ELb1EEvPK7Q4BlockPKjPKtS6_Pfjjj' for 'sm_60'
ptxas info    : Function properties for _Z6decodeILi3ELi1ELi1ELi8ELi8ELb1EEvPK7Q4BlockPKjPKtS6_Pfjjj
    0 bytes stack frame, 0 bytes spill stores, 0 bytes spill loads
ptxas info    : Used 29 registers, used 1 barriers, 372 bytes cmem[0], 8 bytes cmem[2]
ptxas info    : Compile time = 20.852 ms
ptxas info    : Compiling entry function '_Z6decodeILi5ELi1ELi1ELi4ELi8ELb1EEvPK7Q4BlockPKjPKtS6_Pfjjj' for 'sm_60'
ptxas info    : Function properties for _Z6decodeILi5ELi1ELi1ELi4ELi8ELb1EEvPK7Q4BlockPKjPKtS6_Pfjjj
    0 bytes stack frame, 0 bytes spill stores, 0 bytes spill loads
ptxas info    : Used 28 registers, used 1 barriers, 372 bytes cmem[0], 8 bytes cmem[2]
ptxas info    : Compile time = 18.447 ms
ptxas info    : Compiling entry function '_Z6decodeILi4ELi1ELi1ELi4ELi8ELb1EEvPK7Q4BlockPKjPKtS6_Pfjjj' for 'sm_60'
ptxas info    : Function properties for _Z6decodeILi4ELi1ELi1ELi4ELi8ELb1EEvPK7Q4BlockPKjPKtS6_Pfjjj
    0 bytes stack frame, 0 bytes spill stores, 0 bytes spill loads
ptxas info    : Used 28 registers, used 1 barriers, 372 bytes cmem[0], 8 bytes cmem[2]
ptxas info    : Compile time = 17.904 ms
ptxas info    : Compiling entry function '_Z6decodeILi3ELi1ELi1ELi4ELi8ELb1EEvPK7Q4BlockPKjPKtS6_Pfjjj' for 'sm_60'
ptxas info    : Function properties for _Z6decodeILi3ELi1ELi1ELi4ELi8ELb1EEvPK7Q4BlockPKjPKtS6_Pfjjj
    0 bytes stack frame, 0 bytes spill stores, 0 bytes spill loads
ptxas info    : Used 29 registers, used 1 barriers, 372 bytes cmem[0], 8 bytes cmem[2]
ptxas info    : Compile time = 19.311 ms
ptxas info    : Compiling entry function '_Z6decodeILi5ELi2ELi8ELi8ELi32ELb0EEvPK7Q4BlockPKjPKtS6_Pfjjj' for 'sm_60'
ptxas info    : Function properties for _Z6decodeILi5ELi2ELi8ELi8ELi32ELb0EEvPK7Q4BlockPKjPKtS6_Pfjjj
    0 bytes stack frame, 0 bytes spill stores, 0 bytes spill loads
ptxas info    : Used 96 registers, used 0 barriers, 372 bytes cmem[0], 4 bytes cmem[2]
ptxas info    : Compile time = 58.420 ms
ptxas info    : Compiling entry function '_Z6decodeILi4ELi2ELi8ELi8ELi32ELb0EEvPK7Q4BlockPKjPKtS6_Pfjjj' for 'sm_60'
ptxas info    : Function properties for _Z6decodeILi4ELi2ELi8ELi8ELi32ELb0EEvPK7Q4BlockPKjPKtS6_Pfjjj
    0 bytes stack frame, 0 bytes spill stores, 0 bytes spill loads
ptxas info    : Used 96 registers, used 0 barriers, 372 bytes cmem[0], 4 bytes cmem[2]
ptxas info    : Compile time = 56.986 ms
ptxas info    : Compiling entry function '_Z6decodeILi3ELi2ELi8ELi8ELi32ELb0EEvPK7Q4BlockPKjPKtS6_Pfjjj' for 'sm_60'
ptxas info    : Function properties for _Z6decodeILi3ELi2ELi8ELi8ELi32ELb0EEvPK7Q4BlockPKjPKtS6_Pfjjj
    0 bytes stack frame, 0 bytes spill stores, 0 bytes spill loads
ptxas info    : Used 96 registers, used 0 barriers, 372 bytes cmem[0], 4 bytes cmem[2]
ptxas info    : Compile time = 84.968 ms
ptxas info    : Compiling entry function '_Z6decodeILi5ELi2ELi8ELi4ELi32ELb0EEvPK7Q4BlockPKjPKtS6_Pfjjj' for 'sm_60'
ptxas info    : Function properties for _Z6decodeILi5ELi2ELi8ELi4ELi32ELb0EEvPK7Q4BlockPKjPKtS6_Pfjjj
    0 bytes stack frame, 0 bytes spill stores, 0 bytes spill loads
ptxas info    : Used 96 registers, used 0 barriers, 372 bytes cmem[0], 4 bytes cmem[2]
ptxas info    : Compile time = 56.420 ms
ptxas info    : Compiling entry function '_Z6decodeILi4ELi2ELi8ELi4ELi32ELb0EEvPK7Q4BlockPKjPKtS6_Pfjjj' for 'sm_60'
ptxas info    : Function properties for _Z6decodeILi4ELi2ELi8ELi4ELi32ELb0EEvPK7Q4BlockPKjPKtS6_Pfjjj
    0 bytes stack frame, 0 bytes spill stores, 0 bytes spill loads
ptxas info    : Used 96 registers, used 0 barriers, 372 bytes cmem[0], 4 bytes cmem[2]
ptxas info    : Compile time = 55.932 ms
ptxas info    : Compiling entry function '_Z6decodeILi3ELi2ELi8ELi4ELi32ELb0EEvPK7Q4BlockPKjPKtS6_Pfjjj' for 'sm_60'
ptxas info    : Function properties for _Z6decodeILi3ELi2ELi8ELi4ELi32ELb0EEvPK7Q4BlockPKjPKtS6_Pfjjj
    0 bytes stack frame, 0 bytes spill stores, 0 bytes spill loads
ptxas info    : Used 96 registers, used 0 barriers, 372 bytes cmem[0], 4 bytes cmem[2]
ptxas info    : Compile time = 86.279 ms
ptxas info    : Compiling entry function '_Z6decodeILi5ELi1ELi8ELi8ELi32ELb0EEvPK7Q4BlockPKjPKtS6_Pfjjj' for 'sm_60'
ptxas info    : Function properties for _Z6decodeILi5ELi1ELi8ELi8ELi32ELb0EEvPK7Q4BlockPKjPKtS6_Pfjjj
    0 bytes stack frame, 0 bytes spill stores, 0 bytes spill loads
ptxas info    : Used 56 registers, used 0 barriers, 372 bytes cmem[0], 4 bytes cmem[2]
ptxas info    : Compile time = 31.710 ms
ptxas info    : Compiling entry function '_Z6decodeILi4ELi1ELi8ELi8ELi32ELb0EEvPK7Q4BlockPKjPKtS6_Pfjjj' for 'sm_60'
ptxas info    : Function properties for _Z6decodeILi4ELi1ELi8ELi8ELi32ELb0EEvPK7Q4BlockPKjPKtS6_Pfjjj
    0 bytes stack frame, 0 bytes spill stores, 0 bytes spill loads
ptxas info    : Used 56 registers, used 0 barriers, 372 bytes cmem[0], 4 bytes cmem[2]
ptxas info    : Compile time = 31.281 ms
ptxas info    : Compiling entry function '_Z6decodeILi3ELi1ELi8ELi8ELi32ELb0EEvPK7Q4BlockPKjPKtS6_Pfjjj' for 'sm_60'
ptxas info    : Function properties for _Z6decodeILi3ELi1ELi8ELi8ELi32ELb0EEvPK7Q4BlockPKjPKtS6_Pfjjj
    0 bytes stack frame, 0 bytes spill stores, 0 bytes spill loads
ptxas info    : Used 64 registers, used 0 barriers, 372 bytes cmem[0], 4 bytes cmem[2]
ptxas info    : Compile time = 48.227 ms
ptxas info    : Compiling entry function '_Z6decodeILi5ELi1ELi8ELi4ELi32ELb0EEvPK7Q4BlockPKjPKtS6_Pfjjj' for 'sm_60'
ptxas info    : Function properties for _Z6decodeILi5ELi1ELi8ELi4ELi32ELb0EEvPK7Q4BlockPKjPKtS6_Pfjjj
    0 bytes stack frame, 0 bytes spill stores, 0 bytes spill loads
ptxas info    : Used 56 registers, used 0 barriers, 372 bytes cmem[0], 4 bytes cmem[2]
ptxas info    : Compile time = 31.693 ms
ptxas info    : Compiling entry function '_Z6decodeILi4ELi1ELi8ELi4ELi32ELb0EEvPK7Q4BlockPKjPKtS6_Pfjjj' for 'sm_60'
ptxas info    : Function properties for _Z6decodeILi4ELi1ELi8ELi4ELi32ELb0EEvPK7Q4BlockPKjPKtS6_Pfjjj
    0 bytes stack frame, 0 bytes spill stores, 0 bytes spill loads
ptxas info    : Used 56 registers, used 0 barriers, 372 bytes cmem[0], 4 bytes cmem[2]
ptxas info    : Compile time = 31.244 ms
ptxas info    : Compiling entry function '_Z6decodeILi3ELi1ELi8ELi4ELi32ELb0EEvPK7Q4BlockPKjPKtS6_Pfjjj' for 'sm_60'
ptxas info    : Function properties for _Z6decodeILi3ELi1ELi8ELi4ELi32ELb0EEvPK7Q4BlockPKjPKtS6_Pfjjj
    0 bytes stack frame, 0 bytes spill stores, 0 bytes spill loads
ptxas info    : Used 64 registers, used 0 barriers, 372 bytes cmem[0], 4 bytes cmem[2]
ptxas info    : Compile time = 47.357 ms
ptxas info    : Compiling entry function '_Z6decodeILi5ELi2ELi4ELi8ELi32ELb0EEvPK7Q4BlockPKjPKtS6_Pfjjj' for 'sm_60'
ptxas info    : Function properties for _Z6decodeILi5ELi2ELi4ELi8ELi32ELb0EEvPK7Q4BlockPKjPKtS6_Pfjjj
    0 bytes stack frame, 0 bytes spill stores, 0 bytes spill loads
ptxas info    : Used 56 registers, used 0 barriers, 372 bytes cmem[0], 4 bytes cmem[2]
ptxas info    : Compile time = 28.807 ms
ptxas info    : Compiling entry function '_Z6decodeILi4ELi2ELi4ELi8ELi32ELb0EEvPK7Q4BlockPKjPKtS6_Pfjjj' for 'sm_60'
ptxas info    : Function properties for _Z6decodeILi4ELi2ELi4ELi8ELi32ELb0EEvPK7Q4BlockPKjPKtS6_Pfjjj
    0 bytes stack frame, 0 bytes spill stores, 0 bytes spill loads
ptxas info    : Used 56 registers, used 0 barriers, 372 bytes cmem[0], 4 bytes cmem[2]
ptxas info    : Compile time = 28.073 ms
ptxas info    : Compiling entry function '_Z6decodeILi3ELi2ELi4ELi8ELi32ELb0EEvPK7Q4BlockPKjPKtS6_Pfjjj' for 'sm_60'
ptxas info    : Function properties for _Z6decodeILi3ELi2ELi4ELi8ELi32ELb0EEvPK7Q4BlockPKjPKtS6_Pfjjj
    0 bytes stack frame, 0 bytes spill stores, 0 bytes spill loads
ptxas info    : Used 63 registers, used 0 barriers, 372 bytes cmem[0], 4 bytes cmem[2]
ptxas info    : Compile time = 42.189 ms
ptxas info    : Compiling entry function '_Z6decodeILi5ELi2ELi4ELi4ELi32ELb0EEvPK7Q4BlockPKjPKtS6_Pfjjj' for 'sm_60'
ptxas info    : Function properties for _Z6decodeILi5ELi2ELi4ELi4ELi32ELb0EEvPK7Q4BlockPKjPKtS6_Pfjjj
    0 bytes stack frame, 0 bytes spill stores, 0 bytes spill loads
ptxas info    : Used 56 registers, used 0 barriers, 372 bytes cmem[0], 4 bytes cmem[2]
ptxas info    : Compile time = 29.491 ms
ptxas info    : Compiling entry function '_Z6decodeILi4ELi2ELi4ELi4ELi32ELb0EEvPK7Q4BlockPKjPKtS6_Pfjjj' for 'sm_60'
ptxas info    : Function properties for _Z6decodeILi4ELi2ELi4ELi4ELi32ELb0EEvPK7Q4BlockPKjPKtS6_Pfjjj
    0 bytes stack frame, 0 bytes spill stores, 0 bytes spill loads
ptxas info    : Used 56 registers, used 0 barriers, 372 bytes cmem[0], 4 bytes cmem[2]
ptxas info    : Compile time = 28.169 ms
ptxas info    : Compiling entry function '_Z6decodeILi3ELi2ELi4ELi4ELi32ELb0EEvPK7Q4BlockPKjPKtS6_Pfjjj' for 'sm_60'
ptxas info    : Function properties for _Z6decodeILi3ELi2ELi4ELi4ELi32ELb0EEvPK7Q4BlockPKjPKtS6_Pfjjj
    0 bytes stack frame, 0 bytes spill stores, 0 bytes spill loads
ptxas info    : Used 63 registers, used 0 barriers, 372 bytes cmem[0], 4 bytes cmem[2]
ptxas info    : Compile time = 42.645 ms
ptxas info    : Compiling entry function '_Z6decodeILi5ELi1ELi4ELi8ELi32ELb0EEvPK7Q4BlockPKjPKtS6_Pfjjj' for 'sm_60'
ptxas info    : Function properties for _Z6decodeILi5ELi1ELi4ELi8ELi32ELb0EEvPK7Q4BlockPKjPKtS6_Pfjjj
    0 bytes stack frame, 0 bytes spill stores, 0 bytes spill loads
ptxas info    : Used 40 registers, used 0 barriers, 372 bytes cmem[0], 4 bytes cmem[2]
ptxas info    : Compile time = 16.034 ms
ptxas info    : Compiling entry function '_Z6decodeILi4ELi1ELi4ELi8ELi32ELb0EEvPK7Q4BlockPKjPKtS6_Pfjjj' for 'sm_60'
ptxas info    : Function properties for _Z6decodeILi4ELi1ELi4ELi8ELi32ELb0EEvPK7Q4BlockPKjPKtS6_Pfjjj
    0 bytes stack frame, 0 bytes spill stores, 0 bytes spill loads
ptxas info    : Used 40 registers, used 0 barriers, 372 bytes cmem[0], 4 bytes cmem[2]
ptxas info    : Compile time = 17.045 ms
ptxas info    : Compiling entry function '_Z6decodeILi3ELi1ELi4ELi8ELi32ELb0EEvPK7Q4BlockPKjPKtS6_Pfjjj' for 'sm_60'
ptxas info    : Function properties for _Z6decodeILi3ELi1ELi4ELi8ELi32ELb0EEvPK7Q4BlockPKjPKtS6_Pfjjj
    0 bytes stack frame, 0 bytes spill stores, 0 bytes spill loads
ptxas info    : Used 39 registers, used 0 barriers, 372 bytes cmem[0], 4 bytes cmem[2]
ptxas info    : Compile time = 24.464 ms
ptxas info    : Compiling entry function '_Z6decodeILi5ELi1ELi4ELi4ELi32ELb0EEvPK7Q4BlockPKjPKtS6_Pfjjj' for 'sm_60'
ptxas info    : Function properties for _Z6decodeILi5ELi1ELi4ELi4ELi32ELb0EEvPK7Q4BlockPKjPKtS6_Pfjjj
    0 bytes stack frame, 0 bytes spill stores, 0 bytes spill loads
ptxas info    : Used 40 registers, used 0 barriers, 372 bytes cmem[0], 4 bytes cmem[2]
ptxas info    : Compile time = 15.951 ms
ptxas info    : Compiling entry function '_Z6decodeILi4ELi1ELi4ELi4ELi32ELb0EEvPK7Q4BlockPKjPKtS6_Pfjjj' for 'sm_60'
ptxas info    : Function properties for _Z6decodeILi4ELi1ELi4ELi4ELi32ELb0EEvPK7Q4BlockPKjPKtS6_Pfjjj
    0 bytes stack frame, 0 bytes spill stores, 0 bytes spill loads
ptxas info    : Used 40 registers, used 0 barriers, 372 bytes cmem[0], 4 bytes cmem[2]
ptxas info    : Compile time = 16.435 ms
ptxas info    : Compiling entry function '_Z6decodeILi3ELi1ELi4ELi4ELi32ELb0EEvPK7Q4BlockPKjPKtS6_Pfjjj' for 'sm_60'
ptxas info    : Function properties for _Z6decodeILi3ELi1ELi4ELi4ELi32ELb0EEvPK7Q4BlockPKjPKtS6_Pfjjj
    0 bytes stack frame, 0 bytes spill stores, 0 bytes spill loads
ptxas info    : Used 39 registers, used 0 barriers, 372 bytes cmem[0], 4 bytes cmem[2]
ptxas info    : Compile time = 23.661 ms
ptxas info    : Compiling entry function '_Z6decodeILi5ELi2ELi1ELi8ELi32ELb0EEvPK7Q4BlockPKjPKtS6_Pfjjj' for 'sm_60'
ptxas info    : Function properties for _Z6decodeILi5ELi2ELi1ELi8ELi32ELb0EEvPK7Q4BlockPKjPKtS6_Pfjjj
    0 bytes stack frame, 0 bytes spill stores, 0 bytes spill loads
ptxas info    : Used 32 registers, used 0 barriers, 372 bytes cmem[0], 4 bytes cmem[2]
ptxas info    : Compile time = 11.215 ms
ptxas info    : Compiling entry function '_Z6decodeILi4ELi2ELi1ELi8ELi32ELb0EEvPK7Q4BlockPKjPKtS6_Pfjjj' for 'sm_60'
ptxas info    : Function properties for _Z6decodeILi4ELi2ELi1ELi8ELi32ELb0EEvPK7Q4BlockPKjPKtS6_Pfjjj
    0 bytes stack frame, 0 bytes spill stores, 0 bytes spill loads
ptxas info    : Used 32 registers, used 0 barriers, 372 bytes cmem[0], 4 bytes cmem[2]
ptxas info    : Compile time = 11.980 ms
ptxas info    : Compiling entry function '_Z6decodeILi3ELi2ELi1ELi8ELi32ELb0EEvPK7Q4BlockPKjPKtS6_Pfjjj' for 'sm_60'
ptxas info    : Function properties for _Z6decodeILi3ELi2ELi1ELi8ELi32ELb0EEvPK7Q4BlockPKjPKtS6_Pfjjj
    0 bytes stack frame, 0 bytes spill stores, 0 bytes spill loads
ptxas info    : Used 32 registers, used 0 barriers, 372 bytes cmem[0], 4 bytes cmem[2]
ptxas info    : Compile time = 16.037 ms
ptxas info    : Compiling entry function '_Z6decodeILi5ELi2ELi1ELi4ELi32ELb0EEvPK7Q4BlockPKjPKtS6_Pfjjj' for 'sm_60'
ptxas info    : Function properties for _Z6decodeILi5ELi2ELi1ELi4ELi32ELb0EEvPK7Q4BlockPKjPKtS6_Pfjjj
    0 bytes stack frame, 0 bytes spill stores, 0 bytes spill loads
ptxas info    : Used 32 registers, used 0 barriers, 372 bytes cmem[0], 4 bytes cmem[2]
ptxas info    : Compile time = 11.127 ms
ptxas info    : Compiling entry function '_Z6decodeILi4ELi2ELi1ELi4ELi32ELb0EEvPK7Q4BlockPKjPKtS6_Pfjjj' for 'sm_60'
ptxas info    : Function properties for _Z6decodeILi4ELi2ELi1ELi4ELi32ELb0EEvPK7Q4BlockPKjPKtS6_Pfjjj
    0 bytes stack frame, 0 bytes spill stores, 0 bytes spill loads
ptxas info    : Used 32 registers, used 0 barriers, 372 bytes cmem[0], 4 bytes cmem[2]
ptxas info    : Compile time = 11.531 ms
ptxas info    : Compiling entry function '_Z6decodeILi3ELi2ELi1ELi4ELi32ELb0EEvPK7Q4BlockPKjPKtS6_Pfjjj' for 'sm_60'
ptxas info    : Function properties for _Z6decodeILi3ELi2ELi1ELi4ELi32ELb0EEvPK7Q4BlockPKjPKtS6_Pfjjj
    0 bytes stack frame, 0 bytes spill stores, 0 bytes spill loads
ptxas info    : Used 32 registers, used 0 barriers, 372 bytes cmem[0], 4 bytes cmem[2]
ptxas info    : Compile time = 15.838 ms
ptxas info    : Compiling entry function '_Z6decodeILi5ELi1ELi1ELi8ELi32ELb0EEvPK7Q4BlockPKjPKtS6_Pfjjj' for 'sm_60'
ptxas info    : Function properties for _Z6decodeILi5ELi1ELi1ELi8ELi32ELb0EEvPK7Q4BlockPKjPKtS6_Pfjjj
    0 bytes stack frame, 0 bytes spill stores, 0 bytes spill loads
ptxas info    : Used 30 registers, used 0 barriers, 372 bytes cmem[0], 4 bytes cmem[2]
ptxas info    : Compile time = 7.200 ms
ptxas info    : Compiling entry function '_Z6decodeILi4ELi1ELi1ELi8ELi32ELb0EEvPK7Q4BlockPKjPKtS6_Pfjjj' for 'sm_60'
ptxas info    : Function properties for _Z6decodeILi4ELi1ELi1ELi8ELi32ELb0EEvPK7Q4BlockPKjPKtS6_Pfjjj
    0 bytes stack frame, 0 bytes spill stores, 0 bytes spill loads
ptxas info    : Used 29 registers, used 0 barriers, 372 bytes cmem[0], 4 bytes cmem[2]
ptxas info    : Compile time = 7.550 ms
ptxas info    : Compiling entry function '_Z6decodeILi3ELi1ELi1ELi8ELi32ELb0EEvPK7Q4BlockPKjPKtS6_Pfjjj' for 'sm_60'
ptxas info    : Function properties for _Z6decodeILi3ELi1ELi1ELi8ELi32ELb0EEvPK7Q4BlockPKjPKtS6_Pfjjj
    0 bytes stack frame, 0 bytes spill stores, 0 bytes spill loads
ptxas info    : Used 29 registers, used 0 barriers, 372 bytes cmem[0], 4 bytes cmem[2]
ptxas info    : Compile time = 8.928 ms
ptxas info    : Compiling entry function '_Z6decodeILi5ELi1ELi1ELi4ELi32ELb0EEvPK7Q4BlockPKjPKtS6_Pfjjj' for 'sm_60'
ptxas info    : Function properties for _Z6decodeILi5ELi1ELi1ELi4ELi32ELb0EEvPK7Q4BlockPKjPKtS6_Pfjjj
    0 bytes stack frame, 0 bytes spill stores, 0 bytes spill loads
ptxas info    : Used 30 registers, used 0 barriers, 372 bytes cmem[0], 4 bytes cmem[2]
ptxas info    : Compile time = 7.322 ms
ptxas info    : Compiling entry function '_Z6decodeILi4ELi1ELi1ELi4ELi32ELb0EEvPK7Q4BlockPKjPKtS6_Pfjjj' for 'sm_60'
ptxas info    : Function properties for _Z6decodeILi4ELi1ELi1ELi4ELi32ELb0EEvPK7Q4BlockPKjPKtS6_Pfjjj
    0 bytes stack frame, 0 bytes spill stores, 0 bytes spill loads
ptxas info    : Used 29 registers, used 0 barriers, 372 bytes cmem[0], 4 bytes cmem[2]
ptxas info    : Compile time = 7.116 ms
ptxas info    : Compiling entry function '_Z6decodeILi3ELi1ELi1ELi4ELi32ELb0EEvPK7Q4BlockPKjPKtS6_Pfjjj' for 'sm_60'
ptxas info    : Function properties for _Z6decodeILi3ELi1ELi1ELi4ELi32ELb0EEvPK7Q4BlockPKjPKtS6_Pfjjj
    0 bytes stack frame, 0 bytes spill stores, 0 bytes spill loads
ptxas info    : Used 29 registers, used 0 barriers, 372 bytes cmem[0], 4 bytes cmem[2]
ptxas info    : Compile time = 9.507 ms
ptxas info    : Compiling entry function '_Z12decode_lanesILi8ELi4ELi8ELi8ELi16EEvPK7Q4BlockPKjPKtS6_Pfjjj' for 'sm_60'
ptxas info    : Function properties for _Z12decode_lanesILi8ELi4ELi8ELi8ELi16EEvPK7Q4BlockPKjPKtS6_Pfjjj
    0 bytes stack frame, 0 bytes spill stores, 0 bytes spill loads
ptxas info    : Used 48 registers, used 1 barriers, 372 bytes cmem[0], 12 bytes cmem[2]
ptxas info    : Compile time = 26.869 ms
ptxas info    : Compiling entry function '_Z12decode_lanesILi7ELi4ELi8ELi8ELi16EEvPK7Q4BlockPKjPKtS6_Pfjjj' for 'sm_60'
ptxas info    : Function properties for _Z12decode_lanesILi7ELi4ELi8ELi8ELi16EEvPK7Q4BlockPKjPKtS6_Pfjjj
    0 bytes stack frame, 0 bytes spill stores, 0 bytes spill loads
ptxas info    : Used 48 registers, used 1 barriers, 372 bytes cmem[0], 12 bytes cmem[2]
ptxas info    : Compile time = 26.267 ms
ptxas info    : Compiling entry function '_Z12decode_lanesILi6ELi4ELi8ELi8ELi16EEvPK7Q4BlockPKjPKtS6_Pfjjj' for 'sm_60'
ptxas info    : Function properties for _Z12decode_lanesILi6ELi4ELi8ELi8ELi16EEvPK7Q4BlockPKjPKtS6_Pfjjj
    0 bytes stack frame, 0 bytes spill stores, 0 bytes spill loads
ptxas info    : Used 56 registers, used 1 barriers, 372 bytes cmem[0], 12 bytes cmem[2]
ptxas info    : Compile time = 29.302 ms
ptxas info    : Compiling entry function '_Z12decode_lanesILi8ELi4ELi8ELi8ELi8EEvPK7Q4BlockPKjPKtS6_Pfjjj' for 'sm_60'
ptxas info    : Function properties for _Z12decode_lanesILi8ELi4ELi8ELi8ELi8EEvPK7Q4BlockPKjPKtS6_Pfjjj
    0 bytes stack frame, 0 bytes spill stores, 0 bytes spill loads
ptxas info    : Used 44 registers, used 1 barriers, 372 bytes cmem[0], 12 bytes cmem[2]
ptxas info    : Compile time = 24.300 ms
ptxas info    : Compiling entry function '_Z12decode_lanesILi7ELi4ELi8ELi8ELi8EEvPK7Q4BlockPKjPKtS6_Pfjjj' for 'sm_60'
ptxas info    : Function properties for _Z12decode_lanesILi7ELi4ELi8ELi8ELi8EEvPK7Q4BlockPKjPKtS6_Pfjjj
    0 bytes stack frame, 0 bytes spill stores, 0 bytes spill loads
ptxas info    : Used 45 registers, used 1 barriers, 372 bytes cmem[0], 12 bytes cmem[2]
ptxas info    : Compile time = 23.889 ms
ptxas info    : Compiling entry function '_Z12decode_lanesILi6ELi4ELi8ELi8ELi8EEvPK7Q4BlockPKjPKtS6_Pfjjj' for 'sm_60'
ptxas info    : Function properties for _Z12decode_lanesILi6ELi4ELi8ELi8ELi8EEvPK7Q4BlockPKjPKtS6_Pfjjj
    0 bytes stack frame, 0 bytes spill stores, 0 bytes spill loads
ptxas info    : Used 56 registers, used 1 barriers, 372 bytes cmem[0], 12 bytes cmem[2]
ptxas info    : Compile time = 27.309 ms
ptxas info    : Compiling entry function '_Z12decode_lanesILi8ELi2ELi8ELi8ELi16EEvPK7Q4BlockPKjPKtS6_Pfjjj' for 'sm_60'
ptxas info    : Function properties for _Z12decode_lanesILi8ELi2ELi8ELi8ELi16EEvPK7Q4BlockPKjPKtS6_Pfjjj
    0 bytes stack frame, 0 bytes spill stores, 0 bytes spill loads
ptxas info    : Used 56 registers, used 1 barriers, 372 bytes cmem[0], 12 bytes cmem[2]
ptxas info    : Compile time = 32.152 ms
ptxas info    : Compiling entry function '_Z12decode_lanesILi7ELi2ELi8ELi8ELi16EEvPK7Q4BlockPKjPKtS6_Pfjjj' for 'sm_60'
ptxas info    : Function properties for _Z12decode_lanesILi7ELi2ELi8ELi8ELi16EEvPK7Q4BlockPKjPKtS6_Pfjjj
    0 bytes stack frame, 0 bytes spill stores, 0 bytes spill loads
ptxas info    : Used 56 registers, used 1 barriers, 372 bytes cmem[0], 12 bytes cmem[2]
ptxas info    : Compile time = 33.200 ms
ptxas info    : Compiling entry function '_Z12decode_lanesILi6ELi2ELi8ELi8ELi16EEvPK7Q4BlockPKjPKtS6_Pfjjj' for 'sm_60'
ptxas info    : Function properties for _Z12decode_lanesILi6ELi2ELi8ELi8ELi16EEvPK7Q4BlockPKjPKtS6_Pfjjj
    0 bytes stack frame, 0 bytes spill stores, 0 bytes spill loads
ptxas info    : Used 60 registers, used 1 barriers, 372 bytes cmem[0], 12 bytes cmem[2]
ptxas info    : Compile time = 41.621 ms
ptxas info    : Compiling entry function '_Z12decode_lanesILi8ELi2ELi8ELi8ELi8EEvPK7Q4BlockPKjPKtS6_Pfjjj' for 'sm_60'
ptxas info    : Function properties for _Z12decode_lanesILi8ELi2ELi8ELi8ELi8EEvPK7Q4BlockPKjPKtS6_Pfjjj
    0 bytes stack frame, 0 bytes spill stores, 0 bytes spill loads
ptxas info    : Used 56 registers, used 1 barriers, 372 bytes cmem[0], 12 bytes cmem[2]
ptxas info    : Compile time = 31.739 ms
ptxas info    : Compiling entry function '_Z12decode_lanesILi7ELi2ELi8ELi8ELi8EEvPK7Q4BlockPKjPKtS6_Pfjjj' for 'sm_60'
ptxas info    : Function properties for _Z12decode_lanesILi7ELi2ELi8ELi8ELi8EEvPK7Q4BlockPKjPKtS6_Pfjjj
    0 bytes stack frame, 0 bytes spill stores, 0 bytes spill loads
ptxas info    : Used 56 registers, used 1 barriers, 372 bytes cmem[0], 12 bytes cmem[2]
ptxas info    : Compile time = 29.014 ms
ptxas info    : Compiling entry function '_Z12decode_lanesILi6ELi2ELi8ELi8ELi8EEvPK7Q4BlockPKjPKtS6_Pfjjj' for 'sm_60'
ptxas info    : Function properties for _Z12decode_lanesILi6ELi2ELi8ELi8ELi8EEvPK7Q4BlockPKjPKtS6_Pfjjj
    0 bytes stack frame, 0 bytes spill stores, 0 bytes spill loads
ptxas info    : Used 62 registers, used 1 barriers, 372 bytes cmem[0], 12 bytes cmem[2]
ptxas info    : Compile time = 37.195 ms
ptxas info    : Compiling entry function '_Z12decode_lanesILi8ELi4ELi4ELi8ELi16EEvPK7Q4BlockPKjPKtS6_Pfjjj' for 'sm_60'
ptxas info    : Function properties for _Z12decode_lanesILi8ELi4ELi4ELi8ELi16EEvPK7Q4BlockPKjPKtS6_Pfjjj
    0 bytes stack frame, 0 bytes spill stores, 0 bytes spill loads
ptxas info    : Used 40 registers, used 1 barriers, 372 bytes cmem[0], 8 bytes cmem[2]
ptxas info    : Compile time = 16.228 ms
ptxas info    : Compiling entry function '_Z12decode_lanesILi7ELi4ELi4ELi8ELi16EEvPK7Q4BlockPKjPKtS6_Pfjjj' for 'sm_60'
ptxas info    : Function properties for _Z12decode_lanesILi7ELi4ELi4ELi8ELi16EEvPK7Q4BlockPKjPKtS6_Pfjjj
    0 bytes stack frame, 0 bytes spill stores, 0 bytes spill loads
ptxas info    : Used 40 registers, used 1 barriers, 372 bytes cmem[0], 8 bytes cmem[2]
ptxas info    : Compile time = 16.207 ms
ptxas info    : Compiling entry function '_Z12decode_lanesILi6ELi4ELi4ELi8ELi16EEvPK7Q4BlockPKjPKtS6_Pfjjj' for 'sm_60'
ptxas info    : Function properties for _Z12decode_lanesILi6ELi4ELi4ELi8ELi16EEvPK7Q4BlockPKjPKtS6_Pfjjj
    0 bytes stack frame, 0 bytes spill stores, 0 bytes spill loads
ptxas info    : Used 40 registers, used 1 barriers, 372 bytes cmem[0], 8 bytes cmem[2]
ptxas info    : Compile time = 18.427 ms
ptxas info    : Compiling entry function '_Z12decode_lanesILi8ELi4ELi4ELi8ELi8EEvPK7Q4BlockPKjPKtS6_Pfjjj' for 'sm_60'
ptxas info    : Function properties for _Z12decode_lanesILi8ELi4ELi4ELi8ELi8EEvPK7Q4BlockPKjPKtS6_Pfjjj
    0 bytes stack frame, 0 bytes spill stores, 0 bytes spill loads
ptxas info    : Used 32 registers, used 1 barriers, 372 bytes cmem[0], 8 bytes cmem[2]
ptxas info    : Compile time = 14.165 ms
ptxas info    : Compiling entry function '_Z12decode_lanesILi7ELi4ELi4ELi8ELi8EEvPK7Q4BlockPKjPKtS6_Pfjjj' for 'sm_60'
ptxas info    : Function properties for _Z12decode_lanesILi7ELi4ELi4ELi8ELi8EEvPK7Q4BlockPKjPKtS6_Pfjjj
    0 bytes stack frame, 0 bytes spill stores, 0 bytes spill loads
ptxas info    : Used 32 registers, used 1 barriers, 372 bytes cmem[0], 8 bytes cmem[2]
ptxas info    : Compile time = 14.431 ms
ptxas info    : Compiling entry function '_Z12decode_lanesILi6ELi4ELi4ELi8ELi8EEvPK7Q4BlockPKjPKtS6_Pfjjj' for 'sm_60'
ptxas info    : Function properties for _Z12decode_lanesILi6ELi4ELi4ELi8ELi8EEvPK7Q4BlockPKjPKtS6_Pfjjj
    0 bytes stack frame, 0 bytes spill stores, 0 bytes spill loads
ptxas info    : Used 40 registers, used 1 barriers, 372 bytes cmem[0], 8 bytes cmem[2]
ptxas info    : Compile time = 15.629 ms
ptxas info    : Compiling entry function '_Z12decode_lanesILi8ELi2ELi4ELi8ELi16EEvPK7Q4BlockPKjPKtS6_Pfjjj' for 'sm_60'
ptxas info    : Function properties for _Z12decode_lanesILi8ELi2ELi4ELi8ELi16EEvPK7Q4BlockPKjPKtS6_Pfjjj
    0 bytes stack frame, 0 bytes spill stores, 0 bytes spill loads
ptxas info    : Used 40 registers, used 1 barriers, 372 bytes cmem[0], 8 bytes cmem[2]
ptxas info    : Compile time = 19.722 ms
ptxas info    : Compiling entry function '_Z12decode_lanesILi7ELi2ELi4ELi8ELi16EEvPK7Q4BlockPKjPKtS6_Pfjjj' for 'sm_60'
ptxas info    : Function properties for _Z12decode_lanesILi7ELi2ELi4ELi8ELi16EEvPK7Q4BlockPKjPKtS6_Pfjjj
    0 bytes stack frame, 0 bytes spill stores, 0 bytes spill loads
ptxas info    : Used 40 registers, used 1 barriers, 372 bytes cmem[0], 8 bytes cmem[2]
ptxas info    : Compile time = 19.376 ms
ptxas info    : Compiling entry function '_Z12decode_lanesILi6ELi2ELi4ELi8ELi16EEvPK7Q4BlockPKjPKtS6_Pfjjj' for 'sm_60'
ptxas info    : Function properties for _Z12decode_lanesILi6ELi2ELi4ELi8ELi16EEvPK7Q4BlockPKjPKtS6_Pfjjj
    0 bytes stack frame, 0 bytes spill stores, 0 bytes spill loads
ptxas info    : Used 48 registers, used 1 barriers, 372 bytes cmem[0], 8 bytes cmem[2]
ptxas info    : Compile time = 23.352 ms
ptxas info    : Compiling entry function '_Z12decode_lanesILi8ELi2ELi4ELi8ELi8EEvPK7Q4BlockPKjPKtS6_Pfjjj' for 'sm_60'
ptxas info    : Function properties for _Z12decode_lanesILi8ELi2ELi4ELi8ELi8EEvPK7Q4BlockPKjPKtS6_Pfjjj
    0 bytes stack frame, 0 bytes spill stores, 0 bytes spill loads
ptxas info    : Used 48 registers, used 1 barriers, 372 bytes cmem[0], 8 bytes cmem[2]
ptxas info    : Compile time = 17.215 ms
ptxas info    : Compiling entry function '_Z12decode_lanesILi7ELi2ELi4ELi8ELi8EEvPK7Q4BlockPKjPKtS6_Pfjjj' for 'sm_60'
ptxas info    : Function properties for _Z12decode_lanesILi7ELi2ELi4ELi8ELi8EEvPK7Q4BlockPKjPKtS6_Pfjjj
    0 bytes stack frame, 0 bytes spill stores, 0 bytes spill loads
ptxas info    : Used 48 registers, used 1 barriers, 372 bytes cmem[0], 8 bytes cmem[2]
ptxas info    : Compile time = 16.267 ms
ptxas info    : Compiling entry function '_Z12decode_lanesILi6ELi2ELi4ELi8ELi8EEvPK7Q4BlockPKjPKtS6_Pfjjj' for 'sm_60'
ptxas info    : Function properties for _Z12decode_lanesILi6ELi2ELi4ELi8ELi8EEvPK7Q4BlockPKjPKtS6_Pfjjj
    0 bytes stack frame, 0 bytes spill stores, 0 bytes spill loads
ptxas info    : Used 48 registers, used 1 barriers, 372 bytes cmem[0], 8 bytes cmem[2]
ptxas info    : Compile time = 20.938 ms
ptxas info    : Compiling entry function '_Z12decode_lanesILi8ELi4ELi1ELi8ELi16EEvPK7Q4BlockPKjPKtS6_Pfjjj' for 'sm_60'
ptxas info    : Function properties for _Z12decode_lanesILi8ELi4ELi1ELi8ELi16EEvPK7Q4BlockPKjPKtS6_Pfjjj
    0 bytes stack frame, 0 bytes spill stores, 0 bytes spill loads
ptxas info    : Used 32 registers, used 1 barriers, 372 bytes cmem[0], 8 bytes cmem[2]
ptxas info    : Compile time = 12.149 ms
ptxas info    : Compiling entry function '_Z12decode_lanesILi7ELi4ELi1ELi8ELi16EEvPK7Q4BlockPKjPKtS6_Pfjjj' for 'sm_60'
ptxas info    : Function properties for _Z12decode_lanesILi7ELi4ELi1ELi8ELi16EEvPK7Q4BlockPKjPKtS6_Pfjjj
    0 bytes stack frame, 0 bytes spill stores, 0 bytes spill loads
ptxas info    : Used 32 registers, used 1 barriers, 372 bytes cmem[0], 8 bytes cmem[2]
ptxas info    : Compile time = 12.077 ms
ptxas info    : Compiling entry function '_Z12decode_lanesILi6ELi4ELi1ELi8ELi16EEvPK7Q4BlockPKjPKtS6_Pfjjj' for 'sm_60'
ptxas info    : Function properties for _Z12decode_lanesILi6ELi4ELi1ELi8ELi16EEvPK7Q4BlockPKjPKtS6_Pfjjj
    0 bytes stack frame, 0 bytes spill stores, 0 bytes spill loads
ptxas info    : Used 32 registers, used 1 barriers, 372 bytes cmem[0], 8 bytes cmem[2]
ptxas info    : Compile time = 12.837 ms
ptxas info    : Compiling entry function '_Z12decode_lanesILi8ELi4ELi1ELi8ELi8EEvPK7Q4BlockPKjPKtS6_Pfjjj' for 'sm_60'
ptxas info    : Function properties for _Z12decode_lanesILi8ELi4ELi1ELi8ELi8EEvPK7Q4BlockPKjPKtS6_Pfjjj
    0 bytes stack frame, 0 bytes spill stores, 0 bytes spill loads
ptxas info    : Used 31 registers, used 1 barriers, 372 bytes cmem[0], 8 bytes cmem[2]
ptxas info    : Compile time = 11.376 ms
ptxas info    : Compiling entry function '_Z12decode_lanesILi7ELi4ELi1ELi8ELi8EEvPK7Q4BlockPKjPKtS6_Pfjjj' for 'sm_60'
ptxas info    : Function properties for _Z12decode_lanesILi7ELi4ELi1ELi8ELi8EEvPK7Q4BlockPKjPKtS6_Pfjjj
    0 bytes stack frame, 0 bytes spill stores, 0 bytes spill loads
ptxas info    : Used 32 registers, used 1 barriers, 372 bytes cmem[0], 8 bytes cmem[2]
ptxas info    : Compile time = 11.212 ms
ptxas info    : Compiling entry function '_Z12decode_lanesILi6ELi4ELi1ELi8ELi8EEvPK7Q4BlockPKjPKtS6_Pfjjj' for 'sm_60'
ptxas info    : Function properties for _Z12decode_lanesILi6ELi4ELi1ELi8ELi8EEvPK7Q4BlockPKjPKtS6_Pfjjj
    0 bytes stack frame, 0 bytes spill stores, 0 bytes spill loads
ptxas info    : Used 32 registers, used 1 barriers, 372 bytes cmem[0], 8 bytes cmem[2]
ptxas info    : Compile time = 12.557 ms
ptxas info    : Compiling entry function '_Z12decode_lanesILi8ELi2ELi1ELi8ELi16EEvPK7Q4BlockPKjPKtS6_Pfjjj' for 'sm_60'
ptxas info    : Function properties for _Z12decode_lanesILi8ELi2ELi1ELi8ELi16EEvPK7Q4BlockPKjPKtS6_Pfjjj
    0 bytes stack frame, 0 bytes spill stores, 0 bytes spill loads
ptxas info    : Used 32 registers, used 1 barriers, 372 bytes cmem[0], 8 bytes cmem[2]
ptxas info    : Compile time = 13.788 ms
ptxas info    : Compiling entry function '_Z12decode_lanesILi7ELi2ELi1ELi8ELi16EEvPK7Q4BlockPKjPKtS6_Pfjjj' for 'sm_60'
ptxas info    : Function properties for _Z12decode_lanesILi7ELi2ELi1ELi8ELi16EEvPK7Q4BlockPKjPKtS6_Pfjjj
    0 bytes stack frame, 0 bytes spill stores, 0 bytes spill loads
ptxas info    : Used 32 registers, used 1 barriers, 372 bytes cmem[0], 8 bytes cmem[2]
ptxas info    : Compile time = 13.538 ms
ptxas info    : Compiling entry function '_Z12decode_lanesILi6ELi2ELi1ELi8ELi16EEvPK7Q4BlockPKjPKtS6_Pfjjj' for 'sm_60'
ptxas info    : Function properties for _Z12decode_lanesILi6ELi2ELi1ELi8ELi16EEvPK7Q4BlockPKjPKtS6_Pfjjj
    0 bytes stack frame, 0 bytes spill stores, 0 bytes spill loads
ptxas info    : Used 37 registers, used 1 barriers, 372 bytes cmem[0], 8 bytes cmem[2]
ptxas info    : Compile time = 14.239 ms
ptxas info    : Compiling entry function '_Z12decode_lanesILi8ELi2ELi1ELi8ELi8EEvPK7Q4BlockPKjPKtS6_Pfjjj' for 'sm_60'
ptxas info    : Function properties for _Z12decode_lanesILi8ELi2ELi1ELi8ELi8EEvPK7Q4BlockPKjPKtS6_Pfjjj
    0 bytes stack frame, 0 bytes spill stores, 0 bytes spill loads
ptxas info    : Used 32 registers, used 1 barriers, 372 bytes cmem[0], 8 bytes cmem[2]
ptxas info    : Compile time = 13.036 ms
ptxas info    : Compiling entry function '_Z12decode_lanesILi7ELi2ELi1ELi8ELi8EEvPK7Q4BlockPKjPKtS6_Pfjjj' for 'sm_60'
ptxas info    : Function properties for _Z12decode_lanesILi7ELi2ELi1ELi8ELi8EEvPK7Q4BlockPKjPKtS6_Pfjjj
    0 bytes stack frame, 0 bytes spill stores, 0 bytes spill loads
ptxas info    : Used 32 registers, used 1 barriers, 372 bytes cmem[0], 8 bytes cmem[2]
ptxas info    : Compile time = 12.553 ms
ptxas info    : Compiling entry function '_Z12decode_lanesILi6ELi2ELi1ELi8ELi8EEvPK7Q4BlockPKjPKtS6_Pfjjj' for 'sm_60'
ptxas info    : Function properties for _Z12decode_lanesILi6ELi2ELi1ELi8ELi8EEvPK7Q4BlockPKjPKtS6_Pfjjj
    0 bytes stack frame, 0 bytes spill stores, 0 bytes spill loads
ptxas info    : Used 37 registers, used 1 barriers, 372 bytes cmem[0], 8 bytes cmem[2]
ptxas info    : Compile time = 13.605 ms
ptxas info    : Compiling entry function '_Z9r3_batch8PK7Q4BlockPKjPKtS5_Pfjjj' for 'sm_60'
ptxas info    : Function properties for _Z9r3_batch8PK7Q4BlockPKjPKtS5_Pfjjj
    0 bytes stack frame, 0 bytes spill stores, 0 bytes spill loads
ptxas info    : Used 48 registers, used 0 barriers, 372 bytes cmem[0]
ptxas info    : Compile time = 33.312 ms
ptxas info    : Compiling entry function '_Z7preparePKfPtj' for 'sm_60'
ptxas info    : Function properties for _Z7preparePKfPtj
    0 bytes stack frame, 0 bytes spill stores, 0 bytes spill loads
ptxas info    : Used 7 registers, used 0 barriers, 340 bytes cmem[0]
ptxas info    : Compile time = 1.042 ms
ptxas info    : Compiling entry function '_Z8reduce32PKfPfj' for 'sm_60'
ptxas info    : Function properties for _Z8reduce32PKfPfj
    0 bytes stack frame, 0 bytes spill stores, 0 bytes spill loads
ptxas info    : Used 40 registers, used 0 barriers, 340 bytes cmem[0]
ptxas info    : Compile time = 5.200 ms
ptxas info    : Compiling entry function 'r3_212_r2' for 'sm_60'
ptxas info    : Function properties for r3_212_r2
    0 bytes stack frame, 0 bytes spill stores, 0 bytes spill loads
ptxas info    : Used 48 registers, used 1 barriers, 372 bytes cmem[0], 4 bytes cmem[2]
ptxas info    : Compile time = 41.584 ms
ptxas info    : Compiling entry function 'r3_212_r1' for 'sm_60'
ptxas info    : Function properties for r3_212_r1
    0 bytes stack frame, 0 bytes spill stores, 0 bytes spill loads
ptxas info    : Used 32 registers, used 1 barriers, 372 bytes cmem[0], 4 bytes cmem[2]
ptxas info    : Compile time = 30.107 ms
ptxas info    : Compiling entry function 'r3_211_r2' for 'sm_60'
ptxas info    : Function properties for r3_211_r2
    0 bytes stack frame, 0 bytes spill stores, 0 bytes spill loads
ptxas info    : Used 48 registers, used 1 barriers, 372 bytes cmem[0], 4 bytes cmem[2]
ptxas info    : Compile time = 39.361 ms
ptxas info    : Compiling entry function 'r3_211_r1' for 'sm_60'
ptxas info    : Function properties for r3_211_r1
    0 bytes stack frame, 0 bytes spill stores, 0 bytes spill loads
ptxas info    : Used 40 registers, used 1 barriers, 372 bytes cmem[0], 4 bytes cmem[2]
ptxas info    : Compile time = 31.312 ms
ptxas info    : Compiling entry function 'r3_210_r2' for 'sm_60'
ptxas info    : Function properties for r3_210_r2
    0 bytes stack frame, 0 bytes spill stores, 0 bytes spill loads
ptxas info    : Used 48 registers, used 1 barriers, 372 bytes cmem[0], 8 bytes cmem[2]
ptxas info    : Compile time = 40.246 ms
ptxas info    : Compiling entry function 'r3_210_r1' for 'sm_60'
ptxas info    : Function properties for r3_210_r1
    0 bytes stack frame, 0 bytes spill stores, 0 bytes spill loads
ptxas info    : Used 40 registers, used 1 barriers, 372 bytes cmem[0], 4 bytes cmem[2]
ptxas info    : Compile time = 29.621 ms
ptxas info    : Compiling entry function 'r3_202_r2' for 'sm_60'
ptxas info    : Function properties for r3_202_r2
    0 bytes stack frame, 0 bytes spill stores, 0 bytes spill loads
ptxas info    : Used 32 registers, used 1 barriers, 372 bytes cmem[0], 4 bytes cmem[2]
ptxas info    : Compile time = 25.658 ms
ptxas info    : Compiling entry function 'r3_202_r1' for 'sm_60'
ptxas info    : Function properties for r3_202_r1
    0 bytes stack frame, 0 bytes spill stores, 0 bytes spill loads
ptxas info    : Used 30 registers, used 1 barriers, 372 bytes cmem[0], 4 bytes cmem[2]
ptxas info    : Compile time = 21.382 ms
ptxas info    : Compiling entry function 'r3_201_r2' for 'sm_60'
ptxas info    : Function properties for r3_201_r2
    0 bytes stack frame, 0 bytes spill stores, 0 bytes spill loads
ptxas info    : Used 32 registers, used 1 barriers, 372 bytes cmem[0], 4 bytes cmem[2]
ptxas info    : Compile time = 24.294 ms
ptxas info    : Compiling entry function 'r3_201_r1' for 'sm_60'
ptxas info    : Function properties for r3_201_r1
    0 bytes stack frame, 0 bytes spill stores, 0 bytes spill loads
ptxas info    : Used 32 registers, used 1 barriers, 372 bytes cmem[0], 4 bytes cmem[2]
ptxas info    : Compile time = 19.835 ms
ptxas info    : Compiling entry function 'r3_200_r2' for 'sm_60'
ptxas info    : Function properties for r3_200_r2
    0 bytes stack frame, 0 bytes spill stores, 0 bytes spill loads
ptxas info    : Used 32 registers, used 1 barriers, 372 bytes cmem[0], 4 bytes cmem[2]
ptxas info    : Compile time = 23.426 ms
ptxas info    : Compiling entry function 'r3_200_r1' for 'sm_60'
ptxas info    : Function properties for r3_200_r1
    0 bytes stack frame, 0 bytes spill stores, 0 bytes spill loads
ptxas info    : Used 32 registers, used 1 barriers, 372 bytes cmem[0], 4 bytes cmem[2]
ptxas info    : Compile time = 18.735 ms
ptxas info    : Compiling entry function 'r3_114_r2' for 'sm_60'
ptxas info    : Function properties for r3_114_r2
    0 bytes stack frame, 0 bytes spill stores, 0 bytes spill loads
ptxas info    : Used 48 registers, used 0 barriers, 372 bytes cmem[0]
ptxas info    : Compile time = 29.984 ms
ptxas info    : Compiling entry function 'r3_114_r1' for 'sm_60'
ptxas info    : Function properties for r3_114_r1
    0 bytes stack frame, 0 bytes spill stores, 0 bytes spill loads
ptxas info    : Used 32 registers, used 0 barriers, 372 bytes cmem[0]
ptxas info    : Compile time = 18.076 ms
ptxas info    : Compiling entry function 'r3_113_r2' for 'sm_60'
ptxas info    : Function properties for r3_113_r2
    0 bytes stack frame, 0 bytes spill stores, 0 bytes spill loads
ptxas info    : Used 48 registers, used 0 barriers, 372 bytes cmem[0]
ptxas info    : Compile time = 30.229 ms
ptxas info    : Compiling entry function 'r3_113_r1' for 'sm_60'
ptxas info    : Function properties for r3_113_r1
    0 bytes stack frame, 0 bytes spill stores, 0 bytes spill loads
ptxas info    : Used 32 registers, used 0 barriers, 372 bytes cmem[0]
ptxas info    : Compile time = 18.789 ms
ptxas info    : Compiling entry function 'r3_112_r2' for 'sm_60'
ptxas info    : Function properties for r3_112_r2
    0 bytes stack frame, 0 bytes spill stores, 0 bytes spill loads
ptxas info    : Used 48 registers, used 0 barriers, 372 bytes cmem[0]
ptxas info    : Compile time = 28.467 ms
ptxas info    : Compiling entry function 'r3_112_r1' for 'sm_60'
ptxas info    : Function properties for r3_112_r1
    0 bytes stack frame, 0 bytes spill stores, 0 bytes spill loads
ptxas info    : Used 32 registers, used 0 barriers, 372 bytes cmem[0]
ptxas info    : Compile time = 17.260 ms
ptxas info    : Compiling entry function 'r3_111_r2' for 'sm_60'
ptxas info    : Function properties for r3_111_r2
    0 bytes stack frame, 0 bytes spill stores, 0 bytes spill loads
ptxas info    : Used 48 registers, used 0 barriers, 372 bytes cmem[0]
ptxas info    : Compile time = 29.665 ms
ptxas info    : Compiling entry function 'r3_111_r1' for 'sm_60'
ptxas info    : Function properties for r3_111_r1
    0 bytes stack frame, 0 bytes spill stores, 0 bytes spill loads
ptxas info    : Used 32 registers, used 0 barriers, 372 bytes cmem[0]
ptxas info    : Compile time = 17.352 ms
ptxas info    : Compiling entry function 'r3_110_r2' for 'sm_60'
ptxas info    : Function properties for r3_110_r2
    0 bytes stack frame, 0 bytes spill stores, 0 bytes spill loads
ptxas info    : Used 48 registers, used 0 barriers, 372 bytes cmem[0]
ptxas info    : Compile time = 27.817 ms
ptxas info    : Compiling entry function 'r3_110_r1' for 'sm_60'
ptxas info    : Function properties for r3_110_r1
    0 bytes stack frame, 0 bytes spill stores, 0 bytes spill loads
ptxas info    : Used 32 registers, used 0 barriers, 372 bytes cmem[0]
ptxas info    : Compile time = 17.616 ms
ptxas info    : Compiling entry function 'r3_104_r4' for 'sm_60'
ptxas info    : Function properties for r3_104_r4
    0 bytes stack frame, 0 bytes spill stores, 0 bytes spill loads
ptxas info    : Used 48 registers, used 0 barriers, 372 bytes cmem[0]
ptxas info    : Compile time = 22.960 ms
ptxas info    : Compiling entry function 'r3_104_r2' for 'sm_60'
ptxas info    : Function properties for r3_104_r2
    0 bytes stack frame, 0 bytes spill stores, 0 bytes spill loads
ptxas info    : Used 32 registers, used 0 barriers, 372 bytes cmem[0]
ptxas info    : Compile time = 11.687 ms
ptxas info    : Compiling entry function 'r3_104_r1' for 'sm_60'
ptxas info    : Function properties for r3_104_r1
    0 bytes stack frame, 0 bytes spill stores, 0 bytes spill loads
ptxas info    : Used 27 registers, used 0 barriers, 372 bytes cmem[0]
ptxas info    : Compile time = 7.364 ms
ptxas info    : Compiling entry function 'r3_103_r4' for 'sm_60'
ptxas info    : Function properties for r3_103_r4
    0 bytes stack frame, 0 bytes spill stores, 0 bytes spill loads
ptxas info    : Used 48 registers, used 0 barriers, 372 bytes cmem[0]
ptxas info    : Compile time = 22.463 ms
ptxas info    : Compiling entry function 'r3_103_r2' for 'sm_60'
ptxas info    : Function properties for r3_103_r2
    0 bytes stack frame, 0 bytes spill stores, 0 bytes spill loads
ptxas info    : Used 32 registers, used 0 barriers, 372 bytes cmem[0]
ptxas info    : Compile time = 12.176 ms
ptxas info    : Compiling entry function 'r3_103_r1' for 'sm_60'
ptxas info    : Function properties for r3_103_r1
    0 bytes stack frame, 0 bytes spill stores, 0 bytes spill loads
ptxas info    : Used 27 registers, used 0 barriers, 372 bytes cmem[0]
ptxas info    : Compile time = 7.749 ms
ptxas info    : Compiling entry function 'r3_102_r4' for 'sm_60'
ptxas info    : Function properties for r3_102_r4
    0 bytes stack frame, 0 bytes spill stores, 0 bytes spill loads
ptxas info    : Used 40 registers, used 0 barriers, 372 bytes cmem[0]
ptxas info    : Compile time = 21.368 ms
ptxas info    : Compiling entry function 'r3_102_r2' for 'sm_60'
ptxas info    : Function properties for r3_102_r2
    0 bytes stack frame, 0 bytes spill stores, 0 bytes spill loads
ptxas info    : Used 32 registers, used 0 barriers, 372 bytes cmem[0]
ptxas info    : Compile time = 11.673 ms
ptxas info    : Compiling entry function 'r3_102_r1' for 'sm_60'
ptxas info    : Function properties for r3_102_r1
    0 bytes stack frame, 0 bytes spill stores, 0 bytes spill loads
ptxas info    : Used 28 registers, used 0 barriers, 372 bytes cmem[0]
ptxas info    : Compile time = 7.064 ms
ptxas info    : Compiling entry function 'r3_101_r4' for 'sm_60'
ptxas info    : Function properties for r3_101_r4
    0 bytes stack frame, 0 bytes spill stores, 0 bytes spill loads
ptxas info    : Used 40 registers, used 0 barriers, 372 bytes cmem[0]
ptxas info    : Compile time = 22.115 ms
ptxas info    : Compiling entry function 'r3_101_r2' for 'sm_60'
ptxas info    : Function properties for r3_101_r2
    0 bytes stack frame, 0 bytes spill stores, 0 bytes spill loads
ptxas info    : Used 32 registers, used 0 barriers, 372 bytes cmem[0]
ptxas info    : Compile time = 11.726 ms
ptxas info    : Compiling entry function 'r3_101_r1' for 'sm_60'
ptxas info    : Function properties for r3_101_r1
    0 bytes stack frame, 0 bytes spill stores, 0 bytes spill loads
ptxas info    : Used 28 registers, used 0 barriers, 372 bytes cmem[0]
ptxas info    : Compile time = 7.142 ms
ptxas info    : Compiling entry function 'r3_100_r4' for 'sm_60'
ptxas info    : Function properties for r3_100_r4
    0 bytes stack frame, 0 bytes spill stores, 0 bytes spill loads
ptxas info    : Used 40 registers, used 0 barriers, 372 bytes cmem[0]
ptxas info    : Compile time = 21.723 ms
ptxas info    : Compiling entry function 'r3_100_r2' for 'sm_60'
ptxas info    : Function properties for r3_100_r2
    0 bytes stack frame, 0 bytes spill stores, 0 bytes spill loads
ptxas info    : Used 32 registers, used 0 barriers, 372 bytes cmem[0]
ptxas info    : Compile time = 11.299 ms
ptxas info    : Compiling entry function 'r3_100_r1' for 'sm_60'
ptxas info    : Function properties for r3_100_r1
    0 bytes stack frame, 0 bytes spill stores, 0 bytes spill loads
ptxas info    : Used 28 registers, used 0 barriers, 372 bytes cmem[0]
ptxas info    : Compile time = 7.184 ms
