DECODE_EXHAUSTIVE cases=16252928 bad=0
QUANT bits=8 values=8388608 bad=0
QUANT bits=4 values=8388608 bad=0
CHECK A32 outputs=33554432 samples=256 bad=0 nonfinite=0 changed=0 rel_l2=0
CHECK A16 outputs=33554432 samples=256 bad=0 nonfinite=0 changed=0 rel_l2=0
CHECK A64 outputs=33554432 samples=256 bad=0 nonfinite=0 changed=33552460 rel_l2=0.000646755344
MATCH_PREVIOUS A64 values=33554432 bad=0
CHECK A128 outputs=33554432 samples=256 bad=0 nonfinite=0 changed=33552924 rel_l2=0.000870702495
MATCH_PREVIOUS A128 values=33554432 bad=0
CHECK A256 outputs=33554432 samples=256 bad=0 nonfinite=0 changed=33553306 rel_l2=0.0011977545
MATCH_PREVIOUS A256 values=33554432 bad=0
CHECK A512 outputs=33554432 samples=256 bad=0 nonfinite=0 changed=33553839 rel_l2=0.00234354039
MATCH_PREVIOUS A512 values=33554432 bad=0
META M=256 N=2048 K=512 experts=64 quantization_timed=1 full_q8_codes=1
TIME A32 prep=1 rep=0 us=4529.08252
TIME A16 prep=1 rep=0 us=4543.94092
TIME A64 prep=1 rep=0 us=8070.0957
TIME A128 prep=1 rep=0 us=4625.21582
TIME A256 prep=1 rep=0 us=3500.03711
TIME A512 prep=1 rep=0 us=2536.17603
TIME A16 prep=1 rep=1 us=4530.46387
TIME A64 prep=1 rep=1 us=8051.2583
TIME A128 prep=1 rep=1 us=4624.95996
TIME A256 prep=1 rep=1 us=3485.10938
TIME A512 prep=1 rep=1 us=2533.62671
TIME A32 prep=1 rep=1 us=4531.33838
TIME A64 prep=1 rep=2 us=8026.49609
TIME A128 prep=1 rep=2 us=4626.34131
TIME A256 prep=1 rep=2 us=3506.38379
TIME A512 prep=1 rep=2 us=2533.2854
TIME A32 prep=1 rep=2 us=4528.75195
TIME A16 prep=1 rep=2 us=4537.5249
TIME A128 prep=1 rep=3 us=4642.85889
TIME A256 prep=1 rep=3 us=3519.82935
TIME A512 prep=1 rep=3 us=2534.35742
TIME A32 prep=1 rep=3 us=4529.46631
TIME A16 prep=1 rep=3 us=4528.69873
TIME A64 prep=1 rep=3 us=8069.07227
TIME A256 prep=1 rep=4 us=3493.94653
TIME A512 prep=1 rep=4 us=2537.43994
TIME A32 prep=1 rep=4 us=4536.17041
TIME A16 prep=1 rep=4 us=4537.37061
TIME A64 prep=1 rep=4 us=8044.24023
TIME A128 prep=1 rep=4 us=4639.5415
TIME A512 prep=1 rep=5 us=2535.13599
TIME A32 prep=1 rep=5 us=4537.30664
TIME A16 prep=1 rep=5 us=4527.15771
TIME A64 prep=1 rep=5 us=8051.65869
TIME A128 prep=1 rep=5 us=4620.55469
TIME A256 prep=1 rep=5 us=3503.84009
TIME A32 prep=1 rep=6 us=4524.10107
TIME A16 prep=1 rep=6 us=4525.61084
TIME A64 prep=1 rep=6 us=8016.77344
TIME A128 prep=1 rep=6 us=4631.12012
TIME A256 prep=1 rep=6 us=3502.72534
TIME A512 prep=1 rep=6 us=2535.57324
PASS
