QUANT bits=8 values=33554432 bad=0
QUANT bits=4 values=33554432 bad=0
CHECK A32 outputs=8388608 samples=256 bad=0 nonfinite=0 changed=0 rel_l2=0
CHECK A16 outputs=8388608 samples=256 bad=0 nonfinite=0 changed=0 rel_l2=0
CHECK A512 outputs=8388608 samples=256 bad=0 nonfinite=0 changed=8388544 rel_l2=0.00656814682
META M=256 N=512 K=2048 experts=64 quantization_timed=1 full_q8_codes=1
TIME A32 prep=1 rep=0 us=4626.27734
TIME A16 prep=1 rep=0 us=4624.93896
TIME A512 prep=1 rep=0 us=3344.67749
TIME A16 prep=1 rep=1 us=4622.6665
TIME A512 prep=1 rep=1 us=3343.53052
TIME A32 prep=1 rep=1 us=4622.75732
TIME A512 prep=1 rep=2 us=3343.82935
TIME A32 prep=1 rep=2 us=4623.33838
TIME A16 prep=1 rep=2 us=4623.40771
TIME A32 prep=1 rep=3 us=4622.52783
TIME A16 prep=1 rep=3 us=4625.83447
TIME A512 prep=1 rep=3 us=3344.59204
TIME A16 prep=1 rep=4 us=4623.32275
TIME A512 prep=1 rep=4 us=3345.07227
TIME A32 prep=1 rep=4 us=4624.1333
TIME A512 prep=1 rep=5 us=3343.35449
TIME A32 prep=1 rep=5 us=4623.88818
TIME A16 prep=1 rep=5 us=4625.77588
TIME A32 prep=1 rep=6 us=4623.2749
TIME A16 prep=1 rep=6 us=4626.1709
TIME A512 prep=1 rep=6 us=3344.50122
PASS
