QUANT bits=8 values=8388608 bad=0
QUANT bits=4 values=8388608 bad=0
CHECK A32 outputs=33554432 samples=256 bad=0 nonfinite=0 changed=0 rel_l2=0
CHECK A16 outputs=33554432 samples=256 bad=0 nonfinite=0 changed=0 rel_l2=0
CHECK A64 outputs=33554432 samples=256 bad=0 nonfinite=0 changed=33552961 rel_l2=0.000882661185
CHECK A128 outputs=33554432 samples=256 bad=0 nonfinite=0 changed=33553339 rel_l2=0.00120743371
CHECK A256 outputs=33554432 samples=256 bad=0 nonfinite=0 changed=33553631 rel_l2=0.00167724372
CHECK A512 outputs=33554432 samples=256 bad=0 nonfinite=0 changed=33553982 rel_l2=0.00330551495
META M=256 N=2048 K=512 experts=64 quantization_timed=1 full_q8_codes=1
TIME A32 prep=1 rep=0 us=4531.12549
TIME A16 prep=1 rep=0 us=4530.229
TIME A64 prep=1 rep=0 us=3715.0293
TIME A128 prep=1 rep=0 us=3644.75195
TIME A256 prep=1 rep=0 us=3620.29321
TIME A512 prep=1 rep=0 us=2726.29858
TIME A16 prep=1 rep=1 us=4534.24023
TIME A64 prep=1 rep=1 us=3712.97632
TIME A128 prep=1 rep=1 us=3642.93848
TIME A256 prep=1 rep=1 us=3618.85327
TIME A512 prep=1 rep=1 us=2723.76538
TIME A32 prep=1 rep=1 us=4531.42383
TIME A64 prep=1 rep=2 us=3713.74927
TIME A128 prep=1 rep=2 us=3640.93335
TIME A256 prep=1 rep=2 us=3615.43457
TIME A512 prep=1 rep=2 us=2721.43994
TIME A32 prep=1 rep=2 us=4530.95459
TIME A16 prep=1 rep=2 us=4531.81299
TIME A128 prep=1 rep=3 us=3641.17871
TIME A256 prep=1 rep=3 us=3618.50684
TIME A512 prep=1 rep=3 us=2724.68774
TIME A32 prep=1 rep=3 us=4530.69873
TIME A16 prep=1 rep=3 us=4531.32764
TIME A64 prep=1 rep=3 us=3715.37598
TIME A256 prep=1 rep=4 us=3616.75757
TIME A512 prep=1 rep=4 us=2720.87988
TIME A32 prep=1 rep=4 us=4529.55713
TIME A16 prep=1 rep=4 us=4531.89893
TIME A64 prep=1 rep=4 us=3711.16797
TIME A128 prep=1 rep=4 us=3643.4082
TIME A512 prep=1 rep=5 us=2723.97339
TIME A32 prep=1 rep=5 us=4531.83447
TIME A16 prep=1 rep=5 us=4528.07471
TIME A64 prep=1 rep=5 us=3712.40527
TIME A128 prep=1 rep=5 us=3641.84546
TIME A256 prep=1 rep=5 us=3618.65625
TIME A32 prep=1 rep=6 us=4533.78662
TIME A16 prep=1 rep=6 us=4531.10938
TIME A64 prep=1 rep=6 us=3710.75195
TIME A128 prep=1 rep=6 us=3638.94409
TIME A256 prep=1 rep=6 us=3614.79468
TIME A512 prep=1 rep=6 us=2723.91479
PASS
