QUANT bits=8 values=33554432 bad=0
QUANT bits=4 values=33554432 bad=0
CHECK A32 outputs=8388608 samples=256 bad=0 nonfinite=0 changed=0 rel_l2=0
CHECK A16 outputs=8388608 samples=256 bad=0 nonfinite=0 changed=0 rel_l2=0
CHECK A64 outputs=8388608 samples=256 bad=0 nonfinite=0 changed=8388240 rel_l2=0.000882587476
CHECK A128 outputs=8388608 samples=256 bad=0 nonfinite=0 changed=8388314 rel_l2=0.00120715208
CHECK A256 outputs=8388608 samples=256 bad=0 nonfinite=0 changed=8388415 rel_l2=0.00167732544
CHECK A512 outputs=8388608 samples=256 bad=0 nonfinite=0 changed=8388544 rel_l2=0.00656814682
META M=256 N=512 K=2048 experts=64 quantization_timed=1 full_q8_codes=1
TIME A32 prep=1 rep=0 us=4627.84521
TIME A16 prep=1 rep=0 us=4628.86377
TIME A64 prep=1 rep=0 us=3819.29077
TIME A128 prep=1 rep=0 us=3757.8186
TIME A256 prep=1 rep=0 us=3723.99438
TIME A512 prep=1 rep=0 us=2858.42676
TIME A16 prep=1 rep=1 us=4626.60791
TIME A64 prep=1 rep=1 us=3819.65332
TIME A128 prep=1 rep=1 us=3756.29883
TIME A256 prep=1 rep=1 us=3718.90649
TIME A512 prep=1 rep=1 us=2861.08813
TIME A32 prep=1 rep=1 us=4628.44287
TIME A64 prep=1 rep=2 us=3816.13867
TIME A128 prep=1 rep=2 us=3756.76782
TIME A256 prep=1 rep=2 us=3723.76001
TIME A512 prep=1 rep=2 us=2861.0188
TIME A32 prep=1 rep=2 us=4624.87451
TIME A16 prep=1 rep=2 us=4626.85889
TIME A128 prep=1 rep=3 us=3756.8269
TIME A256 prep=1 rep=3 us=3719.97339
TIME A512 prep=1 rep=3 us=2880.67212
TIME A32 prep=1 rep=3 us=4670.83203
TIME A16 prep=1 rep=3 us=4664.72021
TIME A64 prep=1 rep=3 us=3868.3147
TIME A256 prep=1 rep=4 us=3728.80542
TIME A512 prep=1 rep=4 us=2858.20801
TIME A32 prep=1 rep=4 us=4625.88281
TIME A16 prep=1 rep=4 us=4623.34912
TIME A64 prep=1 rep=4 us=3816.96558
TIME A128 prep=1 rep=4 us=3759.16235
TIME A512 prep=1 rep=5 us=2856.03198
TIME A32 prep=1 rep=5 us=4624.10693
TIME A16 prep=1 rep=5 us=4625.06104
TIME A64 prep=1 rep=5 us=3820.45874
TIME A128 prep=1 rep=5 us=3760.34668
TIME A256 prep=1 rep=5 us=3725.32251
TIME A32 prep=1 rep=6 us=4622.06934
TIME A16 prep=1 rep=6 us=4624.55469
TIME A64 prep=1 rep=6 us=3815.93066
TIME A128 prep=1 rep=6 us=3755.8291
TIME A256 prep=1 rep=6 us=3721.8772
TIME A512 prep=1 rep=6 us=2863.15723
PASS
