QUANT bits=8 values=33554432 bad=0
QUANT bits=4 values=33554432 bad=0
CHECK A32 outputs=8388608 samples=256 bad=0 nonfinite=0 changed=0 rel_l2=0
CHECK A16 outputs=8388608 samples=256 bad=0 nonfinite=0 changed=0 rel_l2=0
CHECK A64 outputs=8388608 samples=256 bad=0 nonfinite=0 changed=8388240 rel_l2=0.000882587476
CHECK A128 outputs=8388608 samples=256 bad=0 nonfinite=0 changed=8388314 rel_l2=0.00120715208
CHECK A256 outputs=8388608 samples=256 bad=0 nonfinite=0 changed=8388415 rel_l2=0.00167732544
CHECK A512 outputs=8388608 samples=256 bad=0 nonfinite=0 changed=8388544 rel_l2=0.00656814682
META M=256 N=512 K=2048 experts=64 quantization_timed=1 full_q8_codes=1
TIME A32 prep=1 rep=0 us=4628.27197
TIME A16 prep=1 rep=0 us=4627.17334
TIME A64 prep=1 rep=0 us=3821.64258
TIME A128 prep=1 rep=0 us=3760.41602
TIME A256 prep=1 rep=0 us=3722.8479
TIME A512 prep=1 rep=0 us=2861.31177
TIME A16 prep=1 rep=1 us=4627.43457
TIME A64 prep=1 rep=1 us=3816.85327
TIME A128 prep=1 rep=1 us=3756.30933
TIME A256 prep=1 rep=1 us=3719.08789
TIME A512 prep=1 rep=1 us=2861.28516
TIME A32 prep=1 rep=1 us=4625.32275
TIME A64 prep=1 rep=2 us=3816.17065
TIME A128 prep=1 rep=2 us=3758.0105
TIME A256 prep=1 rep=2 us=3721.26392
TIME A512 prep=1 rep=2 us=2859.71191
TIME A32 prep=1 rep=2 us=4623.44531
TIME A16 prep=1 rep=2 us=4626.34131
TIME A128 prep=1 rep=3 us=3758.63989
TIME A256 prep=1 rep=3 us=3720.12793
TIME A512 prep=1 rep=3 us=2860.20801
TIME A32 prep=1 rep=3 us=4624.71436
TIME A16 prep=1 rep=3 us=4627.07764
TIME A64 prep=1 rep=3 us=3821.18921
TIME A256 prep=1 rep=4 us=3718.38403
TIME A512 prep=1 rep=4 us=2858.96021
TIME A32 prep=1 rep=4 us=4626.44775
TIME A16 prep=1 rep=4 us=4626.25049
TIME A64 prep=1 rep=4 us=3814.71997
TIME A128 prep=1 rep=4 us=3759.39233
TIME A512 prep=1 rep=5 us=2859.61597
TIME A32 prep=1 rep=5 us=4625.15186
TIME A16 prep=1 rep=5 us=4625.55176
TIME A64 prep=1 rep=5 us=3817.96802
TIME A128 prep=1 rep=5 us=3756.94946
TIME A256 prep=1 rep=5 us=3721.85059
TIME A32 prep=1 rep=6 us=4627.22656
TIME A16 prep=1 rep=6 us=4624.46436
TIME A64 prep=1 rep=6 us=3815.86133
TIME A128 prep=1 rep=6 us=3754.99194
TIME A256 prep=1 rep=6 us=3722.75757
TIME A512 prep=1 rep=6 us=2861.8186
PASS
