QUANT bits=8 values=33554432 bad=0
QUANT bits=4 values=33554432 bad=0
CHECK A32 outputs=8388608 samples=256 bad=0 nonfinite=0 changed=0 rel_l2=0
CHECK A16 outputs=8388608 samples=256 bad=0 nonfinite=0 changed=0 rel_l2=0
CHECK A64 outputs=8388608 samples=256 bad=0 nonfinite=0 changed=8388240 rel_l2=0.000882587476
CHECK A128 outputs=8388608 samples=256 bad=0 nonfinite=0 changed=8388314 rel_l2=0.00120715208
CHECK A256 outputs=8388608 samples=256 bad=0 nonfinite=0 changed=8388415 rel_l2=0.00167732544
CHECK A512 outputs=8388608 samples=256 bad=0 nonfinite=0 changed=8388544 rel_l2=0.00656814682
META M=256 N=512 K=2048 experts=64 quantization_timed=1 full_q8_codes=1
TIME A32 prep=1 rep=0 us=4626.7417
TIME A16 prep=1 rep=0 us=4628.20264
TIME A64 prep=1 rep=0 us=3821.09302
TIME A128 prep=1 rep=0 us=3758.39453
TIME A256 prep=1 rep=0 us=3723.21606
TIME A512 prep=1 rep=0 us=2858.47461
TIME A16 prep=1 rep=1 us=4626.09619
TIME A64 prep=1 rep=1 us=3817.87769
TIME A128 prep=1 rep=1 us=3759.42944
TIME A256 prep=1 rep=1 us=3720.61841
TIME A512 prep=1 rep=1 us=2856.01587
TIME A32 prep=1 rep=1 us=4624.84814
TIME A64 prep=1 rep=2 us=3818.75195
TIME A128 prep=1 rep=2 us=3758.48022
TIME A256 prep=1 rep=2 us=3722.61328
TIME A512 prep=1 rep=2 us=2854.34106
TIME A32 prep=1 rep=2 us=4623.62646
TIME A16 prep=1 rep=2 us=4626.05322
TIME A128 prep=1 rep=3 us=3754.16528
TIME A256 prep=1 rep=3 us=3714.83203
TIME A512 prep=1 rep=3 us=2855.71191
TIME A32 prep=1 rep=3 us=4623.74951
TIME A16 prep=1 rep=3 us=4626.42676
TIME A64 prep=1 rep=3 us=3817.65332
TIME A256 prep=1 rep=4 us=3721.2373
TIME A512 prep=1 rep=4 us=2859.57886
TIME A32 prep=1 rep=4 us=4622.66113
TIME A16 prep=1 rep=4 us=4624.10693
TIME A64 prep=1 rep=4 us=3817.48804
TIME A128 prep=1 rep=4 us=3759.12524
TIME A512 prep=1 rep=5 us=2856.37329
TIME A32 prep=1 rep=5 us=4622.90674
TIME A16 prep=1 rep=5 us=4625.79199
TIME A64 prep=1 rep=5 us=3816.8855
TIME A128 prep=1 rep=5 us=3757.47192
TIME A256 prep=1 rep=5 us=3721.75464
TIME A32 prep=1 rep=6 us=4624.15479
TIME A16 prep=1 rep=6 us=4622.93311
TIME A64 prep=1 rep=6 us=3816.01074
TIME A128 prep=1 rep=6 us=3756.20288
TIME A256 prep=1 rep=6 us=3721.53613
TIME A512 prep=1 rep=6 us=2857.82935
PASS
