QUANT bits=8 values=8388608 bad=0
QUANT bits=4 values=8388608 bad=0
CHECK A32 outputs=33554432 samples=256 bad=0 nonfinite=0 changed=0 rel_l2=0
CHECK A16 outputs=33554432 samples=256 bad=0 nonfinite=0 changed=0 rel_l2=0
CHECK A64 outputs=33554432 samples=256 bad=0 nonfinite=0 changed=33552961 rel_l2=0.000882661185
CHECK A128 outputs=33554432 samples=256 bad=0 nonfinite=0 changed=33553631 rel_l2=0.00167724372
CHECK A256 outputs=33554432 samples=256 bad=0 nonfinite=0 changed=33553982 rel_l2=0.00330551495
META M=256 N=2048 K=512 experts=64 quantization_timed=1 full_q8_codes=1
TIME A32 prep=1 rep=0 us=4535.30127
TIME A16 prep=1 rep=0 us=4531.41357
TIME A64 prep=1 rep=0 us=3276.82642
TIME A128 prep=1 rep=0 us=3125.12524
TIME A256 prep=1 rep=0 us=2955.15723
TIME A16 prep=1 rep=1 us=4536
TIME A64 prep=1 rep=1 us=3277.54663
TIME A128 prep=1 rep=1 us=3127.04517
TIME A256 prep=1 rep=1 us=2956.84277
TIME A32 prep=1 rep=1 us=4536.00537
TIME A64 prep=1 rep=2 us=3288.26147
TIME A128 prep=1 rep=2 us=3129.45581
TIME A256 prep=1 rep=2 us=2955.42383
TIME A32 prep=1 rep=2 us=4529.48779
TIME A16 prep=1 rep=2 us=4539.28564
TIME A128 prep=1 rep=3 us=3123.10913
TIME A256 prep=1 rep=3 us=2955.32812
TIME A32 prep=1 rep=3 us=4538.51709
TIME A16 prep=1 rep=3 us=4528.88525
TIME A64 prep=1 rep=3 us=3278.2666
TIME A256 prep=1 rep=4 us=2957.99487
TIME A32 prep=1 rep=4 us=4541.3335
TIME A16 prep=1 rep=4 us=4534.12793
TIME A64 prep=1 rep=4 us=3280.59741
TIME A128 prep=1 rep=4 us=3127.40259
TIME A32 prep=1 rep=5 us=4539.8667
TIME A16 prep=1 rep=5 us=4532.84814
TIME A64 prep=1 rep=5 us=3280.57617
TIME A128 prep=1 rep=5 us=3130.04272
TIME A256 prep=1 rep=5 us=2953.93066
TIME A16 prep=1 rep=6 us=4532
TIME A64 prep=1 rep=6 us=3283.23218
TIME A128 prep=1 rep=6 us=3127.71753
TIME A256 prep=1 rep=6 us=2962.83203
TIME A32 prep=1 rep=6 us=4528.31982
PASS
