QUANT bits=8 values=33554432 bad=0
QUANT bits=4 values=33554432 bad=0
CHECK A32 outputs=8388608 samples=256 bad=0 nonfinite=0 changed=0 rel_l2=0
CHECK A16 outputs=8388608 samples=256 bad=0 nonfinite=0 changed=0 rel_l2=0
CHECK A64 outputs=8388608 samples=256 bad=0 nonfinite=0 changed=8388240 rel_l2=0.000882587476
CHECK A128 outputs=8388608 samples=256 bad=0 nonfinite=0 changed=8388415 rel_l2=0.00167732544
CHECK A256 outputs=8388608 samples=256 bad=0 nonfinite=0 changed=8388544 rel_l2=0.00656814682
META M=256 N=512 K=2048 experts=64 quantization_timed=1 full_q8_codes=1
TIME A32 prep=1 rep=0 us=4625.89893
TIME A16 prep=1 rep=0 us=4624.59717
TIME A64 prep=1 rep=0 us=3376.54956
TIME A128 prep=1 rep=0 us=3203.64771
TIME A256 prep=1 rep=0 us=3049.31738
TIME A16 prep=1 rep=1 us=4626.70361
TIME A64 prep=1 rep=1 us=3368.32007
TIME A128 prep=1 rep=1 us=3206.10669
TIME A256 prep=1 rep=1 us=3035.25854
TIME A32 prep=1 rep=1 us=4624.0376
TIME A64 prep=1 rep=2 us=3362.67749
TIME A128 prep=1 rep=2 us=3207.31177
TIME A256 prep=1 rep=2 us=3036.06421
TIME A32 prep=1 rep=2 us=4622.04248
TIME A16 prep=1 rep=2 us=4624.62402
TIME A128 prep=1 rep=3 us=3202.70923
TIME A256 prep=1 rep=3 us=3038.16016
TIME A32 prep=1 rep=3 us=4624.29346
TIME A16 prep=1 rep=3 us=4623.97314
TIME A64 prep=1 rep=3 us=3363.18945
TIME A256 prep=1 rep=4 us=3036.9707
TIME A32 prep=1 rep=4 us=4623.35986
TIME A16 prep=1 rep=4 us=4625.72266
TIME A64 prep=1 rep=4 us=3366.05347
TIME A128 prep=1 rep=4 us=3203.57886
TIME A32 prep=1 rep=5 us=4622.50146
TIME A16 prep=1 rep=5 us=4624.61328
TIME A64 prep=1 rep=5 us=3364.19727
TIME A128 prep=1 rep=5 us=3199.32251
TIME A256 prep=1 rep=5 us=3029.0293
TIME A16 prep=1 rep=6 us=4621.78662
TIME A64 prep=1 rep=6 us=3362.50122
TIME A128 prep=1 rep=6 us=3198.39966
TIME A256 prep=1 rep=6 us=3029.30664
TIME A32 prep=1 rep=6 us=4623.31201
PASS
