nvcc warning : Support for offline compilation for architectures prior to '<compute/sm/lto>_75' will be removed in a future release (Use -Wno-deprecated-gpu-targets to suppress warning).
/home/arian/P100-arithmetic/studies/w8-affinity-1p4-20260909/virtual-raw-f16-only/pair.inc(154): warning #20058-D: the #pragma unroll must precede a loop
  #pragma unroll
          ^

Remark: The warnings can be suppressed with "-diag-suppress <warning-number>"

ptxas info    : 0 bytes gmem
ptxas info    : Compiling entry function '_Z11w8_old_halfILb1ELi0EEvPK12aw_work_descPK12aw_tile_desciiiPKi' for 'sm_60'
ptxas info    : Function properties for _Z11w8_old_halfILb1ELi0EEvPK12aw_work_descPK12aw_tile_desciiiPKi
    0 bytes stack frame, 0 bytes spill stores, 0 bytes spill loads
ptxas info    : Used 128 registers, used 1 barriers, 24576 bytes smem, 360 bytes cmem[0]
ptxas info    : Compile time = 188.792 ms
ptxas info    : Compiling entry function '_Z11w8_old_halfILb1ELi4EEvPK12aw_work_descPK12aw_tile_desciiiPKi' for 'sm_60'
ptxas info    : Function properties for _Z11w8_old_halfILb1ELi4EEvPK12aw_work_descPK12aw_tile_desciiiPKi
    0 bytes stack frame, 0 bytes spill stores, 0 bytes spill loads
ptxas info    : Used 193 registers, used 1 barriers, 24576 bytes smem, 360 bytes cmem[0]
ptxas info    : Compile time = 211.374 ms
ptxas info    : Compiling entry function '_Z11w8_old_halfILb1ELi2EEvPK12aw_work_descPK12aw_tile_desciiiPKi' for 'sm_60'
ptxas info    : Function properties for _Z11w8_old_halfILb1ELi2EEvPK12aw_work_descPK12aw_tile_desciiiPKi
    0 bytes stack frame, 0 bytes spill stores, 0 bytes spill loads
ptxas info    : Used 193 registers, used 1 barriers, 24576 bytes smem, 360 bytes cmem[0]
ptxas info    : Compile time = 215.036 ms
ptxas info    : Compiling entry function '_Z11w8_old_halfILb1ELi1EEvPK12aw_work_descPK12aw_tile_desciiiPKi' for 'sm_60'
ptxas info    : Function properties for _Z11w8_old_halfILb1ELi1EEvPK12aw_work_descPK12aw_tile_desciiiPKi
    0 bytes stack frame, 0 bytes spill stores, 0 bytes spill loads
ptxas info    : Used 176 registers, used 1 barriers, 24576 bytes smem, 360 bytes cmem[0]
ptxas info    : Compile time = 210.549 ms
ptxas info    : Compiling entry function '_Z9w8_lowactILi4EEvPK12aw_work_descPK12aw_tile_desciiiPKi' for 'sm_60'
ptxas info    : Function properties for _Z9w8_lowactILi4EEvPK12aw_work_descPK12aw_tile_desciiiPKi
    0 bytes stack frame, 0 bytes spill stores, 0 bytes spill loads
ptxas info    : Used 127 registers, used 1 barriers, 32768 bytes smem, 360 bytes cmem[0]
ptxas info    : Compile time = 99.032 ms
ptxas info    : Compiling entry function '_Z9w8_lowactILi8EEvPK12aw_work_descPK12aw_tile_desciiiPKi' for 'sm_60'
ptxas info    : Function properties for _Z9w8_lowactILi8EEvPK12aw_work_descPK12aw_tile_desciiiPKi
    0 bytes stack frame, 0 bytes spill stores, 0 bytes spill loads
ptxas info    : Used 127 registers, used 1 barriers, 32768 bytes smem, 360 bytes cmem[0]
ptxas info    : Compile time = 100.889 ms
ptxas info    : Compiling entry function '_Z36aw_q8_service_m64_n128_halfpipe_syncILb1EEvPK12aw_work_descPK12aw_tile_desciiiPKi' for 'sm_60'
ptxas info    : Function properties for _Z36aw_q8_service_m64_n128_halfpipe_syncILb1EEvPK12aw_work_descPK12aw_tile_desciiiPKi
    0 bytes stack frame, 0 bytes spill stores, 0 bytes spill loads
ptxas info    : Used 122 registers, used 1 barriers, 32768 bytes smem, 360 bytes cmem[0]
ptxas info    : Compile time = 98.930 ms
ptxas info    : Compiling entry function '_Z36aw_q8_service_m64_n128_halfpipe_syncILb0EEvPK12aw_work_descPK12aw_tile_desciiiPKi' for 'sm_60'
ptxas info    : Function properties for _Z36aw_q8_service_m64_n128_halfpipe_syncILb0EEvPK12aw_work_descPK12aw_tile_desciiiPKi
    0 bytes stack frame, 0 bytes spill stores, 0 bytes spill loads
ptxas info    : Used 122 registers, used 1 barriers, 32768 bytes smem, 360 bytes cmem[0]
ptxas info    : Compile time = 98.778 ms
ptxas info    : Compiling entry function '_Z12w8_pair_halfILb1ELi0EEvPK12aw_work_descPK12aw_tile_desciiiPKi' for 'sm_60'
ptxas info    : Function properties for _Z12w8_pair_halfILb1ELi0EEvPK12aw_work_descPK12aw_tile_desciiiPKi
    0 bytes stack frame, 0 bytes spill stores, 0 bytes spill loads
ptxas info    : Used 121 registers, used 1 barriers, 32768 bytes smem, 360 bytes cmem[0]
ptxas info    : Compile time = 185.894 ms
ptxas info    : Compiling entry function '_Z16w8_fallback_halfILb1ELi0EEvPK12aw_work_descPK12aw_tile_desciiiPKi' for 'sm_60'
ptxas info    : Function properties for _Z16w8_fallback_halfILb1ELi0EEvPK12aw_work_descPK12aw_tile_desciiiPKi
    0 bytes stack frame, 0 bytes spill stores, 0 bytes spill loads
ptxas info    : Used 87 registers, used 1 barriers, 16384 bytes smem, 360 bytes cmem[0]
ptxas info    : Compile time = 95.198 ms
ptxas info    : Compiling entry function '_Z12w8_pair_halfILb1ELi4EEvPK12aw_work_descPK12aw_tile_desciiiPKi' for 'sm_60'
ptxas info    : Function properties for _Z12w8_pair_halfILb1ELi4EEvPK12aw_work_descPK12aw_tile_desciiiPKi
    0 bytes stack frame, 0 bytes spill stores, 0 bytes spill loads
ptxas info    : Used 192 registers, used 1 barriers, 32768 bytes smem, 360 bytes cmem[0]
ptxas info    : Compile time = 199.634 ms
ptxas info    : Compiling entry function '_Z16w8_fallback_halfILb1ELi4EEvPK12aw_work_descPK12aw_tile_desciiiPKi' for 'sm_60'
ptxas info    : Function properties for _Z16w8_fallback_halfILb1ELi4EEvPK12aw_work_descPK12aw_tile_desciiiPKi
    0 bytes stack frame, 0 bytes spill stores, 0 bytes spill loads
ptxas info    : Used 128 registers, used 1 barriers, 16384 bytes smem, 360 bytes cmem[0]
ptxas info    : Compile time = 100.537 ms
ptxas info    : Compiling entry function '_Z12w8_pair_halfILb1ELi2EEvPK12aw_work_descPK12aw_tile_desciiiPKi' for 'sm_60'
ptxas info    : Function properties for _Z12w8_pair_halfILb1ELi2EEvPK12aw_work_descPK12aw_tile_desciiiPKi
    0 bytes stack frame, 0 bytes spill stores, 0 bytes spill loads
ptxas info    : Used 192 registers, used 1 barriers, 32768 bytes smem, 360 bytes cmem[0]
ptxas info    : Compile time = 200.662 ms
ptxas info    : Compiling entry function '_Z16w8_fallback_halfILb1ELi2EEvPK12aw_work_descPK12aw_tile_desciiiPKi' for 'sm_60'
ptxas info    : Function properties for _Z16w8_fallback_halfILb1ELi2EEvPK12aw_work_descPK12aw_tile_desciiiPKi
    0 bytes stack frame, 0 bytes spill stores, 0 bytes spill loads
ptxas info    : Used 128 registers, used 1 barriers, 16384 bytes smem, 360 bytes cmem[0]
ptxas info    : Compile time = 106.609 ms
ptxas info    : Compiling entry function '_Z12w8_pair_halfILb1ELi1EEvPK12aw_work_descPK12aw_tile_desciiiPKi' for 'sm_60'
ptxas info    : Function properties for _Z12w8_pair_halfILb1ELi1EEvPK12aw_work_descPK12aw_tile_desciiiPKi
    0 bytes stack frame, 0 bytes spill stores, 0 bytes spill loads
ptxas info    : Used 196 registers, used 1 barriers, 32768 bytes smem, 360 bytes cmem[0]
ptxas info    : Compile time = 204.557 ms
ptxas info    : Compiling entry function '_Z16w8_fallback_halfILb1ELi1EEvPK12aw_work_descPK12aw_tile_desciiiPKi' for 'sm_60'
ptxas info    : Function properties for _Z16w8_fallback_halfILb1ELi1EEvPK12aw_work_descPK12aw_tile_desciiiPKi
    0 bytes stack frame, 0 bytes spill stores, 0 bytes spill loads
ptxas info    : Used 122 registers, used 1 barriers, 16384 bytes smem, 360 bytes cmem[0]
ptxas info    : Compile time = 99.572 ms
ptxas info    : Compiling entry function '_Z8quantizeILi4EEvPK6__halfPhm' for 'sm_60'
ptxas info    : Function properties for _Z8quantizeILi4EEvPK6__halfPhm
    0 bytes stack frame, 0 bytes spill stores, 0 bytes spill loads
ptxas info    : Used 21 registers, used 0 barriers, 344 bytes cmem[0], 24 bytes cmem[2]
ptxas info    : Compile time = 7.498 ms
ptxas info    : Compiling entry function '_Z8quantizeILi8EEvPK6__halfPhm' for 'sm_60'
ptxas info    : Function properties for _Z8quantizeILi8EEvPK6__halfPhm
    0 bytes stack frame, 0 bytes spill stores, 0 bytes spill loads
ptxas info    : Used 21 registers, used 0 barriers, 344 bytes cmem[0], 20 bytes cmem[2]
ptxas info    : Compile time = 7.183 ms
ptxas info    : Compiling entry function '_Z15w8_check_decodePj' for 'sm_60'
ptxas info    : Function properties for _Z15w8_check_decodePj
    0 bytes stack frame, 0 bytes spill stores, 0 bytes spill loads
ptxas info    : Used 10 registers, used 0 barriers, 328 bytes cmem[0], 12 bytes cmem[2]
ptxas info    : Compile time = 1.887 ms
