QUANT bits=8 values=33554432 bad=0
QUANT bits=4 values=33554432 bad=0
CHECK A32 outputs=8388608 samples=256 bad=0 nonfinite=0 changed=0 rel_l2=0
CHECK A16 outputs=8388608 samples=256 bad=0 nonfinite=0 changed=0 rel_l2=0
CHECK A64 outputs=8388608 samples=256 bad=0 nonfinite=0 changed=8388184 rel_l2=0.000646669288
MATCH_PREVIOUS A64 values=8388608 bad=0
CHECK A128 outputs=8388608 samples=256 bad=0 nonfinite=0 changed=8388212 rel_l2=0.000870531122
MATCH_PREVIOUS A128 values=8388608 bad=0
CHECK A256 outputs=8388608 samples=256 bad=0 nonfinite=0 changed=8388329 rel_l2=0.00119812381
MATCH_PREVIOUS A256 values=8388608 bad=0
CHECK A512 outputs=8388608 samples=256 bad=0 nonfinite=0 changed=8388529 rel_l2=0.00465019343
MATCH_PREVIOUS A512 values=8388608 bad=0
META M=256 N=512 K=2048 experts=64 quantization_timed=1 full_q8_codes=1
TIME A32 prep=1 rep=0 us=4631.6001
TIME A16 prep=1 rep=0 us=4629.98926
TIME A64 prep=1 rep=0 us=3769.31738
TIME A128 prep=1 rep=0 us=3633.46118
TIME A256 prep=1 rep=0 us=3468.60767
TIME A512 prep=1 rep=0 us=2765.56812
TIME A16 prep=1 rep=1 us=4628.52246
TIME A64 prep=1 rep=1 us=3764.69336
TIME A128 prep=1 rep=1 us=3637.96265
TIME A256 prep=1 rep=1 us=3469.37598
TIME A512 prep=1 rep=1 us=2763.59473
TIME A32 prep=1 rep=1 us=4630.96533
TIME A64 prep=1 rep=2 us=3763.01343
TIME A128 prep=1 rep=2 us=3633.94141
TIME A256 prep=1 rep=2 us=3469.69067
TIME A512 prep=1 rep=2 us=2760.35229
TIME A32 prep=1 rep=2 us=4627.98389
TIME A16 prep=1 rep=2 us=4629.65869
TIME A128 prep=1 rep=3 us=3631.71191
TIME A256 prep=1 rep=3 us=3461.9519
TIME A512 prep=1 rep=3 us=2760.02661
TIME A32 prep=1 rep=3 us=4626.43701
TIME A16 prep=1 rep=3 us=4626.16553
TIME A64 prep=1 rep=3 us=3767.51465
TIME A256 prep=1 rep=4 us=3466.55469
TIME A512 prep=1 rep=4 us=2759.00269
TIME A32 prep=1 rep=4 us=4623.73877
TIME A16 prep=1 rep=4 us=4624.96533
TIME A64 prep=1 rep=4 us=3763.73315
TIME A128 prep=1 rep=4 us=3638.32007
TIME A512 prep=1 rep=5 us=2757.8562
TIME A32 prep=1 rep=5 us=4625.90967
TIME A16 prep=1 rep=5 us=4627.01318
TIME A64 prep=1 rep=5 us=3763.96802
TIME A128 prep=1 rep=5 us=3623.97852
TIME A256 prep=1 rep=5 us=3475.97339
TIME A32 prep=1 rep=6 us=4625.72803
TIME A16 prep=1 rep=6 us=4623.73877
TIME A64 prep=1 rep=6 us=3763.66919
TIME A128 prep=1 rep=6 us=3628.11719
TIME A256 prep=1 rep=6 us=3467.12524
TIME A512 prep=1 rep=6 us=2754.95483
PASS
