QUANT bits=8 values=8388608 bad=0
QUANT bits=4 values=8388608 bad=0
CHECK A32 outputs=33554432 samples=256 bad=0 nonfinite=0 changed=0 rel_l2=0
CHECK A16 outputs=33554432 samples=256 bad=0 nonfinite=0 changed=0 rel_l2=0
CHECK A64 outputs=33554432 samples=256 bad=0 nonfinite=0 changed=33552961 rel_l2=0.000882661185
MATCH_PREVIOUS A64 values=33554432 bad=0
CHECK A128 outputs=33554432 samples=256 bad=0 nonfinite=0 changed=33553339 rel_l2=0.00120743371
MATCH_PREVIOUS A128 values=33554432 bad=0
CHECK A256 outputs=33554432 samples=256 bad=0 nonfinite=0 changed=33553631 rel_l2=0.00167724372
MATCH_PREVIOUS A256 values=33554432 bad=0
CHECK A512 outputs=33554432 samples=256 bad=0 nonfinite=0 changed=33553982 rel_l2=0.00330551495
MATCH_PREVIOUS A512 values=33554432 bad=0
META M=256 N=2048 K=512 experts=64 quantization_timed=1 full_q8_codes=1
TIME A32 prep=1 rep=0 us=4525.63721
TIME A16 prep=1 rep=0 us=4532.31982
TIME A64 prep=1 rep=0 us=3557.6748
TIME A128 prep=1 rep=0 us=3472.68823
TIME A256 prep=1 rep=0 us=3405.7334
TIME A512 prep=1 rep=0 us=2628.80005
TIME A16 prep=1 rep=1 us=4533.00244
TIME A64 prep=1 rep=1 us=3559.65845
TIME A128 prep=1 rep=1 us=3469.46167
TIME A256 prep=1 rep=1 us=3405.76538
TIME A512 prep=1 rep=1 us=2622.73071
TIME A32 prep=1 rep=1 us=4531.57324
TIME A64 prep=1 rep=2 us=3556.62402
TIME A128 prep=1 rep=2 us=3467.70679
TIME A256 prep=1 rep=2 us=3403.80249
TIME A512 prep=1 rep=2 us=2620.27734
TIME A32 prep=1 rep=2 us=4530.04834
TIME A16 prep=1 rep=2 us=4529.19482
TIME A128 prep=1 rep=3 us=3468.80542
TIME A256 prep=1 rep=3 us=3408.27222
TIME A512 prep=1 rep=3 us=2622.12793
TIME A32 prep=1 rep=3 us=4537.43994
TIME A16 prep=1 rep=3 us=4536.94385
TIME A64 prep=1 rep=3 us=3562.52808
TIME A256 prep=1 rep=4 us=3404.7627
TIME A512 prep=1 rep=4 us=2624.1814
TIME A32 prep=1 rep=4 us=4526.66113
TIME A16 prep=1 rep=4 us=4533.104
TIME A64 prep=1 rep=4 us=3560.61328
TIME A128 prep=1 rep=4 us=3470.69849
TIME A512 prep=1 rep=5 us=2623.25854
TIME A32 prep=1 rep=5 us=4532.04297
TIME A16 prep=1 rep=5 us=4523.32275
TIME A64 prep=1 rep=5 us=3555.50391
TIME A128 prep=1 rep=5 us=3466.08008
TIME A256 prep=1 rep=5 us=3405.81323
TIME A32 prep=1 rep=6 us=4530.64014
TIME A16 prep=1 rep=6 us=4533.5415
TIME A64 prep=1 rep=6 us=3557.96289
TIME A128 prep=1 rep=6 us=3464.50684
TIME A256 prep=1 rep=6 us=3405.7334
TIME A512 prep=1 rep=6 us=2628.26147
PASS
