QUANT bits=8 values=33554432 bad=0
QUANT bits=4 values=33554432 bad=0
CHECK A32 outputs=8388608 samples=256 bad=0 nonfinite=0 changed=0 rel_l2=0
CHECK A16 outputs=8388608 samples=256 bad=0 nonfinite=0 changed=0 rel_l2=0
CHECK A64 outputs=8388608 samples=256 bad=0 nonfinite=0 changed=8388240 rel_l2=0.000882587476
MATCH_PREVIOUS A64 values=8388608 bad=0
CHECK A128 outputs=8388608 samples=256 bad=0 nonfinite=0 changed=8388314 rel_l2=0.00120715208
MATCH_PREVIOUS A128 values=8388608 bad=0
CHECK A256 outputs=8388608 samples=256 bad=0 nonfinite=0 changed=8388415 rel_l2=0.00167732544
MATCH_PREVIOUS A256 values=8388608 bad=0
CHECK A512 outputs=8388608 samples=256 bad=0 nonfinite=0 changed=8388544 rel_l2=0.00656814682
MATCH_PREVIOUS A512 values=8388608 bad=0
META M=256 N=512 K=2048 experts=64 quantization_timed=1 full_q8_codes=1
TIME A32 prep=1 rep=0 us=4629.00244
TIME A16 prep=1 rep=0 us=4627.40771
TIME A64 prep=1 rep=0 us=3652.40527
TIME A128 prep=1 rep=0 us=3574.34155
TIME A256 prep=1 rep=0 us=3486.74683
TIME A512 prep=1 rep=0 us=2755.25854
TIME A16 prep=1 rep=1 us=4627.98389
TIME A64 prep=1 rep=1 us=3650.92773
TIME A128 prep=1 rep=1 us=3570.89624
TIME A256 prep=1 rep=1 us=3485.78687
TIME A512 prep=1 rep=1 us=2759.9895
TIME A32 prep=1 rep=1 us=4627.86133
TIME A64 prep=1 rep=2 us=3650.83716
TIME A128 prep=1 rep=2 us=3570.54395
TIME A256 prep=1 rep=2 us=3485.6106
TIME A512 prep=1 rep=2 us=2754.2666
TIME A32 prep=1 rep=2 us=4628.38428
TIME A16 prep=1 rep=2 us=4629.95215
TIME A128 prep=1 rep=3 us=3571.31738
TIME A256 prep=1 rep=3 us=3483.64819
TIME A512 prep=1 rep=3 us=2754.87476
TIME A32 prep=1 rep=3 us=4626.57617
TIME A16 prep=1 rep=3 us=4626.81592
TIME A64 prep=1 rep=3 us=3651.57837
TIME A256 prep=1 rep=4 us=3482.57056
TIME A512 prep=1 rep=4 us=2752.8479
TIME A32 prep=1 rep=4 us=4624.09619
TIME A16 prep=1 rep=4 us=4626.49072
TIME A64 prep=1 rep=4 us=3650.92285
TIME A128 prep=1 rep=4 us=3574.22925
TIME A512 prep=1 rep=5 us=2752.62402
TIME A32 prep=1 rep=5 us=4622.53857
TIME A16 prep=1 rep=5 us=4624.36816
TIME A64 prep=1 rep=5 us=3652.40015
TIME A128 prep=1 rep=5 us=3569.51978
TIME A256 prep=1 rep=5 us=3487.36548
TIME A32 prep=1 rep=6 us=4624.95459
TIME A16 prep=1 rep=6 us=4627.10889
TIME A64 prep=1 rep=6 us=3649.65332
TIME A128 prep=1 rep=6 us=3569.34375
TIME A256 prep=1 rep=6 us=3485.58398
TIME A512 prep=1 rep=6 us=2756.50122
PASS
