QUANT bits=8 values=33554432 bad=0
QUANT bits=4 values=33554432 bad=0
CHECK A32 outputs=8388608 samples=256 bad=0 nonfinite=0 changed=0 rel_l2=0
CHECK A16 outputs=8388608 samples=256 bad=0 nonfinite=0 changed=0 rel_l2=0
CHECK A512 outputs=8388608 samples=256 bad=0 nonfinite=0 changed=8388544 rel_l2=0.00656814682
META M=256 N=512 K=2048 experts=64 quantization_timed=1 full_q8_codes=1
TIME A32 prep=1 rep=0 us=4625.48242
TIME A16 prep=1 rep=0 us=4623.14111
TIME A512 prep=1 rep=0 us=3341.80273
TIME A16 prep=1 rep=1 us=4622.34131
TIME A512 prep=1 rep=1 us=3341.14673
TIME A32 prep=1 rep=1 us=4622.35205
TIME A512 prep=1 rep=2 us=3339.66406
TIME A32 prep=1 rep=2 us=4688.58643
TIME A16 prep=1 rep=2 us=4634.38428
TIME A32 prep=1 rep=3 us=4633.18408
TIME A16 prep=1 rep=3 us=4633.57861
TIME A512 prep=1 rep=3 us=3346.13867
TIME A16 prep=1 rep=4 us=4629.76025
TIME A512 prep=1 rep=4 us=3344.34106
TIME A32 prep=1 rep=4 us=4629.02393
TIME A512 prep=1 rep=5 us=3340.12793
TIME A32 prep=1 rep=5 us=4629.95215
TIME A16 prep=1 rep=5 us=4627.63721
TIME A32 prep=1 rep=6 us=4629.9624
TIME A16 prep=1 rep=6 us=4629.16797
TIME A512 prep=1 rep=6 us=3341.02417
PASS
