nvcc warning : Support for offline compilation for architectures prior to '<compute/sm/lto>_75' will be removed in a future release (Use -Wno-deprecated-gpu-targets to suppress warning).
ptxas info    : 0 bytes gmem
ptxas info    : Compiling entry function 'reduce32' for 'sm_60'
ptxas info    : Function properties for reduce32
    0 bytes stack frame, 0 bytes spill stores, 0 bytes spill loads
ptxas info    : Used 40 registers, used 0 barriers, 340 bytes cmem[0]
ptxas info    : Compile time = 8.908 ms
ptxas info    : Compiling entry function 'w4a4_h1_r4_b4' for 'sm_60'
ptxas info    : Function properties for w4a4_h1_r4_b4
    0 bytes stack frame, 0 bytes spill stores, 0 bytes spill loads
ptxas info    : Used 80 registers, used 0 barriers, 372 bytes cmem[0]
ptxas info    : Compile time = 191.066 ms
ptxas info    : Compiling entry function 'w4a4_h1_r2_b4' for 'sm_60'
ptxas info    : Function properties for w4a4_h1_r2_b4
    0 bytes stack frame, 0 bytes spill stores, 0 bytes spill loads
ptxas info    : Used 48 registers, used 0 barriers, 372 bytes cmem[0]
ptxas info    : Compile time = 54.830 ms
ptxas info    : Compiling entry function 'w4a4_h1_r1_b4' for 'sm_60'
ptxas info    : Function properties for w4a4_h1_r1_b4
    0 bytes stack frame, 0 bytes spill stores, 0 bytes spill loads
ptxas info    : Used 40 registers, used 0 barriers, 372 bytes cmem[0]
ptxas info    : Compile time = 28.099 ms
ptxas info    : Compiling entry function 'w4a4_h0_r4_b4' for 'sm_60'
ptxas info    : Function properties for w4a4_h0_r4_b4
    0 bytes stack frame, 0 bytes spill stores, 0 bytes spill loads
ptxas info    : Used 80 registers, used 0 barriers, 372 bytes cmem[0]
ptxas info    : Compile time = 61.522 ms
ptxas info    : Compiling entry function 'w4a4_h0_r2_b4' for 'sm_60'
ptxas info    : Function properties for w4a4_h0_r2_b4
    0 bytes stack frame, 0 bytes spill stores, 0 bytes spill loads
ptxas info    : Used 48 registers, used 0 barriers, 372 bytes cmem[0]
ptxas info    : Compile time = 33.785 ms
ptxas info    : Compiling entry function 'w4a4_h0_r1_b4' for 'sm_60'
ptxas info    : Function properties for w4a4_h0_r1_b4
    0 bytes stack frame, 0 bytes spill stores, 0 bytes spill loads
ptxas info    : Used 56 registers, used 0 barriers, 372 bytes cmem[0]
ptxas info    : Compile time = 22.307 ms
ptxas info    : Compiling entry function 'w4a4_h1_r4_b1' for 'sm_60'
ptxas info    : Function properties for w4a4_h1_r4_b1
    0 bytes stack frame, 0 bytes spill stores, 0 bytes spill loads
ptxas info    : Used 40 registers, used 0 barriers, 372 bytes cmem[0]
ptxas info    : Compile time = 38.585 ms
ptxas info    : Compiling entry function 'w4a4_h1_r2_b1' for 'sm_60'
ptxas info    : Function properties for w4a4_h1_r2_b1
    0 bytes stack frame, 0 bytes spill stores, 0 bytes spill loads
ptxas info    : Used 32 registers, used 0 barriers, 372 bytes cmem[0]
ptxas info    : Compile time = 19.949 ms
ptxas info    : Compiling entry function 'w4a4_h1_r1_b1' for 'sm_60'
ptxas info    : Function properties for w4a4_h1_r1_b1
    0 bytes stack frame, 0 bytes spill stores, 0 bytes spill loads
ptxas info    : Used 29 registers, used 0 barriers, 372 bytes cmem[0]
ptxas info    : Compile time = 10.103 ms
ptxas info    : Compiling entry function 'w4a4_h0_r4_b1' for 'sm_60'
ptxas info    : Function properties for w4a4_h0_r4_b1
    0 bytes stack frame, 0 bytes spill stores, 0 bytes spill loads
ptxas info    : Used 48 registers, used 0 barriers, 372 bytes cmem[0]
ptxas info    : Compile time = 23.394 ms
ptxas info    : Compiling entry function 'w4a4_h0_r2_b1' for 'sm_60'
ptxas info    : Function properties for w4a4_h0_r2_b1
    0 bytes stack frame, 0 bytes spill stores, 0 bytes spill loads
ptxas info    : Used 32 registers, used 0 barriers, 372 bytes cmem[0]
ptxas info    : Compile time = 12.140 ms
ptxas info    : Compiling entry function 'w4a4_h0_r1_b1' for 'sm_60'
ptxas info    : Function properties for w4a4_h0_r1_b1
    0 bytes stack frame, 0 bytes spill stores, 0 bytes spill loads
ptxas info    : Used 30 registers, used 0 barriers, 372 bytes cmem[0]
ptxas info    : Compile time = 7.777 ms
ptxas info    : Compiling entry function 'quantize' for 'sm_60'
ptxas info    : Function properties for quantize
    0 bytes stack frame, 0 bytes spill stores, 0 bytes spill loads
ptxas info    : Used 17 registers, used 0 barriers, 352 bytes cmem[0], 16 bytes cmem[2]
ptxas info    : Compile time = 6.611 ms
