QUANT bits=8 values=33554432 bad=0
QUANT bits=4 values=33554432 bad=0
CHECK A32 outputs=8388608 samples=256 bad=0 nonfinite=0 changed=0 rel_l2=0
CHECK A16 outputs=8388608 samples=256 bad=0 nonfinite=0 changed=0 rel_l2=0
CHECK A64 outputs=8388608 samples=256 bad=0 nonfinite=0 changed=8388240 rel_l2=0.000882587476
MATCH_PREVIOUS A64 values=8388608 bad=0
CHECK A128 outputs=8388608 samples=256 bad=0 nonfinite=0 changed=8388314 rel_l2=0.00120715208
MATCH_PREVIOUS A128 values=8388608 bad=0
CHECK A256 outputs=8388608 samples=256 bad=0 nonfinite=0 changed=8388415 rel_l2=0.00167732544
MATCH_PREVIOUS A256 values=8388608 bad=0
CHECK A512 outputs=8388608 samples=256 bad=0 nonfinite=0 changed=8388544 rel_l2=0.00656814682
MATCH_PREVIOUS A512 values=8388608 bad=0
META M=256 N=512 K=2048 experts=64 quantization_timed=1 full_q8_codes=1
TIME A32 prep=1 rep=0 us=4625.86133
TIME A16 prep=1 rep=0 us=4626.67236
TIME A64 prep=1 rep=0 us=3653.49316
TIME A128 prep=1 rep=0 us=3575.4668
TIME A256 prep=1 rep=0 us=3488.89624
TIME A512 prep=1 rep=0 us=2783.97339
TIME A16 prep=1 rep=1 us=4626.59229
TIME A64 prep=1 rep=1 us=3648.1814
TIME A128 prep=1 rep=1 us=3571.0293
TIME A256 prep=1 rep=1 us=3485.62671
TIME A512 prep=1 rep=1 us=2781.05591
TIME A32 prep=1 rep=1 us=4626.09619
TIME A64 prep=1 rep=2 us=3650.34155
TIME A128 prep=1 rep=2 us=3575.25366
TIME A256 prep=1 rep=2 us=3486.20239
TIME A512 prep=1 rep=2 us=2780.42114
TIME A32 prep=1 rep=2 us=4625.56299
TIME A16 prep=1 rep=2 us=4626.37354
TIME A128 prep=1 rep=3 us=3571.87769
TIME A256 prep=1 rep=3 us=3484.75757
TIME A512 prep=1 rep=3 us=2785.27466
TIME A32 prep=1 rep=3 us=4624.38379
TIME A16 prep=1 rep=3 us=4625.25879
TIME A64 prep=1 rep=3 us=3652.43188
TIME A256 prep=1 rep=4 us=3487.00269
TIME A512 prep=1 rep=4 us=2779.63745
TIME A32 prep=1 rep=4 us=4626.14404
TIME A16 prep=1 rep=4 us=4624.20801
TIME A64 prep=1 rep=4 us=3649.25317
TIME A128 prep=1 rep=4 us=3577.66406
TIME A512 prep=1 rep=5 us=2780.4375
TIME A32 prep=1 rep=5 us=4624.34668
TIME A16 prep=1 rep=5 us=4624.89062
TIME A64 prep=1 rep=5 us=3649.60547
TIME A128 prep=1 rep=5 us=3571.40796
TIME A256 prep=1 rep=5 us=3488.75195
TIME A32 prep=1 rep=6 us=4623.68506
TIME A16 prep=1 rep=6 us=4621.98926
TIME A64 prep=1 rep=6 us=3651.0188
TIME A128 prep=1 rep=6 us=3573.69067
TIME A256 prep=1 rep=6 us=3487.22681
TIME A512 prep=1 rep=6 us=2784.69897
PASS
