nvcc warning : Support for offline compilation for architectures prior to '<compute/sm/lto>_75' will be removed in a future release (Use -Wno-deprecated-gpu-targets to suppress warning).
/home/arian/P100-arithmetic/studies/w8-affinity-1p4-20260909/compact-plan-f32-semantics/pair.inc(153): warning #20058-D: the #pragma unroll must precede a loop
  #pragma unroll
          ^

Remark: The warnings can be suppressed with "-diag-suppress <warning-number>"

ptxas info    : 0 bytes gmem
ptxas info    : Compiling entry function '_Z11w8_old_halfILb1ELi0EEvPK12aw_work_descPK12aw_tile_desciiiPKi' for 'sm_60'
ptxas info    : Function properties for _Z11w8_old_halfILb1ELi0EEvPK12aw_work_descPK12aw_tile_desciiiPKi
    0 bytes stack frame, 0 bytes spill stores, 0 bytes spill loads
ptxas info    : Used 128 registers, used 1 barriers, 24576 bytes smem, 360 bytes cmem[0]
ptxas info    : Compile time = 191.637 ms
ptxas info    : Compiling entry function '_Z11w8_old_halfILb1ELi4EEvPK12aw_work_descPK12aw_tile_desciiiPKi' for 'sm_60'
ptxas info    : Function properties for _Z11w8_old_halfILb1ELi4EEvPK12aw_work_descPK12aw_tile_desciiiPKi
    0 bytes stack frame, 0 bytes spill stores, 0 bytes spill loads
ptxas info    : Used 193 registers, used 1 barriers, 24576 bytes smem, 360 bytes cmem[0]
ptxas info    : Compile time = 213.327 ms
ptxas info    : Compiling entry function '_Z11w8_old_halfILb1ELi2EEvPK12aw_work_descPK12aw_tile_desciiiPKi' for 'sm_60'
ptxas info    : Function properties for _Z11w8_old_halfILb1ELi2EEvPK12aw_work_descPK12aw_tile_desciiiPKi
    0 bytes stack frame, 0 bytes spill stores, 0 bytes spill loads
ptxas info    : Used 193 registers, used 1 barriers, 24576 bytes smem, 360 bytes cmem[0]
ptxas info    : Compile time = 207.305 ms
ptxas info    : Compiling entry function '_Z11w8_old_halfILb1ELi1EEvPK12aw_work_descPK12aw_tile_desciiiPKi' for 'sm_60'
ptxas info    : Function properties for _Z11w8_old_halfILb1ELi1EEvPK12aw_work_descPK12aw_tile_desciiiPKi
    0 bytes stack frame, 0 bytes spill stores, 0 bytes spill loads
ptxas info    : Used 176 registers, used 1 barriers, 24576 bytes smem, 360 bytes cmem[0]
ptxas info    : Compile time = 208.601 ms
ptxas info    : Compiling entry function '_Z9w8_lowactILi4EEvPK12aw_work_descPK12aw_tile_desciiiPKi' for 'sm_60'
ptxas info    : Function properties for _Z9w8_lowactILi4EEvPK12aw_work_descPK12aw_tile_desciiiPKi
    0 bytes stack frame, 0 bytes spill stores, 0 bytes spill loads
ptxas info    : Used 127 registers, used 1 barriers, 32768 bytes smem, 360 bytes cmem[0]
ptxas info    : Compile time = 100.858 ms
ptxas info    : Compiling entry function '_Z9w8_lowactILi8EEvPK12aw_work_descPK12aw_tile_desciiiPKi' for 'sm_60'
ptxas info    : Function properties for _Z9w8_lowactILi8EEvPK12aw_work_descPK12aw_tile_desciiiPKi
    0 bytes stack frame, 0 bytes spill stores, 0 bytes spill loads
ptxas info    : Used 127 registers, used 1 barriers, 32768 bytes smem, 360 bytes cmem[0]
ptxas info    : Compile time = 100.361 ms
ptxas info    : Compiling entry function '_Z36aw_q8_service_m64_n128_halfpipe_syncILb1EEvPK12aw_work_descPK12aw_tile_desciiiPKi' for 'sm_60'
ptxas info    : Function properties for _Z36aw_q8_service_m64_n128_halfpipe_syncILb1EEvPK12aw_work_descPK12aw_tile_desciiiPKi
    0 bytes stack frame, 0 bytes spill stores, 0 bytes spill loads
ptxas info    : Used 122 registers, used 1 barriers, 32768 bytes smem, 360 bytes cmem[0]
ptxas info    : Compile time = 99.145 ms
ptxas info    : Compiling entry function '_Z36aw_q8_service_m64_n128_halfpipe_syncILb0EEvPK12aw_work_descPK12aw_tile_desciiiPKi' for 'sm_60'
ptxas info    : Function properties for _Z36aw_q8_service_m64_n128_halfpipe_syncILb0EEvPK12aw_work_descPK12aw_tile_desciiiPKi
    0 bytes stack frame, 0 bytes spill stores, 0 bytes spill loads
ptxas info    : Used 122 registers, used 1 barriers, 32768 bytes smem, 360 bytes cmem[0]
ptxas info    : Compile time = 98.037 ms
ptxas info    : Compiling entry function '_Z12w8_pair_halfILb0ELi0ELi0ELi0EEvPK12aw_work_descPK12aw_tile_desciiiPKi' for 'sm_60'
ptxas info    : Function properties for _Z12w8_pair_halfILb0ELi0ELi0ELi0EEvPK12aw_work_descPK12aw_tile_desciiiPKi
    0 bytes stack frame, 0 bytes spill stores, 0 bytes spill loads
ptxas info    : Used 126 registers, used 1 barriers, 32768 bytes smem, 360 bytes cmem[0]
ptxas info    : Compile time = 191.325 ms
ptxas info    : Compiling entry function '_Z12w8_pair_halfILb0ELi0ELi2048ELi512EEvPK12aw_work_descPK12aw_tile_desciiiPKi' for 'sm_60'
ptxas info    : Function properties for _Z12w8_pair_halfILb0ELi0ELi2048ELi512EEvPK12aw_work_descPK12aw_tile_desciiiPKi
    0 bytes stack frame, 0 bytes spill stores, 0 bytes spill loads
ptxas info    : Used 123 registers, used 1 barriers, 32768 bytes smem, 360 bytes cmem[0]
ptxas info    : Compile time = 168.005 ms
ptxas info    : Compiling entry function '_Z12w8_pair_halfILb0ELi0ELi512ELi2048EEvPK12aw_work_descPK12aw_tile_desciiiPKi' for 'sm_60'
ptxas info    : Function properties for _Z12w8_pair_halfILb0ELi0ELi512ELi2048EEvPK12aw_work_descPK12aw_tile_desciiiPKi
    0 bytes stack frame, 0 bytes spill stores, 0 bytes spill loads
ptxas info    : Used 123 registers, used 1 barriers, 32768 bytes smem, 360 bytes cmem[0]
ptxas info    : Compile time = 168.061 ms
ptxas info    : Compiling entry function '_Z16w8_fallback_halfILb0ELi0EEvPK12aw_work_descPK12aw_tile_desciiiPKi' for 'sm_60'
ptxas info    : Function properties for _Z16w8_fallback_halfILb0ELi0EEvPK12aw_work_descPK12aw_tile_desciiiPKi
    0 bytes stack frame, 0 bytes spill stores, 0 bytes spill loads
ptxas info    : Used 88 registers, used 1 barriers, 24576 bytes smem, 360 bytes cmem[0]
ptxas info    : Compile time = 86.114 ms
ptxas info    : Compiling entry function '_Z12w8_pair_halfILb0ELi4ELi0ELi0EEvPK12aw_work_descPK12aw_tile_desciiiPKi' for 'sm_60'
ptxas info    : Function properties for _Z12w8_pair_halfILb0ELi4ELi0ELi0EEvPK12aw_work_descPK12aw_tile_desciiiPKi
    0 bytes stack frame, 0 bytes spill stores, 0 bytes spill loads
ptxas info    : Used 197 registers, used 1 barriers, 32768 bytes smem, 360 bytes cmem[0]
ptxas info    : Compile time = 204.378 ms
ptxas info    : Compiling entry function '_Z16w8_fallback_halfILb0ELi4EEvPK12aw_work_descPK12aw_tile_desciiiPKi' for 'sm_60'
ptxas info    : Function properties for _Z16w8_fallback_halfILb0ELi4EEvPK12aw_work_descPK12aw_tile_desciiiPKi
    0 bytes stack frame, 0 bytes spill stores, 0 bytes spill loads
ptxas info    : Used 128 registers, used 1 barriers, 24576 bytes smem, 360 bytes cmem[0]
ptxas info    : Compile time = 96.162 ms
ptxas info    : Compiling entry function '_Z12w8_pair_halfILb0ELi2ELi0ELi0EEvPK12aw_work_descPK12aw_tile_desciiiPKi' for 'sm_60'
ptxas info    : Function properties for _Z12w8_pair_halfILb0ELi2ELi0ELi0EEvPK12aw_work_descPK12aw_tile_desciiiPKi
    0 bytes stack frame, 0 bytes spill stores, 0 bytes spill loads
ptxas info    : Used 197 registers, used 1 barriers, 32768 bytes smem, 360 bytes cmem[0]
ptxas info    : Compile time = 205.673 ms
ptxas info    : Compiling entry function '_Z16w8_fallback_halfILb0ELi2EEvPK12aw_work_descPK12aw_tile_desciiiPKi' for 'sm_60'
ptxas info    : Function properties for _Z16w8_fallback_halfILb0ELi2EEvPK12aw_work_descPK12aw_tile_desciiiPKi
    0 bytes stack frame, 0 bytes spill stores, 0 bytes spill loads
ptxas info    : Used 128 registers, used 1 barriers, 24576 bytes smem, 360 bytes cmem[0]
ptxas info    : Compile time = 94.635 ms
ptxas info    : Compiling entry function '_Z12w8_pair_halfILb0ELi1ELi0ELi0EEvPK12aw_work_descPK12aw_tile_desciiiPKi' for 'sm_60'
ptxas info    : Function properties for _Z12w8_pair_halfILb0ELi1ELi0ELi0EEvPK12aw_work_descPK12aw_tile_desciiiPKi
    0 bytes stack frame, 0 bytes spill stores, 0 bytes spill loads
ptxas info    : Used 196 registers, used 1 barriers, 32768 bytes smem, 360 bytes cmem[0]
ptxas info    : Compile time = 209.032 ms
ptxas info    : Compiling entry function '_Z16w8_fallback_halfILb0ELi1EEvPK12aw_work_descPK12aw_tile_desciiiPKi' for 'sm_60'
ptxas info    : Function properties for _Z16w8_fallback_halfILb0ELi1EEvPK12aw_work_descPK12aw_tile_desciiiPKi
    0 bytes stack frame, 0 bytes spill stores, 0 bytes spill loads
ptxas info    : Used 122 registers, used 1 barriers, 24576 bytes smem, 360 bytes cmem[0]
ptxas info    : Compile time = 91.270 ms
ptxas info    : Compiling entry function '_Z8quantizeILi4EEvPK6__halfPhm' for 'sm_60'
ptxas info    : Function properties for _Z8quantizeILi4EEvPK6__halfPhm
    0 bytes stack frame, 0 bytes spill stores, 0 bytes spill loads
ptxas info    : Used 21 registers, used 0 barriers, 344 bytes cmem[0], 24 bytes cmem[2]
ptxas info    : Compile time = 7.766 ms
ptxas info    : Compiling entry function '_Z8quantizeILi8EEvPK6__halfPhm' for 'sm_60'
ptxas info    : Function properties for _Z8quantizeILi8EEvPK6__halfPhm
    0 bytes stack frame, 0 bytes spill stores, 0 bytes spill loads
ptxas info    : Used 21 registers, used 0 barriers, 344 bytes cmem[0], 20 bytes cmem[2]
ptxas info    : Compile time = 7.393 ms
ptxas info    : Compiling entry function '_Z15w8_check_decodePj' for 'sm_60'
ptxas info    : Function properties for _Z15w8_check_decodePj
    0 bytes stack frame, 0 bytes spill stores, 0 bytes spill loads
ptxas info    : Used 10 registers, used 0 barriers, 328 bytes cmem[0], 12 bytes cmem[2]
ptxas info    : Compile time = 1.955 ms
ptxas info    : Compiling entry function '_Z13w8_make_pairsPK12aw_tile_desciPS_S2_Pi' for 'sm_60'
ptxas info    : Function properties for _Z13w8_make_pairsPK12aw_tile_desciPS_S2_Pi
    0 bytes stack frame, 0 bytes spill stores, 0 bytes spill loads
ptxas info    : Used 23 registers, used 1 barriers, 8 bytes smem, 360 bytes cmem[0]
ptxas info    : Compile time = 6.276 ms
