QUANT bits=8 values=8388608 bad=0
QUANT bits=4 values=8388608 bad=0
CHECK A32 outputs=33554432 samples=256 bad=0 nonfinite=0 changed=0 rel_l2=0
CHECK A16 outputs=33554432 samples=256 bad=0 nonfinite=0 changed=0 rel_l2=0
CHECK A64 outputs=33554432 samples=256 bad=0 nonfinite=0 changed=33552961 rel_l2=0.000882661185
MATCH_PREVIOUS A64 values=33554432 bad=0
CHECK A128 outputs=33554432 samples=256 bad=0 nonfinite=0 changed=33553339 rel_l2=0.00120743371
MATCH_PREVIOUS A128 values=33554432 bad=0
CHECK A256 outputs=33554432 samples=256 bad=0 nonfinite=0 changed=33553631 rel_l2=0.00167724372
MATCH_PREVIOUS A256 values=33554432 bad=0
CHECK A512 outputs=33554432 samples=256 bad=0 nonfinite=0 changed=33553982 rel_l2=0.00330551495
MATCH_PREVIOUS A512 values=33554432 bad=0
CHECK A4096 outputs=33554432 samples=256 bad=0 nonfinite=0 changed=0 rel_l2=0
CHECK A8192 outputs=33554432 samples=256 bad=0 nonfinite=0 changed=0 rel_l2=0
META M=256 N=2048 K=512 experts=64 quantization_timed=1 full_q8_codes=1
TIME A32 prep=1 rep=0 us=4527.30664
TIME A16 prep=1 rep=0 us=4528.35205
TIME A64 prep=1 rep=0 us=3554.02661
TIME A128 prep=1 rep=0 us=3468.68823
TIME A256 prep=1 rep=0 us=3382.69336
TIME A512 prep=1 rep=0 us=2639.17334
TIME A4096 prep=1 rep=0 us=4773.45068
TIME A8192 prep=1 rep=0 us=4601.46143
TIME A16 prep=1 rep=1 us=4532.01074
TIME A64 prep=1 rep=1 us=3557.15723
TIME A128 prep=1 rep=1 us=3468.46948
TIME A256 prep=1 rep=1 us=3383.6106
TIME A512 prep=1 rep=1 us=2648.19189
TIME A4096 prep=1 rep=1 us=4778
TIME A8192 prep=1 rep=1 us=4601.05615
TIME A32 prep=1 rep=1 us=4528.52783
TIME A64 prep=1 rep=2 us=3553.28516
TIME A128 prep=1 rep=2 us=3468.07983
TIME A256 prep=1 rep=2 us=3381.98413
TIME A512 prep=1 rep=2 us=2642.91211
TIME A4096 prep=1 rep=2 us=4781.97314
TIME A8192 prep=1 rep=2 us=4594.65576
TIME A32 prep=1 rep=2 us=4530.69873
TIME A16 prep=1 rep=2 us=4530.11768
TIME A128 prep=1 rep=3 us=3463.15723
TIME A256 prep=1 rep=3 us=3384.06934
TIME A512 prep=1 rep=3 us=2634.99194
TIME A4096 prep=1 rep=3 us=4779.87744
TIME A8192 prep=1 rep=3 us=4598.17041
TIME A32 prep=1 rep=3 us=4527.58936
TIME A16 prep=1 rep=3 us=4535.81348
TIME A64 prep=1 rep=3 us=3558.09595
TIME A256 prep=1 rep=4 us=3384.10132
TIME A512 prep=1 rep=4 us=2633.32788
TIME A4096 prep=1 rep=4 us=4774.67725
TIME A8192 prep=1 rep=4 us=4594.7041
TIME A32 prep=1 rep=4 us=4530.15479
TIME A16 prep=1 rep=4 us=4538.31982
TIME A64 prep=1 rep=4 us=3554.02124
TIME A128 prep=1 rep=4 us=3467.02368
TIME A512 prep=1 rep=5 us=2632.896
TIME A4096 prep=1 rep=5 us=4776.89062
TIME A8192 prep=1 rep=5 us=4598.6665
TIME A32 prep=1 rep=5 us=4530.79492
TIME A16 prep=1 rep=5 us=4533.45068
TIME A64 prep=1 rep=5 us=3553.30664
TIME A128 prep=1 rep=5 us=3467.19458
TIME A256 prep=1 rep=5 us=3382.80542
TIME A4096 prep=1 rep=6 us=4780.90137
TIME A8192 prep=1 rep=6 us=4600.44775
TIME A32 prep=1 rep=6 us=4527.14111
TIME A16 prep=1 rep=6 us=4531.29639
TIME A64 prep=1 rep=6 us=3554.30933
TIME A128 prep=1 rep=6 us=3469.71753
TIME A256 prep=1 rep=6 us=3382.68286
TIME A512 prep=1 rep=6 us=2627.03467
PASS
