========= COMPUTE-SANITIZER
QUANT bits=8 values=202752 bad=0
QUANT bits=4 values=202752 bad=0
CHECK A32 outputs=270336 samples=256 bad=0 nonfinite=0 changed=0 rel_l2=0
CHECK A16 outputs=270336 samples=256 bad=0 nonfinite=0 changed=0 rel_l2=0
CHECK A64 outputs=270336 samples=256 bad=0 nonfinite=0 changed=270324 rel_l2=0.000876341434
MATCH_PREVIOUS A64 values=270336 bad=0
CHECK A128 outputs=270336 samples=256 bad=0 nonfinite=0 changed=270327 rel_l2=0.00110327415
MATCH_PREVIOUS A128 values=270336 bad=0
CHECK A256 outputs=270336 samples=256 bad=0 nonfinite=0 changed=270329 rel_l2=0.00146271965
MATCH_PREVIOUS A256 values=270336 bad=0
CHECK A512 outputs=270336 samples=256 bad=0 nonfinite=0 changed=270329 rel_l2=0.00146271965
MATCH_PREVIOUS A512 values=270336 bad=0
CHECK A4096 outputs=270336 samples=256 bad=0 nonfinite=0 changed=0 rel_l2=0
CHECK A8192 outputs=270336 samples=256 bad=0 nonfinite=0 changed=0 rel_l2=0
META M=33 N=128 K=96 experts=64 quantization_timed=1 full_q8_codes=1
TIME A32 prep=1 rep=0 us=203411.938
TIME A16 prep=1 rep=0 us=200613.953
TIME A64 prep=1 rep=0 us=234248.375
TIME A128 prep=1 rep=0 us=238428.281
TIME A256 prep=1 rep=0 us=242111.734
TIME A512 prep=1 rep=0 us=239662.75
TIME A4096 prep=1 rep=0 us=233394.797
TIME A8192 prep=1 rep=0 us=232881.828
PASS
========= RACECHECK SUMMARY: 0 hazards displayed (0 errors, 0 warnings)
