QUANT bits=8 values=33554432 bad=0
QUANT bits=4 values=33554432 bad=0
CHECK A32 outputs=8388608 samples=256 bad=0 nonfinite=0 changed=0 rel_l2=0
CHECK A16 outputs=8388608 samples=256 bad=0 nonfinite=0 changed=0 rel_l2=0
CHECK A64 outputs=8388608 samples=256 bad=0 nonfinite=0 changed=8388184 rel_l2=0.000646669288
MATCH_PREVIOUS A64 values=8388608 bad=0
CHECK A128 outputs=8388608 samples=256 bad=0 nonfinite=0 changed=8388212 rel_l2=0.000870531122
MATCH_PREVIOUS A128 values=8388608 bad=0
CHECK A256 outputs=8388608 samples=256 bad=0 nonfinite=0 changed=8388329 rel_l2=0.00119812381
MATCH_PREVIOUS A256 values=8388608 bad=0
CHECK A512 outputs=8388608 samples=256 bad=0 nonfinite=0 changed=8388529 rel_l2=0.00465019343
MATCH_PREVIOUS A512 values=8388608 bad=0
META M=256 N=512 K=2048 experts=64 quantization_timed=1 full_q8_codes=1
TIME A32 prep=1 rep=0 us=4626.67236
TIME A16 prep=1 rep=0 us=4626.8374
TIME A64 prep=1 rep=0 us=3908.30933
TIME A128 prep=1 rep=0 us=3804.41602
TIME A256 prep=1 rep=0 us=3661.36011
TIME A512 prep=1 rep=0 us=2659.50928
TIME A16 prep=1 rep=1 us=4625.39209
TIME A64 prep=1 rep=1 us=3904.07446
TIME A128 prep=1 rep=1 us=3808.5918
TIME A256 prep=1 rep=1 us=3659.59985
TIME A512 prep=1 rep=1 us=2655.94141
TIME A32 prep=1 rep=1 us=4625.69092
TIME A64 prep=1 rep=2 us=3904.76782
TIME A128 prep=1 rep=2 us=3803.49316
TIME A256 prep=1 rep=2 us=3667.88794
TIME A512 prep=1 rep=2 us=2655.36523
TIME A32 prep=1 rep=2 us=4621.56787
TIME A16 prep=1 rep=2 us=4627.08789
TIME A128 prep=1 rep=3 us=3806.28809
TIME A256 prep=1 rep=3 us=3657.70679
TIME A512 prep=1 rep=3 us=2653.67993
TIME A32 prep=1 rep=3 us=4627.09863
TIME A16 prep=1 rep=3 us=4624.04248
TIME A64 prep=1 rep=3 us=3911.17871
TIME A256 prep=1 rep=4 us=3659.64771
TIME A512 prep=1 rep=4 us=2653.92529
TIME A32 prep=1 rep=4 us=4624.74121
TIME A16 prep=1 rep=4 us=4623.90381
TIME A64 prep=1 rep=4 us=3910.36255
TIME A128 prep=1 rep=4 us=3802.09058
TIME A512 prep=1 rep=5 us=2652.95996
TIME A32 prep=1 rep=5 us=4624.45312
TIME A16 prep=1 rep=5 us=4622.91211
TIME A64 prep=1 rep=5 us=3906.99194
TIME A128 prep=1 rep=5 us=3799.93579
TIME A256 prep=1 rep=5 us=3664.44824
TIME A32 prep=1 rep=6 us=4624.77881
TIME A16 prep=1 rep=6 us=4626.39453
TIME A64 prep=1 rep=6 us=3905.53613
TIME A128 prep=1 rep=6 us=3803.06152
TIME A256 prep=1 rep=6 us=3660.66138
TIME A512 prep=1 rep=6 us=2656.91187
PASS
