DECODE_EXHAUSTIVE cases=16252928 bad=0
QUANT bits=8 values=33554432 bad=0
QUANT bits=4 values=33554432 bad=0
CHECK A32 outputs=8388608 samples=256 bad=0 nonfinite=0 changed=0 rel_l2=0
CHECK A16 outputs=8388608 samples=256 bad=0 nonfinite=0 changed=0 rel_l2=0
CHECK A64 outputs=8388608 samples=256 bad=0 nonfinite=0 changed=8388184 rel_l2=0.000646669288
MATCH_PREVIOUS A64 values=8388608 bad=0
CHECK A128 outputs=8388608 samples=256 bad=0 nonfinite=0 changed=8388212 rel_l2=0.000870531122
MATCH_PREVIOUS A128 values=8388608 bad=0
CHECK A256 outputs=8388608 samples=256 bad=0 nonfinite=0 changed=8388329 rel_l2=0.00119812381
MATCH_PREVIOUS A256 values=8388608 bad=0
CHECK A512 outputs=8388608 samples=256 bad=0 nonfinite=0 changed=8388529 rel_l2=0.00465019343
MATCH_PREVIOUS A512 values=8388608 bad=0
META M=256 N=512 K=2048 experts=64 quantization_timed=1 full_q8_codes=1
TIME A32 prep=1 rep=0 us=4627.86133
TIME A16 prep=1 rep=0 us=4623.74414
TIME A64 prep=1 rep=0 us=3773.72827
TIME A128 prep=1 rep=0 us=3598.45312
TIME A256 prep=1 rep=0 us=3443.1521
TIME A512 prep=1 rep=0 us=2508.26147
TIME A16 prep=1 rep=1 us=4625.33838
TIME A64 prep=1 rep=1 us=3768.74121
TIME A128 prep=1 rep=1 us=3590.01074
TIME A256 prep=1 rep=1 us=3443.41333
TIME A512 prep=1 rep=1 us=2507.13062
TIME A32 prep=1 rep=1 us=4627.43457
TIME A64 prep=1 rep=2 us=3778.11206
TIME A128 prep=1 rep=2 us=3592.52246
TIME A256 prep=1 rep=2 us=3443.56812
TIME A512 prep=1 rep=2 us=2505.81323
TIME A32 prep=1 rep=2 us=4624.67188
TIME A16 prep=1 rep=2 us=4625.24268
TIME A128 prep=1 rep=3 us=3595.33887
TIME A256 prep=1 rep=3 us=3444.94946
TIME A512 prep=1 rep=3 us=2505.71729
TIME A32 prep=1 rep=3 us=4621.36523
TIME A16 prep=1 rep=3 us=4623.36572
TIME A64 prep=1 rep=3 us=3776.24536
TIME A256 prep=1 rep=4 us=3444.03735
TIME A512 prep=1 rep=4 us=2506.32544
TIME A32 prep=1 rep=4 us=4623.31738
TIME A16 prep=1 rep=4 us=4657.98926
TIME A64 prep=1 rep=4 us=3840.68262
TIME A128 prep=1 rep=4 us=3633.88257
TIME A512 prep=1 rep=5 us=2528.32007
TIME A32 prep=1 rep=5 us=4651.00781
TIME A16 prep=1 rep=5 us=4622.39453
TIME A64 prep=1 rep=5 us=3770.99731
TIME A128 prep=1 rep=5 us=3594.11206
TIME A256 prep=1 rep=5 us=3453.30151
TIME A32 prep=1 rep=6 us=4623.65869
TIME A16 prep=1 rep=6 us=4622.59717
TIME A64 prep=1 rep=6 us=3767.00806
TIME A128 prep=1 rep=6 us=3592.91724
TIME A256 prep=1 rep=6 us=3443.77075
TIME A512 prep=1 rep=6 us=2507.59985
PASS
