DECODE_EXHAUSTIVE cases=16252928 bad=0
QUANT bits=8 values=8388608 bad=0
QUANT bits=4 values=8388608 bad=0
CHECK A32 outputs=33554432 samples=256 bad=0 nonfinite=0 changed=0 rel_l2=0
CHECK A16 outputs=33554432 samples=256 bad=0 nonfinite=0 changed=0 rel_l2=0
CHECK A64 outputs=33554432 samples=256 bad=0 nonfinite=0 changed=33552460 rel_l2=0.000646755344
MATCH_PREVIOUS A64 values=33554432 bad=0
CHECK A128 outputs=33554432 samples=256 bad=0 nonfinite=0 changed=33552924 rel_l2=0.000870702495
MATCH_PREVIOUS A128 values=33554432 bad=0
CHECK A256 outputs=33554432 samples=256 bad=0 nonfinite=0 changed=33553306 rel_l2=0.0011977545
MATCH_PREVIOUS A256 values=33554432 bad=0
CHECK A512 outputs=33554432 samples=256 bad=0 nonfinite=0 changed=33553839 rel_l2=0.00234354039
MATCH_PREVIOUS A512 values=33554432 bad=0
META M=256 N=2048 K=512 experts=64 quantization_timed=1 full_q8_codes=1
TIME A32 prep=1 rep=0 us=4541.76025
TIME A16 prep=1 rep=0 us=4534.34668
TIME A64 prep=1 rep=0 us=3696.37866
TIME A128 prep=1 rep=0 us=3523.10425
TIME A256 prep=1 rep=0 us=3382.22388
TIME A512 prep=1 rep=0 us=2431.38647
TIME A16 prep=1 rep=1 us=4524.34131
TIME A64 prep=1 rep=1 us=3688.7627
TIME A128 prep=1 rep=1 us=3519.96802
TIME A256 prep=1 rep=1 us=3382.81616
TIME A512 prep=1 rep=1 us=2430.0105
TIME A32 prep=1 rep=1 us=4535.0293
TIME A64 prep=1 rep=2 us=3691.07227
TIME A128 prep=1 rep=2 us=3518.87988
TIME A256 prep=1 rep=2 us=3382.50684
TIME A512 prep=1 rep=2 us=2428.36255
TIME A32 prep=1 rep=2 us=4524.01611
TIME A16 prep=1 rep=2 us=4529.38135
TIME A128 prep=1 rep=3 us=3514.84277
TIME A256 prep=1 rep=3 us=3381.2373
TIME A512 prep=1 rep=3 us=2428.47998
TIME A32 prep=1 rep=3 us=4526.63428
TIME A16 prep=1 rep=3 us=4524.41064
TIME A64 prep=1 rep=3 us=3686.76782
TIME A256 prep=1 rep=4 us=3379.33862
TIME A512 prep=1 rep=4 us=2431.30664
TIME A32 prep=1 rep=4 us=4539.53613
TIME A16 prep=1 rep=4 us=4579.73877
TIME A64 prep=1 rep=4 us=3755.07739
TIME A128 prep=1 rep=4 us=3580.16016
TIME A512 prep=1 rep=5 us=2447.09888
TIME A32 prep=1 rep=5 us=4541.2959
TIME A16 prep=1 rep=5 us=4530.17578
TIME A64 prep=1 rep=5 us=3697.13599
TIME A128 prep=1 rep=5 us=3524.33081
TIME A256 prep=1 rep=5 us=3382.63989
TIME A32 prep=1 rep=6 us=4537.47217
TIME A16 prep=1 rep=6 us=4525.72803
TIME A64 prep=1 rep=6 us=3691.04004
TIME A128 prep=1 rep=6 us=3516.48022
TIME A256 prep=1 rep=6 us=3382.46899
TIME A512 prep=1 rep=6 us=2432.76807
PASS
