QUANT bits=8 values=8388608 bad=0
QUANT bits=4 values=8388608 bad=0
CHECK A32 outputs=33554432 samples=256 bad=0 nonfinite=0 changed=0 rel_l2=0
CHECK A16 outputs=33554432 samples=256 bad=0 nonfinite=0 changed=0 rel_l2=0
CHECK A64 outputs=33554432 samples=256 bad=0 nonfinite=0 changed=33552961 rel_l2=0.000882661185
CHECK A128 outputs=33554432 samples=256 bad=0 nonfinite=0 changed=33553339 rel_l2=0.00120743371
CHECK A256 outputs=33554432 samples=256 bad=0 nonfinite=0 changed=33553631 rel_l2=0.00167724372
CHECK A512 outputs=33554432 samples=256 bad=0 nonfinite=0 changed=33553982 rel_l2=0.00330551495
META M=256 N=2048 K=512 experts=64 quantization_timed=1 full_q8_codes=1
TIME A32 prep=1 rep=0 us=4531.68506
TIME A16 prep=1 rep=0 us=4532.12256
TIME A64 prep=1 rep=0 us=3304.51196
TIME A128 prep=1 rep=0 us=3181.89331
TIME A256 prep=1 rep=0 us=3110.50122
TIME A512 prep=1 rep=0 us=2877.89355
TIME A16 prep=1 rep=1 us=4531.71191
TIME A64 prep=1 rep=1 us=3302.32007
TIME A128 prep=1 rep=1 us=3183.62695
TIME A256 prep=1 rep=1 us=3110.29321
TIME A512 prep=1 rep=1 us=2876.03735
TIME A32 prep=1 rep=1 us=4526.86963
TIME A64 prep=1 rep=2 us=3302.44263
TIME A128 prep=1 rep=2 us=3180.48022
TIME A256 prep=1 rep=2 us=3110.69336
TIME A512 prep=1 rep=2 us=2880.09595
TIME A32 prep=1 rep=2 us=4539.5625
TIME A16 prep=1 rep=2 us=4524.896
TIME A128 prep=1 rep=3 us=3181.47729
TIME A256 prep=1 rep=3 us=3108.48535
TIME A512 prep=1 rep=3 us=2876.72534
TIME A32 prep=1 rep=3 us=4541.11475
TIME A16 prep=1 rep=3 us=4537.95215
TIME A64 prep=1 rep=3 us=3302.3147
TIME A256 prep=1 rep=4 us=3111.22144
TIME A512 prep=1 rep=4 us=2878.20776
TIME A32 prep=1 rep=4 us=4534.56543
TIME A16 prep=1 rep=4 us=4530.64551
TIME A64 prep=1 rep=4 us=3302.74683
TIME A128 prep=1 rep=4 us=3181.85083
TIME A512 prep=1 rep=5 us=2878.73071
TIME A32 prep=1 rep=5 us=4529.09863
TIME A16 prep=1 rep=5 us=4526.42139
TIME A64 prep=1 rep=5 us=3304.55981
TIME A128 prep=1 rep=5 us=3182.60815
TIME A256 prep=1 rep=5 us=3109.9519
TIME A32 prep=1 rep=6 us=4534.85303
TIME A16 prep=1 rep=6 us=4530.20801
TIME A64 prep=1 rep=6 us=3302.22388
TIME A128 prep=1 rep=6 us=3182.71973
TIME A256 prep=1 rep=6 us=3110.00562
TIME A512 prep=1 rep=6 us=2877.49878
PASS
