QUANT bits=8 values=33554432 bad=0
QUANT bits=4 values=33554432 bad=0
CHECK A32 outputs=8388608 samples=256 bad=0 nonfinite=0 changed=0 rel_l2=0
CHECK A16 outputs=8388608 samples=256 bad=0 nonfinite=0 changed=0 rel_l2=0
CHECK A64 outputs=8388608 samples=256 bad=0 nonfinite=0 changed=8388240 rel_l2=0.000882587476
CHECK A128 outputs=8388608 samples=256 bad=0 nonfinite=0 changed=8388314 rel_l2=0.00120715208
CHECK A256 outputs=8388608 samples=256 bad=0 nonfinite=0 changed=8388415 rel_l2=0.00167732544
CHECK A512 outputs=8388608 samples=256 bad=0 nonfinite=0 changed=8388544 rel_l2=0.00656814682
META M=256 N=512 K=2048 experts=64 quantization_timed=1 full_q8_codes=1
TIME A32 prep=1 rep=0 us=4626.13867
TIME A16 prep=1 rep=0 us=4626.896
TIME A64 prep=1 rep=0 us=3389.63745
TIME A128 prep=1 rep=0 us=3277.40259
TIME A256 prep=1 rep=0 us=3196.94409
TIME A512 prep=1 rep=0 us=2920.59204
TIME A16 prep=1 rep=1 us=4624.67188
TIME A64 prep=1 rep=1 us=3389.14136
TIME A128 prep=1 rep=1 us=3277.20532
TIME A256 prep=1 rep=1 us=3196.07983
TIME A512 prep=1 rep=1 us=2921.22681
TIME A32 prep=1 rep=1 us=4627.29639
TIME A64 prep=1 rep=2 us=3389.81836
TIME A128 prep=1 rep=2 us=3276.90137
TIME A256 prep=1 rep=2 us=3196.96509
TIME A512 prep=1 rep=2 us=2919.77051
TIME A32 prep=1 rep=2 us=4626.58643
TIME A16 prep=1 rep=2 us=4627.80811
TIME A128 prep=1 rep=3 us=3277.44019
TIME A256 prep=1 rep=3 us=3197.91479
TIME A512 prep=1 rep=3 us=2920.37329
TIME A32 prep=1 rep=3 us=4626.12793
TIME A16 prep=1 rep=3 us=4626.95459
TIME A64 prep=1 rep=3 us=3390.98145
TIME A256 prep=1 rep=4 us=3195.94141
TIME A512 prep=1 rep=4 us=2920.74683
TIME A32 prep=1 rep=4 us=4625.27979
TIME A16 prep=1 rep=4 us=4624.95459
TIME A64 prep=1 rep=4 us=3389.71753
TIME A128 prep=1 rep=4 us=3277.72266
TIME A512 prep=1 rep=5 us=2921.18384
TIME A32 prep=1 rep=5 us=4624.8374
TIME A16 prep=1 rep=5 us=4625.85596
TIME A64 prep=1 rep=5 us=3389.69067
TIME A128 prep=1 rep=5 us=3276.61328
TIME A256 prep=1 rep=5 us=3197.08789
TIME A32 prep=1 rep=6 us=4625.81885
TIME A16 prep=1 rep=6 us=4625.44531
TIME A64 prep=1 rep=6 us=3388.8479
TIME A128 prep=1 rep=6 us=3277.43457
TIME A256 prep=1 rep=6 us=3195.57349
TIME A512 prep=1 rep=6 us=2920.69336
PASS
