QUANT bits=8 values=33554432 bad=0
QUANT bits=4 values=33554432 bad=0
CHECK A32 outputs=8388608 samples=256 bad=0 nonfinite=0 changed=0 rel_l2=0
CHECK A16 outputs=8388608 samples=256 bad=0 nonfinite=0 changed=0 rel_l2=0
CHECK A64 outputs=8388608 samples=256 bad=0 nonfinite=0 changed=8388240 rel_l2=0.000882587476
CHECK A128 outputs=8388608 samples=256 bad=0 nonfinite=0 changed=8388314 rel_l2=0.00120715208
CHECK A256 outputs=8388608 samples=256 bad=0 nonfinite=0 changed=8388415 rel_l2=0.00167732544
CHECK A512 outputs=8388608 samples=256 bad=0 nonfinite=0 changed=8388544 rel_l2=0.00656814682
META M=256 N=512 K=2048 experts=64 quantization_timed=1 full_q8_codes=1
TIME A32 prep=1 rep=0 us=4622.72559
TIME A16 prep=1 rep=0 us=4621.67432
TIME A64 prep=1 rep=0 us=3389.54126
TIME A128 prep=1 rep=0 us=3277.29077
TIME A256 prep=1 rep=0 us=3196.37866
TIME A512 prep=1 rep=0 us=2922.06421
TIME A16 prep=1 rep=1 us=4622.98682
TIME A64 prep=1 rep=1 us=3389.97876
TIME A128 prep=1 rep=1 us=3277.01855
TIME A256 prep=1 rep=1 us=3196.94922
TIME A512 prep=1 rep=1 us=2921.62134
TIME A32 prep=1 rep=1 us=4626.84814
TIME A64 prep=1 rep=2 us=3387.66382
TIME A128 prep=1 rep=2 us=3275.94116
TIME A256 prep=1 rep=2 us=3196.9707
TIME A512 prep=1 rep=2 us=2920.91211
TIME A32 prep=1 rep=2 us=4624.74121
TIME A16 prep=1 rep=2 us=4626.11768
TIME A128 prep=1 rep=3 us=3276.11719
TIME A256 prep=1 rep=3 us=3196.30933
TIME A512 prep=1 rep=3 us=2922.1123
TIME A32 prep=1 rep=3 us=4624.60254
TIME A16 prep=1 rep=3 us=4626.1709
TIME A64 prep=1 rep=3 us=3389.33325
TIME A256 prep=1 rep=4 us=3195.10376
TIME A512 prep=1 rep=4 us=2922.5332
TIME A32 prep=1 rep=4 us=4623.79199
TIME A16 prep=1 rep=4 us=4624.46924
TIME A64 prep=1 rep=4 us=3388.35742
TIME A128 prep=1 rep=4 us=3275.06665
TIME A512 prep=1 rep=5 us=2921.88257
TIME A32 prep=1 rep=5 us=4624.7041
TIME A16 prep=1 rep=5 us=4624.57568
TIME A64 prep=1 rep=5 us=3387.07202
TIME A128 prep=1 rep=5 us=3279.69067
TIME A256 prep=1 rep=5 us=3195.09351
TIME A32 prep=1 rep=6 us=4623.92529
TIME A16 prep=1 rep=6 us=4624.95996
TIME A64 prep=1 rep=6 us=3387.53613
TIME A128 prep=1 rep=6 us=3275.6748
TIME A256 prep=1 rep=6 us=3195.22656
TIME A512 prep=1 rep=6 us=2922.49585
PASS
