QUANT bits=8 values=33554432 bad=0
QUANT bits=4 values=33554432 bad=0
CHECK A32 outputs=8388608 samples=256 bad=0 nonfinite=0 changed=0 rel_l2=0
CHECK A16 outputs=8388608 samples=256 bad=0 nonfinite=0 changed=0 rel_l2=0
CHECK A64 outputs=8388608 samples=256 bad=0 nonfinite=0 changed=8388240 rel_l2=0.000882587476
MATCH_PREVIOUS A64 values=8388608 bad=0
CHECK A128 outputs=8388608 samples=256 bad=0 nonfinite=0 changed=8388314 rel_l2=0.00120715208
MATCH_PREVIOUS A128 values=8388608 bad=0
CHECK A256 outputs=8388608 samples=256 bad=0 nonfinite=0 changed=8388415 rel_l2=0.00167732544
MATCH_PREVIOUS A256 values=8388608 bad=0
CHECK A512 outputs=8388608 samples=256 bad=0 nonfinite=0 changed=8388544 rel_l2=0.00656814682
MATCH_PREVIOUS A512 values=8388608 bad=0
META M=256 N=512 K=2048 experts=64 quantization_timed=1 full_q8_codes=1
TIME A32 prep=1 rep=0 us=4626.12793
TIME A16 prep=1 rep=0 us=4628.1333
TIME A64 prep=1 rep=0 us=3809.50903
TIME A128 prep=1 rep=0 us=3586.57617
TIME A256 prep=1 rep=0 us=3502.7627
TIME A512 prep=1 rep=0 us=2877.12012
TIME A16 prep=1 rep=1 us=4634.74658
TIME A64 prep=1 rep=1 us=3756.06934
TIME A128 prep=1 rep=1 us=3581.96802
TIME A256 prep=1 rep=1 us=3497.75488
TIME A512 prep=1 rep=1 us=2873.31177
TIME A32 prep=1 rep=1 us=4634.31982
TIME A64 prep=1 rep=2 us=3755.96265
TIME A128 prep=1 rep=2 us=3580.45874
TIME A256 prep=1 rep=2 us=3496.41089
TIME A512 prep=1 rep=2 us=2870.07446
TIME A32 prep=1 rep=2 us=4631.00244
TIME A16 prep=1 rep=2 us=4636.3999
TIME A128 prep=1 rep=3 us=3577.26392
TIME A256 prep=1 rep=3 us=3499.1521
TIME A512 prep=1 rep=3 us=2870.72534
TIME A32 prep=1 rep=3 us=4627.64795
TIME A16 prep=1 rep=3 us=4629.64307
TIME A64 prep=1 rep=3 us=3759.10425
TIME A256 prep=1 rep=4 us=3497.71216
TIME A512 prep=1 rep=4 us=2872.91211
TIME A32 prep=1 rep=4 us=4629.85059
TIME A16 prep=1 rep=4 us=4628.05322
TIME A64 prep=1 rep=4 us=3756.33081
TIME A128 prep=1 rep=4 us=3583.71191
TIME A512 prep=1 rep=5 us=2872.27734
TIME A32 prep=1 rep=5 us=4627.82422
TIME A16 prep=1 rep=5 us=4627.2583
TIME A64 prep=1 rep=5 us=3753.64819
TIME A128 prep=1 rep=5 us=3581.54126
TIME A256 prep=1 rep=5 us=3502.35229
TIME A32 prep=1 rep=6 us=4624.5708
TIME A16 prep=1 rep=6 us=4625.38135
TIME A64 prep=1 rep=6 us=3755.07202
TIME A128 prep=1 rep=6 us=3581.81323
TIME A256 prep=1 rep=6 us=3499.49878
TIME A512 prep=1 rep=6 us=2871.79224
PASS
