TIME mode=hfma2 rep=0 us=4501.75985 useful_tmac_s=6.67844845
TIME mode=xmad-s16-pack2 rep=0 us=4269.26931 useful_tmac_s=7.04213506
TIME mode=fp32-pack2 rep=0 us=4245.14135 useful_tmac_s=7.0821602
TIME mode=dfma-pack4 rep=0 us=3436.7466 useful_tmac_s=8.74803254
TIME mode=mixed-hfma2-dfma rep=0 us=6591.08289 useful_tmac_s=9.12286238
TIME mode=fp32-pack2 rep=1 us=4244.76814 useful_tmac_s=7.08278287
TIME mode=dfma-pack4 rep=1 us=3436.89601 useful_tmac_s=8.74765225
TIME mode=mixed-hfma2-dfma rep=1 us=6592.42694 useful_tmac_s=9.12100244
TIME mode=hfma2 rep=1 us=4463.23204 useful_tmac_s=6.73609859
TIME mode=xmad-s16-pack2 rep=1 us=4237.74942 useful_tmac_s=7.09451365
TIME mode=mixed-hfma2-dfma rep=2 us=6586.55993 useful_tmac_s=9.12912701
TIME mode=hfma2 rep=2 us=4464.07477 useful_tmac_s=6.73482695
TIME mode=xmad-s16-pack2 rep=2 us=4239.14655 useful_tmac_s=7.09217544
TIME mode=fp32-pack2 rep=2 us=4244.73604 useful_tmac_s=7.08283644
TIME mode=dfma-pack4 rep=2 us=3436.28788 useful_tmac_s=8.74920034
TIME mode=xmad-s16-pack2 rep=3 us=4238.08002 useful_tmac_s=7.09396021
TIME mode=fp32-pack2 rep=3 us=4245.64266 useful_tmac_s=7.08132395
TIME mode=dfma-pack4 rep=3 us=3436.08538 useful_tmac_s=8.74971595
TIME mode=mixed-hfma2-dfma rep=3 us=6586.37873 useful_tmac_s=9.12937816
TIME mode=hfma2 rep=3 us=4463.17863 useful_tmac_s=6.7361792
TIME mode=dfma-pack4 rep=4 us=3437.08801 useful_tmac_s=8.74716358
TIME mode=mixed-hfma2-dfma rep=4 us=6587.08254 useful_tmac_s=9.12840271
TIME mode=hfma2 rep=4 us=4463.42405 useful_tmac_s=6.73580882
TIME mode=xmad-s16-pack2 rep=4 us=4238.82675 useful_tmac_s=7.09271051
TIME mode=fp32-pack2 rep=4 us=4245.00275 useful_tmac_s=7.08239143
TIME mode=hfma2 rep=5 us=4464.21337 useful_tmac_s=6.73461785
TIME mode=xmad-s16-pack2 rep=5 us=4239.48797 useful_tmac_s=7.0916043
TIME mode=fp32-pack2 rep=5 us=4244.86415 useful_tmac_s=7.08262268
TIME mode=dfma-pack4 rep=5 us=3436.30918 useful_tmac_s=8.74914611
TIME mode=mixed-hfma2-dfma rep=5 us=6587.21097 useful_tmac_s=9.12822474
TIME mode=fp32-pack2 rep=6 us=4245.29076 useful_tmac_s=7.08191095
TIME mode=dfma-pack4 rep=6 us=3436.20269 useful_tmac_s=8.74941726
TIME mode=mixed-hfma2-dfma rep=6 us=6586.09072 useful_tmac_s=9.12977738
TIME mode=hfma2 rep=6 us=4463.83985 useful_tmac_s=6.73518139
TIME mode=xmad-s16-pack2 rep=6 us=4238.92275 useful_tmac_s=7.09254988
TIME mode=mixed-hfma2-dfma rep=7 us=6591.89351 useful_tmac_s=9.12174052
TIME mode=hfma2 rep=7 us=4463.96796 useful_tmac_s=6.7349881
TIME mode=xmad-s16-pack2 rep=7 us=4238.33593 useful_tmac_s=7.09353189
TIME mode=fp32-pack2 rep=7 us=4244.21342 useful_tmac_s=7.08370859
TIME mode=dfma-pack4 rep=7 us=3435.96808 useful_tmac_s=8.75001466
TIME mode=xmad-s16-pack2 rep=8 us=4237.93062 useful_tmac_s=7.09421031
TIME mode=fp32-pack2 rep=8 us=4245.75996 useful_tmac_s=7.08112831
TIME mode=dfma-pack4 rep=8 us=3436.12798 useful_tmac_s=8.74960748
TIME mode=mixed-hfma2-dfma rep=8 us=6587.72278 useful_tmac_s=9.12751556
TIME mode=hfma2 rep=8 us=4462.96533 useful_tmac_s=6.73650115
META grid=112 block=256 threads=28672 iterations=65536 seed=3911 checksum=0
PASS
