TIME mode=resident-half2-r16 rep=0 us=3228.40532 useful_tmac_s=9.31257637
TIME mode=prebuilt-uniform-lut-r16-1cta rep=0 us=2373.86672 useful_tmac_s=12.6648943
TIME mode=resident-half2-r8 rep=0 us=1610.25063 useful_tmac_s=9.33543216
TIME mode=prebuilt-uniform-lut-r8 rep=0 us=1452.384 useful_tmac_s=10.3501454
TIME mode=prebuilt-divergent-lut-r8 rep=0 us=1467.13607 useful_tmac_s=10.2460746
TIME mode=resident-half2-r4 rep=0 us=820.234696 useful_tmac_s=9.16346602
TIME mode=prebuilt-uniform-lut-r4 rep=0 us=818.9013 useful_tmac_s=9.17838666
TIME mode=resident-half2-r8 rep=1 us=1610.13333 useful_tmac_s=9.33611227
TIME mode=prebuilt-uniform-lut-r8 rep=1 us=1451.70132 useful_tmac_s=10.3550126
TIME mode=prebuilt-divergent-lut-r8 rep=1 us=1466.71995 useful_tmac_s=10.2489815
TIME mode=resident-half2-r4 rep=1 us=820.213318 useful_tmac_s=9.16370486
TIME mode=prebuilt-uniform-lut-r4 rep=1 us=820.063988 useful_tmac_s=9.16537353
TIME mode=resident-half2-r16 rep=1 us=3229.78147 useful_tmac_s=9.30860845
TIME mode=prebuilt-uniform-lut-r16-1cta rep=1 us=2372.43732 useful_tmac_s=12.6725249
TIME mode=prebuilt-divergent-lut-r8 rep=2 us=1466.53859 useful_tmac_s=10.2502489
TIME mode=resident-half2-r4 rep=2 us=820.063988 useful_tmac_s=9.16537353
TIME mode=prebuilt-uniform-lut-r4 rep=2 us=818.741322 useful_tmac_s=9.18018008
TIME mode=resident-half2-r16 rep=2 us=3229.83456 useful_tmac_s=9.30845545
TIME mode=prebuilt-uniform-lut-r16-1cta rep=2 us=2371.63734 useful_tmac_s=12.6767995
TIME mode=resident-half2-r8 rep=2 us=1610.5814 useful_tmac_s=9.33351494
TIME mode=prebuilt-uniform-lut-r8 rep=2 us=1451.83992 useful_tmac_s=10.3540241
TIME mode=prebuilt-uniform-lut-r4 rep=3 us=818.965356 useful_tmac_s=9.17766877
TIME mode=resident-half2-r16 rep=3 us=3227.9892 useful_tmac_s=9.31377686
TIME mode=prebuilt-uniform-lut-r16-1cta rep=3 us=2371.62669 useful_tmac_s=12.6768564
TIME mode=resident-half2-r8 rep=3 us=1610.01603 useful_tmac_s=9.33679248
TIME mode=prebuilt-uniform-lut-r8 rep=3 us=1452.58665 useful_tmac_s=10.3487014
TIME mode=prebuilt-divergent-lut-r8 rep=3 us=1466.79465 useful_tmac_s=10.2484595
TIME mode=resident-half2-r4 rep=3 us=820.000013 useful_tmac_s=9.1660886
TIME mode=prebuilt-uniform-lut-r16-1cta rep=4 us=2371.96795 useful_tmac_s=12.6750326
TIME mode=resident-half2-r8 rep=4 us=1609.88808 useful_tmac_s=9.33753455
TIME mode=prebuilt-uniform-lut-r8 rep=4 us=1451.83992 useful_tmac_s=10.3540241
TIME mode=prebuilt-divergent-lut-r8 rep=4 us=1467.17866 useful_tmac_s=10.2457771
TIME mode=resident-half2-r4 rep=4 us=820.223967 useful_tmac_s=9.16358588
TIME mode=prebuilt-uniform-lut-r4 rep=4 us=818.880002 useful_tmac_s=9.17862538
TIME mode=resident-half2-r16 rep=4 us=3225.28013 useful_tmac_s=9.32159995
TIME mode=prebuilt-uniform-lut-r8 rep=5 us=1451.80798 useful_tmac_s=10.3542519
TIME mode=prebuilt-divergent-lut-r8 rep=5 us=1466.8053 useful_tmac_s=10.2483851
TIME mode=resident-half2-r4 rep=5 us=820.021311 useful_tmac_s=9.16585053
TIME mode=prebuilt-uniform-lut-r4 rep=5 us=818.805297 useful_tmac_s=9.1794628
TIME mode=resident-half2-r16 rep=5 us=3228.69333 useful_tmac_s=9.31174566
TIME mode=prebuilt-uniform-lut-r16-1cta rep=5 us=2371.85065 useful_tmac_s=12.6756594
TIME mode=resident-half2-r8 rep=5 us=1610.04798 useful_tmac_s=9.33660721
TIME mode=resident-half2-r4 rep=6 us=820.010662 useful_tmac_s=9.16596956
TIME mode=prebuilt-uniform-lut-r4 rep=6 us=819.178661 useful_tmac_s=9.17527901
TIME mode=resident-half2-r16 rep=6 us=3228.0213 useful_tmac_s=9.31368422
TIME mode=prebuilt-uniform-lut-r16-1cta rep=6 us=2372.04266 useful_tmac_s=12.6746334
TIME mode=resident-half2-r8 rep=6 us=1609.79207 useful_tmac_s=9.33809141
TIME mode=prebuilt-uniform-lut-r8 rep=6 us=1451.62662 useful_tmac_s=10.3555455
TIME mode=prebuilt-divergent-lut-r8 rep=6 us=1466.61329 useful_tmac_s=10.2497268
TIME mode=resident-half2-r16 rep=7 us=3225.33321 useful_tmac_s=9.32144652
TIME mode=prebuilt-uniform-lut-r16-1cta rep=7 us=2372.39472 useful_tmac_s=12.6727525
TIME mode=resident-half2-r8 rep=7 us=1609.87727 useful_tmac_s=9.33759724
TIME mode=prebuilt-uniform-lut-r8 rep=7 us=1451.55207 useful_tmac_s=10.3560773
TIME mode=prebuilt-divergent-lut-r8 rep=7 us=1467.13607 useful_tmac_s=10.2460746
TIME mode=resident-half2-r4 rep=7 us=820.138693 useful_tmac_s=9.16453867
TIME mode=prebuilt-uniform-lut-r4 rep=7 us=819.125334 useful_tmac_s=9.17587633
TIME mode=resident-half2-r8 rep=8 us=1610.00538 useful_tmac_s=9.33685423
TIME mode=prebuilt-uniform-lut-r8 rep=8 us=1451.78668 useful_tmac_s=10.3544038
TIME mode=prebuilt-divergent-lut-r8 rep=8 us=1466.73059 useful_tmac_s=10.2489071
TIME mode=resident-half2-r4 rep=8 us=820.117315 useful_tmac_s=9.16477757
TIME mode=prebuilt-uniform-lut-r4 rep=8 us=818.933328 useful_tmac_s=9.1780277
TIME mode=resident-half2-r16 rep=8 us=3223.91478 useful_tmac_s=9.3255477
TIME mode=prebuilt-uniform-lut-r16-1cta rep=8 us=2372.53332 useful_tmac_s=12.6720121
META grid=112 block=256 threads=28672 groups=512 seed=3911 checksum=0 prebuilt_table=1 omitted_finish=1
PASS
