QUANT bits=8 values=8388608 bad=0
QUANT bits=4 values=8388608 bad=0
CHECK A32 outputs=33554432 samples=256 bad=0 nonfinite=0 changed=0 rel_l2=0
CHECK A16 outputs=33554432 samples=256 bad=0 nonfinite=0 changed=0 rel_l2=0
CHECK A64 outputs=33554432 samples=256 bad=0 nonfinite=0 changed=33552460 rel_l2=0.000646755344
MATCH_PREVIOUS A64 values=33554432 bad=0
CHECK A128 outputs=33554432 samples=256 bad=0 nonfinite=0 changed=33552924 rel_l2=0.000870702495
MATCH_PREVIOUS A128 values=33554432 bad=0
CHECK A256 outputs=33554432 samples=256 bad=0 nonfinite=0 changed=33553306 rel_l2=0.0011977545
MATCH_PREVIOUS A256 values=33554432 bad=0
CHECK A512 outputs=33554432 samples=256 bad=0 nonfinite=0 changed=33553839 rel_l2=0.00234354039
MATCH_PREVIOUS A512 values=33554432 bad=0
META M=256 N=2048 K=512 experts=64 quantization_timed=1 full_q8_codes=1
TIME A32 prep=1 rep=0 us=4532.42139
TIME A16 prep=1 rep=0 us=4535.23193
TIME A64 prep=1 rep=0 us=3703.06641
TIME A128 prep=1 rep=0 us=3632.35742
TIME A256 prep=1 rep=0 us=3456.45874
TIME A512 prep=1 rep=0 us=2565.92017
TIME A16 prep=1 rep=1 us=4530.56006
TIME A64 prep=1 rep=1 us=3700.25073
TIME A128 prep=1 rep=1 us=3623.36548
TIME A256 prep=1 rep=1 us=3454.94922
TIME A512 prep=1 rep=1 us=2561.1145
TIME A32 prep=1 rep=1 us=4531.88232
TIME A64 prep=1 rep=2 us=3700.93359
TIME A128 prep=1 rep=2 us=3624.77856
TIME A256 prep=1 rep=2 us=3452.99707
TIME A512 prep=1 rep=2 us=2561.13599
TIME A32 prep=1 rep=2 us=4536.64014
TIME A16 prep=1 rep=2 us=4539.42383
TIME A128 prep=1 rep=3 us=3625.6106
TIME A256 prep=1 rep=3 us=3452.10669
TIME A512 prep=1 rep=3 us=2560.75732
TIME A32 prep=1 rep=3 us=4533.104
TIME A16 prep=1 rep=3 us=4529.05615
TIME A64 prep=1 rep=3 us=3702.75195
TIME A256 prep=1 rep=4 us=3454.6189
TIME A512 prep=1 rep=4 us=2567.76538
TIME A32 prep=1 rep=4 us=4536.95459
TIME A16 prep=1 rep=4 us=4529.52002
TIME A64 prep=1 rep=4 us=3703.84546
TIME A128 prep=1 rep=4 us=3629.79199
TIME A512 prep=1 rep=5 us=2566.22925
TIME A32 prep=1 rep=5 us=4529.13623
TIME A16 prep=1 rep=5 us=4530.90674
TIME A64 prep=1 rep=5 us=3700.08008
TIME A128 prep=1 rep=5 us=3628.00513
TIME A256 prep=1 rep=5 us=3459.07715
TIME A32 prep=1 rep=6 us=4526.23486
TIME A16 prep=1 rep=6 us=4529.94678
TIME A64 prep=1 rep=6 us=3700.36792
TIME A128 prep=1 rep=6 us=3625.72778
TIME A256 prep=1 rep=6 us=3453.02368
TIME A512 prep=1 rep=6 us=2577.88794
PASS
