QUANT bits=8 values=8388608 bad=0
QUANT bits=4 values=8388608 bad=0
CHECK A32 outputs=33554432 samples=256 bad=0 nonfinite=0 changed=0 rel_l2=0
CHECK A16 outputs=33554432 samples=256 bad=0 nonfinite=0 changed=0 rel_l2=0
CHECK A64 outputs=33554432 samples=256 bad=0 nonfinite=0 changed=33552460 rel_l2=0.000646755344
MATCH_PREVIOUS A64 values=33554432 bad=0
CHECK A128 outputs=33554432 samples=256 bad=0 nonfinite=0 changed=33552924 rel_l2=0.000870702495
MATCH_PREVIOUS A128 values=33554432 bad=0
CHECK A256 outputs=33554432 samples=256 bad=0 nonfinite=0 changed=33553306 rel_l2=0.0011977545
MATCH_PREVIOUS A256 values=33554432 bad=0
CHECK A512 outputs=33554432 samples=256 bad=0 nonfinite=0 changed=33553839 rel_l2=0.00234354039
MATCH_PREVIOUS A512 values=33554432 bad=0
META M=256 N=2048 K=512 experts=64 quantization_timed=1 full_q8_codes=1
TIME A32 prep=1 rep=0 us=4534.19775
TIME A16 prep=1 rep=0 us=4536.0376
TIME A64 prep=1 rep=0 us=3701.01343
TIME A128 prep=1 rep=0 us=3628.22949
TIME A256 prep=1 rep=0 us=3456.85864
TIME A512 prep=1 rep=0 us=2560.89624
TIME A16 prep=1 rep=1 us=4538.19727
TIME A64 prep=1 rep=1 us=3699.19995
TIME A128 prep=1 rep=1 us=3624.13867
TIME A256 prep=1 rep=1 us=3454.30396
TIME A512 prep=1 rep=1 us=2565.58398
TIME A32 prep=1 rep=1 us=4535.98389
TIME A64 prep=1 rep=2 us=3701.78687
TIME A128 prep=1 rep=2 us=3624.83203
TIME A256 prep=1 rep=2 us=3454.12231
TIME A512 prep=1 rep=2 us=2560.93872
TIME A32 prep=1 rep=2 us=4529.44531
TIME A16 prep=1 rep=2 us=4530.14941
TIME A128 prep=1 rep=3 us=3626.9707
TIME A256 prep=1 rep=3 us=3454.31445
TIME A512 prep=1 rep=3 us=2568
TIME A32 prep=1 rep=3 us=4530.26123
TIME A16 prep=1 rep=3 us=4526.896
TIME A64 prep=1 rep=3 us=3703.40259
TIME A256 prep=1 rep=4 us=3451.79199
TIME A512 prep=1 rep=4 us=2559.99463
TIME A32 prep=1 rep=4 us=4524.13867
TIME A16 prep=1 rep=4 us=4542
TIME A64 prep=1 rep=4 us=3699.67993
TIME A128 prep=1 rep=4 us=3625.32251
TIME A512 prep=1 rep=5 us=2561.77612
TIME A32 prep=1 rep=5 us=4531.39697
TIME A16 prep=1 rep=5 us=4525.37598
TIME A64 prep=1 rep=5 us=3698.60815
TIME A128 prep=1 rep=5 us=3628.39478
TIME A256 prep=1 rep=5 us=3456.05884
TIME A32 prep=1 rep=6 us=4534.59717
TIME A16 prep=1 rep=6 us=4526.23975
TIME A64 prep=1 rep=6 us=3700.26147
TIME A128 prep=1 rep=6 us=3629.52026
TIME A256 prep=1 rep=6 us=3452.9707
TIME A512 prep=1 rep=6 us=2576.33081
PASS
