QUANT bits=8 values=33554432 bad=0
QUANT bits=4 values=33554432 bad=0
CHECK A32 outputs=8388608 samples=256 bad=0 nonfinite=0 changed=0 rel_l2=0
CHECK A16 outputs=8388608 samples=256 bad=0 nonfinite=0 changed=0 rel_l2=0
CHECK A64 outputs=8388608 samples=256 bad=0 nonfinite=0 changed=8388184 rel_l2=0.000646669288
MATCH_PREVIOUS A64 values=8388608 bad=0
CHECK A128 outputs=8388608 samples=256 bad=0 nonfinite=0 changed=8388212 rel_l2=0.000870531122
MATCH_PREVIOUS A128 values=8388608 bad=0
CHECK A256 outputs=8388608 samples=256 bad=0 nonfinite=0 changed=8388329 rel_l2=0.00119812381
MATCH_PREVIOUS A256 values=8388608 bad=0
CHECK A512 outputs=8388608 samples=256 bad=0 nonfinite=0 changed=8388529 rel_l2=0.00465019343
MATCH_PREVIOUS A512 values=8388608 bad=0
META M=256 N=512 K=2048 experts=64 quantization_timed=1 full_q8_codes=1
TIME A32 prep=1 rep=0 us=4629.8667
TIME A16 prep=1 rep=0 us=4627.79736
TIME A64 prep=1 rep=0 us=3787.38159
TIME A128 prep=1 rep=0 us=3757.63184
TIME A256 prep=1 rep=0 us=3539.69604
TIME A512 prep=1 rep=0 us=2677.40283
TIME A16 prep=1 rep=1 us=4629.12549
TIME A64 prep=1 rep=1 us=3784.91211
TIME A128 prep=1 rep=1 us=3749.90942
TIME A256 prep=1 rep=1 us=3539.77075
TIME A512 prep=1 rep=1 us=2675.18384
TIME A32 prep=1 rep=1 us=4627.57324
TIME A64 prep=1 rep=2 us=3784.1814
TIME A128 prep=1 rep=2 us=3741.48267
TIME A256 prep=1 rep=2 us=3540.448
TIME A512 prep=1 rep=2 us=2675.1521
TIME A32 prep=1 rep=2 us=4624.69336
TIME A16 prep=1 rep=2 us=4626.78369
TIME A128 prep=1 rep=3 us=3744.5332
TIME A256 prep=1 rep=3 us=3537.80273
TIME A512 prep=1 rep=3 us=2674.39453
TIME A32 prep=1 rep=3 us=4625.02393
TIME A16 prep=1 rep=3 us=4625.13037
TIME A64 prep=1 rep=3 us=3787.90405
TIME A256 prep=1 rep=4 us=3536.63989
TIME A512 prep=1 rep=4 us=2685.32788
TIME A32 prep=1 rep=4 us=4668.2666
TIME A16 prep=1 rep=4 us=4676.19727
TIME A64 prep=1 rep=4 us=3834.1438
TIME A128 prep=1 rep=4 us=3755.97339
TIME A512 prep=1 rep=5 us=2674.37329
TIME A32 prep=1 rep=5 us=4627.3335
TIME A16 prep=1 rep=5 us=4626.71484
TIME A64 prep=1 rep=5 us=3785.17871
TIME A128 prep=1 rep=5 us=3751.53052
TIME A256 prep=1 rep=5 us=3541.77612
TIME A32 prep=1 rep=6 us=4623.42383
TIME A16 prep=1 rep=6 us=4626.56543
TIME A64 prep=1 rep=6 us=3787.88794
TIME A128 prep=1 rep=6 us=3743.8562
TIME A256 prep=1 rep=6 us=3537.71216
TIME A512 prep=1 rep=6 us=2678.896
PASS
