QUANT bits=8 values=16777216 bad=0
QUANT bits=4 values=16777216 bad=0
CHECK A32 outputs=67108864 samples=256 bad=0 nonfinite=0 changed=0 rel_l2=0
CHECK A16 outputs=67108864 samples=256 bad=0 nonfinite=0 changed=0 rel_l2=0
CHECK A64 outputs=67108864 samples=256 bad=0 nonfinite=0 changed=67104844 rel_l2=0.00064702905
MATCH_PREVIOUS A64 values=67108864 bad=0
CHECK A128 outputs=67108864 samples=256 bad=0 nonfinite=0 changed=67105800 rel_l2=0.000870886597
MATCH_PREVIOUS A128 values=67108864 bad=0
CHECK A256 outputs=67108864 samples=256 bad=0 nonfinite=0 changed=67106679 rel_l2=0.0011981434
MATCH_PREVIOUS A256 values=67108864 bad=0
CHECK A512 outputs=67108864 samples=256 bad=0 nonfinite=0 changed=67107681 rel_l2=0.00234330455
MATCH_PREVIOUS A512 values=67108864 bad=0
META M=512 N=2048 K=512 experts=64 quantization_timed=1 full_q8_codes=1
TIME A32 prep=1 rep=0 us=9007.60547
TIME A16 prep=1 rep=0 us=9057.35938
TIME A64 prep=1 rep=0 us=7396.91211
TIME A128 prep=1 rep=0 us=7257.26367
TIME A256 prep=1 rep=0 us=6924.16553
TIME A512 prep=1 rep=0 us=5099.78662
TIME A16 prep=1 rep=1 us=9013.12012
TIME A64 prep=1 rep=1 us=7393.61084
TIME A128 prep=1 rep=1 us=7259.02393
TIME A256 prep=1 rep=1 us=6919.68555
TIME A512 prep=1 rep=1 us=5084.35742
TIME A32 prep=1 rep=1 us=9023.82422
TIME A64 prep=1 rep=2 us=7393.28516
TIME A128 prep=1 rep=2 us=7247.41357
TIME A256 prep=1 rep=2 us=6920.94385
TIME A512 prep=1 rep=2 us=5101.87744
TIME A32 prep=1 rep=2 us=9042.53906
TIME A16 prep=1 rep=2 us=8997.07715
TIME A128 prep=1 rep=3 us=7251.57373
TIME A256 prep=1 rep=3 us=6922.83203
TIME A512 prep=1 rep=3 us=5092.61328
TIME A32 prep=1 rep=3 us=9002.46387
TIME A16 prep=1 rep=3 us=9011.36035
TIME A64 prep=1 rep=3 us=7397.94678
TIME A256 prep=1 rep=4 us=6921.58398
TIME A512 prep=1 rep=4 us=5066.87988
TIME A32 prep=1 rep=4 us=9022.65039
TIME A16 prep=1 rep=4 us=9009.45605
TIME A64 prep=1 rep=4 us=7395.74365
TIME A128 prep=1 rep=4 us=7252.95459
TIME A512 prep=1 rep=5 us=5072.23975
TIME A32 prep=1 rep=5 us=9003.21582
TIME A16 prep=1 rep=5 us=9015.62695
TIME A64 prep=1 rep=5 us=7397.55713
TIME A128 prep=1 rep=5 us=7248.5708
TIME A256 prep=1 rep=5 us=6981.24805
TIME A32 prep=1 rep=6 us=8994.85352
TIME A16 prep=1 rep=6 us=9005.59473
TIME A64 prep=1 rep=6 us=7401.98389
TIME A128 prep=1 rep=6 us=7258.2876
TIME A256 prep=1 rep=6 us=6924.78955
TIME A512 prep=1 rep=6 us=5087.979
PASS
