QUANT bits=8 values=67108864 bad=0
QUANT bits=4 values=67108864 bad=0
CHECK A32 outputs=16777216 samples=256 bad=0 nonfinite=0 changed=0 rel_l2=0
CHECK A16 outputs=16777216 samples=256 bad=0 nonfinite=0 changed=0 rel_l2=0
CHECK A64 outputs=16777216 samples=256 bad=0 nonfinite=0 changed=16776330 rel_l2=0.000646654159
MATCH_PREVIOUS A64 values=16777216 bad=0
CHECK A128 outputs=16777216 samples=256 bad=0 nonfinite=0 changed=16776481 rel_l2=0.00087069082
MATCH_PREVIOUS A128 values=16777216 bad=0
CHECK A256 outputs=16777216 samples=256 bad=0 nonfinite=0 changed=16776638 rel_l2=0.00119806146
MATCH_PREVIOUS A256 values=16777216 bad=0
CHECK A512 outputs=16777216 samples=256 bad=0 nonfinite=0 changed=16777076 rel_l2=0.00465021603
MATCH_PREVIOUS A512 values=16777216 bad=0
META M=512 N=512 K=2048 experts=64 quantization_timed=1 full_q8_codes=1
TIME A32 prep=1 rep=0 us=8926.37305
TIME A16 prep=1 rep=0 us=8928.49121
TIME A64 prep=1 rep=0 us=7466.16553
TIME A128 prep=1 rep=0 us=7127.73877
TIME A256 prep=1 rep=0 us=6899.69092
TIME A512 prep=1 rep=0 us=5132.86377
TIME A16 prep=1 rep=1 us=8918.51172
TIME A64 prep=1 rep=1 us=7459.23193
TIME A128 prep=1 rep=1 us=7127.11475
TIME A256 prep=1 rep=1 us=6897.99414
TIME A512 prep=1 rep=1 us=5128.20264
TIME A32 prep=1 rep=1 us=8928.7627
TIME A64 prep=1 rep=2 us=7468.36768
TIME A128 prep=1 rep=2 us=7127.99463
TIME A256 prep=1 rep=2 us=6895.58936
TIME A512 prep=1 rep=2 us=5130.59229
TIME A32 prep=1 rep=2 us=8923.84082
TIME A16 prep=1 rep=2 us=8927.60059
TIME A128 prep=1 rep=3 us=7127.65869
TIME A256 prep=1 rep=3 us=6894.42139
TIME A512 prep=1 rep=3 us=5129.25342
TIME A32 prep=1 rep=3 us=8923.31152
TIME A16 prep=1 rep=3 us=8917.83984
TIME A64 prep=1 rep=3 us=7465.40234
TIME A256 prep=1 rep=4 us=6897.93555
TIME A512 prep=1 rep=4 us=5126.93311
TIME A32 prep=1 rep=4 us=8929.07715
TIME A16 prep=1 rep=4 us=8920.39941
TIME A64 prep=1 rep=4 us=7459.04541
TIME A128 prep=1 rep=4 us=7127.76514
TIME A512 prep=1 rep=5 us=5126.3042
TIME A32 prep=1 rep=5 us=8928.49121
TIME A16 prep=1 rep=5 us=8920.04785
TIME A64 prep=1 rep=5 us=7464.19727
TIME A128 prep=1 rep=5 us=7127.72266
TIME A256 prep=1 rep=5 us=6901.41357
TIME A32 prep=1 rep=6 us=8936.62988
TIME A16 prep=1 rep=6 us=8923.63184
TIME A64 prep=1 rep=6 us=7460.32568
TIME A128 prep=1 rep=6 us=7131.89893
TIME A256 prep=1 rep=6 us=6900.88037
TIME A512 prep=1 rep=6 us=5133.73877
PASS
