QUANT bits=8 values=8388608 bad=0
QUANT bits=4 values=8388608 bad=0
CHECK A32 outputs=33554432 samples=256 bad=0 nonfinite=0 changed=0 rel_l2=0
CHECK A16 outputs=33554432 samples=256 bad=0 nonfinite=0 changed=0 rel_l2=0
CHECK A64 outputs=33554432 samples=256 bad=0 nonfinite=0 changed=33552961 rel_l2=0.000882661185
MATCH_PREVIOUS A64 values=33554432 bad=0
CHECK A128 outputs=33554432 samples=256 bad=0 nonfinite=0 changed=33553339 rel_l2=0.00120743371
MATCH_PREVIOUS A128 values=33554432 bad=0
CHECK A256 outputs=33554432 samples=256 bad=0 nonfinite=0 changed=33553631 rel_l2=0.00167724372
MATCH_PREVIOUS A256 values=33554432 bad=0
CHECK A512 outputs=33554432 samples=256 bad=0 nonfinite=0 changed=33553982 rel_l2=0.00330551495
MATCH_PREVIOUS A512 values=33554432 bad=0
META M=256 N=2048 K=512 experts=64 quantization_timed=1 full_q8_codes=1
TIME A32 prep=1 rep=0 us=4530.65576
TIME A16 prep=1 rep=0 us=4531.1626
TIME A64 prep=1 rep=0 us=3604.41602
TIME A128 prep=1 rep=0 us=3514.7041
TIME A256 prep=1 rep=0 us=3442.48535
TIME A512 prep=1 rep=0 us=2621.89868
TIME A16 prep=1 rep=1 us=4535.03467
TIME A64 prep=1 rep=1 us=3609.78687
TIME A128 prep=1 rep=1 us=3513.64819
TIME A256 prep=1 rep=1 us=3440.1814
TIME A512 prep=1 rep=1 us=2618.52271
TIME A32 prep=1 rep=1 us=4538.44775
TIME A64 prep=1 rep=2 us=3607.05054
TIME A128 prep=1 rep=2 us=3511.39746
TIME A256 prep=1 rep=2 us=3442.49609
TIME A512 prep=1 rep=2 us=2618.74658
TIME A32 prep=1 rep=2 us=4527.85107
TIME A16 prep=1 rep=2 us=4532.88037
TIME A128 prep=1 rep=3 us=3512.29321
TIME A256 prep=1 rep=3 us=3442.0481
TIME A512 prep=1 rep=3 us=2619.48804
TIME A32 prep=1 rep=3 us=4531.13086
TIME A16 prep=1 rep=3 us=4524.35742
TIME A64 prep=1 rep=3 us=3608.58667
TIME A256 prep=1 rep=4 us=3440.93335
TIME A512 prep=1 rep=4 us=2621.64795
TIME A32 prep=1 rep=4 us=4528.19189
TIME A16 prep=1 rep=4 us=4529.47217
TIME A64 prep=1 rep=4 us=3607.53613
TIME A128 prep=1 rep=4 us=3515.45093
TIME A512 prep=1 rep=5 us=2618.06934
TIME A32 prep=1 rep=5 us=4528.13867
TIME A16 prep=1 rep=5 us=4527.92529
TIME A64 prep=1 rep=5 us=3602.42163
TIME A128 prep=1 rep=5 us=3510.61328
TIME A256 prep=1 rep=5 us=3440.43188
TIME A32 prep=1 rep=6 us=4538.5332
TIME A16 prep=1 rep=6 us=4525.64795
TIME A64 prep=1 rep=6 us=3599.86646
TIME A128 prep=1 rep=6 us=3509.09351
TIME A256 prep=1 rep=6 us=3438.81616
TIME A512 prep=1 rep=6 us=2620.45874
PASS
