QUANT bits=8 values=33554432 bad=0
QUANT bits=4 values=33554432 bad=0
CHECK A32 outputs=8388608 samples=256 bad=0 nonfinite=0 changed=0 rel_l2=0
CHECK A16 outputs=8388608 samples=256 bad=0 nonfinite=0 changed=0 rel_l2=0
CHECK A64 outputs=8388608 samples=256 bad=0 nonfinite=0 changed=8388240 rel_l2=0.000882587476
MATCH_PREVIOUS A64 values=8388608 bad=0
CHECK A128 outputs=8388608 samples=256 bad=0 nonfinite=0 changed=8388314 rel_l2=0.00120715208
MATCH_PREVIOUS A128 values=8388608 bad=0
CHECK A256 outputs=8388608 samples=256 bad=0 nonfinite=0 changed=8388415 rel_l2=0.00167732544
MATCH_PREVIOUS A256 values=8388608 bad=0
CHECK A512 outputs=8388608 samples=256 bad=0 nonfinite=0 changed=8388544 rel_l2=0.00656814682
MATCH_PREVIOUS A512 values=8388608 bad=0
META M=256 N=512 K=2048 experts=64 quantization_timed=1 full_q8_codes=1
TIME A32 prep=1 rep=0 us=4624.92285
TIME A16 prep=1 rep=0 us=4628.52246
TIME A64 prep=1 rep=0 us=3681.34399
TIME A128 prep=1 rep=0 us=3596.60767
TIME A256 prep=1 rep=0 us=3505.42383
TIME A512 prep=1 rep=0 us=2758.49048
TIME A16 prep=1 rep=1 us=4624.52246
TIME A64 prep=1 rep=1 us=3680.66675
TIME A128 prep=1 rep=1 us=3590.34106
TIME A256 prep=1 rep=1 us=3503.07227
TIME A512 prep=1 rep=1 us=2758.1709
TIME A32 prep=1 rep=1 us=4626.9917
TIME A64 prep=1 rep=2 us=3679.89331
TIME A128 prep=1 rep=2 us=3591.06128
TIME A256 prep=1 rep=2 us=3501.28516
TIME A512 prep=1 rep=2 us=2757.98364
TIME A32 prep=1 rep=2 us=4622.84814
TIME A16 prep=1 rep=2 us=4625.03467
TIME A128 prep=1 rep=3 us=3593.27466
TIME A256 prep=1 rep=3 us=3506.46948
TIME A512 prep=1 rep=3 us=2752.72534
TIME A32 prep=1 rep=3 us=4624.58643
TIME A16 prep=1 rep=3 us=4624.68262
TIME A64 prep=1 rep=3 us=3677.0188
TIME A256 prep=1 rep=4 us=3501.06641
TIME A512 prep=1 rep=4 us=2757.13599
TIME A32 prep=1 rep=4 us=4625.41846
TIME A16 prep=1 rep=4 us=4624.87451
TIME A64 prep=1 rep=4 us=3679.59473
TIME A128 prep=1 rep=4 us=3592.16528
TIME A512 prep=1 rep=5 us=2754.94409
TIME A32 prep=1 rep=5 us=4621.96826
TIME A16 prep=1 rep=5 us=4624.93311
TIME A64 prep=1 rep=5 us=3681.13599
TIME A128 prep=1 rep=5 us=3591.57324
TIME A256 prep=1 rep=5 us=3502.08008
TIME A32 prep=1 rep=6 us=4624.88037
TIME A16 prep=1 rep=6 us=4623.01855
TIME A64 prep=1 rep=6 us=3679.81348
TIME A128 prep=1 rep=6 us=3588.5603
TIME A256 prep=1 rep=6 us=3503.62134
TIME A512 prep=1 rep=6 us=2756.54419
PASS
