========= COMPUTE-SANITIZER
QUANT bits=8 values=266240 bad=0
QUANT bits=4 values=266240 bad=0
CHECK A32 outputs=66560 samples=256 bad=0 nonfinite=0 changed=0 rel_l2=0
CHECK A16 outputs=66560 samples=256 bad=0 nonfinite=0 changed=0 rel_l2=0
CHECK A64 outputs=66560 samples=256 bad=0 nonfinite=0 changed=66558 rel_l2=0.000883755359
MATCH_PREVIOUS A64 values=66560 bad=0
CHECK A128 outputs=66560 samples=256 bad=0 nonfinite=0 changed=66560 rel_l2=0.00121150179
MATCH_PREVIOUS A128 values=66560 bad=0
CHECK A256 outputs=66560 samples=256 bad=0 nonfinite=0 changed=66557 rel_l2=0.00168097815
MATCH_PREVIOUS A256 values=66560 bad=0
CHECK A512 outputs=66560 samples=256 bad=0 nonfinite=0 changed=66560 rel_l2=0.00655455328
MATCH_PREVIOUS A512 values=66560 bad=0
META M=65 N=512 K=2048 experts=2 quantization_timed=1 full_q8_codes=1
TIME A32 prep=1 rep=0 us=19890.3047
TIME A16 prep=1 rep=0 us=19514.8496
TIME A64 prep=1 rep=0 us=17110.7188
TIME A128 prep=1 rep=0 us=17213.0879
TIME A256 prep=1 rep=0 us=17207.0723
TIME A512 prep=1 rep=0 us=17146.9121
PASS
========= ERROR SUMMARY: 0 errors
