QUANT bits=8 values=8388608 bad=0
QUANT bits=4 values=8388608 bad=0
CHECK A32 outputs=33554432 samples=256 bad=0 nonfinite=0 changed=0 rel_l2=0
CHECK A16 outputs=33554432 samples=256 bad=0 nonfinite=0 changed=0 rel_l2=0
CHECK A64 outputs=33554432 samples=256 bad=0 nonfinite=0 changed=33552961 rel_l2=0.000882661185
CHECK A128 outputs=33554432 samples=256 bad=0 nonfinite=0 changed=33553339 rel_l2=0.00120743371
CHECK A256 outputs=33554432 samples=256 bad=0 nonfinite=0 changed=33553631 rel_l2=0.00167724372
CHECK A512 outputs=33554432 samples=256 bad=0 nonfinite=0 changed=33553982 rel_l2=0.00330551495
META M=256 N=2048 K=512 experts=64 quantization_timed=1 full_q8_codes=1
TIME A32 prep=1 rep=0 us=4530.71436
TIME A16 prep=1 rep=0 us=4535.27979
TIME A64 prep=1 rep=0 us=3420.19751
TIME A128 prep=1 rep=0 us=3335.37598
TIME A256 prep=1 rep=0 us=3195.25317
TIME A512 prep=1 rep=0 us=2861.11987
TIME A16 prep=1 rep=1 us=4528.44287
TIME A64 prep=1 rep=1 us=3416.73047
TIME A128 prep=1 rep=1 us=3334.3894
TIME A256 prep=1 rep=1 us=3194.28247
TIME A512 prep=1 rep=1 us=2859.96777
TIME A32 prep=1 rep=1 us=4530.87988
TIME A64 prep=1 rep=2 us=3418.84277
TIME A128 prep=1 rep=2 us=3332.77856
TIME A256 prep=1 rep=2 us=3193.49316
TIME A512 prep=1 rep=2 us=2860.77856
TIME A32 prep=1 rep=2 us=4524.26123
TIME A16 prep=1 rep=2 us=4531.40283
TIME A128 prep=1 rep=3 us=3334.75195
TIME A256 prep=1 rep=3 us=3190.75195
TIME A512 prep=1 rep=3 us=2860.3147
TIME A32 prep=1 rep=3 us=4520.42676
TIME A16 prep=1 rep=3 us=4530.42139
TIME A64 prep=1 rep=3 us=3419.70679
TIME A256 prep=1 rep=4 us=3194.68262
TIME A512 prep=1 rep=4 us=2857.90918
TIME A32 prep=1 rep=4 us=4534.16553
TIME A16 prep=1 rep=4 us=4528.52295
TIME A64 prep=1 rep=4 us=3418.58667
TIME A128 prep=1 rep=4 us=3335.03491
TIME A512 prep=1 rep=5 us=2859.10938
TIME A32 prep=1 rep=5 us=4529.04541
TIME A16 prep=1 rep=5 us=4532.8584
TIME A64 prep=1 rep=5 us=3419.05054
TIME A128 prep=1 rep=5 us=3336.10669
TIME A256 prep=1 rep=5 us=3195.66406
TIME A32 prep=1 rep=6 us=4525.98389
TIME A16 prep=1 rep=6 us=4532.22412
TIME A64 prep=1 rep=6 us=3421.77075
TIME A128 prep=1 rep=6 us=3334.53882
TIME A256 prep=1 rep=6 us=3192.76831
TIME A512 prep=1 rep=6 us=2861.6106
PASS
