QUANT bits=8 values=33554432 bad=0
QUANT bits=4 values=33554432 bad=0
CHECK A32 outputs=8388608 samples=256 bad=0 nonfinite=0 changed=0 rel_l2=0
CHECK A16 outputs=8388608 samples=256 bad=0 nonfinite=0 changed=0 rel_l2=0
CHECK A64 outputs=8388608 samples=256 bad=0 nonfinite=0 changed=8388240 rel_l2=0.000882587476
CHECK A128 outputs=8388608 samples=256 bad=0 nonfinite=0 changed=8388314 rel_l2=0.00120715208
CHECK A256 outputs=8388608 samples=256 bad=0 nonfinite=0 changed=8388415 rel_l2=0.00167732544
CHECK A512 outputs=8388608 samples=256 bad=0 nonfinite=0 changed=8388544 rel_l2=0.00656814682
META M=256 N=512 K=2048 experts=64 quantization_timed=1 full_q8_codes=1
TIME A32 prep=1 rep=0 us=4629.57861
TIME A16 prep=1 rep=0 us=4628.71436
TIME A64 prep=1 rep=0 us=3412.30396
TIME A128 prep=1 rep=0 us=3321.21069
TIME A256 prep=1 rep=0 us=3170.97583
TIME A512 prep=1 rep=0 us=2841.18945
TIME A16 prep=1 rep=1 us=4626.06396
TIME A64 prep=1 rep=1 us=3411.97339
TIME A128 prep=1 rep=1 us=3319.6853
TIME A256 prep=1 rep=1 us=3170.44263
TIME A512 prep=1 rep=1 us=2839.71704
TIME A32 prep=1 rep=1 us=4627.8291
TIME A64 prep=1 rep=2 us=3410.73608
TIME A128 prep=1 rep=2 us=3317.95215
TIME A256 prep=1 rep=2 us=3168.17065
TIME A512 prep=1 rep=2 us=2839.7334
TIME A32 prep=1 rep=2 us=4628.29346
TIME A16 prep=1 rep=2 us=4629.11475
TIME A128 prep=1 rep=3 us=3317.88794
TIME A256 prep=1 rep=3 us=3168.76245
TIME A512 prep=1 rep=3 us=2839.44531
TIME A32 prep=1 rep=3 us=4626.06934
TIME A16 prep=1 rep=3 us=4628.40527
TIME A64 prep=1 rep=3 us=3412.53345
TIME A256 prep=1 rep=4 us=3169.30664
TIME A512 prep=1 rep=4 us=2839.25366
TIME A32 prep=1 rep=4 us=4627.74951
TIME A16 prep=1 rep=4 us=4627.58936
TIME A64 prep=1 rep=4 us=3409.90918
TIME A128 prep=1 rep=4 us=3320.94922
TIME A512 prep=1 rep=5 us=2839.27466
TIME A32 prep=1 rep=5 us=4626.65088
TIME A16 prep=1 rep=5 us=4626.62402
TIME A64 prep=1 rep=5 us=3409.67993
TIME A128 prep=1 rep=5 us=3319.15723
TIME A256 prep=1 rep=5 us=3172.16016
TIME A32 prep=1 rep=6 us=4626.07471
TIME A16 prep=1 rep=6 us=4624.55469
TIME A64 prep=1 rep=6 us=3410.76782
TIME A128 prep=1 rep=6 us=3318.05859
TIME A256 prep=1 rep=6 us=3169.41333
TIME A512 prep=1 rep=6 us=2840.63989
PASS
