QUANT bits=8 values=33554432 bad=0
QUANT bits=4 values=33554432 bad=0
CHECK A32 outputs=8388608 samples=256 bad=0 nonfinite=0 changed=0 rel_l2=0
CHECK A16 outputs=8388608 samples=256 bad=0 nonfinite=0 changed=0 rel_l2=0
CHECK A64 outputs=8388608 samples=256 bad=0 nonfinite=0 changed=8388240 rel_l2=0.000882587476
CHECK A128 outputs=8388608 samples=256 bad=0 nonfinite=0 changed=8388314 rel_l2=0.00120715208
CHECK A256 outputs=8388608 samples=256 bad=0 nonfinite=0 changed=8388415 rel_l2=0.00167732544
CHECK A512 outputs=8388608 samples=256 bad=0 nonfinite=0 changed=8388544 rel_l2=0.00656814682
META M=256 N=512 K=2048 experts=64 quantization_timed=1 full_q8_codes=1
TIME A32 prep=1 rep=0 us=4627.72266
TIME A16 prep=1 rep=0 us=4628.82129
TIME A64 prep=1 rep=0 us=3412.0481
TIME A128 prep=1 rep=0 us=3321.53052
TIME A256 prep=1 rep=0 us=3171.72827
TIME A512 prep=1 rep=0 us=2841.12012
TIME A16 prep=1 rep=1 us=4624.59229
TIME A64 prep=1 rep=1 us=3411.50415
TIME A128 prep=1 rep=1 us=3319.16284
TIME A256 prep=1 rep=1 us=3170.1709
TIME A512 prep=1 rep=1 us=2839.61621
TIME A32 prep=1 rep=1 us=4626.20801
TIME A64 prep=1 rep=2 us=3411.6853
TIME A128 prep=1 rep=2 us=3318.98145
TIME A256 prep=1 rep=2 us=3167.51978
TIME A512 prep=1 rep=2 us=2839.4668
TIME A32 prep=1 rep=2 us=4623.56299
TIME A16 prep=1 rep=2 us=4626.05859
TIME A128 prep=1 rep=3 us=3319.27466
TIME A256 prep=1 rep=3 us=3169.99487
TIME A512 prep=1 rep=3 us=2839.24805
TIME A32 prep=1 rep=3 us=4624.07471
TIME A16 prep=1 rep=3 us=4623.90918
TIME A64 prep=1 rep=3 us=3413.22144
TIME A256 prep=1 rep=4 us=3168.63477
TIME A512 prep=1 rep=4 us=2839.552
TIME A32 prep=1 rep=4 us=4623.4668
TIME A16 prep=1 rep=4 us=4624.22949
TIME A64 prep=1 rep=4 us=3412.24536
TIME A128 prep=1 rep=4 us=3321.23169
TIME A512 prep=1 rep=5 us=2838.8855
TIME A32 prep=1 rep=5 us=4624.01074
TIME A16 prep=1 rep=5 us=4626.27197
TIME A64 prep=1 rep=5 us=3410.37891
TIME A128 prep=1 rep=5 us=3317.39746
TIME A256 prep=1 rep=5 us=3171.19458
TIME A32 prep=1 rep=6 us=4626.16553
TIME A16 prep=1 rep=6 us=4626.97607
TIME A64 prep=1 rep=6 us=3409.82397
TIME A128 prep=1 rep=6 us=3318.19727
TIME A256 prep=1 rep=6 us=3169.1416
TIME A512 prep=1 rep=6 us=2841.49878
PASS
