QUANT bits=8 values=33554432 bad=0
QUANT bits=4 values=33554432 bad=0
CHECK A32 outputs=8388608 samples=256 bad=0 nonfinite=0 changed=0 rel_l2=0
CHECK A16 outputs=8388608 samples=256 bad=0 nonfinite=0 changed=0 rel_l2=0
CHECK A64 outputs=8388608 samples=256 bad=0 nonfinite=0 changed=8388240 rel_l2=0.000882587476
CHECK A128 outputs=8388608 samples=256 bad=0 nonfinite=0 changed=8388314 rel_l2=0.00120715208
CHECK A256 outputs=8388608 samples=256 bad=0 nonfinite=0 changed=8388415 rel_l2=0.00167732544
CHECK A512 outputs=8388608 samples=256 bad=0 nonfinite=0 changed=8388544 rel_l2=0.00656814682
META M=256 N=512 K=2048 experts=64 quantization_timed=1 full_q8_codes=1
TIME A32 prep=1 rep=0 us=4632.37842
TIME A16 prep=1 rep=0 us=4631.6001
TIME A64 prep=1 rep=0 us=3413.45605
TIME A128 prep=1 rep=0 us=3320.87476
TIME A256 prep=1 rep=0 us=3171.10425
TIME A512 prep=1 rep=0 us=2841.37598
TIME A16 prep=1 rep=1 us=4629.56787
TIME A64 prep=1 rep=1 us=3410.80542
TIME A128 prep=1 rep=1 us=3318.42676
TIME A256 prep=1 rep=1 us=3170.20801
TIME A512 prep=1 rep=1 us=2838.44263
TIME A32 prep=1 rep=1 us=4631.96289
TIME A64 prep=1 rep=2 us=3410.43726
TIME A128 prep=1 rep=2 us=3318.03198
TIME A256 prep=1 rep=2 us=3169.32812
TIME A512 prep=1 rep=2 us=2839.552
TIME A32 prep=1 rep=2 us=4627.104
TIME A16 prep=1 rep=2 us=4631.27979
TIME A128 prep=1 rep=3 us=3319.02417
TIME A256 prep=1 rep=3 us=3169.84546
TIME A512 prep=1 rep=3 us=2839.00806
TIME A32 prep=1 rep=3 us=4626.58643
TIME A16 prep=1 rep=3 us=4626.5708
TIME A64 prep=1 rep=3 us=3413.21069
TIME A256 prep=1 rep=4 us=3168.58667
TIME A512 prep=1 rep=4 us=2838.90649
TIME A32 prep=1 rep=4 us=4624.7251
TIME A16 prep=1 rep=4 us=4627.34912
TIME A64 prep=1 rep=4 us=3410.67749
TIME A128 prep=1 rep=4 us=3320.01074
TIME A512 prep=1 rep=5 us=2839.09863
TIME A32 prep=1 rep=5 us=4626.08545
TIME A16 prep=1 rep=5 us=4625.66943
TIME A64 prep=1 rep=5 us=3411.45605
TIME A128 prep=1 rep=5 us=3317.97339
TIME A256 prep=1 rep=5 us=3170.1228
TIME A32 prep=1 rep=6 us=4625.63184
TIME A16 prep=1 rep=6 us=4624.58154
TIME A64 prep=1 rep=6 us=3410.05859
TIME A128 prep=1 rep=6 us=3318.7041
TIME A256 prep=1 rep=6 us=3167.79761
TIME A512 prep=1 rep=6 us=2841.18945
PASS
