DECODE_EXHAUSTIVE cases=16252928 bad=0
QUANT bits=8 values=33554432 bad=0
QUANT bits=4 values=33554432 bad=0
CHECK A32 outputs=8388608 samples=256 bad=0 nonfinite=0 changed=0 rel_l2=0
CHECK A16 outputs=8388608 samples=256 bad=0 nonfinite=0 changed=0 rel_l2=0
CHECK A64 outputs=8388608 samples=256 bad=0 nonfinite=0 changed=8388184 rel_l2=0.000646669288
MATCH_PREVIOUS A64 values=8388608 bad=0
CHECK A128 outputs=8388608 samples=256 bad=0 nonfinite=0 changed=8388212 rel_l2=0.000870531122
MATCH_PREVIOUS A128 values=8388608 bad=0
CHECK A256 outputs=8388608 samples=256 bad=0 nonfinite=0 changed=8388329 rel_l2=0.00119812381
MATCH_PREVIOUS A256 values=8388608 bad=0
CHECK A512 outputs=8388608 samples=256 bad=0 nonfinite=0 changed=8388529 rel_l2=0.00465019343
MATCH_PREVIOUS A512 values=8388608 bad=0
META M=256 N=512 K=2048 experts=64 quantization_timed=1 full_q8_codes=1
TIME A32 prep=1 rep=0 us=4624.62402
TIME A16 prep=1 rep=0 us=4622.9707
TIME A64 prep=1 rep=0 us=7341.98389
TIME A128 prep=1 rep=0 us=5243.19482
TIME A256 prep=1 rep=0 us=3602.27222
TIME A512 prep=1 rep=0 us=2889.88281
TIME A16 prep=1 rep=1 us=4625.07715
TIME A64 prep=1 rep=1 us=7354.19727
TIME A128 prep=1 rep=1 us=5214.35205
TIME A256 prep=1 rep=1 us=3596.08008
TIME A512 prep=1 rep=1 us=2890.07495
TIME A32 prep=1 rep=1 us=4622.93311
TIME A64 prep=1 rep=2 us=7340.90674
TIME A128 prep=1 rep=2 us=5244.51709
TIME A256 prep=1 rep=2 us=3602.93335
TIME A512 prep=1 rep=2 us=2890.46411
TIME A32 prep=1 rep=2 us=4626.07959
TIME A16 prep=1 rep=2 us=4678.65576
TIME A128 prep=1 rep=3 us=5214.92236
TIME A256 prep=1 rep=3 us=3612.17578
TIME A512 prep=1 rep=3 us=2899.21069
TIME A32 prep=1 rep=3 us=4634.42139
TIME A16 prep=1 rep=3 us=4631.25879
TIME A64 prep=1 rep=3 us=7348.68213
TIME A256 prep=1 rep=4 us=3609.85059
TIME A512 prep=1 rep=4 us=2898.42676
TIME A32 prep=1 rep=4 us=4671.13574
TIME A16 prep=1 rep=4 us=4665.89893
TIME A64 prep=1 rep=4 us=7358.12842
TIME A128 prep=1 rep=4 us=5219.25342
TIME A512 prep=1 rep=5 us=2889.61597
TIME A32 prep=1 rep=5 us=4621.31201
TIME A16 prep=1 rep=5 us=4621.55225
TIME A64 prep=1 rep=5 us=7343.68506
TIME A128 prep=1 rep=5 us=5224.37305
TIME A256 prep=1 rep=5 us=3598.17065
TIME A32 prep=1 rep=6 us=4625.0293
TIME A16 prep=1 rep=6 us=4621.4082
TIME A64 prep=1 rep=6 us=7358.1333
TIME A128 prep=1 rep=6 us=5212.20801
TIME A256 prep=1 rep=6 us=3597.58911
TIME A512 prep=1 rep=6 us=2888.90698
PASS
