QUANT bits=8 values=33554432 bad=0
QUANT bits=4 values=33554432 bad=0
CHECK A32 outputs=8388608 samples=256 bad=0 nonfinite=0 changed=0 rel_l2=0
CHECK A16 outputs=8388608 samples=256 bad=0 nonfinite=0 changed=0 rel_l2=0
CHECK A64 outputs=8388608 samples=256 bad=0 nonfinite=0 changed=8388184 rel_l2=0.000646669288
MATCH_PREVIOUS A64 values=8388608 bad=0
CHECK A128 outputs=8388608 samples=256 bad=0 nonfinite=0 changed=8388212 rel_l2=0.000870531122
MATCH_PREVIOUS A128 values=8388608 bad=0
CHECK A256 outputs=8388608 samples=256 bad=0 nonfinite=0 changed=8388329 rel_l2=0.00119812381
MATCH_PREVIOUS A256 values=8388608 bad=0
CHECK A512 outputs=8388608 samples=256 bad=0 nonfinite=0 changed=8388529 rel_l2=0.00465019343
MATCH_PREVIOUS A512 values=8388608 bad=0
META M=256 N=512 K=2048 experts=64 quantization_timed=1 full_q8_codes=1
TIME A32 prep=1 rep=0 us=4630.94922
TIME A16 prep=1 rep=0 us=4629.76025
TIME A64 prep=1 rep=0 us=3970.34155
TIME A128 prep=1 rep=0 us=3758.03198
TIME A256 prep=1 rep=0 us=3588.38403
TIME A512 prep=1 rep=0 us=2590.72534
TIME A16 prep=1 rep=1 us=4628.65576
TIME A64 prep=1 rep=1 us=3968.16528
TIME A128 prep=1 rep=1 us=3751.43457
TIME A256 prep=1 rep=1 us=3579.50952
TIME A512 prep=1 rep=1 us=2593.61597
TIME A32 prep=1 rep=1 us=4627.5625
TIME A64 prep=1 rep=2 us=3969.19458
TIME A128 prep=1 rep=2 us=3756.67749
TIME A256 prep=1 rep=2 us=3575.49878
TIME A512 prep=1 rep=2 us=2590.42139
TIME A32 prep=1 rep=2 us=4626.21338
TIME A16 prep=1 rep=2 us=4629.22656
TIME A128 prep=1 rep=3 us=3750.92798
TIME A256 prep=1 rep=3 us=3574.5813
TIME A512 prep=1 rep=3 us=2588.896
TIME A32 prep=1 rep=3 us=4625.89893
TIME A16 prep=1 rep=3 us=4625.48779
TIME A64 prep=1 rep=3 us=3972.37866
TIME A256 prep=1 rep=4 us=3578.71997
TIME A512 prep=1 rep=4 us=2589.58936
TIME A32 prep=1 rep=4 us=4625.98389
TIME A16 prep=1 rep=4 us=4626.03174
TIME A64 prep=1 rep=4 us=3969.40259
TIME A128 prep=1 rep=4 us=3760.40527
TIME A512 prep=1 rep=5 us=2591.19458
TIME A32 prep=1 rep=5 us=4625.68018
TIME A16 prep=1 rep=5 us=4625.34912
TIME A64 prep=1 rep=5 us=3968.16528
TIME A128 prep=1 rep=5 us=3758.53345
TIME A256 prep=1 rep=5 us=3589.94653
TIME A32 prep=1 rep=6 us=4627.46143
TIME A16 prep=1 rep=6 us=4626.47461
TIME A64 prep=1 rep=6 us=3968.91724
TIME A128 prep=1 rep=6 us=3760.28784
TIME A256 prep=1 rep=6 us=3582.80542
TIME A512 prep=1 rep=6 us=2589.97339
PASS
