========= COMPUTE-SANITIZER
QUANT bits=8 values=786432 bad=0
QUANT bits=4 values=786432 bad=0
CHECK A32 outputs=1048576 samples=256 bad=0 nonfinite=0 changed=0 rel_l2=0
CHECK A16 outputs=1048576 samples=256 bad=0 nonfinite=0 changed=0 rel_l2=0
CHECK A64 outputs=1048576 samples=256 bad=0 nonfinite=0 changed=1048510 rel_l2=0.000647132569
MATCH_PREVIOUS A64 values=1048576 bad=0
CHECK A128 outputs=1048576 samples=256 bad=0 nonfinite=0 changed=1048510 rel_l2=0.000805695236
MATCH_PREVIOUS A128 values=1048576 bad=0
CHECK A256 outputs=1048576 samples=256 bad=0 nonfinite=0 changed=1048534 rel_l2=0.00104805453
MATCH_PREVIOUS A256 values=1048576 bad=0
CHECK A512 outputs=1048576 samples=256 bad=0 nonfinite=0 changed=1048534 rel_l2=0.00104805453
MATCH_PREVIOUS A512 values=1048576 bad=0
META M=128 N=128 K=96 experts=64 quantization_timed=1 full_q8_codes=1
TIME A32 prep=1 rep=0 us=455902.5
TIME A16 prep=1 rep=0 us=452174.625
TIME A64 prep=1 rep=0 us=253308.094
TIME A128 prep=1 rep=0 us=259820.375
TIME A256 prep=1 rep=0 us=258461.219
TIME A512 prep=1 rep=0 us=256905.891
PASS
========= RACECHECK SUMMARY: 0 hazards displayed (0 errors, 0 warnings)
