QUANT bits=8 values=33554432 bad=0
QUANT bits=4 values=33554432 bad=0
CHECK A32 outputs=8388608 samples=256 bad=0 nonfinite=0 changed=0 rel_l2=0
CHECK A16 outputs=8388608 samples=256 bad=0 nonfinite=0 changed=0 rel_l2=0
CHECK A64 outputs=8388608 samples=256 bad=0 nonfinite=0 changed=8388184 rel_l2=0.000646669288
MATCH_PREVIOUS A64 values=8388608 bad=0
CHECK A128 outputs=8388608 samples=256 bad=0 nonfinite=0 changed=8388212 rel_l2=0.000870531122
MATCH_PREVIOUS A128 values=8388608 bad=0
CHECK A256 outputs=8388608 samples=256 bad=0 nonfinite=0 changed=8388329 rel_l2=0.00119812381
MATCH_PREVIOUS A256 values=8388608 bad=0
CHECK A512 outputs=8388608 samples=256 bad=0 nonfinite=0 changed=8388529 rel_l2=0.00465019343
MATCH_PREVIOUS A512 values=8388608 bad=0
META M=256 N=512 K=2048 experts=64 quantization_timed=1 full_q8_codes=1
TIME A32 prep=1 rep=0 us=4626.64551
TIME A16 prep=1 rep=0 us=4630.62939
TIME A64 prep=1 rep=0 us=3853.41333
TIME A128 prep=1 rep=0 us=3770.98145
TIME A256 prep=1 rep=0 us=3564.88013
TIME A512 prep=1 rep=0 us=2708.59717
TIME A16 prep=1 rep=1 us=4627.22656
TIME A64 prep=1 rep=1 us=3848.64526
TIME A128 prep=1 rep=1 us=3768.8855
TIME A256 prep=1 rep=1 us=3560.46948
TIME A512 prep=1 rep=1 us=2707.53613
TIME A32 prep=1 rep=1 us=4627.22119
TIME A64 prep=1 rep=2 us=3850.62402
TIME A128 prep=1 rep=2 us=3769.12524
TIME A256 prep=1 rep=2 us=3610.30396
TIME A512 prep=1 rep=2 us=2717.47192
TIME A32 prep=1 rep=2 us=4636.1333
TIME A16 prep=1 rep=2 us=4635.76514
TIME A128 prep=1 rep=3 us=3771.2959
TIME A256 prep=1 rep=3 us=3560.26685
TIME A512 prep=1 rep=3 us=2709.66943
TIME A32 prep=1 rep=3 us=4632.35742
TIME A16 prep=1 rep=3 us=4629.26416
TIME A64 prep=1 rep=3 us=3852.00513
TIME A256 prep=1 rep=4 us=3559.82935
TIME A512 prep=1 rep=4 us=2709.19995
TIME A32 prep=1 rep=4 us=4629.44531
TIME A16 prep=1 rep=4 us=4625.65332
TIME A64 prep=1 rep=4 us=3848.93848
TIME A128 prep=1 rep=4 us=3770.37891
TIME A512 prep=1 rep=5 us=2708.35718
TIME A32 prep=1 rep=5 us=4625.97314
TIME A16 prep=1 rep=5 us=4626.1333
TIME A64 prep=1 rep=5 us=3849.2959
TIME A128 prep=1 rep=5 us=3765.73901
TIME A256 prep=1 rep=5 us=3562.10132
TIME A32 prep=1 rep=6 us=4627.89844
TIME A16 prep=1 rep=6 us=4628.45312
TIME A64 prep=1 rep=6 us=3850.14429
TIME A128 prep=1 rep=6 us=3766.30396
TIME A256 prep=1 rep=6 us=3559.65845
TIME A512 prep=1 rep=6 us=2710.8374
PASS
