QUANT bits=8 values=8388608 bad=0
QUANT bits=4 values=8388608 bad=0
CHECK A32 outputs=33554432 samples=256 bad=0 nonfinite=0 changed=0 rel_l2=0
CHECK A16 outputs=33554432 samples=256 bad=0 nonfinite=0 changed=0 rel_l2=0
CHECK A512 outputs=33554432 samples=256 bad=0 nonfinite=0 changed=33553982 rel_l2=0.00330551495
MATCH_PREVIOUS A512 values=33554432 bad=0
META M=256 N=2048 K=512 experts=64 quantization_timed=1 full_q8_codes=1
TIME A32 prep=1 rep=0 us=4530.09619
TIME A16 prep=1 rep=0 us=4536.92285
TIME A512 prep=1 rep=0 us=2700.82129
TIME A16 prep=1 rep=1 us=4525.71729
TIME A512 prep=1 rep=1 us=2703.04517
TIME A32 prep=1 rep=1 us=4532.50146
TIME A512 prep=1 rep=2 us=2702.34155
TIME A32 prep=1 rep=2 us=4524.73584
TIME A16 prep=1 rep=2 us=4533.58936
TIME A32 prep=1 rep=3 us=4533.66406
TIME A16 prep=1 rep=3 us=4527.41357
TIME A512 prep=1 rep=3 us=2702.78931
TIME A16 prep=1 rep=4 us=4530.67236
TIME A512 prep=1 rep=4 us=2702.41064
TIME A32 prep=1 rep=4 us=4529.57861
TIME A512 prep=1 rep=5 us=2702.11743
TIME A32 prep=1 rep=5 us=4534.36768
TIME A16 prep=1 rep=5 us=4531.83447
TIME A32 prep=1 rep=6 us=4526.52783
TIME A16 prep=1 rep=6 us=4525.94092
TIME A512 prep=1 rep=6 us=2718.37866
PASS
