QUANT bits=8 values=33554432 bad=0
QUANT bits=4 values=33554432 bad=0
CHECK A32 outputs=8388608 samples=256 bad=0 nonfinite=0 changed=0 rel_l2=0
CHECK A16 outputs=8388608 samples=256 bad=0 nonfinite=0 changed=0 rel_l2=0
CHECK A512 outputs=8388608 samples=256 bad=0 nonfinite=0 changed=8388544 rel_l2=0.00656814682
MATCH_PREVIOUS A512 values=8388608 bad=0
META M=256 N=512 K=2048 experts=64 quantization_timed=1 full_q8_codes=1
TIME A32 prep=1 rep=0 us=4628.70947
TIME A16 prep=1 rep=0 us=4628.99219
TIME A512 prep=1 rep=0 us=2829.69067
TIME A16 prep=1 rep=1 us=4628.95459
TIME A512 prep=1 rep=1 us=2826.02124
TIME A32 prep=1 rep=1 us=4628.95459
TIME A512 prep=1 rep=2 us=2826.06934
TIME A32 prep=1 rep=2 us=4625.45068
TIME A16 prep=1 rep=2 us=4628.49072
TIME A32 prep=1 rep=3 us=4626.7417
TIME A16 prep=1 rep=3 us=4625.82373
TIME A512 prep=1 rep=3 us=2827.1416
TIME A16 prep=1 rep=4 us=4627.35986
TIME A512 prep=1 rep=4 us=2825.92017
TIME A32 prep=1 rep=4 us=4625.5415
TIME A512 prep=1 rep=5 us=2825.84546
TIME A32 prep=1 rep=5 us=4625.90381
TIME A16 prep=1 rep=5 us=4626.87451
TIME A32 prep=1 rep=6 us=4628.21875
TIME A16 prep=1 rep=6 us=4625.91455
TIME A512 prep=1 rep=6 us=2825.33862
PASS
