QUANT bits=8 values=33554432 bad=0
QUANT bits=4 values=33554432 bad=0
CHECK A32 outputs=8388608 samples=256 bad=0 nonfinite=0 changed=0 rel_l2=0
CHECK A16 outputs=8388608 samples=256 bad=0 nonfinite=0 changed=0 rel_l2=0
CHECK A64 outputs=8388608 samples=256 bad=0 nonfinite=0 changed=8388184 rel_l2=0.000646669288
CHECK A128 outputs=8388608 samples=256 bad=0 nonfinite=0 changed=8388329 rel_l2=0.00119812381
CHECK A256 outputs=8388608 samples=256 bad=0 nonfinite=0 changed=8388529 rel_l2=0.00465019343
META M=256 N=512 K=2048 experts=64 quantization_timed=1 full_q8_codes=1
TIME A32 prep=1 rep=0 us=4623.41895
TIME A16 prep=1 rep=0 us=4622.20801
TIME A64 prep=1 rep=0 us=4722.92822
TIME A128 prep=1 rep=0 us=4581.98389
TIME A256 prep=1 rep=0 us=4232.54395
TIME A16 prep=1 rep=1 us=4623.07764
TIME A64 prep=1 rep=1 us=4723.09326
TIME A128 prep=1 rep=1 us=4589.18896
TIME A256 prep=1 rep=1 us=4229.06152
TIME A32 prep=1 rep=1 us=4622.4375
TIME A64 prep=1 rep=2 us=4723.03467
TIME A128 prep=1 rep=2 us=4581.97314
TIME A256 prep=1 rep=2 us=4231.43994
TIME A32 prep=1 rep=2 us=4627.22656
TIME A16 prep=1 rep=2 us=4622.95459
TIME A128 prep=1 rep=3 us=4561.09863
TIME A256 prep=1 rep=3 us=4228.61328
TIME A32 prep=1 rep=3 us=4624.71436
TIME A16 prep=1 rep=3 us=4621.07227
TIME A64 prep=1 rep=3 us=4722.89062
TIME A256 prep=1 rep=4 us=4232.42676
TIME A32 prep=1 rep=4 us=4625.38672
TIME A16 prep=1 rep=4 us=4622.79492
TIME A64 prep=1 rep=4 us=4722.8374
TIME A128 prep=1 rep=4 us=4590.31982
TIME A32 prep=1 rep=5 us=4624.77344
TIME A16 prep=1 rep=5 us=4625.76562
TIME A64 prep=1 rep=5 us=4722.92236
TIME A128 prep=1 rep=5 us=4579.42383
TIME A256 prep=1 rep=5 us=4234.19189
TIME A16 prep=1 rep=6 us=4622.77344
TIME A64 prep=1 rep=6 us=4722.98145
TIME A128 prep=1 rep=6 us=4573.02393
TIME A256 prep=1 rep=6 us=4231.39746
TIME A32 prep=1 rep=6 us=4623.0083
PASS
