QUANT bits=8 values=8388608 bad=0
QUANT bits=4 values=8388608 bad=0
CHECK A32 outputs=33554432 samples=256 bad=0 nonfinite=0 changed=0 rel_l2=0
CHECK A16 outputs=33554432 samples=256 bad=0 nonfinite=0 changed=0 rel_l2=0
CHECK A64 outputs=33554432 samples=256 bad=0 nonfinite=0 changed=33552460 rel_l2=0.000646755344
CHECK A128 outputs=33554432 samples=256 bad=0 nonfinite=0 changed=33553306 rel_l2=0.0011977545
CHECK A256 outputs=33554432 samples=256 bad=0 nonfinite=0 changed=33553839 rel_l2=0.00234354039
META M=256 N=2048 K=512 experts=64 quantization_timed=1 full_q8_codes=1
TIME A32 prep=1 rep=0 us=4530.56006
TIME A16 prep=1 rep=0 us=4524.22412
TIME A64 prep=1 rep=0 us=3391.83472
TIME A128 prep=1 rep=0 us=3273.96265
TIME A256 prep=1 rep=0 us=2993.34399
TIME A16 prep=1 rep=1 us=4534.35205
TIME A64 prep=1 rep=1 us=3391.54663
TIME A128 prep=1 rep=1 us=3274.7627
TIME A256 prep=1 rep=1 us=2991.96802
TIME A32 prep=1 rep=1 us=4528.22949
TIME A64 prep=1 rep=2 us=3395.92017
TIME A128 prep=1 rep=2 us=3273.7334
TIME A256 prep=1 rep=2 us=2989.36523
TIME A32 prep=1 rep=2 us=4531.70654
TIME A16 prep=1 rep=2 us=4526.01611
TIME A128 prep=1 rep=3 us=3270.78418
TIME A256 prep=1 rep=3 us=2990.93335
TIME A32 prep=1 rep=3 us=4532.33057
TIME A16 prep=1 rep=3 us=4544.21338
TIME A64 prep=1 rep=3 us=3387.44531
TIME A256 prep=1 rep=4 us=2987.73315
TIME A32 prep=1 rep=4 us=4545.31738
TIME A16 prep=1 rep=4 us=4527.77588
TIME A64 prep=1 rep=4 us=3390.73608
TIME A128 prep=1 rep=4 us=3271.69067
TIME A32 prep=1 rep=5 us=4542.42676
TIME A16 prep=1 rep=5 us=4529.89893
TIME A64 prep=1 rep=5 us=3390.56519
TIME A128 prep=1 rep=5 us=3272.82129
TIME A256 prep=1 rep=5 us=2988.30933
TIME A16 prep=1 rep=6 us=4533.76025
TIME A64 prep=1 rep=6 us=3388.96509
TIME A128 prep=1 rep=6 us=3271.31738
TIME A256 prep=1 rep=6 us=2988.44263
TIME A32 prep=1 rep=6 us=4544.5708
PASS
