QUANT bits=8 values=4194304 bad=0
QUANT bits=4 values=4194304 bad=0
CHECK A32 outputs=16777216 samples=256 bad=0 nonfinite=0 changed=0 rel_l2=0
CHECK A16 outputs=16777216 samples=256 bad=0 nonfinite=0 changed=0 rel_l2=0
CHECK A64 outputs=16777216 samples=256 bad=0 nonfinite=0 changed=16776223 rel_l2=0.000646987377
CHECK A128 outputs=16777216 samples=256 bad=0 nonfinite=0 changed=16776670 rel_l2=0.00119812537
CHECK A256 outputs=16777216 samples=256 bad=0 nonfinite=0 changed=16776934 rel_l2=0.00234356029
META M=128 N=2048 K=512 experts=64 quantization_timed=1 full_q8_codes=1
TIME A32 prep=1 rep=0 us=2286.01587
TIME A16 prep=1 rep=0 us=2283.85083
TIME A64 prep=1 rep=0 us=1718.54944
TIME A128 prep=1 rep=0 us=1662.8053
TIME A256 prep=1 rep=0 us=1519.87732
TIME A16 prep=1 rep=1 us=2283.74927
TIME A64 prep=1 rep=1 us=1717.97864
TIME A128 prep=1 rep=1 us=1660.40527
TIME A256 prep=1 rep=1 us=1521.29065
TIME A32 prep=1 rep=1 us=2281.22144
TIME A64 prep=1 rep=2 us=1718.7041
TIME A128 prep=1 rep=2 us=1660.38928
TIME A256 prep=1 rep=2 us=1520.56543
TIME A32 prep=1 rep=2 us=2284.8855
TIME A16 prep=1 rep=2 us=2284.91187
TIME A128 prep=1 rep=3 us=1658.04797
TIME A256 prep=1 rep=3 us=1520.31458
TIME A32 prep=1 rep=3 us=2286.1228
TIME A16 prep=1 rep=3 us=2284.85327
TIME A64 prep=1 rep=3 us=1718.23474
TIME A256 prep=1 rep=4 us=1521.18945
TIME A32 prep=1 rep=4 us=2282.51733
TIME A16 prep=1 rep=4 us=2283.8667
TIME A64 prep=1 rep=4 us=1717.80273
TIME A128 prep=1 rep=4 us=1661.61609
TIME A32 prep=1 rep=5 us=2283.25342
TIME A16 prep=1 rep=5 us=2286.79468
TIME A64 prep=1 rep=5 us=1717.9679
TIME A128 prep=1 rep=5 us=1658.32532
TIME A256 prep=1 rep=5 us=1521.48792
TIME A16 prep=1 rep=6 us=2281.6853
TIME A64 prep=1 rep=6 us=1719.43994
TIME A128 prep=1 rep=6 us=1658.9281
TIME A256 prep=1 rep=6 us=1520.82666
TIME A32 prep=1 rep=6 us=2284.51733
PASS
