QUANT bits=8 values=16777216 bad=0
QUANT bits=4 values=16777216 bad=0
CHECK A32 outputs=4194304 samples=256 bad=0 nonfinite=0 changed=0 rel_l2=0
CHECK A16 outputs=4194304 samples=256 bad=0 nonfinite=0 changed=0 rel_l2=0
CHECK A64 outputs=4194304 samples=256 bad=0 nonfinite=0 changed=4194049 rel_l2=0.000646783277
CHECK A128 outputs=4194304 samples=256 bad=0 nonfinite=0 changed=4194177 rel_l2=0.001197542
CHECK A256 outputs=4194304 samples=256 bad=0 nonfinite=0 changed=4194261 rel_l2=0.00465070809
META M=128 N=512 K=2048 experts=64 quantization_timed=1 full_q8_codes=1
TIME A32 prep=1 rep=0 us=2408.10132
TIME A16 prep=1 rep=0 us=2408.56543
TIME A64 prep=1 rep=0 us=1801.56262
TIME A128 prep=1 rep=0 us=1725.22131
TIME A256 prep=1 rep=0 us=1593.08801
TIME A16 prep=1 rep=1 us=2408.54419
TIME A64 prep=1 rep=1 us=1802.02136
TIME A128 prep=1 rep=1 us=1725.35461
TIME A256 prep=1 rep=1 us=1593.31738
TIME A32 prep=1 rep=1 us=2407.61597
TIME A64 prep=1 rep=2 us=1801.23206
TIME A128 prep=1 rep=2 us=1724.69336
TIME A256 prep=1 rep=2 us=1593.23743
TIME A32 prep=1 rep=2 us=2408.09058
TIME A16 prep=1 rep=2 us=2409.17334
TIME A128 prep=1 rep=3 us=1724.97607
TIME A256 prep=1 rep=3 us=1593.37598
TIME A32 prep=1 rep=3 us=2410.69336
TIME A16 prep=1 rep=3 us=2409.14136
TIME A64 prep=1 rep=3 us=1802.58142
TIME A256 prep=1 rep=4 us=1592.71472
TIME A32 prep=1 rep=4 us=2409.05054
TIME A16 prep=1 rep=4 us=2408.14404
TIME A64 prep=1 rep=4 us=1800.224
TIME A128 prep=1 rep=4 us=1725.92004
TIME A32 prep=1 rep=5 us=2409.42944
TIME A16 prep=1 rep=5 us=2408.34155
TIME A64 prep=1 rep=5 us=1801.20007
TIME A128 prep=1 rep=5 us=1724.62402
TIME A256 prep=1 rep=5 us=1592.66663
TIME A16 prep=1 rep=6 us=2409.18945
TIME A64 prep=1 rep=6 us=1801.05066
TIME A128 prep=1 rep=6 us=1725.93591
TIME A256 prep=1 rep=6 us=1590.26672
TIME A32 prep=1 rep=6 us=2409.37598
PASS
