QUANT bits=8 values=16777216 bad=0
QUANT bits=4 values=16777216 bad=0
CHECK A32 outputs=67108864 samples=256 bad=0 nonfinite=0 changed=0 rel_l2=0
CHECK A16 outputs=67108864 samples=256 bad=0 nonfinite=0 changed=0 rel_l2=0
CHECK A64 outputs=67108864 samples=256 bad=0 nonfinite=0 changed=67104844 rel_l2=0.00064702905
CHECK A128 outputs=67108864 samples=256 bad=0 nonfinite=0 changed=67106679 rel_l2=0.0011981434
CHECK A256 outputs=67108864 samples=256 bad=0 nonfinite=0 changed=67107681 rel_l2=0.00234330455
META M=512 N=2048 K=512 experts=64 quantization_timed=1 full_q8_codes=1
TIME A32 prep=1 rep=0 us=9035.42969
TIME A16 prep=1 rep=0 us=9024.61328
TIME A64 prep=1 rep=0 us=6740.35205
TIME A128 prep=1 rep=0 us=6552.8374
TIME A256 prep=1 rep=0 us=5923.92529
TIME A16 prep=1 rep=1 us=8993.10938
TIME A64 prep=1 rep=1 us=6747.93018
TIME A128 prep=1 rep=1 us=6549.35986
TIME A256 prep=1 rep=1 us=5921.38135
TIME A32 prep=1 rep=1 us=9017.6377
TIME A64 prep=1 rep=2 us=6756.37305
TIME A128 prep=1 rep=2 us=6565.45068
TIME A256 prep=1 rep=2 us=5921.45557
TIME A32 prep=1 rep=2 us=9044.1123
TIME A16 prep=1 rep=2 us=9013.80273
TIME A128 prep=1 rep=3 us=6549.73389
TIME A256 prep=1 rep=3 us=5922.7417
TIME A32 prep=1 rep=3 us=9028.25098
TIME A16 prep=1 rep=3 us=8999.70703
TIME A64 prep=1 rep=3 us=6733.62158
TIME A256 prep=1 rep=4 us=5939.15771
TIME A32 prep=1 rep=4 us=9024.11719
TIME A16 prep=1 rep=4 us=9010.47461
TIME A64 prep=1 rep=4 us=6764.54932
TIME A128 prep=1 rep=4 us=6558.01025
TIME A32 prep=1 rep=5 us=9019.6377
TIME A16 prep=1 rep=5 us=9024.31543
TIME A64 prep=1 rep=5 us=6741.29639
TIME A128 prep=1 rep=5 us=6582.6665
TIME A256 prep=1 rep=5 us=5922.34131
TIME A16 prep=1 rep=6 us=8998.96582
TIME A64 prep=1 rep=6 us=6751.84521
TIME A128 prep=1 rep=6 us=6568.47461
TIME A256 prep=1 rep=6 us=5937.82422
TIME A32 prep=1 rep=6 us=9038.57031
PASS
