QUANT bits=8 values=8388608 bad=0
QUANT bits=4 values=8388608 bad=0
CHECK A32 outputs=2097152 samples=256 bad=0 nonfinite=0 changed=0 rel_l2=0
CHECK A16 outputs=2097152 samples=256 bad=0 nonfinite=0 changed=0 rel_l2=0
CHECK A64 outputs=2097152 samples=256 bad=0 nonfinite=0 changed=2097031 rel_l2=0.000646544705
CHECK A128 outputs=2097152 samples=256 bad=0 nonfinite=0 changed=2097091 rel_l2=0.00119669889
CHECK A256 outputs=2097152 samples=256 bad=0 nonfinite=0 changed=2097136 rel_l2=0.00465641153
META M=64 N=512 K=2048 experts=64 quantization_timed=1 full_q8_codes=1
TIME A32 prep=1 rep=0 us=1276.33606
TIME A16 prep=1 rep=0 us=1273.25867
TIME A64 prep=1 rep=0 us=968.245361
TIME A128 prep=1 rep=0 us=940.165344
TIME A256 prep=1 rep=0 us=869.402649
TIME A16 prep=1 rep=1 us=1274.90125
TIME A64 prep=1 rep=1 us=968.026611
TIME A128 prep=1 rep=1 us=939.936035
TIME A256 prep=1 rep=1 us=867.872009
TIME A32 prep=1 rep=1 us=1276.03198
TIME A64 prep=1 rep=2 us=967.642761
TIME A128 prep=1 rep=2 us=941.184021
TIME A256 prep=1 rep=2 us=868.832031
TIME A32 prep=1 rep=2 us=1274.55469
TIME A16 prep=1 rep=2 us=1272.60803
TIME A128 prep=1 rep=3 us=942.575989
TIME A256 prep=1 rep=3 us=865.973328
TIME A32 prep=1 rep=3 us=1274.05334
TIME A16 prep=1 rep=3 us=1274.81604
TIME A64 prep=1 rep=3 us=967.130676
TIME A256 prep=1 rep=4 us=868.34668
TIME A32 prep=1 rep=4 us=1276.07458
TIME A16 prep=1 rep=4 us=1273.53601
TIME A64 prep=1 rep=4 us=968.656006
TIME A128 prep=1 rep=4 us=940.288025
TIME A32 prep=1 rep=5 us=1275.08264
TIME A16 prep=1 rep=5 us=1274.52271
TIME A64 prep=1 rep=5 us=967.477295
TIME A128 prep=1 rep=5 us=940.122742
TIME A256 prep=1 rep=5 us=866.746643
TIME A16 prep=1 rep=6 us=1271.76526
TIME A64 prep=1 rep=6 us=967.514648
TIME A128 prep=1 rep=6 us=940.858643
TIME A256 prep=1 rep=6 us=868.256042
TIME A32 prep=1 rep=6 us=1275.21069
PASS
