QUANT bits=8 values=33554432 bad=0
QUANT bits=4 values=33554432 bad=0
CHECK A32 outputs=8388608 samples=256 bad=0 nonfinite=0 changed=0 rel_l2=0
CHECK A16 outputs=8388608 samples=256 bad=0 nonfinite=0 changed=0 rel_l2=0
CHECK A64 outputs=8388608 samples=256 bad=0 nonfinite=0 changed=8388184 rel_l2=0.000646669288
MATCH_PREVIOUS A64 values=8388608 bad=0
CHECK A128 outputs=8388608 samples=256 bad=0 nonfinite=0 changed=8388212 rel_l2=0.000870531122
MATCH_PREVIOUS A128 values=8388608 bad=0
CHECK A256 outputs=8388608 samples=256 bad=0 nonfinite=0 changed=8388329 rel_l2=0.00119812381
MATCH_PREVIOUS A256 values=8388608 bad=0
CHECK A512 outputs=8388608 samples=256 bad=0 nonfinite=0 changed=8388529 rel_l2=0.00465019343
MATCH_PREVIOUS A512 values=8388608 bad=0
META M=256 N=512 K=2048 experts=64 quantization_timed=1 full_q8_codes=1
TIME A32 prep=1 rep=0 us=4625.63721
TIME A16 prep=1 rep=0 us=4626.896
TIME A64 prep=1 rep=0 us=3776.91211
TIME A128 prep=1 rep=0 us=3615.51978
TIME A256 prep=1 rep=0 us=3450.76831
TIME A512 prep=1 rep=0 us=2518.68262
TIME A16 prep=1 rep=1 us=4624.94385
TIME A64 prep=1 rep=1 us=3784.03711
TIME A128 prep=1 rep=1 us=3595.86646
TIME A256 prep=1 rep=1 us=3453.57886
TIME A512 prep=1 rep=1 us=2519.00806
TIME A32 prep=1 rep=1 us=4625.50391
TIME A64 prep=1 rep=2 us=3777.31738
TIME A128 prep=1 rep=2 us=3608.42114
TIME A256 prep=1 rep=2 us=3454.05347
TIME A512 prep=1 rep=2 us=2519.94141
TIME A32 prep=1 rep=2 us=4623.11475
TIME A16 prep=1 rep=2 us=4628.31982
TIME A128 prep=1 rep=3 us=3600.61328
TIME A256 prep=1 rep=3 us=3447.2002
TIME A512 prep=1 rep=3 us=2513.58398
TIME A32 prep=1 rep=3 us=4622.6665
TIME A16 prep=1 rep=3 us=4625.80811
TIME A64 prep=1 rep=3 us=3782.91187
TIME A256 prep=1 rep=4 us=3453.06152
TIME A512 prep=1 rep=4 us=2519.49341
TIME A32 prep=1 rep=4 us=4624.51758
TIME A16 prep=1 rep=4 us=4625.59473
TIME A64 prep=1 rep=4 us=3770.45337
TIME A128 prep=1 rep=4 us=3609.49316
TIME A512 prep=1 rep=5 us=2516.82153
TIME A32 prep=1 rep=5 us=4625.82373
TIME A16 prep=1 rep=5 us=4622.05322
TIME A64 prep=1 rep=5 us=3778.53882
TIME A128 prep=1 rep=5 us=3604.13306
TIME A256 prep=1 rep=5 us=3454.20288
TIME A32 prep=1 rep=6 us=4625.85059
TIME A16 prep=1 rep=6 us=4625.26416
TIME A64 prep=1 rep=6 us=3784.30396
TIME A128 prep=1 rep=6 us=3597.59985
TIME A256 prep=1 rep=6 us=3451.72266
TIME A512 prep=1 rep=6 us=2526.85327
PASS
