QUANT bits=8 values=33554432 bad=0
QUANT bits=4 values=33554432 bad=0
CHECK A32 outputs=8388608 samples=256 bad=0 nonfinite=0 changed=0 rel_l2=0
CHECK A16 outputs=8388608 samples=256 bad=0 nonfinite=0 changed=0 rel_l2=0
CHECK A64 outputs=8388608 samples=256 bad=0 nonfinite=0 changed=8388184 rel_l2=0.000646669288
MATCH_PREVIOUS A64 values=8388608 bad=0
CHECK A128 outputs=8388608 samples=256 bad=0 nonfinite=0 changed=8388212 rel_l2=0.000870531122
MATCH_PREVIOUS A128 values=8388608 bad=0
CHECK A256 outputs=8388608 samples=256 bad=0 nonfinite=0 changed=8388329 rel_l2=0.00119812381
MATCH_PREVIOUS A256 values=8388608 bad=0
CHECK A512 outputs=8388608 samples=256 bad=0 nonfinite=0 changed=8388529 rel_l2=0.00465019343
MATCH_PREVIOUS A512 values=8388608 bad=0
META M=256 N=512 K=2048 experts=64 quantization_timed=1 full_q8_codes=1
TIME A32 prep=1 rep=0 us=4626.96533
TIME A16 prep=1 rep=0 us=4625.64307
TIME A64 prep=1 rep=0 us=3780.34668
TIME A128 prep=1 rep=0 us=3608.18677
TIME A256 prep=1 rep=0 us=3451.57886
TIME A512 prep=1 rep=0 us=2519.14673
TIME A16 prep=1 rep=1 us=4626.69873
TIME A64 prep=1 rep=1 us=3781.15723
TIME A128 prep=1 rep=1 us=3603.28003
TIME A256 prep=1 rep=1 us=3456.22925
TIME A512 prep=1 rep=1 us=2516.84253
TIME A32 prep=1 rep=1 us=4626.46387
TIME A64 prep=1 rep=2 us=3776.29321
TIME A128 prep=1 rep=2 us=3610.29883
TIME A256 prep=1 rep=2 us=3455.19458
TIME A512 prep=1 rep=2 us=2515.08789
TIME A32 prep=1 rep=2 us=4626.35742
TIME A16 prep=1 rep=2 us=4626.85889
TIME A128 prep=1 rep=3 us=3606.90649
TIME A256 prep=1 rep=3 us=3451.00781
TIME A512 prep=1 rep=3 us=2513.89868
TIME A32 prep=1 rep=3 us=4623.94678
TIME A16 prep=1 rep=3 us=4622.85889
TIME A64 prep=1 rep=3 us=3779.90942
TIME A256 prep=1 rep=4 us=3453.85059
TIME A512 prep=1 rep=4 us=2512.83203
TIME A32 prep=1 rep=4 us=4625.0293
TIME A16 prep=1 rep=4 us=4625.61621
TIME A64 prep=1 rep=4 us=3780.28247
TIME A128 prep=1 rep=4 us=3605.00269
TIME A512 prep=1 rep=5 us=2514.90137
TIME A32 prep=1 rep=5 us=4624.54932
TIME A16 prep=1 rep=5 us=4625.03467
TIME A64 prep=1 rep=5 us=3779.39746
TIME A128 prep=1 rep=5 us=3606.37866
TIME A256 prep=1 rep=5 us=3456.16528
TIME A32 prep=1 rep=6 us=4625.1416
TIME A16 prep=1 rep=6 us=4626.82666
TIME A64 prep=1 rep=6 us=3783.00781
TIME A128 prep=1 rep=6 us=3605.08228
TIME A256 prep=1 rep=6 us=3447.61597
TIME A512 prep=1 rep=6 us=2514.43188
PASS
