nvcc warning : Support for offline compilation for architectures prior to '<compute/sm/lto>_75' will be removed in a future release (Use -Wno-deprecated-gpu-targets to suppress warning).
/home/arian/P100-arithmetic/studies/w4a4-from-w16-20260909/baseline-half2/w16-pair.inc(138): warning #20058-D: the #pragma unroll must precede a loop
  #pragma unroll
          ^

Remark: The warnings can be suppressed with "-diag-suppress <warning-number>"

/home/arian/P100-arithmetic/studies/w4a4-from-w16-20260909/baseline-half2/worker.cu(15): warning #177-D: variable "AW_T64_STAGE_BYTES" was declared but never referenced
  constexpr int AW_KSTAGE=32, AW_T64_ROWS=64, AW_T64_STAGE_BYTES=2176;
                                              ^

ptxas info    : 0 bytes gmem
ptxas info    : Compiling entry function '_Z13w16_pair_halfILb1ELi0ELi0ELi0EEvPK12aw_work_descPK12aw_tile_desciiiPKi' for 'sm_60'
ptxas info    : Function properties for _Z13w16_pair_halfILb1ELi0ELi0ELi0EEvPK12aw_work_descPK12aw_tile_desciiiPKi
    0 bytes stack frame, 0 bytes spill stores, 0 bytes spill loads
ptxas info    : Used 128 registers, used 1 barriers, 32768 bytes smem, 360 bytes cmem[0]
ptxas info    : Compile time = 278.630 ms
ptxas info    : Compiling entry function '_Z13w16_pair_halfILb1ELi0ELi2048ELi512EEvPK12aw_work_descPK12aw_tile_desciiiPKi' for 'sm_60'
ptxas info    : Function properties for _Z13w16_pair_halfILb1ELi0ELi2048ELi512EEvPK12aw_work_descPK12aw_tile_desciiiPKi
    0 bytes stack frame, 0 bytes spill stores, 0 bytes spill loads
ptxas info    : Used 126 registers, used 1 barriers, 32768 bytes smem, 360 bytes cmem[0]
ptxas info    : Compile time = 228.225 ms
ptxas info    : Compiling entry function '_Z13w16_pair_halfILb1ELi0ELi512ELi2048EEvPK12aw_work_descPK12aw_tile_desciiiPKi' for 'sm_60'
ptxas info    : Function properties for _Z13w16_pair_halfILb1ELi0ELi512ELi2048EEvPK12aw_work_descPK12aw_tile_desciiiPKi
    0 bytes stack frame, 0 bytes spill stores, 0 bytes spill loads
ptxas info    : Used 126 registers, used 1 barriers, 32768 bytes smem, 360 bytes cmem[0]
ptxas info    : Compile time = 212.921 ms
ptxas info    : Compiling entry function '_Z17w16_fallback_halfILb1ELi0EEvPK12aw_work_descPK12aw_tile_desciiiPKi' for 'sm_60'
ptxas info    : Function properties for _Z17w16_fallback_halfILb1ELi0EEvPK12aw_work_descPK12aw_tile_desciiiPKi
    0 bytes stack frame, 0 bytes spill stores, 0 bytes spill loads
ptxas info    : Used 88 registers, used 1 barriers, 24576 bytes smem, 360 bytes cmem[0]
ptxas info    : Compile time = 106.461 ms
ptxas info    : Compiling entry function '_Z17w4_pair_exact_g32ILi0ELi0EEvPK12w4_work_descPK12aw_tile_desciiiPKi' for 'sm_60'
ptxas info    : Function properties for _Z17w4_pair_exact_g32ILi0ELi0EEvPK12w4_work_descPK12aw_tile_desciiiPKi
    0 bytes stack frame, 0 bytes spill stores, 0 bytes spill loads
ptxas info    : Used 153 registers, used 1 barriers, 34816 bytes smem, 360 bytes cmem[0]
ptxas info    : Compile time = 266.402 ms
ptxas info    : Compiling entry function '_Z17w4_pair_exact_g32ILi2048ELi512EEvPK12w4_work_descPK12aw_tile_desciiiPKi' for 'sm_60'
ptxas info    : Function properties for _Z17w4_pair_exact_g32ILi2048ELi512EEvPK12w4_work_descPK12aw_tile_desciiiPKi
    0 bytes stack frame, 0 bytes spill stores, 0 bytes spill loads
ptxas info    : Used 144 registers, used 1 barriers, 34816 bytes smem, 360 bytes cmem[0]
ptxas info    : Compile time = 212.637 ms
ptxas info    : Compiling entry function '_Z17w4_pair_exact_g32ILi512ELi2048EEvPK12w4_work_descPK12aw_tile_desciiiPKi' for 'sm_60'
ptxas info    : Function properties for _Z17w4_pair_exact_g32ILi512ELi2048EEvPK12w4_work_descPK12aw_tile_desciiiPKi
    0 bytes stack frame, 0 bytes spill stores, 0 bytes spill loads
ptxas info    : Used 144 registers, used 1 barriers, 34816 bytes smem, 360 bytes cmem[0], 4 bytes cmem[2]
ptxas info    : Compile time = 213.824 ms
ptxas info    : Compiling entry function '_Z14w4_quantize_a4PK6__halfPhPfm' for 'sm_60'
ptxas info    : Function properties for _Z14w4_quantize_a4PK6__halfPhPfm
    0 bytes stack frame, 0 bytes spill stores, 0 bytes spill loads
ptxas info    : Used 20 registers, used 0 barriers, 352 bytes cmem[0], 16 bytes cmem[2]
ptxas info    : Compile time = 9.051 ms
ptxas info    : Compiling entry function '_Z15w8_check_decodePj' for 'sm_60'
ptxas info    : Function properties for _Z15w8_check_decodePj
    0 bytes stack frame, 0 bytes spill stores, 0 bytes spill loads
ptxas info    : Used 10 registers, used 0 barriers, 328 bytes cmem[0], 12 bytes cmem[2]
ptxas info    : Compile time = 2.401 ms
ptxas info    : Compiling entry function '_Z13w8_make_pairsPK12aw_tile_desciPS_S2_Pi' for 'sm_60'
ptxas info    : Function properties for _Z13w8_make_pairsPK12aw_tile_desciPS_S2_Pi
    0 bytes stack frame, 0 bytes spill stores, 0 bytes spill loads
ptxas info    : Used 23 registers, used 1 barriers, 8 bytes smem, 360 bytes cmem[0]
ptxas info    : Compile time = 6.448 ms
