QUANT_CHECK groups=1048576 code_bytes=16777216 bad=0
PLANNER_CHECK input_tiles=256 pairs=128 leftovers=0 bad=0
CHECK mode=w16-dualrail outputs=8388608 samples=256 bad=0 nonfinite=0
CHECK mode=w4a4-exact-g32 outputs=8388608 samples=256 bad=0 nonfinite=0
META M=256 N=512 K=2048 experts=64 seed=3911 pair_grid=112 quant_grid=112 planner_timed=1 quantizer_timed_w4=1
TIME mode=w16-dualrail rep=0 us=2463.18921
TIME mode=w4a4-exact-g32 rep=0 us=4523.15771
TIME mode=w4a4-exact-g32 rep=1 us=4521.32275
TIME mode=w16-dualrail rep=1 us=2464.33081
TIME mode=w16-dualrail rep=2 us=2461.69067
TIME mode=w4a4-exact-g32 rep=2 us=4521.62695
TIME mode=w4a4-exact-g32 rep=3 us=4523.34424
TIME mode=w16-dualrail rep=3 us=2460.00513
TIME mode=w16-dualrail rep=4 us=2458.05322
TIME mode=w4a4-exact-g32 rep=4 us=4523.34912
TIME mode=w4a4-exact-g32 rep=5 us=4522.98682
TIME mode=w16-dualrail rep=5 us=2459.93066
TIME mode=w16-dualrail rep=6 us=2459.33325
TIME mode=w4a4-exact-g32 rep=6 us=4521.09863
PASS
