QUANT bits=8 values=8388608 bad=0
QUANT bits=4 values=8388608 bad=0
CHECK A32 outputs=33554432 samples=256 bad=0 nonfinite=0 changed=0 rel_l2=0
CHECK A16 outputs=33554432 samples=256 bad=0 nonfinite=0 changed=0 rel_l2=0
CHECK A8 outputs=33554432 samples=256 bad=0 nonfinite=0 changed=33554204 rel_l2=0.0047127057
CHECK A4 outputs=33554432 samples=256 bad=0 nonfinite=0 changed=33554419 rel_l2=0.0878195876
META M=256 N=2048 K=512 experts=64 quantization_timed=1 full_q8_codes=1
TIME A32 prep=1 rep=0 us=4529.88281
TIME A16 prep=1 rep=0 us=4527.84521
TIME A8 prep=1 rep=0 us=4758.65088
TIME A8 prep=0 rep=0 us=4601.8667
TIME A4 prep=1 rep=0 us=4767.63184
TIME A4 prep=0 rep=0 us=4607.93066
TIME A16 prep=1 rep=1 us=4532.26123
TIME A8 prep=1 rep=1 us=4758.33594
TIME A8 prep=0 rep=1 us=4603.19971
TIME A4 prep=1 rep=1 us=4767.01855
TIME A4 prep=0 rep=1 us=4608.24512
TIME A32 prep=1 rep=1 us=4542.17041
TIME A8 prep=1 rep=2 us=4764.20264
TIME A8 prep=0 rep=2 us=4603.15186
TIME A4 prep=1 rep=2 us=4769.39746
TIME A4 prep=0 rep=2 us=4612.91748
TIME A32 prep=1 rep=2 us=4536.36816
TIME A16 prep=1 rep=2 us=4530.3042
TIME A4 prep=1 rep=3 us=4773.89307
TIME A4 prep=0 rep=3 us=4607.74365
TIME A32 prep=1 rep=3 us=4535.64795
TIME A16 prep=1 rep=3 us=4528.81104
TIME A8 prep=1 rep=3 us=4759.55225
TIME A8 prep=0 rep=3 us=4601.6748
TIME A32 prep=1 rep=4 us=4527.64795
TIME A16 prep=1 rep=4 us=4529.91455
TIME A8 prep=1 rep=4 us=4752.54932
TIME A8 prep=0 rep=4 us=4600.09082
TIME A4 prep=1 rep=4 us=4767.76514
TIME A4 prep=0 rep=4 us=4614.09619
TIME A16 prep=1 rep=5 us=4529.61572
TIME A8 prep=1 rep=5 us=4764.23486
TIME A8 prep=0 rep=5 us=4608.61865
TIME A4 prep=1 rep=5 us=4767.17822
TIME A4 prep=0 rep=5 us=4606.29883
TIME A32 prep=1 rep=5 us=4523.94678
TIME A8 prep=1 rep=6 us=4754.55469
TIME A8 prep=0 rep=6 us=4599.82373
TIME A4 prep=1 rep=6 us=4768.41602
TIME A4 prep=0 rep=6 us=4609.6001
TIME A32 prep=1 rep=6 us=4528.4751
TIME A16 prep=1 rep=6 us=4529.60498
PASS
