QUANT bits=8 values=33554432 bad=0
QUANT bits=4 values=33554432 bad=0
CHECK A32 outputs=8388608 samples=256 bad=0 nonfinite=0 changed=0 rel_l2=0
CHECK A16 outputs=8388608 samples=256 bad=0 nonfinite=0 changed=0 rel_l2=0
CHECK A8 outputs=8388608 samples=256 bad=0 nonfinite=0 changed=8388549 rel_l2=0.00471072876
CHECK A4 outputs=8388608 samples=256 bad=0 nonfinite=0 changed=8388606 rel_l2=0.0877454925
META M=256 N=512 K=2048 experts=64 quantization_timed=1 full_q8_codes=1
TIME A32 prep=1 rep=0 us=4624.65088
TIME A16 prep=1 rep=0 us=4626.1709
TIME A8 prep=1 rep=0 us=5309.26416
TIME A8 prep=0 rep=0 us=4710.64551
TIME A4 prep=1 rep=0 us=5329.32275
TIME A4 prep=0 rep=0 us=4706.18115
TIME A16 prep=1 rep=1 us=4626.31494
TIME A8 prep=1 rep=1 us=5304.77881
TIME A8 prep=0 rep=1 us=4708.54395
TIME A4 prep=1 rep=1 us=5328.10156
TIME A4 prep=0 rep=1 us=4707.48779
TIME A32 prep=1 rep=1 us=4623.85596
TIME A8 prep=1 rep=2 us=5303.08252
TIME A8 prep=0 rep=2 us=4707.45605
TIME A4 prep=1 rep=2 us=5325.37061
TIME A4 prep=0 rep=2 us=4709.78125
TIME A32 prep=1 rep=2 us=4624.72021
TIME A16 prep=1 rep=2 us=4625.18945
TIME A4 prep=1 rep=3 us=5327.07715
TIME A4 prep=0 rep=3 us=4706.22412
TIME A32 prep=1 rep=3 us=4627.31738
TIME A16 prep=1 rep=3 us=4622.05322
TIME A8 prep=1 rep=3 us=5302.5918
TIME A8 prep=0 rep=3 us=4705.771
TIME A32 prep=1 rep=4 us=4622.61328
TIME A16 prep=1 rep=4 us=4623.71191
TIME A8 prep=1 rep=4 us=5377.08252
TIME A8 prep=0 rep=4 us=4720.50146
TIME A4 prep=1 rep=4 us=5337.05615
TIME A4 prep=0 rep=4 us=4712.25635
TIME A16 prep=1 rep=5 us=4633.20557
TIME A8 prep=1 rep=5 us=5310.25586
TIME A8 prep=0 rep=5 us=4713.104
TIME A4 prep=1 rep=5 us=5325.90381
TIME A4 prep=0 rep=5 us=4710.53857
TIME A32 prep=1 rep=5 us=4628.93311
TIME A8 prep=1 rep=6 us=5309.41846
TIME A8 prep=0 rep=6 us=4708.7041
TIME A4 prep=1 rep=6 us=5325.32764
TIME A4 prep=0 rep=6 us=4708.82129
TIME A32 prep=1 rep=6 us=4628.75732
TIME A16 prep=1 rep=6 us=4626.04248
PASS
