QUANT bits=8 values=33554432 bad=0
QUANT bits=4 values=33554432 bad=0
CHECK A32 outputs=8388608 samples=256 bad=0 nonfinite=0 changed=0 rel_l2=0
CHECK A16 outputs=8388608 samples=256 bad=0 nonfinite=0 changed=0 rel_l2=0
CHECK A64 outputs=8388608 samples=256 bad=0 nonfinite=0 changed=8388240 rel_l2=0.000882587476
CHECK A128 outputs=8388608 samples=256 bad=0 nonfinite=0 changed=8388314 rel_l2=0.00120715208
CHECK A256 outputs=8388608 samples=256 bad=0 nonfinite=0 changed=8388415 rel_l2=0.00167732544
CHECK A512 outputs=8388608 samples=256 bad=0 nonfinite=0 changed=8388544 rel_l2=0.00656814682
META M=256 N=512 K=2048 experts=64 quantization_timed=1 full_q8_codes=1
TIME A32 prep=1 rep=0 us=4623.6001
TIME A16 prep=1 rep=0 us=4646.53857
TIME A64 prep=1 rep=0 us=3941.67993
TIME A128 prep=1 rep=0 us=3755.79761
TIME A256 prep=1 rep=0 us=3757.88281
TIME A512 prep=1 rep=0 us=2900.7146
TIME A16 prep=1 rep=1 us=4624.64502
TIME A64 prep=1 rep=1 us=3894.29858
TIME A128 prep=1 rep=1 us=3753.36523
TIME A256 prep=1 rep=1 us=3723.99438
TIME A512 prep=1 rep=1 us=2880.56543
TIME A32 prep=1 rep=1 us=4626.08545
TIME A64 prep=1 rep=2 us=3895.54663
TIME A128 prep=1 rep=2 us=3755.09302
TIME A256 prep=1 rep=2 us=3713.50903
TIME A512 prep=1 rep=2 us=2877.63208
TIME A32 prep=1 rep=2 us=4622.896
TIME A16 prep=1 rep=2 us=4625.98389
TIME A128 prep=1 rep=3 us=3755.0293
TIME A256 prep=1 rep=3 us=3708.29321
TIME A512 prep=1 rep=3 us=2877.87207
TIME A32 prep=1 rep=3 us=4624.18115
TIME A16 prep=1 rep=3 us=4624.56006
TIME A64 prep=1 rep=3 us=3894.41089
TIME A256 prep=1 rep=4 us=3711.2373
TIME A512 prep=1 rep=4 us=2877.81348
TIME A32 prep=1 rep=4 us=4623.65869
TIME A16 prep=1 rep=4 us=4624.32568
TIME A64 prep=1 rep=4 us=3893.71191
TIME A128 prep=1 rep=4 us=3751.61597
TIME A512 prep=1 rep=5 us=2876.34668
TIME A32 prep=1 rep=5 us=4623.78125
TIME A16 prep=1 rep=5 us=4625.58398
TIME A64 prep=1 rep=5 us=3894.49609
TIME A128 prep=1 rep=5 us=3762.01587
TIME A256 prep=1 rep=5 us=3713.80786
TIME A32 prep=1 rep=6 us=4624.896
TIME A16 prep=1 rep=6 us=4623.22705
TIME A64 prep=1 rep=6 us=3895.54126
TIME A128 prep=1 rep=6 us=3755.66382
TIME A256 prep=1 rep=6 us=3712.86938
TIME A512 prep=1 rep=6 us=2876.02661
PASS
