DECODE_EXHAUSTIVE cases=16252928 bad=0
QUANT bits=8 values=8388608 bad=0
QUANT bits=4 values=8388608 bad=0
CHECK A32 outputs=33554432 samples=256 bad=0 nonfinite=0 changed=0 rel_l2=0
CHECK A16 outputs=33554432 samples=256 bad=0 nonfinite=0 changed=0 rel_l2=0
CHECK A64 outputs=33554432 samples=256 bad=0 nonfinite=0 changed=33552460 rel_l2=0.000646755344
MATCH_PREVIOUS A64 values=33554432 bad=0
CHECK A128 outputs=33554432 samples=256 bad=0 nonfinite=0 changed=33552924 rel_l2=0.000870702495
MATCH_PREVIOUS A128 values=33554432 bad=0
CHECK A256 outputs=33554432 samples=256 bad=0 nonfinite=0 changed=33553306 rel_l2=0.0011977545
MATCH_PREVIOUS A256 values=33554432 bad=0
CHECK A512 outputs=33554432 samples=256 bad=0 nonfinite=0 changed=33553839 rel_l2=0.00234354039
MATCH_PREVIOUS A512 values=33554432 bad=0
META M=256 N=2048 K=512 experts=64 quantization_timed=1 full_q8_codes=1
TIME A32 prep=1 rep=0 us=4530.38428
TIME A16 prep=1 rep=0 us=4528.01074
TIME A64 prep=1 rep=0 us=5292.86377
TIME A128 prep=1 rep=0 us=4648.00537
TIME A256 prep=1 rep=0 us=3925.69067
TIME A512 prep=1 rep=0 us=2918.12793
TIME A16 prep=1 rep=1 us=4530.31982
TIME A64 prep=1 rep=1 us=5290.021
TIME A128 prep=1 rep=1 us=4653.65869
TIME A256 prep=1 rep=1 us=3930.06934
TIME A512 prep=1 rep=1 us=2944.16528
TIME A32 prep=1 rep=1 us=4600.31982
TIME A64 prep=1 rep=2 us=5232.21875
TIME A128 prep=1 rep=2 us=4666.67725
TIME A256 prep=1 rep=2 us=3946.96509
TIME A512 prep=1 rep=2 us=2919.72778
TIME A32 prep=1 rep=2 us=4524.63477
TIME A16 prep=1 rep=2 us=4532.05322
TIME A128 prep=1 rep=3 us=4648.92236
TIME A256 prep=1 rep=3 us=3924.26685
TIME A512 prep=1 rep=3 us=2918.21313
TIME A32 prep=1 rep=3 us=4527.68555
TIME A16 prep=1 rep=3 us=4525.60498
TIME A64 prep=1 rep=3 us=5297.81348
TIME A256 prep=1 rep=4 us=3897.09351
TIME A512 prep=1 rep=4 us=2913.94702
TIME A32 prep=1 rep=4 us=4528.42139
TIME A16 prep=1 rep=4 us=4528.76807
TIME A64 prep=1 rep=4 us=5242.10107
TIME A128 prep=1 rep=4 us=4635.89307
TIME A512 prep=1 rep=5 us=2915.6106
TIME A32 prep=1 rep=5 us=4531.07178
TIME A16 prep=1 rep=5 us=4526.29346
TIME A64 prep=1 rep=5 us=5267.69092
TIME A128 prep=1 rep=5 us=4614.3999
TIME A256 prep=1 rep=5 us=3939.14136
TIME A32 prep=1 rep=6 us=4529.84521
TIME A16 prep=1 rep=6 us=4526.71436
TIME A64 prep=1 rep=6 us=5269.19971
TIME A128 prep=1 rep=6 us=4639.72314
TIME A256 prep=1 rep=6 us=3920.89087
TIME A512 prep=1 rep=6 us=2918.02661
PASS
