DECODE_EXHAUSTIVE cases=16252928 bad=0
QUANT bits=8 values=33554432 bad=0
QUANT bits=4 values=33554432 bad=0
CHECK A32 outputs=8388608 samples=256 bad=0 nonfinite=0 changed=0 rel_l2=0
CHECK A16 outputs=8388608 samples=256 bad=0 nonfinite=0 changed=0 rel_l2=0
CHECK A64 outputs=8388608 samples=256 bad=0 nonfinite=0 changed=8388184 rel_l2=0.000646669288
MATCH_PREVIOUS A64 values=8388608 bad=0
CHECK A128 outputs=8388608 samples=256 bad=0 nonfinite=0 changed=8388212 rel_l2=0.000870531122
MATCH_PREVIOUS A128 values=8388608 bad=0
CHECK A256 outputs=8388608 samples=256 bad=0 nonfinite=0 changed=8388329 rel_l2=0.00119812381
MATCH_PREVIOUS A256 values=8388608 bad=0
CHECK A512 outputs=8388608 samples=256 bad=0 nonfinite=0 changed=8388529 rel_l2=0.00465019343
MATCH_PREVIOUS A512 values=8388608 bad=0
META M=256 N=512 K=2048 experts=64 quantization_timed=1 full_q8_codes=1
TIME A32 prep=1 rep=0 us=4626.47461
TIME A16 prep=1 rep=0 us=4626.37354
TIME A64 prep=1 rep=0 us=5114.46924
TIME A128 prep=1 rep=0 us=4527.12549
TIME A256 prep=1 rep=0 us=3838.45337
TIME A512 prep=1 rep=0 us=2901.19458
TIME A16 prep=1 rep=1 us=4622.49609
TIME A64 prep=1 rep=1 us=5123.6958
TIME A128 prep=1 rep=1 us=4541.09326
TIME A256 prep=1 rep=1 us=3824.68262
TIME A512 prep=1 rep=1 us=2899.62134
TIME A32 prep=1 rep=1 us=4626.15479
TIME A64 prep=1 rep=2 us=5121.39746
TIME A128 prep=1 rep=2 us=4525.60498
TIME A256 prep=1 rep=2 us=3837.09863
TIME A512 prep=1 rep=2 us=2898.94922
TIME A32 prep=1 rep=2 us=4623.70166
TIME A16 prep=1 rep=2 us=4626.52783
TIME A128 prep=1 rep=3 us=4528.49609
TIME A256 prep=1 rep=3 us=3833.79761
TIME A512 prep=1 rep=3 us=2900.32007
TIME A32 prep=1 rep=3 us=4625.55713
TIME A16 prep=1 rep=3 us=4623.34424
TIME A64 prep=1 rep=3 us=5119.72803
TIME A256 prep=1 rep=4 us=3830.7041
TIME A512 prep=1 rep=4 us=2899.43457
TIME A32 prep=1 rep=4 us=4624.96533
TIME A16 prep=1 rep=4 us=4621.58398
TIME A64 prep=1 rep=4 us=5085.98926
TIME A128 prep=1 rep=4 us=4543.87744
TIME A512 prep=1 rep=5 us=2899.03491
TIME A32 prep=1 rep=5 us=4623.70654
TIME A16 prep=1 rep=5 us=4622.14941
TIME A64 prep=1 rep=5 us=5164.73096
TIME A128 prep=1 rep=5 us=4535.37598
TIME A256 prep=1 rep=5 us=3837.70679
TIME A32 prep=1 rep=6 us=4622.9917
TIME A16 prep=1 rep=6 us=4624.96533
TIME A64 prep=1 rep=6 us=5111.22656
TIME A128 prep=1 rep=6 us=4531.77588
TIME A256 prep=1 rep=6 us=3844.45312
TIME A512 prep=1 rep=6 us=2901.49878
PASS
