nvcc warning : Support for offline compilation for architectures prior to '<compute/sm/lto>_75' will be removed in a future release (Use -Wno-deprecated-gpu-targets to suppress warning).
ptxas info    : 0 bytes gmem
ptxas info    : Compiling entry function '_Z6decodeILi2ELi2ELi8ELi8ELi16EEvPK7Q4BlockPKjPKtS6_Pfjjj' for 'sm_60'
ptxas info    : Function properties for _Z6decodeILi2ELi2ELi8ELi8ELi16EEvPK7Q4BlockPKjPKtS6_Pfjjj
    0 bytes stack frame, 0 bytes spill stores, 0 bytes spill loads
ptxas info    : Used 88 registers, used 1 barriers, 372 bytes cmem[0], 8 bytes cmem[2]
ptxas info    : Compile time = 84.526 ms
ptxas info    : Compiling entry function '_Z6decodeILi1ELi2ELi8ELi8ELi16EEvPK7Q4BlockPKjPKtS6_Pfjjj' for 'sm_60'
ptxas info    : Function properties for _Z6decodeILi1ELi2ELi8ELi8ELi16EEvPK7Q4BlockPKjPKtS6_Pfjjj
    0 bytes stack frame, 0 bytes spill stores, 0 bytes spill loads
ptxas info    : Used 88 registers, used 1 barriers, 372 bytes cmem[0], 8 bytes cmem[2]
ptxas info    : Compile time = 80.909 ms
ptxas info    : Compiling entry function '_Z6decodeILi0ELi2ELi8ELi8ELi16EEvPK7Q4BlockPKjPKtS6_Pfjjj' for 'sm_60'
ptxas info    : Function properties for _Z6decodeILi0ELi2ELi8ELi8ELi16EEvPK7Q4BlockPKjPKtS6_Pfjjj
    0 bytes stack frame, 0 bytes spill stores, 0 bytes spill loads
ptxas info    : Used 80 registers, used 1 barriers, 372 bytes cmem[0], 8 bytes cmem[2]
ptxas info    : Compile time = 106.689 ms
ptxas info    : Compiling entry function '_Z6decodeILi2ELi2ELi8ELi8ELi8EEvPK7Q4BlockPKjPKtS6_Pfjjj' for 'sm_60'
ptxas info    : Function properties for _Z6decodeILi2ELi2ELi8ELi8ELi8EEvPK7Q4BlockPKjPKtS6_Pfjjj
    0 bytes stack frame, 0 bytes spill stores, 0 bytes spill loads
ptxas info    : Used 88 registers, used 1 barriers, 372 bytes cmem[0], 8 bytes cmem[2]
ptxas info    : Compile time = 76.742 ms
ptxas info    : Compiling entry function '_Z6decodeILi1ELi2ELi8ELi8ELi8EEvPK7Q4BlockPKjPKtS6_Pfjjj' for 'sm_60'
ptxas info    : Function properties for _Z6decodeILi1ELi2ELi8ELi8ELi8EEvPK7Q4BlockPKjPKtS6_Pfjjj
    0 bytes stack frame, 0 bytes spill stores, 0 bytes spill loads
ptxas info    : Used 88 registers, used 1 barriers, 372 bytes cmem[0], 8 bytes cmem[2]
ptxas info    : Compile time = 77.409 ms
ptxas info    : Compiling entry function '_Z6decodeILi0ELi2ELi8ELi8ELi8EEvPK7Q4BlockPKjPKtS6_Pfjjj' for 'sm_60'
ptxas info    : Function properties for _Z6decodeILi0ELi2ELi8ELi8ELi8EEvPK7Q4BlockPKjPKtS6_Pfjjj
    0 bytes stack frame, 0 bytes spill stores, 0 bytes spill loads
ptxas info    : Used 80 registers, used 1 barriers, 372 bytes cmem[0], 8 bytes cmem[2]
ptxas info    : Compile time = 101.639 ms
ptxas info    : Compiling entry function '_Z6decodeILi2ELi1ELi8ELi8ELi32EEvPK7Q4BlockPKjPKtS6_Pfjjj' for 'sm_60'
ptxas info    : Function properties for _Z6decodeILi2ELi1ELi8ELi8ELi32EEvPK7Q4BlockPKjPKtS6_Pfjjj
    0 bytes stack frame, 0 bytes spill stores, 0 bytes spill loads
ptxas info    : Used 54 registers, used 1 barriers, 372 bytes cmem[0], 8 bytes cmem[2]
ptxas info    : Compile time = 51.280 ms
ptxas info    : Compiling entry function '_Z6decodeILi1ELi1ELi8ELi8ELi32EEvPK7Q4BlockPKjPKtS6_Pfjjj' for 'sm_60'
ptxas info    : Function properties for _Z6decodeILi1ELi1ELi8ELi8ELi32EEvPK7Q4BlockPKjPKtS6_Pfjjj
    0 bytes stack frame, 0 bytes spill stores, 0 bytes spill loads
ptxas info    : Used 56 registers, used 1 barriers, 372 bytes cmem[0], 8 bytes cmem[2]
ptxas info    : Compile time = 51.724 ms
ptxas info    : Compiling entry function '_Z6decodeILi0ELi1ELi8ELi8ELi32EEvPK7Q4BlockPKjPKtS6_Pfjjj' for 'sm_60'
ptxas info    : Function properties for _Z6decodeILi0ELi1ELi8ELi8ELi32EEvPK7Q4BlockPKjPKtS6_Pfjjj
    0 bytes stack frame, 0 bytes spill stores, 0 bytes spill loads
ptxas info    : Used 56 registers, used 1 barriers, 372 bytes cmem[0], 8 bytes cmem[2]
ptxas info    : Compile time = 67.886 ms
ptxas info    : Compiling entry function '_Z6decodeILi2ELi1ELi8ELi8ELi16EEvPK7Q4BlockPKjPKtS6_Pfjjj' for 'sm_60'
ptxas info    : Function properties for _Z6decodeILi2ELi1ELi8ELi8ELi16EEvPK7Q4BlockPKjPKtS6_Pfjjj
    0 bytes stack frame, 0 bytes spill stores, 0 bytes spill loads
ptxas info    : Used 54 registers, used 1 barriers, 372 bytes cmem[0], 8 bytes cmem[2]
ptxas info    : Compile time = 48.674 ms
ptxas info    : Compiling entry function '_Z6decodeILi1ELi1ELi8ELi8ELi16EEvPK7Q4BlockPKjPKtS6_Pfjjj' for 'sm_60'
ptxas info    : Function properties for _Z6decodeILi1ELi1ELi8ELi8ELi16EEvPK7Q4BlockPKjPKtS6_Pfjjj
    0 bytes stack frame, 0 bytes spill stores, 0 bytes spill loads
ptxas info    : Used 56 registers, used 1 barriers, 372 bytes cmem[0], 8 bytes cmem[2]
ptxas info    : Compile time = 50.313 ms
ptxas info    : Compiling entry function '_Z6decodeILi0ELi1ELi8ELi8ELi16EEvPK7Q4BlockPKjPKtS6_Pfjjj' for 'sm_60'
ptxas info    : Function properties for _Z6decodeILi0ELi1ELi8ELi8ELi16EEvPK7Q4BlockPKjPKtS6_Pfjjj
    0 bytes stack frame, 0 bytes spill stores, 0 bytes spill loads
ptxas info    : Used 56 registers, used 1 barriers, 372 bytes cmem[0], 8 bytes cmem[2]
ptxas info    : Compile time = 63.672 ms
ptxas info    : Compiling entry function '_Z6decodeILi2ELi1ELi8ELi4ELi8EEvPK7Q4BlockPKjPKtS6_Pfjjj' for 'sm_60'
ptxas info    : Function properties for _Z6decodeILi2ELi1ELi8ELi4ELi8EEvPK7Q4BlockPKjPKtS6_Pfjjj
    0 bytes stack frame, 0 bytes spill stores, 0 bytes spill loads
ptxas info    : Used 54 registers, used 1 barriers, 372 bytes cmem[0], 8 bytes cmem[2]
ptxas info    : Compile time = 50.664 ms
ptxas info    : Compiling entry function '_Z6decodeILi1ELi1ELi8ELi4ELi8EEvPK7Q4BlockPKjPKtS6_Pfjjj' for 'sm_60'
ptxas info    : Function properties for _Z6decodeILi1ELi1ELi8ELi4ELi8EEvPK7Q4BlockPKjPKtS6_Pfjjj
    0 bytes stack frame, 0 bytes spill stores, 0 bytes spill loads
ptxas info    : Used 56 registers, used 1 barriers, 372 bytes cmem[0], 8 bytes cmem[2]
ptxas info    : Compile time = 51.578 ms
ptxas info    : Compiling entry function '_Z6decodeILi0ELi1ELi8ELi4ELi8EEvPK7Q4BlockPKjPKtS6_Pfjjj' for 'sm_60'
ptxas info    : Function properties for _Z6decodeILi0ELi1ELi8ELi4ELi8EEvPK7Q4BlockPKjPKtS6_Pfjjj
    0 bytes stack frame, 0 bytes spill stores, 0 bytes spill loads
ptxas info    : Used 56 registers, used 1 barriers, 372 bytes cmem[0], 8 bytes cmem[2]
ptxas info    : Compile time = 67.721 ms
ptxas info    : Compiling entry function '_Z6decodeILi2ELi2ELi4ELi8ELi32EEvPK7Q4BlockPKjPKtS6_Pfjjj' for 'sm_60'
ptxas info    : Function properties for _Z6decodeILi2ELi2ELi4ELi8ELi32EEvPK7Q4BlockPKjPKtS6_Pfjjj
    0 bytes stack frame, 0 bytes spill stores, 0 bytes spill loads
ptxas info    : Used 48 registers, used 1 barriers, 372 bytes cmem[0], 8 bytes cmem[2]
ptxas info    : Compile time = 47.294 ms
ptxas info    : Compiling entry function '_Z6decodeILi1ELi2ELi4ELi8ELi32EEvPK7Q4BlockPKjPKtS6_Pfjjj' for 'sm_60'
ptxas info    : Function properties for _Z6decodeILi1ELi2ELi4ELi8ELi32EEvPK7Q4BlockPKjPKtS6_Pfjjj
    0 bytes stack frame, 0 bytes spill stores, 0 bytes spill loads
ptxas info    : Used 48 registers, used 1 barriers, 372 bytes cmem[0], 8 bytes cmem[2]
ptxas info    : Compile time = 48.145 ms
ptxas info    : Compiling entry function '_Z6decodeILi0ELi2ELi4ELi8ELi32EEvPK7Q4BlockPKjPKtS6_Pfjjj' for 'sm_60'
ptxas info    : Function properties for _Z6decodeILi0ELi2ELi4ELi8ELi32EEvPK7Q4BlockPKjPKtS6_Pfjjj
    0 bytes stack frame, 0 bytes spill stores, 0 bytes spill loads
ptxas info    : Used 48 registers, used 1 barriers, 372 bytes cmem[0], 8 bytes cmem[2]
ptxas info    : Compile time = 61.428 ms
ptxas info    : Compiling entry function '_Z6decodeILi2ELi2ELi4ELi8ELi16EEvPK7Q4BlockPKjPKtS6_Pfjjj' for 'sm_60'
ptxas info    : Function properties for _Z6decodeILi2ELi2ELi4ELi8ELi16EEvPK7Q4BlockPKjPKtS6_Pfjjj
    0 bytes stack frame, 0 bytes spill stores, 0 bytes spill loads
ptxas info    : Used 48 registers, used 1 barriers, 372 bytes cmem[0], 8 bytes cmem[2]
ptxas info    : Compile time = 44.818 ms
ptxas info    : Compiling entry function '_Z6decodeILi1ELi2ELi4ELi8ELi16EEvPK7Q4BlockPKjPKtS6_Pfjjj' for 'sm_60'
ptxas info    : Function properties for _Z6decodeILi1ELi2ELi4ELi8ELi16EEvPK7Q4BlockPKjPKtS6_Pfjjj
    0 bytes stack frame, 0 bytes spill stores, 0 bytes spill loads
ptxas info    : Used 48 registers, used 1 barriers, 372 bytes cmem[0], 8 bytes cmem[2]
ptxas info    : Compile time = 46.504 ms
ptxas info    : Compiling entry function '_Z6decodeILi0ELi2ELi4ELi8ELi16EEvPK7Q4BlockPKjPKtS6_Pfjjj' for 'sm_60'
ptxas info    : Function properties for _Z6decodeILi0ELi2ELi4ELi8ELi16EEvPK7Q4BlockPKjPKtS6_Pfjjj
    0 bytes stack frame, 0 bytes spill stores, 0 bytes spill loads
ptxas info    : Used 48 registers, used 1 barriers, 372 bytes cmem[0], 8 bytes cmem[2]
ptxas info    : Compile time = 58.971 ms
ptxas info    : Compiling entry function '_Z6decodeILi2ELi1ELi4ELi16ELi32EEvPK7Q4BlockPKjPKtS6_Pfjjj' for 'sm_60'
ptxas info    : Function properties for _Z6decodeILi2ELi1ELi4ELi16ELi32EEvPK7Q4BlockPKjPKtS6_Pfjjj
    0 bytes stack frame, 0 bytes spill stores, 0 bytes spill loads
ptxas info    : Used 40 registers, used 1 barriers, 372 bytes cmem[0], 4 bytes cmem[2]
ptxas info    : Compile time = 36.624 ms
ptxas info    : Compiling entry function '_Z6decodeILi1ELi1ELi4ELi16ELi32EEvPK7Q4BlockPKjPKtS6_Pfjjj' for 'sm_60'
ptxas info    : Function properties for _Z6decodeILi1ELi1ELi4ELi16ELi32EEvPK7Q4BlockPKjPKtS6_Pfjjj
    0 bytes stack frame, 0 bytes spill stores, 0 bytes spill loads
ptxas info    : Used 40 registers, used 1 barriers, 372 bytes cmem[0], 4 bytes cmem[2]
ptxas info    : Compile time = 34.638 ms
ptxas info    : Compiling entry function '_Z6decodeILi0ELi1ELi4ELi16ELi32EEvPK7Q4BlockPKjPKtS6_Pfjjj' for 'sm_60'
ptxas info    : Function properties for _Z6decodeILi0ELi1ELi4ELi16ELi32EEvPK7Q4BlockPKjPKtS6_Pfjjj
    0 bytes stack frame, 0 bytes spill stores, 0 bytes spill loads
ptxas info    : Used 39 registers, used 1 barriers, 372 bytes cmem[0], 4 bytes cmem[2]
ptxas info    : Compile time = 42.158 ms
ptxas info    : Compiling entry function '_Z6decodeILi2ELi1ELi4ELi8ELi32EEvPK7Q4BlockPKjPKtS6_Pfjjj' for 'sm_60'
ptxas info    : Function properties for _Z6decodeILi2ELi1ELi4ELi8ELi32EEvPK7Q4BlockPKjPKtS6_Pfjjj
    0 bytes stack frame, 0 bytes spill stores, 0 bytes spill loads
ptxas info    : Used 40 registers, used 1 barriers, 372 bytes cmem[0], 4 bytes cmem[2]
ptxas info    : Compile time = 34.393 ms
ptxas info    : Compiling entry function '_Z6decodeILi1ELi1ELi4ELi8ELi32EEvPK7Q4BlockPKjPKtS6_Pfjjj' for 'sm_60'
ptxas info    : Function properties for _Z6decodeILi1ELi1ELi4ELi8ELi32EEvPK7Q4BlockPKjPKtS6_Pfjjj
    0 bytes stack frame, 0 bytes spill stores, 0 bytes spill loads
ptxas info    : Used 40 registers, used 1 barriers, 372 bytes cmem[0], 4 bytes cmem[2]
ptxas info    : Compile time = 33.229 ms
ptxas info    : Compiling entry function '_Z6decodeILi0ELi1ELi4ELi8ELi32EEvPK7Q4BlockPKjPKtS6_Pfjjj' for 'sm_60'
ptxas info    : Function properties for _Z6decodeILi0ELi1ELi4ELi8ELi32EEvPK7Q4BlockPKjPKtS6_Pfjjj
    0 bytes stack frame, 0 bytes spill stores, 0 bytes spill loads
ptxas info    : Used 39 registers, used 1 barriers, 372 bytes cmem[0], 4 bytes cmem[2]
ptxas info    : Compile time = 39.875 ms
ptxas info    : Compiling entry function '_Z6decodeILi2ELi1ELi4ELi8ELi16EEvPK7Q4BlockPKjPKtS6_Pfjjj' for 'sm_60'
ptxas info    : Function properties for _Z6decodeILi2ELi1ELi4ELi8ELi16EEvPK7Q4BlockPKjPKtS6_Pfjjj
    0 bytes stack frame, 0 bytes spill stores, 0 bytes spill loads
ptxas info    : Used 40 registers, used 1 barriers, 372 bytes cmem[0], 4 bytes cmem[2]
ptxas info    : Compile time = 32.305 ms
ptxas info    : Compiling entry function '_Z6decodeILi1ELi1ELi4ELi8ELi16EEvPK7Q4BlockPKjPKtS6_Pfjjj' for 'sm_60'
ptxas info    : Function properties for _Z6decodeILi1ELi1ELi4ELi8ELi16EEvPK7Q4BlockPKjPKtS6_Pfjjj
    0 bytes stack frame, 0 bytes spill stores, 0 bytes spill loads
ptxas info    : Used 40 registers, used 1 barriers, 372 bytes cmem[0], 4 bytes cmem[2]
ptxas info    : Compile time = 33.531 ms
ptxas info    : Compiling entry function '_Z6decodeILi0ELi1ELi4ELi8ELi16EEvPK7Q4BlockPKjPKtS6_Pfjjj' for 'sm_60'
ptxas info    : Function properties for _Z6decodeILi0ELi1ELi4ELi8ELi16EEvPK7Q4BlockPKjPKtS6_Pfjjj
    0 bytes stack frame, 0 bytes spill stores, 0 bytes spill loads
ptxas info    : Used 39 registers, used 1 barriers, 372 bytes cmem[0], 4 bytes cmem[2]
ptxas info    : Compile time = 39.870 ms
ptxas info    : Compiling entry function '_Z6decodeILi2ELi1ELi4ELi8ELi8EEvPK7Q4BlockPKjPKtS6_Pfjjj' for 'sm_60'
ptxas info    : Function properties for _Z6decodeILi2ELi1ELi4ELi8ELi8EEvPK7Q4BlockPKjPKtS6_Pfjjj
    0 bytes stack frame, 0 bytes spill stores, 0 bytes spill loads
ptxas info    : Used 40 registers, used 1 barriers, 372 bytes cmem[0], 4 bytes cmem[2]
ptxas info    : Compile time = 31.586 ms
ptxas info    : Compiling entry function '_Z6decodeILi1ELi1ELi4ELi8ELi8EEvPK7Q4BlockPKjPKtS6_Pfjjj' for 'sm_60'
ptxas info    : Function properties for _Z6decodeILi1ELi1ELi4ELi8ELi8EEvPK7Q4BlockPKjPKtS6_Pfjjj
    0 bytes stack frame, 0 bytes spill stores, 0 bytes spill loads
ptxas info    : Used 40 registers, used 1 barriers, 372 bytes cmem[0], 4 bytes cmem[2]
ptxas info    : Compile time = 30.536 ms
ptxas info    : Compiling entry function '_Z6decodeILi0ELi1ELi4ELi8ELi8EEvPK7Q4BlockPKjPKtS6_Pfjjj' for 'sm_60'
ptxas info    : Function properties for _Z6decodeILi0ELi1ELi4ELi8ELi8EEvPK7Q4BlockPKjPKtS6_Pfjjj
    0 bytes stack frame, 0 bytes spill stores, 0 bytes spill loads
ptxas info    : Used 39 registers, used 1 barriers, 372 bytes cmem[0], 4 bytes cmem[2]
ptxas info    : Compile time = 44.658 ms
ptxas info    : Compiling entry function '_Z6decodeILi2ELi1ELi4ELi4ELi8EEvPK7Q4BlockPKjPKtS6_Pfjjj' for 'sm_60'
ptxas info    : Function properties for _Z6decodeILi2ELi1ELi4ELi4ELi8EEvPK7Q4BlockPKjPKtS6_Pfjjj
    0 bytes stack frame, 0 bytes spill stores, 0 bytes spill loads
ptxas info    : Used 39 registers, used 1 barriers, 372 bytes cmem[0], 8 bytes cmem[2]
ptxas info    : Compile time = 30.333 ms
ptxas info    : Compiling entry function '_Z6decodeILi1ELi1ELi4ELi4ELi8EEvPK7Q4BlockPKjPKtS6_Pfjjj' for 'sm_60'
ptxas info    : Function properties for _Z6decodeILi1ELi1ELi4ELi4ELi8EEvPK7Q4BlockPKjPKtS6_Pfjjj
    0 bytes stack frame, 0 bytes spill stores, 0 bytes spill loads
ptxas info    : Used 40 registers, used 1 barriers, 372 bytes cmem[0], 8 bytes cmem[2]
ptxas info    : Compile time = 29.287 ms
ptxas info    : Compiling entry function '_Z6decodeILi0ELi1ELi4ELi4ELi8EEvPK7Q4BlockPKjPKtS6_Pfjjj' for 'sm_60'
ptxas info    : Function properties for _Z6decodeILi0ELi1ELi4ELi4ELi8EEvPK7Q4BlockPKjPKtS6_Pfjjj
    0 bytes stack frame, 0 bytes spill stores, 0 bytes spill loads
ptxas info    : Used 39 registers, used 1 barriers, 372 bytes cmem[0], 8 bytes cmem[2]
ptxas info    : Compile time = 36.210 ms
ptxas info    : Compiling entry function '_Z6decodeILi2ELi2ELi1ELi32ELi32EEvPK7Q4BlockPKjPKtS6_Pfjjj' for 'sm_60'
ptxas info    : Function properties for _Z6decodeILi2ELi2ELi1ELi32ELi32EEvPK7Q4BlockPKjPKtS6_Pfjjj
    0 bytes stack frame, 0 bytes spill stores, 0 bytes spill loads
ptxas info    : Used 32 registers, used 1 barriers, 372 bytes cmem[0], 4 bytes cmem[2]
ptxas info    : Compile time = 32.422 ms
ptxas info    : Compiling entry function '_Z6decodeILi1ELi2ELi1ELi32ELi32EEvPK7Q4BlockPKjPKtS6_Pfjjj' for 'sm_60'
ptxas info    : Function properties for _Z6decodeILi1ELi2ELi1ELi32ELi32EEvPK7Q4BlockPKjPKtS6_Pfjjj
    0 bytes stack frame, 0 bytes spill stores, 0 bytes spill loads
ptxas info    : Used 32 registers, used 1 barriers, 372 bytes cmem[0], 4 bytes cmem[2]
ptxas info    : Compile time = 31.130 ms
ptxas info    : Compiling entry function '_Z6decodeILi0ELi2ELi1ELi32ELi32EEvPK7Q4BlockPKjPKtS6_Pfjjj' for 'sm_60'
ptxas info    : Function properties for _Z6decodeILi0ELi2ELi1ELi32ELi32EEvPK7Q4BlockPKjPKtS6_Pfjjj
    0 bytes stack frame, 0 bytes spill stores, 0 bytes spill loads
ptxas info    : Used 32 registers, used 1 barriers, 372 bytes cmem[0], 4 bytes cmem[2]
ptxas info    : Compile time = 36.514 ms
ptxas info    : Compiling entry function '_Z6decodeILi2ELi2ELi1ELi16ELi32EEvPK7Q4BlockPKjPKtS6_Pfjjj' for 'sm_60'
ptxas info    : Function properties for _Z6decodeILi2ELi2ELi1ELi16ELi32EEvPK7Q4BlockPKjPKtS6_Pfjjj
    0 bytes stack frame, 0 bytes spill stores, 0 bytes spill loads
ptxas info    : Used 32 registers, used 1 barriers, 372 bytes cmem[0], 4 bytes cmem[2]
ptxas info    : Compile time = 30.250 ms
ptxas info    : Compiling entry function '_Z6decodeILi1ELi2ELi1ELi16ELi32EEvPK7Q4BlockPKjPKtS6_Pfjjj' for 'sm_60'
ptxas info    : Function properties for _Z6decodeILi1ELi2ELi1ELi16ELi32EEvPK7Q4BlockPKjPKtS6_Pfjjj
    0 bytes stack frame, 0 bytes spill stores, 0 bytes spill loads
ptxas info    : Used 32 registers, used 1 barriers, 372 bytes cmem[0], 4 bytes cmem[2]
ptxas info    : Compile time = 29.872 ms
ptxas info    : Compiling entry function '_Z6decodeILi0ELi2ELi1ELi16ELi32EEvPK7Q4BlockPKjPKtS6_Pfjjj' for 'sm_60'
ptxas info    : Function properties for _Z6decodeILi0ELi2ELi1ELi16ELi32EEvPK7Q4BlockPKjPKtS6_Pfjjj
    0 bytes stack frame, 0 bytes spill stores, 0 bytes spill loads
ptxas info    : Used 32 registers, used 1 barriers, 372 bytes cmem[0], 4 bytes cmem[2]
ptxas info    : Compile time = 34.079 ms
ptxas info    : Compiling entry function '_Z6decodeILi2ELi2ELi1ELi8ELi32EEvPK7Q4BlockPKjPKtS6_Pfjjj' for 'sm_60'
ptxas info    : Function properties for _Z6decodeILi2ELi2ELi1ELi8ELi32EEvPK7Q4BlockPKjPKtS6_Pfjjj
    0 bytes stack frame, 0 bytes spill stores, 0 bytes spill loads
ptxas info    : Used 32 registers, used 1 barriers, 372 bytes cmem[0], 4 bytes cmem[2]
ptxas info    : Compile time = 28.254 ms
ptxas info    : Compiling entry function '_Z6decodeILi1ELi2ELi1ELi8ELi32EEvPK7Q4BlockPKjPKtS6_Pfjjj' for 'sm_60'
ptxas info    : Function properties for _Z6decodeILi1ELi2ELi1ELi8ELi32EEvPK7Q4BlockPKjPKtS6_Pfjjj
    0 bytes stack frame, 0 bytes spill stores, 0 bytes spill loads
ptxas info    : Used 32 registers, used 1 barriers, 372 bytes cmem[0], 4 bytes cmem[2]
ptxas info    : Compile time = 28.240 ms
ptxas info    : Compiling entry function '_Z6decodeILi0ELi2ELi1ELi8ELi32EEvPK7Q4BlockPKjPKtS6_Pfjjj' for 'sm_60'
ptxas info    : Function properties for _Z6decodeILi0ELi2ELi1ELi8ELi32EEvPK7Q4BlockPKjPKtS6_Pfjjj
    0 bytes stack frame, 0 bytes spill stores, 0 bytes spill loads
ptxas info    : Used 32 registers, used 1 barriers, 372 bytes cmem[0], 4 bytes cmem[2]
ptxas info    : Compile time = 34.041 ms
ptxas info    : Compiling entry function '_Z6decodeILi2ELi2ELi1ELi8ELi16EEvPK7Q4BlockPKjPKtS6_Pfjjj' for 'sm_60'
ptxas info    : Function properties for _Z6decodeILi2ELi2ELi1ELi8ELi16EEvPK7Q4BlockPKjPKtS6_Pfjjj
    0 bytes stack frame, 0 bytes spill stores, 0 bytes spill loads
ptxas info    : Used 32 registers, used 1 barriers, 372 bytes cmem[0], 4 bytes cmem[2]
ptxas info    : Compile time = 28.350 ms
ptxas info    : Compiling entry function '_Z6decodeILi1ELi2ELi1ELi8ELi16EEvPK7Q4BlockPKjPKtS6_Pfjjj' for 'sm_60'
ptxas info    : Function properties for _Z6decodeILi1ELi2ELi1ELi8ELi16EEvPK7Q4BlockPKjPKtS6_Pfjjj
    0 bytes stack frame, 0 bytes spill stores, 0 bytes spill loads
ptxas info    : Used 32 registers, used 1 barriers, 372 bytes cmem[0], 4 bytes cmem[2]
ptxas info    : Compile time = 27.277 ms
ptxas info    : Compiling entry function '_Z6decodeILi0ELi2ELi1ELi8ELi16EEvPK7Q4BlockPKjPKtS6_Pfjjj' for 'sm_60'
ptxas info    : Function properties for _Z6decodeILi0ELi2ELi1ELi8ELi16EEvPK7Q4BlockPKjPKtS6_Pfjjj
    0 bytes stack frame, 0 bytes spill stores, 0 bytes spill loads
ptxas info    : Used 32 registers, used 1 barriers, 372 bytes cmem[0], 4 bytes cmem[2]
ptxas info    : Compile time = 32.435 ms
ptxas info    : Compiling entry function '_Z6decodeILi2ELi1ELi1ELi16ELi32EEvPK7Q4BlockPKjPKtS6_Pfjjj' for 'sm_60'
ptxas info    : Function properties for _Z6decodeILi2ELi1ELi1ELi16ELi32EEvPK7Q4BlockPKjPKtS6_Pfjjj
    0 bytes stack frame, 0 bytes spill stores, 0 bytes spill loads
ptxas info    : Used 29 registers, used 1 barriers, 372 bytes cmem[0], 4 bytes cmem[2]
ptxas info    : Compile time = 23.396 ms
ptxas info    : Compiling entry function '_Z6decodeILi1ELi1ELi1ELi16ELi32EEvPK7Q4BlockPKjPKtS6_Pfjjj' for 'sm_60'
ptxas info    : Function properties for _Z6decodeILi1ELi1ELi1ELi16ELi32EEvPK7Q4BlockPKjPKtS6_Pfjjj
    0 bytes stack frame, 0 bytes spill stores, 0 bytes spill loads
ptxas info    : Used 29 registers, used 1 barriers, 372 bytes cmem[0], 4 bytes cmem[2]
ptxas info    : Compile time = 22.604 ms
ptxas info    : Compiling entry function '_Z6decodeILi0ELi1ELi1ELi16ELi32EEvPK7Q4BlockPKjPKtS6_Pfjjj' for 'sm_60'
ptxas info    : Function properties for _Z6decodeILi0ELi1ELi1ELi16ELi32EEvPK7Q4BlockPKjPKtS6_Pfjjj
    0 bytes stack frame, 0 bytes spill stores, 0 bytes spill loads
ptxas info    : Used 28 registers, used 1 barriers, 372 bytes cmem[0], 4 bytes cmem[2]
ptxas info    : Compile time = 24.915 ms
ptxas info    : Compiling entry function '_Z6decodeILi2ELi1ELi1ELi8ELi32EEvPK7Q4BlockPKjPKtS6_Pfjjj' for 'sm_60'
ptxas info    : Function properties for _Z6decodeILi2ELi1ELi1ELi8ELi32EEvPK7Q4BlockPKjPKtS6_Pfjjj
    0 bytes stack frame, 0 bytes spill stores, 0 bytes spill loads
ptxas info    : Used 29 registers, used 1 barriers, 372 bytes cmem[0], 4 bytes cmem[2]
ptxas info    : Compile time = 21.524 ms
ptxas info    : Compiling entry function '_Z6decodeILi1ELi1ELi1ELi8ELi32EEvPK7Q4BlockPKjPKtS6_Pfjjj' for 'sm_60'
ptxas info    : Function properties for _Z6decodeILi1ELi1ELi1ELi8ELi32EEvPK7Q4BlockPKjPKtS6_Pfjjj
    0 bytes stack frame, 0 bytes spill stores, 0 bytes spill loads
ptxas info    : Used 29 registers, used 1 barriers, 372 bytes cmem[0], 4 bytes cmem[2]
ptxas info    : Compile time = 21.592 ms
ptxas info    : Compiling entry function '_Z6decodeILi0ELi1ELi1ELi8ELi32EEvPK7Q4BlockPKjPKtS6_Pfjjj' for 'sm_60'
ptxas info    : Function properties for _Z6decodeILi0ELi1ELi1ELi8ELi32EEvPK7Q4BlockPKjPKtS6_Pfjjj
    0 bytes stack frame, 0 bytes spill stores, 0 bytes spill loads
ptxas info    : Used 28 registers, used 1 barriers, 372 bytes cmem[0], 4 bytes cmem[2]
ptxas info    : Compile time = 24.186 ms
ptxas info    : Compiling entry function '_Z6decodeILi2ELi1ELi1ELi8ELi16EEvPK7Q4BlockPKjPKtS6_Pfjjj' for 'sm_60'
ptxas info    : Function properties for _Z6decodeILi2ELi1ELi1ELi8ELi16EEvPK7Q4BlockPKjPKtS6_Pfjjj
    0 bytes stack frame, 0 bytes spill stores, 0 bytes spill loads
ptxas info    : Used 29 registers, used 1 barriers, 372 bytes cmem[0], 4 bytes cmem[2]
ptxas info    : Compile time = 21.114 ms
ptxas info    : Compiling entry function '_Z6decodeILi1ELi1ELi1ELi8ELi16EEvPK7Q4BlockPKjPKtS6_Pfjjj' for 'sm_60'
ptxas info    : Function properties for _Z6decodeILi1ELi1ELi1ELi8ELi16EEvPK7Q4BlockPKjPKtS6_Pfjjj
    0 bytes stack frame, 0 bytes spill stores, 0 bytes spill loads
ptxas info    : Used 29 registers, used 1 barriers, 372 bytes cmem[0], 4 bytes cmem[2]
ptxas info    : Compile time = 21.433 ms
ptxas info    : Compiling entry function '_Z6decodeILi0ELi1ELi1ELi8ELi16EEvPK7Q4BlockPKjPKtS6_Pfjjj' for 'sm_60'
ptxas info    : Function properties for _Z6decodeILi0ELi1ELi1ELi8ELi16EEvPK7Q4BlockPKjPKtS6_Pfjjj
    0 bytes stack frame, 0 bytes spill stores, 0 bytes spill loads
ptxas info    : Used 28 registers, used 1 barriers, 372 bytes cmem[0], 4 bytes cmem[2]
ptxas info    : Compile time = 24.515 ms
ptxas info    : Compiling entry function '_Z6decodeILi2ELi1ELi1ELi8ELi8EEvPK7Q4BlockPKjPKtS6_Pfjjj' for 'sm_60'
ptxas info    : Function properties for _Z6decodeILi2ELi1ELi1ELi8ELi8EEvPK7Q4BlockPKjPKtS6_Pfjjj
    0 bytes stack frame, 0 bytes spill stores, 0 bytes spill loads
ptxas info    : Used 29 registers, used 1 barriers, 372 bytes cmem[0], 4 bytes cmem[2]
ptxas info    : Compile time = 20.758 ms
ptxas info    : Compiling entry function '_Z6decodeILi1ELi1ELi1ELi8ELi8EEvPK7Q4BlockPKjPKtS6_Pfjjj' for 'sm_60'
ptxas info    : Function properties for _Z6decodeILi1ELi1ELi1ELi8ELi8EEvPK7Q4BlockPKjPKtS6_Pfjjj
    0 bytes stack frame, 0 bytes spill stores, 0 bytes spill loads
ptxas info    : Used 29 registers, used 1 barriers, 372 bytes cmem[0], 4 bytes cmem[2]
ptxas info    : Compile time = 21.244 ms
ptxas info    : Compiling entry function '_Z6decodeILi0ELi1ELi1ELi8ELi8EEvPK7Q4BlockPKjPKtS6_Pfjjj' for 'sm_60'
ptxas info    : Function properties for _Z6decodeILi0ELi1ELi1ELi8ELi8EEvPK7Q4BlockPKjPKtS6_Pfjjj
    0 bytes stack frame, 0 bytes spill stores, 0 bytes spill loads
ptxas info    : Used 28 registers, used 1 barriers, 372 bytes cmem[0], 4 bytes cmem[2]
ptxas info    : Compile time = 23.386 ms
ptxas info    : Compiling entry function '_Z6decodeILi2ELi1ELi1ELi4ELi8EEvPK7Q4BlockPKjPKtS6_Pfjjj' for 'sm_60'
ptxas info    : Function properties for _Z6decodeILi2ELi1ELi1ELi4ELi8EEvPK7Q4BlockPKjPKtS6_Pfjjj
    0 bytes stack frame, 0 bytes spill stores, 0 bytes spill loads
ptxas info    : Used 29 registers, used 1 barriers, 372 bytes cmem[0], 4 bytes cmem[2]
ptxas info    : Compile time = 19.004 ms
ptxas info    : Compiling entry function '_Z6decodeILi1ELi1ELi1ELi4ELi8EEvPK7Q4BlockPKjPKtS6_Pfjjj' for 'sm_60'
ptxas info    : Function properties for _Z6decodeILi1ELi1ELi1ELi4ELi8EEvPK7Q4BlockPKjPKtS6_Pfjjj
    0 bytes stack frame, 0 bytes spill stores, 0 bytes spill loads
ptxas info    : Used 29 registers, used 1 barriers, 372 bytes cmem[0], 4 bytes cmem[2]
ptxas info    : Compile time = 19.439 ms
ptxas info    : Compiling entry function '_Z6decodeILi0ELi1ELi1ELi4ELi8EEvPK7Q4BlockPKjPKtS6_Pfjjj' for 'sm_60'
ptxas info    : Function properties for _Z6decodeILi0ELi1ELi1ELi4ELi8EEvPK7Q4BlockPKjPKtS6_Pfjjj
    0 bytes stack frame, 0 bytes spill stores, 0 bytes spill loads
ptxas info    : Used 28 registers, used 1 barriers, 372 bytes cmem[0], 4 bytes cmem[2]
ptxas info    : Compile time = 22.538 ms
ptxas info    : Compiling entry function '_Z7preparePKfPtj' for 'sm_60'
ptxas info    : Function properties for _Z7preparePKfPtj
    0 bytes stack frame, 0 bytes spill stores, 0 bytes spill loads
ptxas info    : Used 7 registers, used 0 barriers, 340 bytes cmem[0]
ptxas info    : Compile time = 0.866 ms
ptxas info    : Compiling entry function '_Z8reduce32PKfPfj' for 'sm_60'
ptxas info    : Function properties for _Z8reduce32PKfPfj
    0 bytes stack frame, 0 bytes spill stores, 0 bytes spill loads
ptxas info    : Used 40 registers, used 0 barriers, 340 bytes cmem[0]
ptxas info    : Compile time = 5.085 ms
ptxas info    : Compiling entry function 'r3_212_r2' for 'sm_60'
ptxas info    : Function properties for r3_212_r2
    0 bytes stack frame, 0 bytes spill stores, 0 bytes spill loads
ptxas info    : Used 48 registers, used 1 barriers, 372 bytes cmem[0], 4 bytes cmem[2]
ptxas info    : Compile time = 39.929 ms
ptxas info    : Compiling entry function 'r3_212_r1' for 'sm_60'
ptxas info    : Function properties for r3_212_r1
    0 bytes stack frame, 0 bytes spill stores, 0 bytes spill loads
ptxas info    : Used 32 registers, used 1 barriers, 372 bytes cmem[0], 4 bytes cmem[2]
ptxas info    : Compile time = 29.840 ms
ptxas info    : Compiling entry function 'r3_211_r2' for 'sm_60'
ptxas info    : Function properties for r3_211_r2
    0 bytes stack frame, 0 bytes spill stores, 0 bytes spill loads
ptxas info    : Used 48 registers, used 1 barriers, 372 bytes cmem[0], 4 bytes cmem[2]
ptxas info    : Compile time = 37.606 ms
ptxas info    : Compiling entry function 'r3_211_r1' for 'sm_60'
ptxas info    : Function properties for r3_211_r1
    0 bytes stack frame, 0 bytes spill stores, 0 bytes spill loads
ptxas info    : Used 40 registers, used 1 barriers, 372 bytes cmem[0], 4 bytes cmem[2]
ptxas info    : Compile time = 30.438 ms
ptxas info    : Compiling entry function 'r3_210_r2' for 'sm_60'
ptxas info    : Function properties for r3_210_r2
    0 bytes stack frame, 0 bytes spill stores, 0 bytes spill loads
ptxas info    : Used 48 registers, used 1 barriers, 372 bytes cmem[0], 8 bytes cmem[2]
ptxas info    : Compile time = 41.134 ms
ptxas info    : Compiling entry function 'r3_210_r1' for 'sm_60'
ptxas info    : Function properties for r3_210_r1
    0 bytes stack frame, 0 bytes spill stores, 0 bytes spill loads
ptxas info    : Used 40 registers, used 1 barriers, 372 bytes cmem[0], 4 bytes cmem[2]
ptxas info    : Compile time = 28.700 ms
ptxas info    : Compiling entry function 'r3_202_r2' for 'sm_60'
ptxas info    : Function properties for r3_202_r2
    0 bytes stack frame, 0 bytes spill stores, 0 bytes spill loads
ptxas info    : Used 32 registers, used 1 barriers, 372 bytes cmem[0], 4 bytes cmem[2]
ptxas info    : Compile time = 24.778 ms
ptxas info    : Compiling entry function 'r3_202_r1' for 'sm_60'
ptxas info    : Function properties for r3_202_r1
    0 bytes stack frame, 0 bytes spill stores, 0 bytes spill loads
ptxas info    : Used 30 registers, used 1 barriers, 372 bytes cmem[0], 4 bytes cmem[2]
ptxas info    : Compile time = 20.723 ms
ptxas info    : Compiling entry function 'r3_201_r2' for 'sm_60'
ptxas info    : Function properties for r3_201_r2
    0 bytes stack frame, 0 bytes spill stores, 0 bytes spill loads
ptxas info    : Used 32 registers, used 1 barriers, 372 bytes cmem[0], 4 bytes cmem[2]
ptxas info    : Compile time = 24.331 ms
ptxas info    : Compiling entry function 'r3_201_r1' for 'sm_60'
ptxas info    : Function properties for r3_201_r1
    0 bytes stack frame, 0 bytes spill stores, 0 bytes spill loads
ptxas info    : Used 32 registers, used 1 barriers, 372 bytes cmem[0], 4 bytes cmem[2]
ptxas info    : Compile time = 19.346 ms
ptxas info    : Compiling entry function 'r3_200_r2' for 'sm_60'
ptxas info    : Function properties for r3_200_r2
    0 bytes stack frame, 0 bytes spill stores, 0 bytes spill loads
ptxas info    : Used 32 registers, used 1 barriers, 372 bytes cmem[0], 4 bytes cmem[2]
ptxas info    : Compile time = 22.628 ms
ptxas info    : Compiling entry function 'r3_200_r1' for 'sm_60'
ptxas info    : Function properties for r3_200_r1
    0 bytes stack frame, 0 bytes spill stores, 0 bytes spill loads
ptxas info    : Used 32 registers, used 1 barriers, 372 bytes cmem[0], 4 bytes cmem[2]
ptxas info    : Compile time = 18.097 ms
ptxas info    : Compiling entry function 'r3_114_r2' for 'sm_60'
ptxas info    : Function properties for r3_114_r2
    0 bytes stack frame, 0 bytes spill stores, 0 bytes spill loads
ptxas info    : Used 48 registers, used 0 barriers, 372 bytes cmem[0]
ptxas info    : Compile time = 29.500 ms
ptxas info    : Compiling entry function 'r3_114_r1' for 'sm_60'
ptxas info    : Function properties for r3_114_r1
    0 bytes stack frame, 0 bytes spill stores, 0 bytes spill loads
ptxas info    : Used 32 registers, used 0 barriers, 372 bytes cmem[0]
ptxas info    : Compile time = 18.160 ms
ptxas info    : Compiling entry function 'r3_113_r2' for 'sm_60'
ptxas info    : Function properties for r3_113_r2
    0 bytes stack frame, 0 bytes spill stores, 0 bytes spill loads
ptxas info    : Used 48 registers, used 0 barriers, 372 bytes cmem[0]
ptxas info    : Compile time = 28.752 ms
ptxas info    : Compiling entry function 'r3_113_r1' for 'sm_60'
ptxas info    : Function properties for r3_113_r1
    0 bytes stack frame, 0 bytes spill stores, 0 bytes spill loads
ptxas info    : Used 32 registers, used 0 barriers, 372 bytes cmem[0]
ptxas info    : Compile time = 17.895 ms
ptxas info    : Compiling entry function 'r3_112_r2' for 'sm_60'
ptxas info    : Function properties for r3_112_r2
    0 bytes stack frame, 0 bytes spill stores, 0 bytes spill loads
ptxas info    : Used 48 registers, used 0 barriers, 372 bytes cmem[0]
ptxas info    : Compile time = 27.649 ms
ptxas info    : Compiling entry function 'r3_112_r1' for 'sm_60'
ptxas info    : Function properties for r3_112_r1
    0 bytes stack frame, 0 bytes spill stores, 0 bytes spill loads
ptxas info    : Used 32 registers, used 0 barriers, 372 bytes cmem[0]
ptxas info    : Compile time = 17.038 ms
ptxas info    : Compiling entry function 'r3_111_r2' for 'sm_60'
ptxas info    : Function properties for r3_111_r2
    0 bytes stack frame, 0 bytes spill stores, 0 bytes spill loads
ptxas info    : Used 48 registers, used 0 barriers, 372 bytes cmem[0]
ptxas info    : Compile time = 27.679 ms
ptxas info    : Compiling entry function 'r3_111_r1' for 'sm_60'
ptxas info    : Function properties for r3_111_r1
    0 bytes stack frame, 0 bytes spill stores, 0 bytes spill loads
ptxas info    : Used 32 registers, used 0 barriers, 372 bytes cmem[0]
ptxas info    : Compile time = 17.368 ms
ptxas info    : Compiling entry function 'r3_110_r2' for 'sm_60'
ptxas info    : Function properties for r3_110_r2
    0 bytes stack frame, 0 bytes spill stores, 0 bytes spill loads
ptxas info    : Used 48 registers, used 0 barriers, 372 bytes cmem[0]
ptxas info    : Compile time = 27.324 ms
ptxas info    : Compiling entry function 'r3_110_r1' for 'sm_60'
ptxas info    : Function properties for r3_110_r1
    0 bytes stack frame, 0 bytes spill stores, 0 bytes spill loads
ptxas info    : Used 32 registers, used 0 barriers, 372 bytes cmem[0]
ptxas info    : Compile time = 17.333 ms
ptxas info    : Compiling entry function 'r3_104_r4' for 'sm_60'
ptxas info    : Function properties for r3_104_r4
    0 bytes stack frame, 0 bytes spill stores, 0 bytes spill loads
ptxas info    : Used 48 registers, used 0 barriers, 372 bytes cmem[0]
ptxas info    : Compile time = 22.072 ms
ptxas info    : Compiling entry function 'r3_104_r2' for 'sm_60'
ptxas info    : Function properties for r3_104_r2
    0 bytes stack frame, 0 bytes spill stores, 0 bytes spill loads
ptxas info    : Used 32 registers, used 0 barriers, 372 bytes cmem[0]
ptxas info    : Compile time = 11.895 ms
ptxas info    : Compiling entry function 'r3_104_r1' for 'sm_60'
ptxas info    : Function properties for r3_104_r1
    0 bytes stack frame, 0 bytes spill stores, 0 bytes spill loads
ptxas info    : Used 27 registers, used 0 barriers, 372 bytes cmem[0]
ptxas info    : Compile time = 7.310 ms
ptxas info    : Compiling entry function 'r3_103_r4' for 'sm_60'
ptxas info    : Function properties for r3_103_r4
    0 bytes stack frame, 0 bytes spill stores, 0 bytes spill loads
ptxas info    : Used 48 registers, used 0 barriers, 372 bytes cmem[0]
ptxas info    : Compile time = 21.897 ms
ptxas info    : Compiling entry function 'r3_103_r2' for 'sm_60'
ptxas info    : Function properties for r3_103_r2
    0 bytes stack frame, 0 bytes spill stores, 0 bytes spill loads
ptxas info    : Used 32 registers, used 0 barriers, 372 bytes cmem[0]
ptxas info    : Compile time = 11.622 ms
ptxas info    : Compiling entry function 'r3_103_r1' for 'sm_60'
ptxas info    : Function properties for r3_103_r1
    0 bytes stack frame, 0 bytes spill stores, 0 bytes spill loads
ptxas info    : Used 27 registers, used 0 barriers, 372 bytes cmem[0]
ptxas info    : Compile time = 8.761 ms
ptxas info    : Compiling entry function 'r3_102_r4' for 'sm_60'
ptxas info    : Function properties for r3_102_r4
    0 bytes stack frame, 0 bytes spill stores, 0 bytes spill loads
ptxas info    : Used 40 registers, used 0 barriers, 372 bytes cmem[0]
ptxas info    : Compile time = 21.578 ms
ptxas info    : Compiling entry function 'r3_102_r2' for 'sm_60'
ptxas info    : Function properties for r3_102_r2
    0 bytes stack frame, 0 bytes spill stores, 0 bytes spill loads
ptxas info    : Used 32 registers, used 0 barriers, 372 bytes cmem[0]
ptxas info    : Compile time = 11.742 ms
ptxas info    : Compiling entry function 'r3_102_r1' for 'sm_60'
ptxas info    : Function properties for r3_102_r1
    0 bytes stack frame, 0 bytes spill stores, 0 bytes spill loads
ptxas info    : Used 28 registers, used 0 barriers, 372 bytes cmem[0]
ptxas info    : Compile time = 7.184 ms
ptxas info    : Compiling entry function 'r3_101_r4' for 'sm_60'
ptxas info    : Function properties for r3_101_r4
    0 bytes stack frame, 0 bytes spill stores, 0 bytes spill loads
ptxas info    : Used 40 registers, used 0 barriers, 372 bytes cmem[0]
ptxas info    : Compile time = 20.335 ms
ptxas info    : Compiling entry function 'r3_101_r2' for 'sm_60'
ptxas info    : Function properties for r3_101_r2
    0 bytes stack frame, 0 bytes spill stores, 0 bytes spill loads
ptxas info    : Used 32 registers, used 0 barriers, 372 bytes cmem[0]
ptxas info    : Compile time = 11.419 ms
ptxas info    : Compiling entry function 'r3_101_r1' for 'sm_60'
ptxas info    : Function properties for r3_101_r1
    0 bytes stack frame, 0 bytes spill stores, 0 bytes spill loads
ptxas info    : Used 28 registers, used 0 barriers, 372 bytes cmem[0]
ptxas info    : Compile time = 6.615 ms
ptxas info    : Compiling entry function 'r3_100_r4' for 'sm_60'
ptxas info    : Function properties for r3_100_r4
    0 bytes stack frame, 0 bytes spill stores, 0 bytes spill loads
ptxas info    : Used 40 registers, used 0 barriers, 372 bytes cmem[0]
ptxas info    : Compile time = 21.032 ms
ptxas info    : Compiling entry function 'r3_100_r2' for 'sm_60'
ptxas info    : Function properties for r3_100_r2
    0 bytes stack frame, 0 bytes spill stores, 0 bytes spill loads
ptxas info    : Used 32 registers, used 0 barriers, 372 bytes cmem[0]
ptxas info    : Compile time = 11.511 ms
ptxas info    : Compiling entry function 'r3_100_r1' for 'sm_60'
ptxas info    : Function properties for r3_100_r1
    0 bytes stack frame, 0 bytes spill stores, 0 bytes spill loads
ptxas info    : Used 28 registers, used 0 barriers, 372 bytes cmem[0]
ptxas info    : Compile time = 6.869 ms
