nvcc warning : Support for offline compilation for architectures prior to '<compute/sm/lto>_75' will be removed in a future release (Use -Wno-deprecated-gpu-targets to suppress warning).
ptxas info    : 0 bytes gmem
ptxas info    : Compiling entry function '_Z6decodeILi5ELi2ELi8ELi8ELi16EEvPK7Q4BlockPKjPKtS6_Pfjjj' for 'sm_60'
ptxas info    : Function properties for _Z6decodeILi5ELi2ELi8ELi8ELi16EEvPK7Q4BlockPKjPKtS6_Pfjjj
    0 bytes stack frame, 0 bytes spill stores, 0 bytes spill loads
ptxas info    : Used 80 registers, used 1 barriers, 372 bytes cmem[0], 12 bytes cmem[2]
ptxas info    : Compile time = 67.722 ms
ptxas info    : Compiling entry function '_Z6decodeILi4ELi2ELi8ELi8ELi16EEvPK7Q4BlockPKjPKtS6_Pfjjj' for 'sm_60'
ptxas info    : Function properties for _Z6decodeILi4ELi2ELi8ELi8ELi16EEvPK7Q4BlockPKjPKtS6_Pfjjj
    0 bytes stack frame, 0 bytes spill stores, 0 bytes spill loads
ptxas info    : Used 80 registers, used 1 barriers, 372 bytes cmem[0], 12 bytes cmem[2]
ptxas info    : Compile time = 64.682 ms
ptxas info    : Compiling entry function '_Z6decodeILi3ELi2ELi8ELi8ELi16EEvPK7Q4BlockPKjPKtS6_Pfjjj' for 'sm_60'
ptxas info    : Function properties for _Z6decodeILi3ELi2ELi8ELi8ELi16EEvPK7Q4BlockPKjPKtS6_Pfjjj
    0 bytes stack frame, 0 bytes spill stores, 0 bytes spill loads
ptxas info    : Used 72 registers, used 1 barriers, 372 bytes cmem[0], 12 bytes cmem[2]
ptxas info    : Compile time = 93.063 ms
ptxas info    : Compiling entry function '_Z6decodeILi5ELi2ELi8ELi8ELi8EEvPK7Q4BlockPKjPKtS6_Pfjjj' for 'sm_60'
ptxas info    : Function properties for _Z6decodeILi5ELi2ELi8ELi8ELi8EEvPK7Q4BlockPKjPKtS6_Pfjjj
    0 bytes stack frame, 0 bytes spill stores, 0 bytes spill loads
ptxas info    : Used 80 registers, used 1 barriers, 372 bytes cmem[0], 12 bytes cmem[2]
ptxas info    : Compile time = 63.218 ms
ptxas info    : Compiling entry function '_Z6decodeILi4ELi2ELi8ELi8ELi8EEvPK7Q4BlockPKjPKtS6_Pfjjj' for 'sm_60'
ptxas info    : Function properties for _Z6decodeILi4ELi2ELi8ELi8ELi8EEvPK7Q4BlockPKjPKtS6_Pfjjj
    0 bytes stack frame, 0 bytes spill stores, 0 bytes spill loads
ptxas info    : Used 80 registers, used 1 barriers, 372 bytes cmem[0], 12 bytes cmem[2]
ptxas info    : Compile time = 62.480 ms
ptxas info    : Compiling entry function '_Z6decodeILi3ELi2ELi8ELi8ELi8EEvPK7Q4BlockPKjPKtS6_Pfjjj' for 'sm_60'
ptxas info    : Function properties for _Z6decodeILi3ELi2ELi8ELi8ELi8EEvPK7Q4BlockPKjPKtS6_Pfjjj
    0 bytes stack frame, 0 bytes spill stores, 0 bytes spill loads
ptxas info    : Used 72 registers, used 1 barriers, 372 bytes cmem[0], 12 bytes cmem[2]
ptxas info    : Compile time = 88.907 ms
ptxas info    : Compiling entry function '_Z6decodeILi5ELi1ELi8ELi8ELi32EEvPK7Q4BlockPKjPKtS6_Pfjjj' for 'sm_60'
ptxas info    : Function properties for _Z6decodeILi5ELi1ELi8ELi8ELi32EEvPK7Q4BlockPKjPKtS6_Pfjjj
    0 bytes stack frame, 0 bytes spill stores, 0 bytes spill loads
ptxas info    : Used 48 registers, used 1 barriers, 372 bytes cmem[0], 12 bytes cmem[2]
ptxas info    : Compile time = 41.607 ms
ptxas info    : Compiling entry function '_Z6decodeILi4ELi1ELi8ELi8ELi32EEvPK7Q4BlockPKjPKtS6_Pfjjj' for 'sm_60'
ptxas info    : Function properties for _Z6decodeILi4ELi1ELi8ELi8ELi32EEvPK7Q4BlockPKjPKtS6_Pfjjj
    0 bytes stack frame, 0 bytes spill stores, 0 bytes spill loads
ptxas info    : Used 48 registers, used 1 barriers, 372 bytes cmem[0], 12 bytes cmem[2]
ptxas info    : Compile time = 41.870 ms
ptxas info    : Compiling entry function '_Z6decodeILi3ELi1ELi8ELi8ELi32EEvPK7Q4BlockPKjPKtS6_Pfjjj' for 'sm_60'
ptxas info    : Function properties for _Z6decodeILi3ELi1ELi8ELi8ELi32EEvPK7Q4BlockPKjPKtS6_Pfjjj
    0 bytes stack frame, 0 bytes spill stores, 0 bytes spill loads
ptxas info    : Used 48 registers, used 1 barriers, 372 bytes cmem[0], 12 bytes cmem[2]
ptxas info    : Compile time = 58.511 ms
ptxas info    : Compiling entry function '_Z6decodeILi5ELi1ELi8ELi8ELi16EEvPK7Q4BlockPKjPKtS6_Pfjjj' for 'sm_60'
ptxas info    : Function properties for _Z6decodeILi5ELi1ELi8ELi8ELi16EEvPK7Q4BlockPKjPKtS6_Pfjjj
    0 bytes stack frame, 0 bytes spill stores, 0 bytes spill loads
ptxas info    : Used 48 registers, used 1 barriers, 372 bytes cmem[0], 12 bytes cmem[2]
ptxas info    : Compile time = 40.246 ms
ptxas info    : Compiling entry function '_Z6decodeILi4ELi1ELi8ELi8ELi16EEvPK7Q4BlockPKjPKtS6_Pfjjj' for 'sm_60'
ptxas info    : Function properties for _Z6decodeILi4ELi1ELi8ELi8ELi16EEvPK7Q4BlockPKjPKtS6_Pfjjj
    0 bytes stack frame, 0 bytes spill stores, 0 bytes spill loads
ptxas info    : Used 48 registers, used 1 barriers, 372 bytes cmem[0], 12 bytes cmem[2]
ptxas info    : Compile time = 39.549 ms
ptxas info    : Compiling entry function '_Z6decodeILi3ELi1ELi8ELi8ELi16EEvPK7Q4BlockPKjPKtS6_Pfjjj' for 'sm_60'
ptxas info    : Function properties for _Z6decodeILi3ELi1ELi8ELi8ELi16EEvPK7Q4BlockPKjPKtS6_Pfjjj
    0 bytes stack frame, 0 bytes spill stores, 0 bytes spill loads
ptxas info    : Used 48 registers, used 1 barriers, 372 bytes cmem[0], 12 bytes cmem[2]
ptxas info    : Compile time = 55.278 ms
ptxas info    : Compiling entry function '_Z6decodeILi5ELi1ELi8ELi4ELi8EEvPK7Q4BlockPKjPKtS6_Pfjjj' for 'sm_60'
ptxas info    : Function properties for _Z6decodeILi5ELi1ELi8ELi4ELi8EEvPK7Q4BlockPKjPKtS6_Pfjjj
    0 bytes stack frame, 0 bytes spill stores, 0 bytes spill loads
ptxas info    : Used 48 registers, used 1 barriers, 372 bytes cmem[0], 12 bytes cmem[2]
ptxas info    : Compile time = 42.433 ms
ptxas info    : Compiling entry function '_Z6decodeILi4ELi1ELi8ELi4ELi8EEvPK7Q4BlockPKjPKtS6_Pfjjj' for 'sm_60'
ptxas info    : Function properties for _Z6decodeILi4ELi1ELi8ELi4ELi8EEvPK7Q4BlockPKjPKtS6_Pfjjj
    0 bytes stack frame, 0 bytes spill stores, 0 bytes spill loads
ptxas info    : Used 48 registers, used 1 barriers, 372 bytes cmem[0], 12 bytes cmem[2]
ptxas info    : Compile time = 41.057 ms
ptxas info    : Compiling entry function '_Z6decodeILi3ELi1ELi8ELi4ELi8EEvPK7Q4BlockPKjPKtS6_Pfjjj' for 'sm_60'
ptxas info    : Function properties for _Z6decodeILi3ELi1ELi8ELi4ELi8EEvPK7Q4BlockPKjPKtS6_Pfjjj
    0 bytes stack frame, 0 bytes spill stores, 0 bytes spill loads
ptxas info    : Used 48 registers, used 1 barriers, 372 bytes cmem[0], 12 bytes cmem[2]
ptxas info    : Compile time = 59.550 ms
ptxas info    : Compiling entry function '_Z6decodeILi5ELi2ELi4ELi8ELi32EEvPK7Q4BlockPKjPKtS6_Pfjjj' for 'sm_60'
ptxas info    : Function properties for _Z6decodeILi5ELi2ELi4ELi8ELi32EEvPK7Q4BlockPKjPKtS6_Pfjjj
    0 bytes stack frame, 0 bytes spill stores, 0 bytes spill loads
ptxas info    : Used 48 registers, used 1 barriers, 372 bytes cmem[0], 12 bytes cmem[2]
ptxas info    : Compile time = 39.145 ms
ptxas info    : Compiling entry function '_Z6decodeILi4ELi2ELi4ELi8ELi32EEvPK7Q4BlockPKjPKtS6_Pfjjj' for 'sm_60'
ptxas info    : Function properties for _Z6decodeILi4ELi2ELi4ELi8ELi32EEvPK7Q4BlockPKjPKtS6_Pfjjj
    0 bytes stack frame, 0 bytes spill stores, 0 bytes spill loads
ptxas info    : Used 48 registers, used 1 barriers, 372 bytes cmem[0], 12 bytes cmem[2]
ptxas info    : Compile time = 40.660 ms
ptxas info    : Compiling entry function '_Z6decodeILi3ELi2ELi4ELi8ELi32EEvPK7Q4BlockPKjPKtS6_Pfjjj' for 'sm_60'
ptxas info    : Function properties for _Z6decodeILi3ELi2ELi4ELi8ELi32EEvPK7Q4BlockPKjPKtS6_Pfjjj
    0 bytes stack frame, 0 bytes spill stores, 0 bytes spill loads
ptxas info    : Used 48 registers, used 1 barriers, 372 bytes cmem[0], 12 bytes cmem[2]
ptxas info    : Compile time = 51.520 ms
ptxas info    : Compiling entry function '_Z6decodeILi5ELi2ELi4ELi8ELi16EEvPK7Q4BlockPKjPKtS6_Pfjjj' for 'sm_60'
ptxas info    : Function properties for _Z6decodeILi5ELi2ELi4ELi8ELi16EEvPK7Q4BlockPKjPKtS6_Pfjjj
    0 bytes stack frame, 0 bytes spill stores, 0 bytes spill loads
ptxas info    : Used 48 registers, used 1 barriers, 372 bytes cmem[0], 12 bytes cmem[2]
ptxas info    : Compile time = 36.609 ms
ptxas info    : Compiling entry function '_Z6decodeILi4ELi2ELi4ELi8ELi16EEvPK7Q4BlockPKjPKtS6_Pfjjj' for 'sm_60'
ptxas info    : Function properties for _Z6decodeILi4ELi2ELi4ELi8ELi16EEvPK7Q4BlockPKjPKtS6_Pfjjj
    0 bytes stack frame, 0 bytes spill stores, 0 bytes spill loads
ptxas info    : Used 48 registers, used 1 barriers, 372 bytes cmem[0], 12 bytes cmem[2]
ptxas info    : Compile time = 37.174 ms
ptxas info    : Compiling entry function '_Z6decodeILi3ELi2ELi4ELi8ELi16EEvPK7Q4BlockPKjPKtS6_Pfjjj' for 'sm_60'
ptxas info    : Function properties for _Z6decodeILi3ELi2ELi4ELi8ELi16EEvPK7Q4BlockPKjPKtS6_Pfjjj
    0 bytes stack frame, 0 bytes spill stores, 0 bytes spill loads
ptxas info    : Used 48 registers, used 1 barriers, 372 bytes cmem[0], 12 bytes cmem[2]
ptxas info    : Compile time = 48.997 ms
ptxas info    : Compiling entry function '_Z6decodeILi5ELi1ELi4ELi16ELi32EEvPK7Q4BlockPKjPKtS6_Pfjjj' for 'sm_60'
ptxas info    : Function properties for _Z6decodeILi5ELi1ELi4ELi16ELi32EEvPK7Q4BlockPKjPKtS6_Pfjjj
    0 bytes stack frame, 0 bytes spill stores, 0 bytes spill loads
ptxas info    : Used 32 registers, used 1 barriers, 372 bytes cmem[0], 8 bytes cmem[2]
ptxas info    : Compile time = 28.365 ms
ptxas info    : Compiling entry function '_Z6decodeILi4ELi1ELi4ELi16ELi32EEvPK7Q4BlockPKjPKtS6_Pfjjj' for 'sm_60'
ptxas info    : Function properties for _Z6decodeILi4ELi1ELi4ELi16ELi32EEvPK7Q4BlockPKjPKtS6_Pfjjj
    0 bytes stack frame, 0 bytes spill stores, 0 bytes spill loads
ptxas info    : Used 32 registers, used 1 barriers, 372 bytes cmem[0], 8 bytes cmem[2]
ptxas info    : Compile time = 27.758 ms
ptxas info    : Compiling entry function '_Z6decodeILi3ELi1ELi4ELi16ELi32EEvPK7Q4BlockPKjPKtS6_Pfjjj' for 'sm_60'
ptxas info    : Function properties for _Z6decodeILi3ELi1ELi4ELi16ELi32EEvPK7Q4BlockPKjPKtS6_Pfjjj
    0 bytes stack frame, 0 bytes spill stores, 0 bytes spill loads
ptxas info    : Used 32 registers, used 1 barriers, 372 bytes cmem[0], 8 bytes cmem[2]
ptxas info    : Compile time = 35.994 ms
ptxas info    : Compiling entry function '_Z6decodeILi5ELi1ELi4ELi8ELi32EEvPK7Q4BlockPKjPKtS6_Pfjjj' for 'sm_60'
ptxas info    : Function properties for _Z6decodeILi5ELi1ELi4ELi8ELi32EEvPK7Q4BlockPKjPKtS6_Pfjjj
    0 bytes stack frame, 0 bytes spill stores, 0 bytes spill loads
ptxas info    : Used 32 registers, used 1 barriers, 372 bytes cmem[0], 8 bytes cmem[2]
ptxas info    : Compile time = 28.000 ms
ptxas info    : Compiling entry function '_Z6decodeILi4ELi1ELi4ELi8ELi32EEvPK7Q4BlockPKjPKtS6_Pfjjj' for 'sm_60'
ptxas info    : Function properties for _Z6decodeILi4ELi1ELi4ELi8ELi32EEvPK7Q4BlockPKjPKtS6_Pfjjj
    0 bytes stack frame, 0 bytes spill stores, 0 bytes spill loads
ptxas info    : Used 32 registers, used 1 barriers, 372 bytes cmem[0], 8 bytes cmem[2]
ptxas info    : Compile time = 26.228 ms
ptxas info    : Compiling entry function '_Z6decodeILi3ELi1ELi4ELi8ELi32EEvPK7Q4BlockPKjPKtS6_Pfjjj' for 'sm_60'
ptxas info    : Function properties for _Z6decodeILi3ELi1ELi4ELi8ELi32EEvPK7Q4BlockPKjPKtS6_Pfjjj
    0 bytes stack frame, 0 bytes spill stores, 0 bytes spill loads
ptxas info    : Used 32 registers, used 1 barriers, 372 bytes cmem[0], 8 bytes cmem[2]
ptxas info    : Compile time = 33.747 ms
ptxas info    : Compiling entry function '_Z6decodeILi5ELi1ELi4ELi8ELi16EEvPK7Q4BlockPKjPKtS6_Pfjjj' for 'sm_60'
ptxas info    : Function properties for _Z6decodeILi5ELi1ELi4ELi8ELi16EEvPK7Q4BlockPKjPKtS6_Pfjjj
    0 bytes stack frame, 0 bytes spill stores, 0 bytes spill loads
ptxas info    : Used 32 registers, used 1 barriers, 372 bytes cmem[0], 8 bytes cmem[2]
ptxas info    : Compile time = 26.454 ms
ptxas info    : Compiling entry function '_Z6decodeILi4ELi1ELi4ELi8ELi16EEvPK7Q4BlockPKjPKtS6_Pfjjj' for 'sm_60'
ptxas info    : Function properties for _Z6decodeILi4ELi1ELi4ELi8ELi16EEvPK7Q4BlockPKjPKtS6_Pfjjj
    0 bytes stack frame, 0 bytes spill stores, 0 bytes spill loads
ptxas info    : Used 32 registers, used 1 barriers, 372 bytes cmem[0], 8 bytes cmem[2]
ptxas info    : Compile time = 26.586 ms
ptxas info    : Compiling entry function '_Z6decodeILi3ELi1ELi4ELi8ELi16EEvPK7Q4BlockPKjPKtS6_Pfjjj' for 'sm_60'
ptxas info    : Function properties for _Z6decodeILi3ELi1ELi4ELi8ELi16EEvPK7Q4BlockPKjPKtS6_Pfjjj
    0 bytes stack frame, 0 bytes spill stores, 0 bytes spill loads
ptxas info    : Used 32 registers, used 1 barriers, 372 bytes cmem[0], 8 bytes cmem[2]
ptxas info    : Compile time = 34.339 ms
ptxas info    : Compiling entry function '_Z6decodeILi5ELi1ELi4ELi8ELi8EEvPK7Q4BlockPKjPKtS6_Pfjjj' for 'sm_60'
ptxas info    : Function properties for _Z6decodeILi5ELi1ELi4ELi8ELi8EEvPK7Q4BlockPKjPKtS6_Pfjjj
    0 bytes stack frame, 0 bytes spill stores, 0 bytes spill loads
ptxas info    : Used 32 registers, used 1 barriers, 372 bytes cmem[0], 8 bytes cmem[2]
ptxas info    : Compile time = 24.439 ms
ptxas info    : Compiling entry function '_Z6decodeILi4ELi1ELi4ELi8ELi8EEvPK7Q4BlockPKjPKtS6_Pfjjj' for 'sm_60'
ptxas info    : Function properties for _Z6decodeILi4ELi1ELi4ELi8ELi8EEvPK7Q4BlockPKjPKtS6_Pfjjj
    0 bytes stack frame, 0 bytes spill stores, 0 bytes spill loads
ptxas info    : Used 32 registers, used 1 barriers, 372 bytes cmem[0], 8 bytes cmem[2]
ptxas info    : Compile time = 24.730 ms
ptxas info    : Compiling entry function '_Z6decodeILi3ELi1ELi4ELi8ELi8EEvPK7Q4BlockPKjPKtS6_Pfjjj' for 'sm_60'
ptxas info    : Function properties for _Z6decodeILi3ELi1ELi4ELi8ELi8EEvPK7Q4BlockPKjPKtS6_Pfjjj
    0 bytes stack frame, 0 bytes spill stores, 0 bytes spill loads
ptxas info    : Used 32 registers, used 1 barriers, 372 bytes cmem[0], 8 bytes cmem[2]
ptxas info    : Compile time = 33.007 ms
ptxas info    : Compiling entry function '_Z6decodeILi5ELi1ELi4ELi4ELi8EEvPK7Q4BlockPKjPKtS6_Pfjjj' for 'sm_60'
ptxas info    : Function properties for _Z6decodeILi5ELi1ELi4ELi4ELi8EEvPK7Q4BlockPKjPKtS6_Pfjjj
    0 bytes stack frame, 0 bytes spill stores, 0 bytes spill loads
ptxas info    : Used 32 registers, used 1 barriers, 372 bytes cmem[0], 12 bytes cmem[2]
ptxas info    : Compile time = 24.358 ms
ptxas info    : Compiling entry function '_Z6decodeILi4ELi1ELi4ELi4ELi8EEvPK7Q4BlockPKjPKtS6_Pfjjj' for 'sm_60'
ptxas info    : Function properties for _Z6decodeILi4ELi1ELi4ELi4ELi8EEvPK7Q4BlockPKjPKtS6_Pfjjj
    0 bytes stack frame, 0 bytes spill stores, 0 bytes spill loads
ptxas info    : Used 32 registers, used 1 barriers, 372 bytes cmem[0], 12 bytes cmem[2]
ptxas info    : Compile time = 23.377 ms
ptxas info    : Compiling entry function '_Z6decodeILi3ELi1ELi4ELi4ELi8EEvPK7Q4BlockPKjPKtS6_Pfjjj' for 'sm_60'
ptxas info    : Function properties for _Z6decodeILi3ELi1ELi4ELi4ELi8EEvPK7Q4BlockPKjPKtS6_Pfjjj
    0 bytes stack frame, 0 bytes spill stores, 0 bytes spill loads
ptxas info    : Used 32 registers, used 1 barriers, 372 bytes cmem[0], 12 bytes cmem[2]
ptxas info    : Compile time = 30.643 ms
ptxas info    : Compiling entry function '_Z6decodeILi5ELi2ELi1ELi32ELi32EEvPK7Q4BlockPKjPKtS6_Pfjjj' for 'sm_60'
ptxas info    : Function properties for _Z6decodeILi5ELi2ELi1ELi32ELi32EEvPK7Q4BlockPKjPKtS6_Pfjjj
    0 bytes stack frame, 0 bytes spill stores, 0 bytes spill loads
ptxas info    : Used 32 registers, used 1 barriers, 372 bytes cmem[0], 8 bytes cmem[2]
ptxas info    : Compile time = 26.041 ms
ptxas info    : Compiling entry function '_Z6decodeILi4ELi2ELi1ELi32ELi32EEvPK7Q4BlockPKjPKtS6_Pfjjj' for 'sm_60'
ptxas info    : Function properties for _Z6decodeILi4ELi2ELi1ELi32ELi32EEvPK7Q4BlockPKjPKtS6_Pfjjj
    0 bytes stack frame, 0 bytes spill stores, 0 bytes spill loads
ptxas info    : Used 32 registers, used 1 barriers, 372 bytes cmem[0], 8 bytes cmem[2]
ptxas info    : Compile time = 25.391 ms
ptxas info    : Compiling entry function '_Z6decodeILi3ELi2ELi1ELi32ELi32EEvPK7Q4BlockPKjPKtS6_Pfjjj' for 'sm_60'
ptxas info    : Function properties for _Z6decodeILi3ELi2ELi1ELi32ELi32EEvPK7Q4BlockPKjPKtS6_Pfjjj
    0 bytes stack frame, 0 bytes spill stores, 0 bytes spill loads
ptxas info    : Used 32 registers, used 1 barriers, 372 bytes cmem[0], 8 bytes cmem[2]
ptxas info    : Compile time = 30.034 ms
ptxas info    : Compiling entry function '_Z6decodeILi5ELi2ELi1ELi16ELi32EEvPK7Q4BlockPKjPKtS6_Pfjjj' for 'sm_60'
ptxas info    : Function properties for _Z6decodeILi5ELi2ELi1ELi16ELi32EEvPK7Q4BlockPKjPKtS6_Pfjjj
    0 bytes stack frame, 0 bytes spill stores, 0 bytes spill loads
ptxas info    : Used 32 registers, used 1 barriers, 372 bytes cmem[0], 8 bytes cmem[2]
ptxas info    : Compile time = 24.255 ms
ptxas info    : Compiling entry function '_Z6decodeILi4ELi2ELi1ELi16ELi32EEvPK7Q4BlockPKjPKtS6_Pfjjj' for 'sm_60'
ptxas info    : Function properties for _Z6decodeILi4ELi2ELi1ELi16ELi32EEvPK7Q4BlockPKjPKtS6_Pfjjj
    0 bytes stack frame, 0 bytes spill stores, 0 bytes spill loads
ptxas info    : Used 32 registers, used 1 barriers, 372 bytes cmem[0], 8 bytes cmem[2]
ptxas info    : Compile time = 24.219 ms
ptxas info    : Compiling entry function '_Z6decodeILi3ELi2ELi1ELi16ELi32EEvPK7Q4BlockPKjPKtS6_Pfjjj' for 'sm_60'
ptxas info    : Function properties for _Z6decodeILi3ELi2ELi1ELi16ELi32EEvPK7Q4BlockPKjPKtS6_Pfjjj
    0 bytes stack frame, 0 bytes spill stores, 0 bytes spill loads
ptxas info    : Used 32 registers, used 1 barriers, 372 bytes cmem[0], 8 bytes cmem[2]
ptxas info    : Compile time = 28.357 ms
ptxas info    : Compiling entry function '_Z6decodeILi5ELi2ELi1ELi8ELi32EEvPK7Q4BlockPKjPKtS6_Pfjjj' for 'sm_60'
ptxas info    : Function properties for _Z6decodeILi5ELi2ELi1ELi8ELi32EEvPK7Q4BlockPKjPKtS6_Pfjjj
    0 bytes stack frame, 0 bytes spill stores, 0 bytes spill loads
ptxas info    : Used 32 registers, used 1 barriers, 372 bytes cmem[0], 8 bytes cmem[2]
ptxas info    : Compile time = 22.581 ms
ptxas info    : Compiling entry function '_Z6decodeILi4ELi2ELi1ELi8ELi32EEvPK7Q4BlockPKjPKtS6_Pfjjj' for 'sm_60'
ptxas info    : Function properties for _Z6decodeILi4ELi2ELi1ELi8ELi32EEvPK7Q4BlockPKjPKtS6_Pfjjj
    0 bytes stack frame, 0 bytes spill stores, 0 bytes spill loads
ptxas info    : Used 32 registers, used 1 barriers, 372 bytes cmem[0], 8 bytes cmem[2]
ptxas info    : Compile time = 23.057 ms
ptxas info    : Compiling entry function '_Z6decodeILi3ELi2ELi1ELi8ELi32EEvPK7Q4BlockPKjPKtS6_Pfjjj' for 'sm_60'
ptxas info    : Function properties for _Z6decodeILi3ELi2ELi1ELi8ELi32EEvPK7Q4BlockPKjPKtS6_Pfjjj
    0 bytes stack frame, 0 bytes spill stores, 0 bytes spill loads
ptxas info    : Used 32 registers, used 1 barriers, 372 bytes cmem[0], 8 bytes cmem[2]
ptxas info    : Compile time = 26.622 ms
ptxas info    : Compiling entry function '_Z6decodeILi5ELi2ELi1ELi8ELi16EEvPK7Q4BlockPKjPKtS6_Pfjjj' for 'sm_60'
ptxas info    : Function properties for _Z6decodeILi5ELi2ELi1ELi8ELi16EEvPK7Q4BlockPKjPKtS6_Pfjjj
    0 bytes stack frame, 0 bytes spill stores, 0 bytes spill loads
ptxas info    : Used 32 registers, used 1 barriers, 372 bytes cmem[0], 8 bytes cmem[2]
ptxas info    : Compile time = 21.353 ms
ptxas info    : Compiling entry function '_Z6decodeILi4ELi2ELi1ELi8ELi16EEvPK7Q4BlockPKjPKtS6_Pfjjj' for 'sm_60'
ptxas info    : Function properties for _Z6decodeILi4ELi2ELi1ELi8ELi16EEvPK7Q4BlockPKjPKtS6_Pfjjj
    0 bytes stack frame, 0 bytes spill stores, 0 bytes spill loads
ptxas info    : Used 32 registers, used 1 barriers, 372 bytes cmem[0], 8 bytes cmem[2]
ptxas info    : Compile time = 21.974 ms
ptxas info    : Compiling entry function '_Z6decodeILi3ELi2ELi1ELi8ELi16EEvPK7Q4BlockPKjPKtS6_Pfjjj' for 'sm_60'
ptxas info    : Function properties for _Z6decodeILi3ELi2ELi1ELi8ELi16EEvPK7Q4BlockPKjPKtS6_Pfjjj
    0 bytes stack frame, 0 bytes spill stores, 0 bytes spill loads
ptxas info    : Used 32 registers, used 1 barriers, 372 bytes cmem[0], 8 bytes cmem[2]
ptxas info    : Compile time = 26.285 ms
ptxas info    : Compiling entry function '_Z6decodeILi5ELi1ELi1ELi16ELi32EEvPK7Q4BlockPKjPKtS6_Pfjjj' for 'sm_60'
ptxas info    : Function properties for _Z6decodeILi5ELi1ELi1ELi16ELi32EEvPK7Q4BlockPKjPKtS6_Pfjjj
    0 bytes stack frame, 0 bytes spill stores, 0 bytes spill loads
ptxas info    : Used 28 registers, used 1 barriers, 372 bytes cmem[0], 8 bytes cmem[2]
ptxas info    : Compile time = 22.002 ms
ptxas info    : Compiling entry function '_Z6decodeILi4ELi1ELi1ELi16ELi32EEvPK7Q4BlockPKjPKtS6_Pfjjj' for 'sm_60'
ptxas info    : Function properties for _Z6decodeILi4ELi1ELi1ELi16ELi32EEvPK7Q4BlockPKjPKtS6_Pfjjj
    0 bytes stack frame, 0 bytes spill stores, 0 bytes spill loads
ptxas info    : Used 28 registers, used 1 barriers, 372 bytes cmem[0], 8 bytes cmem[2]
ptxas info    : Compile time = 20.990 ms
ptxas info    : Compiling entry function '_Z6decodeILi3ELi1ELi1ELi16ELi32EEvPK7Q4BlockPKjPKtS6_Pfjjj' for 'sm_60'
ptxas info    : Function properties for _Z6decodeILi3ELi1ELi1ELi16ELi32EEvPK7Q4BlockPKjPKtS6_Pfjjj
    0 bytes stack frame, 0 bytes spill stores, 0 bytes spill loads
ptxas info    : Used 29 registers, used 1 barriers, 372 bytes cmem[0], 8 bytes cmem[2]
ptxas info    : Compile time = 23.315 ms
ptxas info    : Compiling entry function '_Z6decodeILi5ELi1ELi1ELi8ELi32EEvPK7Q4BlockPKjPKtS6_Pfjjj' for 'sm_60'
ptxas info    : Function properties for _Z6decodeILi5ELi1ELi1ELi8ELi32EEvPK7Q4BlockPKjPKtS6_Pfjjj
    0 bytes stack frame, 0 bytes spill stores, 0 bytes spill loads
ptxas info    : Used 28 registers, used 1 barriers, 372 bytes cmem[0], 8 bytes cmem[2]
ptxas info    : Compile time = 18.508 ms
ptxas info    : Compiling entry function '_Z6decodeILi4ELi1ELi1ELi8ELi32EEvPK7Q4BlockPKjPKtS6_Pfjjj' for 'sm_60'
ptxas info    : Function properties for _Z6decodeILi4ELi1ELi1ELi8ELi32EEvPK7Q4BlockPKjPKtS6_Pfjjj
    0 bytes stack frame, 0 bytes spill stores, 0 bytes spill loads
ptxas info    : Used 28 registers, used 1 barriers, 372 bytes cmem[0], 8 bytes cmem[2]
ptxas info    : Compile time = 18.876 ms
ptxas info    : Compiling entry function '_Z6decodeILi3ELi1ELi1ELi8ELi32EEvPK7Q4BlockPKjPKtS6_Pfjjj' for 'sm_60'
ptxas info    : Function properties for _Z6decodeILi3ELi1ELi1ELi8ELi32EEvPK7Q4BlockPKjPKtS6_Pfjjj
    0 bytes stack frame, 0 bytes spill stores, 0 bytes spill loads
ptxas info    : Used 29 registers, used 1 barriers, 372 bytes cmem[0], 8 bytes cmem[2]
ptxas info    : Compile time = 21.600 ms
ptxas info    : Compiling entry function '_Z6decodeILi5ELi1ELi1ELi8ELi16EEvPK7Q4BlockPKjPKtS6_Pfjjj' for 'sm_60'
ptxas info    : Function properties for _Z6decodeILi5ELi1ELi1ELi8ELi16EEvPK7Q4BlockPKjPKtS6_Pfjjj
    0 bytes stack frame, 0 bytes spill stores, 0 bytes spill loads
ptxas info    : Used 28 registers, used 1 barriers, 372 bytes cmem[0], 8 bytes cmem[2]
ptxas info    : Compile time = 18.931 ms
ptxas info    : Compiling entry function '_Z6decodeILi4ELi1ELi1ELi8ELi16EEvPK7Q4BlockPKjPKtS6_Pfjjj' for 'sm_60'
ptxas info    : Function properties for _Z6decodeILi4ELi1ELi1ELi8ELi16EEvPK7Q4BlockPKjPKtS6_Pfjjj
    0 bytes stack frame, 0 bytes spill stores, 0 bytes spill loads
ptxas info    : Used 28 registers, used 1 barriers, 372 bytes cmem[0], 8 bytes cmem[2]
ptxas info    : Compile time = 17.973 ms
ptxas info    : Compiling entry function '_Z6decodeILi3ELi1ELi1ELi8ELi16EEvPK7Q4BlockPKjPKtS6_Pfjjj' for 'sm_60'
ptxas info    : Function properties for _Z6decodeILi3ELi1ELi1ELi8ELi16EEvPK7Q4BlockPKjPKtS6_Pfjjj
    0 bytes stack frame, 0 bytes spill stores, 0 bytes spill loads
ptxas info    : Used 29 registers, used 1 barriers, 372 bytes cmem[0], 8 bytes cmem[2]
ptxas info    : Compile time = 21.147 ms
ptxas info    : Compiling entry function '_Z6decodeILi5ELi1ELi1ELi8ELi8EEvPK7Q4BlockPKjPKtS6_Pfjjj' for 'sm_60'
ptxas info    : Function properties for _Z6decodeILi5ELi1ELi1ELi8ELi8EEvPK7Q4BlockPKjPKtS6_Pfjjj
    0 bytes stack frame, 0 bytes spill stores, 0 bytes spill loads
ptxas info    : Used 28 registers, used 1 barriers, 372 bytes cmem[0], 8 bytes cmem[2]
ptxas info    : Compile time = 18.022 ms
ptxas info    : Compiling entry function '_Z6decodeILi4ELi1ELi1ELi8ELi8EEvPK7Q4BlockPKjPKtS6_Pfjjj' for 'sm_60'
ptxas info    : Function properties for _Z6decodeILi4ELi1ELi1ELi8ELi8EEvPK7Q4BlockPKjPKtS6_Pfjjj
    0 bytes stack frame, 0 bytes spill stores, 0 bytes spill loads
ptxas info    : Used 28 registers, used 1 barriers, 372 bytes cmem[0], 8 bytes cmem[2]
ptxas info    : Compile time = 17.598 ms
ptxas info    : Compiling entry function '_Z6decodeILi3ELi1ELi1ELi8ELi8EEvPK7Q4BlockPKjPKtS6_Pfjjj' for 'sm_60'
ptxas info    : Function properties for _Z6decodeILi3ELi1ELi1ELi8ELi8EEvPK7Q4BlockPKjPKtS6_Pfjjj
    0 bytes stack frame, 0 bytes spill stores, 0 bytes spill loads
ptxas info    : Used 29 registers, used 1 barriers, 372 bytes cmem[0], 8 bytes cmem[2]
ptxas info    : Compile time = 20.182 ms
ptxas info    : Compiling entry function '_Z6decodeILi5ELi1ELi1ELi4ELi8EEvPK7Q4BlockPKjPKtS6_Pfjjj' for 'sm_60'
ptxas info    : Function properties for _Z6decodeILi5ELi1ELi1ELi4ELi8EEvPK7Q4BlockPKjPKtS6_Pfjjj
    0 bytes stack frame, 0 bytes spill stores, 0 bytes spill loads
ptxas info    : Used 28 registers, used 1 barriers, 372 bytes cmem[0], 8 bytes cmem[2]
ptxas info    : Compile time = 15.768 ms
ptxas info    : Compiling entry function '_Z6decodeILi4ELi1ELi1ELi4ELi8EEvPK7Q4BlockPKjPKtS6_Pfjjj' for 'sm_60'
ptxas info    : Function properties for _Z6decodeILi4ELi1ELi1ELi4ELi8EEvPK7Q4BlockPKjPKtS6_Pfjjj
    0 bytes stack frame, 0 bytes spill stores, 0 bytes spill loads
ptxas info    : Used 28 registers, used 1 barriers, 372 bytes cmem[0], 8 bytes cmem[2]
ptxas info    : Compile time = 16.241 ms
ptxas info    : Compiling entry function '_Z6decodeILi3ELi1ELi1ELi4ELi8EEvPK7Q4BlockPKjPKtS6_Pfjjj' for 'sm_60'
ptxas info    : Function properties for _Z6decodeILi3ELi1ELi1ELi4ELi8EEvPK7Q4BlockPKjPKtS6_Pfjjj
    0 bytes stack frame, 0 bytes spill stores, 0 bytes spill loads
ptxas info    : Used 29 registers, used 1 barriers, 372 bytes cmem[0], 8 bytes cmem[2]
ptxas info    : Compile time = 19.332 ms
ptxas info    : Compiling entry function '_Z7preparePKfPtj' for 'sm_60'
ptxas info    : Function properties for _Z7preparePKfPtj
    0 bytes stack frame, 0 bytes spill stores, 0 bytes spill loads
ptxas info    : Used 7 registers, used 0 barriers, 340 bytes cmem[0]
ptxas info    : Compile time = 0.871 ms
ptxas info    : Compiling entry function '_Z8reduce32PKfPfj' for 'sm_60'
ptxas info    : Function properties for _Z8reduce32PKfPfj
    0 bytes stack frame, 0 bytes spill stores, 0 bytes spill loads
ptxas info    : Used 40 registers, used 0 barriers, 340 bytes cmem[0]
ptxas info    : Compile time = 5.025 ms
ptxas info    : Compiling entry function 'r3_212_r2' for 'sm_60'
ptxas info    : Function properties for r3_212_r2
    0 bytes stack frame, 0 bytes spill stores, 0 bytes spill loads
ptxas info    : Used 48 registers, used 1 barriers, 372 bytes cmem[0], 4 bytes cmem[2]
ptxas info    : Compile time = 40.402 ms
ptxas info    : Compiling entry function 'r3_212_r1' for 'sm_60'
ptxas info    : Function properties for r3_212_r1
    0 bytes stack frame, 0 bytes spill stores, 0 bytes spill loads
ptxas info    : Used 32 registers, used 1 barriers, 372 bytes cmem[0], 4 bytes cmem[2]
ptxas info    : Compile time = 29.968 ms
ptxas info    : Compiling entry function 'r3_211_r2' for 'sm_60'
ptxas info    : Function properties for r3_211_r2
    0 bytes stack frame, 0 bytes spill stores, 0 bytes spill loads
ptxas info    : Used 48 registers, used 1 barriers, 372 bytes cmem[0], 4 bytes cmem[2]
ptxas info    : Compile time = 39.555 ms
ptxas info    : Compiling entry function 'r3_211_r1' for 'sm_60'
ptxas info    : Function properties for r3_211_r1
    0 bytes stack frame, 0 bytes spill stores, 0 bytes spill loads
ptxas info    : Used 40 registers, used 1 barriers, 372 bytes cmem[0], 4 bytes cmem[2]
ptxas info    : Compile time = 30.354 ms
ptxas info    : Compiling entry function 'r3_210_r2' for 'sm_60'
ptxas info    : Function properties for r3_210_r2
    0 bytes stack frame, 0 bytes spill stores, 0 bytes spill loads
ptxas info    : Used 48 registers, used 1 barriers, 372 bytes cmem[0], 8 bytes cmem[2]
ptxas info    : Compile time = 39.157 ms
ptxas info    : Compiling entry function 'r3_210_r1' for 'sm_60'
ptxas info    : Function properties for r3_210_r1
    0 bytes stack frame, 0 bytes spill stores, 0 bytes spill loads
ptxas info    : Used 40 registers, used 1 barriers, 372 bytes cmem[0], 4 bytes cmem[2]
ptxas info    : Compile time = 29.065 ms
ptxas info    : Compiling entry function 'r3_202_r2' for 'sm_60'
ptxas info    : Function properties for r3_202_r2
    0 bytes stack frame, 0 bytes spill stores, 0 bytes spill loads
ptxas info    : Used 32 registers, used 1 barriers, 372 bytes cmem[0], 4 bytes cmem[2]
ptxas info    : Compile time = 25.699 ms
ptxas info    : Compiling entry function 'r3_202_r1' for 'sm_60'
ptxas info    : Function properties for r3_202_r1
    0 bytes stack frame, 0 bytes spill stores, 0 bytes spill loads
ptxas info    : Used 30 registers, used 1 barriers, 372 bytes cmem[0], 4 bytes cmem[2]
ptxas info    : Compile time = 20.309 ms
ptxas info    : Compiling entry function 'r3_201_r2' for 'sm_60'
ptxas info    : Function properties for r3_201_r2
    0 bytes stack frame, 0 bytes spill stores, 0 bytes spill loads
ptxas info    : Used 32 registers, used 1 barriers, 372 bytes cmem[0], 4 bytes cmem[2]
ptxas info    : Compile time = 23.961 ms
ptxas info    : Compiling entry function 'r3_201_r1' for 'sm_60'
ptxas info    : Function properties for r3_201_r1
    0 bytes stack frame, 0 bytes spill stores, 0 bytes spill loads
ptxas info    : Used 32 registers, used 1 barriers, 372 bytes cmem[0], 4 bytes cmem[2]
ptxas info    : Compile time = 19.396 ms
ptxas info    : Compiling entry function 'r3_200_r2' for 'sm_60'
ptxas info    : Function properties for r3_200_r2
    0 bytes stack frame, 0 bytes spill stores, 0 bytes spill loads
ptxas info    : Used 32 registers, used 1 barriers, 372 bytes cmem[0], 4 bytes cmem[2]
ptxas info    : Compile time = 23.276 ms
ptxas info    : Compiling entry function 'r3_200_r1' for 'sm_60'
ptxas info    : Function properties for r3_200_r1
    0 bytes stack frame, 0 bytes spill stores, 0 bytes spill loads
ptxas info    : Used 32 registers, used 1 barriers, 372 bytes cmem[0], 4 bytes cmem[2]
ptxas info    : Compile time = 18.388 ms
ptxas info    : Compiling entry function 'r3_114_r2' for 'sm_60'
ptxas info    : Function properties for r3_114_r2
    0 bytes stack frame, 0 bytes spill stores, 0 bytes spill loads
ptxas info    : Used 48 registers, used 0 barriers, 372 bytes cmem[0]
ptxas info    : Compile time = 29.097 ms
ptxas info    : Compiling entry function 'r3_114_r1' for 'sm_60'
ptxas info    : Function properties for r3_114_r1
    0 bytes stack frame, 0 bytes spill stores, 0 bytes spill loads
ptxas info    : Used 32 registers, used 0 barriers, 372 bytes cmem[0]
ptxas info    : Compile time = 17.706 ms
ptxas info    : Compiling entry function 'r3_113_r2' for 'sm_60'
ptxas info    : Function properties for r3_113_r2
    0 bytes stack frame, 0 bytes spill stores, 0 bytes spill loads
ptxas info    : Used 48 registers, used 0 barriers, 372 bytes cmem[0]
ptxas info    : Compile time = 29.341 ms
ptxas info    : Compiling entry function 'r3_113_r1' for 'sm_60'
ptxas info    : Function properties for r3_113_r1
    0 bytes stack frame, 0 bytes spill stores, 0 bytes spill loads
ptxas info    : Used 32 registers, used 0 barriers, 372 bytes cmem[0]
ptxas info    : Compile time = 17.484 ms
ptxas info    : Compiling entry function 'r3_112_r2' for 'sm_60'
ptxas info    : Function properties for r3_112_r2
    0 bytes stack frame, 0 bytes spill stores, 0 bytes spill loads
ptxas info    : Used 48 registers, used 0 barriers, 372 bytes cmem[0]
ptxas info    : Compile time = 27.377 ms
ptxas info    : Compiling entry function 'r3_112_r1' for 'sm_60'
ptxas info    : Function properties for r3_112_r1
    0 bytes stack frame, 0 bytes spill stores, 0 bytes spill loads
ptxas info    : Used 32 registers, used 0 barriers, 372 bytes cmem[0]
ptxas info    : Compile time = 16.715 ms
ptxas info    : Compiling entry function 'r3_111_r2' for 'sm_60'
ptxas info    : Function properties for r3_111_r2
    0 bytes stack frame, 0 bytes spill stores, 0 bytes spill loads
ptxas info    : Used 48 registers, used 0 barriers, 372 bytes cmem[0]
ptxas info    : Compile time = 27.722 ms
ptxas info    : Compiling entry function 'r3_111_r1' for 'sm_60'
ptxas info    : Function properties for r3_111_r1
    0 bytes stack frame, 0 bytes spill stores, 0 bytes spill loads
ptxas info    : Used 32 registers, used 0 barriers, 372 bytes cmem[0]
ptxas info    : Compile time = 16.609 ms
ptxas info    : Compiling entry function 'r3_110_r2' for 'sm_60'
ptxas info    : Function properties for r3_110_r2
    0 bytes stack frame, 0 bytes spill stores, 0 bytes spill loads
ptxas info    : Used 48 registers, used 0 barriers, 372 bytes cmem[0]
ptxas info    : Compile time = 27.604 ms
ptxas info    : Compiling entry function 'r3_110_r1' for 'sm_60'
ptxas info    : Function properties for r3_110_r1
    0 bytes stack frame, 0 bytes spill stores, 0 bytes spill loads
ptxas info    : Used 32 registers, used 0 barriers, 372 bytes cmem[0]
ptxas info    : Compile time = 16.383 ms
ptxas info    : Compiling entry function 'r3_104_r4' for 'sm_60'
ptxas info    : Function properties for r3_104_r4
    0 bytes stack frame, 0 bytes spill stores, 0 bytes spill loads
ptxas info    : Used 48 registers, used 0 barriers, 372 bytes cmem[0]
ptxas info    : Compile time = 23.257 ms
ptxas info    : Compiling entry function 'r3_104_r2' for 'sm_60'
ptxas info    : Function properties for r3_104_r2
    0 bytes stack frame, 0 bytes spill stores, 0 bytes spill loads
ptxas info    : Used 32 registers, used 0 barriers, 372 bytes cmem[0]
ptxas info    : Compile time = 11.456 ms
ptxas info    : Compiling entry function 'r3_104_r1' for 'sm_60'
ptxas info    : Function properties for r3_104_r1
    0 bytes stack frame, 0 bytes spill stores, 0 bytes spill loads
ptxas info    : Used 27 registers, used 0 barriers, 372 bytes cmem[0]
ptxas info    : Compile time = 7.489 ms
ptxas info    : Compiling entry function 'r3_103_r4' for 'sm_60'
ptxas info    : Function properties for r3_103_r4
    0 bytes stack frame, 0 bytes spill stores, 0 bytes spill loads
ptxas info    : Used 48 registers, used 0 barriers, 372 bytes cmem[0]
ptxas info    : Compile time = 22.225 ms
ptxas info    : Compiling entry function 'r3_103_r2' for 'sm_60'
ptxas info    : Function properties for r3_103_r2
    0 bytes stack frame, 0 bytes spill stores, 0 bytes spill loads
ptxas info    : Used 32 registers, used 0 barriers, 372 bytes cmem[0]
ptxas info    : Compile time = 11.100 ms
ptxas info    : Compiling entry function 'r3_103_r1' for 'sm_60'
ptxas info    : Function properties for r3_103_r1
    0 bytes stack frame, 0 bytes spill stores, 0 bytes spill loads
ptxas info    : Used 27 registers, used 0 barriers, 372 bytes cmem[0]
ptxas info    : Compile time = 6.954 ms
ptxas info    : Compiling entry function 'r3_102_r4' for 'sm_60'
ptxas info    : Function properties for r3_102_r4
    0 bytes stack frame, 0 bytes spill stores, 0 bytes spill loads
ptxas info    : Used 40 registers, used 0 barriers, 372 bytes cmem[0]
ptxas info    : Compile time = 20.726 ms
ptxas info    : Compiling entry function 'r3_102_r2' for 'sm_60'
ptxas info    : Function properties for r3_102_r2
    0 bytes stack frame, 0 bytes spill stores, 0 bytes spill loads
ptxas info    : Used 32 registers, used 0 barriers, 372 bytes cmem[0]
ptxas info    : Compile time = 11.176 ms
ptxas info    : Compiling entry function 'r3_102_r1' for 'sm_60'
ptxas info    : Function properties for r3_102_r1
    0 bytes stack frame, 0 bytes spill stores, 0 bytes spill loads
ptxas info    : Used 28 registers, used 0 barriers, 372 bytes cmem[0]
ptxas info    : Compile time = 6.927 ms
ptxas info    : Compiling entry function 'r3_101_r4' for 'sm_60'
ptxas info    : Function properties for r3_101_r4
    0 bytes stack frame, 0 bytes spill stores, 0 bytes spill loads
ptxas info    : Used 40 registers, used 0 barriers, 372 bytes cmem[0]
ptxas info    : Compile time = 21.156 ms
ptxas info    : Compiling entry function 'r3_101_r2' for 'sm_60'
ptxas info    : Function properties for r3_101_r2
    0 bytes stack frame, 0 bytes spill stores, 0 bytes spill loads
ptxas info    : Used 32 registers, used 0 barriers, 372 bytes cmem[0]
ptxas info    : Compile time = 11.201 ms
ptxas info    : Compiling entry function 'r3_101_r1' for 'sm_60'
ptxas info    : Function properties for r3_101_r1
    0 bytes stack frame, 0 bytes spill stores, 0 bytes spill loads
ptxas info    : Used 28 registers, used 0 barriers, 372 bytes cmem[0]
ptxas info    : Compile time = 7.212 ms
ptxas info    : Compiling entry function 'r3_100_r4' for 'sm_60'
ptxas info    : Function properties for r3_100_r4
    0 bytes stack frame, 0 bytes spill stores, 0 bytes spill loads
ptxas info    : Used 40 registers, used 0 barriers, 372 bytes cmem[0]
ptxas info    : Compile time = 21.934 ms
ptxas info    : Compiling entry function 'r3_100_r2' for 'sm_60'
ptxas info    : Function properties for r3_100_r2
    0 bytes stack frame, 0 bytes spill stores, 0 bytes spill loads
ptxas info    : Used 32 registers, used 0 barriers, 372 bytes cmem[0]
ptxas info    : Compile time = 11.439 ms
ptxas info    : Compiling entry function 'r3_100_r1' for 'sm_60'
ptxas info    : Function properties for r3_100_r1
    0 bytes stack frame, 0 bytes spill stores, 0 bytes spill loads
ptxas info    : Used 28 registers, used 0 barriers, 372 bytes cmem[0]
ptxas info    : Compile time = 6.925 ms
