QUANT bits=8 values=8388608 bad=0
QUANT bits=4 values=8388608 bad=0
CHECK A32 outputs=33554432 samples=256 bad=0 nonfinite=0 changed=0 rel_l2=0
CHECK A16 outputs=33554432 samples=256 bad=0 nonfinite=0 changed=0 rel_l2=0
CHECK A64 outputs=33554432 samples=256 bad=0 nonfinite=0 changed=33552460 rel_l2=0.000646755344
MATCH_PREVIOUS A64 values=33554432 bad=0
CHECK A128 outputs=33554432 samples=256 bad=0 nonfinite=0 changed=33552924 rel_l2=0.000870702495
MATCH_PREVIOUS A128 values=33554432 bad=0
CHECK A256 outputs=33554432 samples=256 bad=0 nonfinite=0 changed=33553306 rel_l2=0.0011977545
MATCH_PREVIOUS A256 values=33554432 bad=0
CHECK A512 outputs=33554432 samples=256 bad=0 nonfinite=0 changed=33553839 rel_l2=0.00234354039
MATCH_PREVIOUS A512 values=33554432 bad=0
META M=256 N=2048 K=512 experts=64 quantization_timed=1 full_q8_codes=1
TIME A32 prep=1 rep=0 us=4535.22705
TIME A16 prep=1 rep=0 us=4528.68799
TIME A64 prep=1 rep=0 us=3694.19727
TIME A128 prep=1 rep=0 us=3564.67212
TIME A256 prep=1 rep=0 us=3405.77612
TIME A512 prep=1 rep=0 us=2475.34937
TIME A16 prep=1 rep=1 us=4527.94678
TIME A64 prep=1 rep=1 us=3693.79761
TIME A128 prep=1 rep=1 us=3562.97583
TIME A256 prep=1 rep=1 us=3404.03223
TIME A512 prep=1 rep=1 us=2465.91992
TIME A32 prep=1 rep=1 us=4527.52002
TIME A64 prep=1 rep=2 us=3694.23999
TIME A128 prep=1 rep=2 us=3560.9707
TIME A256 prep=1 rep=2 us=3398.52271
TIME A512 prep=1 rep=2 us=2466.86401
TIME A32 prep=1 rep=2 us=4531.71191
TIME A16 prep=1 rep=2 us=4533.87744
TIME A128 prep=1 rep=3 us=3611.552
TIME A256 prep=1 rep=3 us=3408.23462
TIME A512 prep=1 rep=3 us=2501.08813
TIME A32 prep=1 rep=3 us=4534.1709
TIME A16 prep=1 rep=3 us=4530.89062
TIME A64 prep=1 rep=3 us=3692.34155
TIME A256 prep=1 rep=4 us=3403.96289
TIME A512 prep=1 rep=4 us=2501.12524
TIME A32 prep=1 rep=4 us=4530.69873
TIME A16 prep=1 rep=4 us=4531.58398
TIME A64 prep=1 rep=4 us=3690.24536
TIME A128 prep=1 rep=4 us=3560.64551
TIME A512 prep=1 rep=5 us=2491.58936
TIME A32 prep=1 rep=5 us=4529.72266
TIME A16 prep=1 rep=5 us=4530.01611
TIME A64 prep=1 rep=5 us=3690.52246
TIME A128 prep=1 rep=5 us=3557.08789
TIME A256 prep=1 rep=5 us=3407.16284
TIME A32 prep=1 rep=6 us=4532.23438
TIME A16 prep=1 rep=6 us=4531.35449
TIME A64 prep=1 rep=6 us=3696.50122
TIME A128 prep=1 rep=6 us=3563.3811
TIME A256 prep=1 rep=6 us=3405.21094
TIME A512 prep=1 rep=6 us=2489.28003
PASS
