nvcc warning : Support for offline compilation for architectures prior to '<compute/sm/lto>_75' will be removed in a future release (Use -Wno-deprecated-gpu-targets to suppress warning).
ptxas info    : 0 bytes gmem
ptxas info    : Compiling entry function '_Z13prepare_tiledILb1EEvPKfPviii' for 'sm_60'
ptxas info    : Function properties for _Z13prepare_tiledILb1EEvPKfPviii
    0 bytes stack frame, 0 bytes spill stores, 0 bytes spill loads
ptxas info    : Used 38 registers, used 1 barriers, 4224 bytes smem, 348 bytes cmem[0]
ptxas info    : Compile time = 16.028 ms
ptxas info    : Compiling entry function '_Z13prepare_tiledILb0EEvPKfPviii' for 'sm_60'
ptxas info    : Function properties for _Z13prepare_tiledILb0EEvPKfPviii
    0 bytes stack frame, 0 bytes spill stores, 0 bytes spill loads
ptxas info    : Used 38 registers, used 1 barriers, 4224 bytes smem, 348 bytes cmem[0]
ptxas info    : Compile time = 14.528 ms
ptxas info    : Compiling entry function '_Z11q4_f32_tileILi64ELi64ELi128ELi1ELi1ELi8ELi0EEvPK6__halfPKhPfiiii' for 'sm_60'
ptxas info    : Function properties for _Z11q4_f32_tileILi64ELi64ELi128ELi1ELi1ELi8ELi0EEvPK6__halfPKhPfiiii
    0 bytes stack frame, 0 bytes spill stores, 0 bytes spill loads
ptxas info    : Used 106 registers, used 1 barriers, 16384 bytes smem, 360 bytes cmem[0], 4 bytes cmem[2]
ptxas info    : Compile time = 75.495 ms
ptxas info    : Compiling entry function '_Z11q4_f32_tileILi64ELi64ELi128ELi1ELi1ELi8ELi1EEvPK6__halfPKhPfiiii' for 'sm_60'
ptxas info    : Function properties for _Z11q4_f32_tileILi64ELi64ELi128ELi1ELi1ELi8ELi1EEvPK6__halfPKhPfiiii
    0 bytes stack frame, 0 bytes spill stores, 0 bytes spill loads
ptxas info    : Used 106 registers, used 1 barriers, 16384 bytes smem, 360 bytes cmem[0], 4 bytes cmem[2]
ptxas info    : Compile time = 74.608 ms
ptxas info    : Compiling entry function '_Z17aw_q4_service_m64ILb1ELb1ELb0ELi2ELb0EEvPK12aw_work_descPK12aw_tile_desciiiPKi' for 'sm_60'
ptxas info    : Function properties for _Z17aw_q4_service_m64ILb1ELb1ELb0ELi2ELb0EEvPK12aw_work_descPK12aw_tile_desciiiPKi
    0 bytes stack frame, 0 bytes spill stores, 0 bytes spill loads
ptxas info    : Used 96 registers, used 1 barriers, 32768 bytes smem, 360 bytes cmem[0], 4 bytes cmem[2]
ptxas info    : Compile time = 78.541 ms
ptxas info    : Compiling entry function '_Z17aw_q8_service_m64ILb1ELb1ELb0ELi2ELb0EEvPK12aw_work_descPK12aw_tile_desciiiPKi' for 'sm_60'
ptxas info    : Function properties for _Z17aw_q8_service_m64ILb1ELb1ELb0ELi2ELb0EEvPK12aw_work_descPK12aw_tile_desciiiPKi
    0 bytes stack frame, 0 bytes spill stores, 0 bytes spill loads
ptxas info    : Used 96 registers, used 1 barriers, 32768 bytes smem, 360 bytes cmem[0], 4 bytes cmem[2]
ptxas info    : Compile time = 71.958 ms
ptxas info    : Compiling entry function '_Z17aw_q8_service_m64ILb0ELb1ELb0ELi2ELb0EEvPK12aw_work_descPK12aw_tile_desciiiPKi' for 'sm_60'
ptxas info    : Function properties for _Z17aw_q8_service_m64ILb0ELb1ELb0ELi2ELb0EEvPK12aw_work_descPK12aw_tile_desciiiPKi
    0 bytes stack frame, 0 bytes spill stores, 0 bytes spill loads
ptxas info    : Used 93 registers, used 1 barriers, 32768 bytes smem, 360 bytes cmem[0], 4 bytes cmem[2]
ptxas info    : Compile time = 63.367 ms
ptxas info    : Compiling entry function '_Z13delivery_leadILi4ELi1ELi32ELi0EEvPKvPKhPfiiii' for 'sm_60'
ptxas info    : Function properties for _Z13delivery_leadILi4ELi1ELi32ELi0EEvPKvPKhPfiiii
    0 bytes stack frame, 0 bytes spill stores, 0 bytes spill loads
ptxas info    : Used 115 registers, used 1 barriers, 16384 bytes smem, 360 bytes cmem[0], 4 bytes cmem[2]
ptxas info    : Compile time = 133.076 ms
ptxas info    : Compiling entry function '_Z13delivery_leadILi4ELi1ELi16ELi0EEvPKvPKhPfiiii' for 'sm_60'
ptxas info    : Function properties for _Z13delivery_leadILi4ELi1ELi16ELi0EEvPKvPKhPfiiii
    0 bytes stack frame, 0 bytes spill stores, 0 bytes spill loads
ptxas info    : Used 114 registers, used 1 barriers, 16384 bytes smem, 360 bytes cmem[0], 4 bytes cmem[2]
ptxas info    : Compile time = 88.738 ms
ptxas info    : Compiling entry function '_Z10staged_f32ILi32EEvPKfPK6__halfPfiiii' for 'sm_60'
ptxas info    : Function properties for _Z10staged_f32ILi32EEvPKfPK6__halfPfiiii
    0 bytes stack frame, 0 bytes spill stores, 0 bytes spill loads
ptxas info    : Used 83 registers, used 1 barriers, 12288 bytes smem, 360 bytes cmem[0]
ptxas info    : Compile time = 61.284 ms
ptxas info    : Compiling entry function '_Z10staged_f32ILi16EEvPKfPK6__halfPfiiii' for 'sm_60'
ptxas info    : Function properties for _Z10staged_f32ILi16EEvPKfPK6__halfPfiiii
    0 bytes stack frame, 0 bytes spill stores, 0 bytes spill loads
ptxas info    : Used 82 registers, used 1 barriers, 12288 bytes smem, 360 bytes cmem[0]
ptxas info    : Compile time = 43.239 ms
ptxas info    : Compiling entry function '_Z7wide_q4ILi32ELb0ELb1ELi64EEvPKfPKhPfiiii' for 'sm_60'
ptxas info    : Function properties for _Z7wide_q4ILi32ELb0ELb1ELi64EEvPKfPKhPfiiii
    0 bytes stack frame, 0 bytes spill stores, 0 bytes spill loads
ptxas info    : Used 253 registers, used 1 barriers, 24576 bytes smem, 360 bytes cmem[0], 4 bytes cmem[2]
ptxas info    : Compile time = 296.811 ms
ptxas info    : Compiling entry function '_Z7wide_q4ILi32ELb1ELb1ELi64EEvPKfPKhPfiiii' for 'sm_60'
ptxas info    : Function properties for _Z7wide_q4ILi32ELb1ELb1ELi64EEvPKfPKhPfiiii
    0 bytes stack frame, 0 bytes spill stores, 0 bytes spill loads
ptxas info    : Used 253 registers, used 1 barriers, 24576 bytes smem, 360 bytes cmem[0]
ptxas info    : Compile time = 281.095 ms
ptxas info    : Compiling entry function '_Z7wide_q4ILi32ELb1ELb0ELi64EEvPKfPKhPfiiii' for 'sm_60'
ptxas info    : Function properties for _Z7wide_q4ILi32ELb1ELb0ELi64EEvPKfPKhPfiiii
    0 bytes stack frame, 0 bytes spill stores, 0 bytes spill loads
ptxas info    : Used 186 registers, used 1 barriers, 24576 bytes smem, 360 bytes cmem[0]
ptxas info    : Compile time = 220.186 ms
ptxas info    : Compiling entry function '_Z7wide_q4ILi16ELb1ELb0ELi64EEvPKfPKhPfiiii' for 'sm_60'
ptxas info    : Function properties for _Z7wide_q4ILi16ELb1ELb0ELi64EEvPKfPKhPfiiii
    0 bytes stack frame, 0 bytes spill stores, 0 bytes spill loads
ptxas info    : Used 193 registers, used 1 barriers, 24576 bytes smem, 360 bytes cmem[0]
ptxas info    : Compile time = 137.415 ms
ptxas info    : Compiling entry function '_Z7wide_q4ILi8ELb1ELb0ELi64EEvPKfPKhPfiiii' for 'sm_60'
ptxas info    : Function properties for _Z7wide_q4ILi8ELb1ELb0ELi64EEvPKfPKhPfiiii
    0 bytes stack frame, 0 bytes spill stores, 0 bytes spill loads
ptxas info    : Used 197 registers, used 1 barriers, 24576 bytes smem, 360 bytes cmem[0]
ptxas info    : Compile time = 99.369 ms
ptxas info    : Compiling entry function '_Z7wide_q4ILi32ELb0ELb0ELi64EEvPKfPKhPfiiii' for 'sm_60'
ptxas info    : Function properties for _Z7wide_q4ILi32ELb0ELb0ELi64EEvPKfPKhPfiiii
    0 bytes stack frame, 0 bytes spill stores, 0 bytes spill loads
ptxas info    : Used 188 registers, used 1 barriers, 24576 bytes smem, 360 bytes cmem[0], 4 bytes cmem[2]
ptxas info    : Compile time = 209.367 ms
ptxas info    : Compiling entry function '_Z7wide_q4ILi16ELb0ELb0ELi64EEvPKfPKhPfiiii' for 'sm_60'
ptxas info    : Function properties for _Z7wide_q4ILi16ELb0ELb0ELi64EEvPKfPKhPfiiii
    0 bytes stack frame, 0 bytes spill stores, 0 bytes spill loads
ptxas info    : Used 193 registers, used 1 barriers, 24576 bytes smem, 360 bytes cmem[0], 4 bytes cmem[2]
ptxas info    : Compile time = 133.484 ms
ptxas info    : Compiling entry function '_Z7wide_q4ILi8ELb0ELb0ELi64EEvPKfPKhPfiiii' for 'sm_60'
ptxas info    : Function properties for _Z7wide_q4ILi8ELb0ELb0ELi64EEvPKfPKhPfiiii
    0 bytes stack frame, 0 bytes spill stores, 0 bytes spill loads
ptxas info    : Used 197 registers, used 1 barriers, 24576 bytes smem, 360 bytes cmem[0], 4 bytes cmem[2]
ptxas info    : Compile time = 96.842 ms
ptxas info    : Compiling entry function '_Z7wide_q4ILi32ELb1ELb1ELi32EEvPKfPKhPfiiii' for 'sm_60'
ptxas info    : Function properties for _Z7wide_q4ILi32ELb1ELb1ELi32EEvPKfPKhPfiiii
    0 bytes stack frame, 0 bytes spill stores, 0 bytes spill loads
ptxas info    : Used 167 registers, used 1 barriers, 20480 bytes smem, 360 bytes cmem[0]
ptxas info    : Compile time = 121.600 ms
ptxas info    : Compiling entry function '_Z10compact_q4ILi32ELb0EEvPKfPKhPfiiii' for 'sm_60'
ptxas info    : Function properties for _Z10compact_q4ILi32ELb0EEvPKfPKhPfiiii
    0 bytes stack frame, 0 bytes spill stores, 0 bytes spill loads
ptxas info    : Used 95 registers, used 1 barriers, 12288 bytes smem, 360 bytes cmem[0], 4 bytes cmem[2]
ptxas info    : Compile time = 54.901 ms
ptxas info    : Compiling entry function '_Z10compact_q4ILi32ELb1EEvPKfPKhPfiiii' for 'sm_60'
ptxas info    : Function properties for _Z10compact_q4ILi32ELb1EEvPKfPKhPfiiii
    0 bytes stack frame, 0 bytes spill stores, 0 bytes spill loads
ptxas info    : Used 95 registers, used 1 barriers, 12288 bytes smem, 360 bytes cmem[0]
ptxas info    : Compile time = 54.572 ms
ptxas info    : Compiling entry function '_Z13aw_special_q4ILb0EEvPK12aw_work_descPK12aw_tile_desciiiPKi' for 'sm_60'
ptxas info    : Function properties for _Z13aw_special_q4ILb0EEvPK12aw_work_descPK12aw_tile_desciiiPKi
    0 bytes stack frame, 0 bytes spill stores, 0 bytes spill loads
ptxas info    : Used 121 registers, used 1 barriers, 32768 bytes smem, 360 bytes cmem[0], 4 bytes cmem[2]
ptxas info    : Compile time = 101.636 ms
ptxas info    : Compiling entry function '_Z36aw_q8_service_m64_n128_halfpipe_syncILb0EEvPK12aw_work_descPK12aw_tile_desciiiPKi' for 'sm_60'
ptxas info    : Function properties for _Z36aw_q8_service_m64_n128_halfpipe_syncILb0EEvPK12aw_work_descPK12aw_tile_desciiiPKi
    0 bytes stack frame, 0 bytes spill stores, 0 bytes spill loads
ptxas info    : Used 128 registers, used 1 barriers, 32768 bytes smem, 360 bytes cmem[0]
ptxas info    : Compile time = 206.661 ms
ptxas info    : Compiling entry function '_Z16stage_q4_weightsPKhP6__halfm' for 'sm_60'
ptxas info    : Function properties for _Z16stage_q4_weightsPKhP6__halfm
    0 bytes stack frame, 0 bytes spill stores, 0 bytes spill loads
ptxas info    : Used 14 registers, used 0 barriers, 344 bytes cmem[0]
ptxas info    : Compile time = 2.200 ms
ptxas info    : Compiling entry function '_Z19decode_check_kernelPj' for 'sm_60'
ptxas info    : Function properties for _Z19decode_check_kernelPj
    0 bytes stack frame, 0 bytes spill stores, 0 bytes spill loads
ptxas info    : Used 6 registers, used 0 barriers, 328 bytes cmem[0], 4 bytes cmem[2]
ptxas info    : Compile time = 0.922 ms
ptxas info    : Compiling entry function '_Z13delivery_leadILi4ELi1ELi32ELi2EEvPKvPKhPfiiii' for 'sm_60'
ptxas info    : Function properties for _Z13delivery_leadILi4ELi1ELi32ELi2EEvPKvPKhPfiiii
    0 bytes stack frame, 0 bytes spill stores, 0 bytes spill loads
ptxas info    : Used 88 registers, used 1 barriers, 12288 bytes smem, 360 bytes cmem[0], 4 bytes cmem[2]
ptxas info    : Compile time = 56.499 ms
ptxas info    : Compiling entry function '_Z13delivery_leadILi4ELi1ELi16ELi2EEvPKvPKhPfiiii' for 'sm_60'
ptxas info    : Function properties for _Z13delivery_leadILi4ELi1ELi16ELi2EEvPKvPKhPfiiii
    0 bytes stack frame, 0 bytes spill stores, 0 bytes spill loads
ptxas info    : Used 91 registers, used 1 barriers, 12288 bytes smem, 360 bytes cmem[0], 4 bytes cmem[2]
ptxas info    : Compile time = 42.718 ms
ptxas info    : Compiling entry function '_Z13delivery_leadILi0ELi1ELi32ELi3EEvPKvPKhPfiiii' for 'sm_60'
ptxas info    : Function properties for _Z13delivery_leadILi0ELi1ELi32ELi3EEvPKvPKhPfiiii
    0 bytes stack frame, 0 bytes spill stores, 0 bytes spill loads
ptxas info    : Used 78 registers, used 1 barriers, 10240 bytes smem, 360 bytes cmem[0], 4 bytes cmem[2]
ptxas info    : Compile time = 44.256 ms
ptxas info    : Compiling entry function '_Z13delivery_leadILi0ELi1ELi16ELi3EEvPKvPKhPfiiii' for 'sm_60'
ptxas info    : Function properties for _Z13delivery_leadILi0ELi1ELi16ELi3EEvPKvPKhPfiiii
    0 bytes stack frame, 0 bytes spill stores, 0 bytes spill loads
ptxas info    : Used 79 registers, used 1 barriers, 10240 bytes smem, 360 bytes cmem[0], 4 bytes cmem[2]
ptxas info    : Compile time = 36.346 ms
ptxas info    : Compiling entry function '_Z13delivery_leadILi0ELi1ELi8ELi3EEvPKvPKhPfiiii' for 'sm_60'
ptxas info    : Function properties for _Z13delivery_leadILi0ELi1ELi8ELi3EEvPKvPKhPfiiii
    0 bytes stack frame, 0 bytes spill stores, 0 bytes spill loads
ptxas info    : Used 78 registers, used 1 barriers, 10240 bytes smem, 360 bytes cmem[0], 4 bytes cmem[2]
ptxas info    : Compile time = 33.101 ms
ptxas info    : Compiling entry function '_Z13delivery_leadILi0ELi1ELi32ELi2EEvPKvPKhPfiiii' for 'sm_60'
ptxas info    : Function properties for _Z13delivery_leadILi0ELi1ELi32ELi2EEvPKvPKhPfiiii
    0 bytes stack frame, 0 bytes spill stores, 0 bytes spill loads
ptxas info    : Used 86 registers, used 1 barriers, 12288 bytes smem, 360 bytes cmem[0], 4 bytes cmem[2]
ptxas info    : Compile time = 53.720 ms
ptxas info    : Compiling entry function '_Z13delivery_leadILi0ELi1ELi16ELi2EEvPKvPKhPfiiii' for 'sm_60'
ptxas info    : Function properties for _Z13delivery_leadILi0ELi1ELi16ELi2EEvPKvPKhPfiiii
    0 bytes stack frame, 0 bytes spill stores, 0 bytes spill loads
ptxas info    : Used 86 registers, used 1 barriers, 12288 bytes smem, 360 bytes cmem[0], 4 bytes cmem[2]
ptxas info    : Compile time = 39.596 ms
ptxas info    : Compiling entry function '_Z13delivery_leadILi0ELi1ELi8ELi2EEvPKvPKhPfiiii' for 'sm_60'
ptxas info    : Function properties for _Z13delivery_leadILi0ELi1ELi8ELi2EEvPKvPKhPfiiii
    0 bytes stack frame, 0 bytes spill stores, 0 bytes spill loads
ptxas info    : Used 88 registers, used 1 barriers, 12288 bytes smem, 360 bytes cmem[0], 4 bytes cmem[2]
ptxas info    : Compile time = 32.095 ms
ptxas info    : Compiling entry function '_Z13delivery_leadILi0ELi1ELi4ELi2EEvPKvPKhPfiiii' for 'sm_60'
ptxas info    : Function properties for _Z13delivery_leadILi0ELi1ELi4ELi2EEvPKvPKhPfiiii
    0 bytes stack frame, 0 bytes spill stores, 0 bytes spill loads
ptxas info    : Used 88 registers, used 1 barriers, 12288 bytes smem, 360 bytes cmem[0], 4 bytes cmem[2]
ptxas info    : Compile time = 28.626 ms
ptxas info    : Compiling entry function '_Z13delivery_leadILi3ELi1ELi8ELi1EEvPKvPKhPfiiii' for 'sm_60'
ptxas info    : Function properties for _Z13delivery_leadILi3ELi1ELi8ELi1EEvPKvPKhPfiiii
    0 bytes stack frame, 0 bytes spill stores, 0 bytes spill loads
ptxas info    : Used 105 registers, used 1 barriers, 16384 bytes smem, 360 bytes cmem[0], 4 bytes cmem[2]
ptxas info    : Compile time = 43.595 ms
ptxas info    : Compiling entry function '_Z13delivery_leadILi3ELi1ELi4ELi1EEvPKvPKhPfiiii' for 'sm_60'
ptxas info    : Function properties for _Z13delivery_leadILi3ELi1ELi4ELi1EEvPKvPKhPfiiii
    0 bytes stack frame, 0 bytes spill stores, 0 bytes spill loads
ptxas info    : Used 104 registers, used 1 barriers, 16384 bytes smem, 360 bytes cmem[0], 4 bytes cmem[2]
ptxas info    : Compile time = 37.779 ms
ptxas info    : Compiling entry function '_Z13delivery_leadILi2ELi1ELi8ELi1EEvPKvPKhPfiiii' for 'sm_60'
ptxas info    : Function properties for _Z13delivery_leadILi2ELi1ELi8ELi1EEvPKvPKhPfiiii
    0 bytes stack frame, 0 bytes spill stores, 0 bytes spill loads
ptxas info    : Used 112 registers, used 1 barriers, 16384 bytes smem, 360 bytes cmem[0], 4 bytes cmem[2]
ptxas info    : Compile time = 43.926 ms
ptxas info    : Compiling entry function '_Z13delivery_leadILi2ELi1ELi4ELi1EEvPKvPKhPfiiii' for 'sm_60'
ptxas info    : Function properties for _Z13delivery_leadILi2ELi1ELi4ELi1EEvPKvPKhPfiiii
    0 bytes stack frame, 0 bytes spill stores, 0 bytes spill loads
ptxas info    : Used 112 registers, used 1 barriers, 16384 bytes smem, 360 bytes cmem[0], 4 bytes cmem[2]
ptxas info    : Compile time = 35.898 ms
ptxas info    : Compiling entry function '_Z13delivery_leadILi1ELi1ELi8ELi1EEvPKvPKhPfiiii' for 'sm_60'
ptxas info    : Function properties for _Z13delivery_leadILi1ELi1ELi8ELi1EEvPKvPKhPfiiii
    0 bytes stack frame, 0 bytes spill stores, 0 bytes spill loads
ptxas info    : Used 105 registers, used 1 barriers, 16384 bytes smem, 360 bytes cmem[0], 4 bytes cmem[2]
ptxas info    : Compile time = 44.415 ms
ptxas info    : Compiling entry function '_Z13delivery_leadILi1ELi1ELi4ELi1EEvPKvPKhPfiiii' for 'sm_60'
ptxas info    : Function properties for _Z13delivery_leadILi1ELi1ELi4ELi1EEvPKvPKhPfiiii
    0 bytes stack frame, 0 bytes spill stores, 0 bytes spill loads
ptxas info    : Used 104 registers, used 1 barriers, 16384 bytes smem, 360 bytes cmem[0], 4 bytes cmem[2]
ptxas info    : Compile time = 37.281 ms
ptxas info    : Compiling entry function '_Z13delivery_leadILi0ELi1ELi8ELi1EEvPKvPKhPfiiii' for 'sm_60'
ptxas info    : Function properties for _Z13delivery_leadILi0ELi1ELi8ELi1EEvPKvPKhPfiiii
    0 bytes stack frame, 0 bytes spill stores, 0 bytes spill loads
ptxas info    : Used 110 registers, used 1 barriers, 16384 bytes smem, 360 bytes cmem[0], 4 bytes cmem[2]
ptxas info    : Compile time = 47.229 ms
ptxas info    : Compiling entry function '_Z13delivery_leadILi0ELi1ELi4ELi1EEvPKvPKhPfiiii' for 'sm_60'
ptxas info    : Function properties for _Z13delivery_leadILi0ELi1ELi4ELi1EEvPKvPKhPfiiii
    0 bytes stack frame, 0 bytes spill stores, 0 bytes spill loads
ptxas info    : Used 110 registers, used 1 barriers, 16384 bytes smem, 360 bytes cmem[0], 4 bytes cmem[2]
ptxas info    : Compile time = 40.034 ms
ptxas info    : Compiling entry function '_Z13delivery_leadILi3ELi1ELi4ELi0EEvPKvPKhPfiiii' for 'sm_60'
ptxas info    : Function properties for _Z13delivery_leadILi3ELi1ELi4ELi0EEvPKvPKhPfiiii
    0 bytes stack frame, 0 bytes spill stores, 0 bytes spill loads
ptxas info    : Used 104 registers, used 1 barriers, 16384 bytes smem, 360 bytes cmem[0], 4 bytes cmem[2]
ptxas info    : Compile time = 39.451 ms
ptxas info    : Compiling entry function '_Z13delivery_leadILi2ELi1ELi4ELi0EEvPKvPKhPfiiii' for 'sm_60'
ptxas info    : Function properties for _Z13delivery_leadILi2ELi1ELi4ELi0EEvPKvPKhPfiiii
    0 bytes stack frame, 0 bytes spill stores, 0 bytes spill loads
ptxas info    : Used 112 registers, used 1 barriers, 16384 bytes smem, 360 bytes cmem[0], 4 bytes cmem[2]
ptxas info    : Compile time = 40.068 ms
ptxas info    : Compiling entry function '_Z13delivery_leadILi1ELi1ELi4ELi0EEvPKvPKhPfiiii' for 'sm_60'
ptxas info    : Function properties for _Z13delivery_leadILi1ELi1ELi4ELi0EEvPKvPKhPfiiii
    0 bytes stack frame, 0 bytes spill stores, 0 bytes spill loads
ptxas info    : Used 104 registers, used 1 barriers, 16384 bytes smem, 360 bytes cmem[0], 4 bytes cmem[2]
ptxas info    : Compile time = 41.380 ms
ptxas info    : Compiling entry function '_Z13delivery_leadILi0ELi1ELi4ELi0EEvPKvPKhPfiiii' for 'sm_60'
ptxas info    : Function properties for _Z13delivery_leadILi0ELi1ELi4ELi0EEvPKvPKhPfiiii
    0 bytes stack frame, 0 bytes spill stores, 0 bytes spill loads
ptxas info    : Used 110 registers, used 1 barriers, 16384 bytes smem, 360 bytes cmem[0], 4 bytes cmem[2]
ptxas info    : Compile time = 44.294 ms
ptxas info    : Compiling entry function '_Z13delivery_leadILi3ELi1ELi32ELi0EEvPKvPKhPfiiii' for 'sm_60'
ptxas info    : Function properties for _Z13delivery_leadILi3ELi1ELi32ELi0EEvPKvPKhPfiiii
    0 bytes stack frame, 0 bytes spill stores, 0 bytes spill loads
ptxas info    : Used 102 registers, used 1 barriers, 16384 bytes smem, 360 bytes cmem[0], 4 bytes cmem[2]
ptxas info    : Compile time = 99.536 ms
ptxas info    : Compiling entry function '_Z13delivery_leadILi3ELi1ELi16ELi0EEvPKvPKhPfiiii' for 'sm_60'
ptxas info    : Function properties for _Z13delivery_leadILi3ELi1ELi16ELi0EEvPKvPKhPfiiii
    0 bytes stack frame, 0 bytes spill stores, 0 bytes spill loads
ptxas info    : Used 102 registers, used 1 barriers, 16384 bytes smem, 360 bytes cmem[0], 4 bytes cmem[2]
ptxas info    : Compile time = 64.787 ms
ptxas info    : Compiling entry function '_Z13delivery_leadILi3ELi1ELi8ELi0EEvPKvPKhPfiiii' for 'sm_60'
ptxas info    : Function properties for _Z13delivery_leadILi3ELi1ELi8ELi0EEvPKvPKhPfiiii
    0 bytes stack frame, 0 bytes spill stores, 0 bytes spill loads
ptxas info    : Used 104 registers, used 1 barriers, 16384 bytes smem, 360 bytes cmem[0], 4 bytes cmem[2]
ptxas info    : Compile time = 48.783 ms
ptxas info    : Compiling entry function '_Z13delivery_leadILi3ELi0ELi32ELi0EEvPKvPKhPfiiii' for 'sm_60'
ptxas info    : Function properties for _Z13delivery_leadILi3ELi0ELi32ELi0EEvPKvPKhPfiiii
    0 bytes stack frame, 0 bytes spill stores, 0 bytes spill loads
ptxas info    : Used 100 registers, used 1 barriers, 16384 bytes smem, 360 bytes cmem[0], 4 bytes cmem[2]
ptxas info    : Compile time = 99.609 ms
ptxas info    : Compiling entry function '_Z13delivery_leadILi3ELi0ELi16ELi0EEvPKvPKhPfiiii' for 'sm_60'
ptxas info    : Function properties for _Z13delivery_leadILi3ELi0ELi16ELi0EEvPKvPKhPfiiii
    0 bytes stack frame, 0 bytes spill stores, 0 bytes spill loads
ptxas info    : Used 100 registers, used 1 barriers, 16384 bytes smem, 360 bytes cmem[0], 4 bytes cmem[2]
ptxas info    : Compile time = 64.386 ms
ptxas info    : Compiling entry function '_Z13delivery_leadILi3ELi0ELi8ELi0EEvPKvPKhPfiiii' for 'sm_60'
ptxas info    : Function properties for _Z13delivery_leadILi3ELi0ELi8ELi0EEvPKvPKhPfiiii
    0 bytes stack frame, 0 bytes spill stores, 0 bytes spill loads
ptxas info    : Used 102 registers, used 1 barriers, 16384 bytes smem, 360 bytes cmem[0], 4 bytes cmem[2]
ptxas info    : Compile time = 49.172 ms
ptxas info    : Compiling entry function '_Z13delivery_leadILi2ELi1ELi32ELi0EEvPKvPKhPfiiii' for 'sm_60'
ptxas info    : Function properties for _Z13delivery_leadILi2ELi1ELi32ELi0EEvPKvPKhPfiiii
    0 bytes stack frame, 0 bytes spill stores, 0 bytes spill loads
ptxas info    : Used 109 registers, used 1 barriers, 16384 bytes smem, 360 bytes cmem[0], 4 bytes cmem[2]
ptxas info    : Compile time = 99.539 ms
ptxas info    : Compiling entry function '_Z13delivery_leadILi2ELi1ELi16ELi0EEvPKvPKhPfiiii' for 'sm_60'
ptxas info    : Function properties for _Z13delivery_leadILi2ELi1ELi16ELi0EEvPKvPKhPfiiii
    0 bytes stack frame, 0 bytes spill stores, 0 bytes spill loads
ptxas info    : Used 109 registers, used 1 barriers, 16384 bytes smem, 360 bytes cmem[0], 4 bytes cmem[2]
ptxas info    : Compile time = 65.373 ms
ptxas info    : Compiling entry function '_Z13delivery_leadILi2ELi1ELi8ELi0EEvPKvPKhPfiiii' for 'sm_60'
ptxas info    : Function properties for _Z13delivery_leadILi2ELi1ELi8ELi0EEvPKvPKhPfiiii
    0 bytes stack frame, 0 bytes spill stores, 0 bytes spill loads
ptxas info    : Used 112 registers, used 1 barriers, 16384 bytes smem, 360 bytes cmem[0], 4 bytes cmem[2]
ptxas info    : Compile time = 48.451 ms
ptxas info    : Compiling entry function '_Z13delivery_leadILi2ELi0ELi32ELi0EEvPKvPKhPfiiii' for 'sm_60'
ptxas info    : Function properties for _Z13delivery_leadILi2ELi0ELi32ELi0EEvPKvPKhPfiiii
    0 bytes stack frame, 0 bytes spill stores, 0 bytes spill loads
ptxas info    : Used 108 registers, used 1 barriers, 16384 bytes smem, 360 bytes cmem[0], 4 bytes cmem[2]
ptxas info    : Compile time = 98.957 ms
ptxas info    : Compiling entry function '_Z13delivery_leadILi2ELi0ELi16ELi0EEvPKvPKhPfiiii' for 'sm_60'
ptxas info    : Function properties for _Z13delivery_leadILi2ELi0ELi16ELi0EEvPKvPKhPfiiii
    0 bytes stack frame, 0 bytes spill stores, 0 bytes spill loads
ptxas info    : Used 108 registers, used 1 barriers, 16384 bytes smem, 360 bytes cmem[0], 4 bytes cmem[2]
ptxas info    : Compile time = 65.106 ms
ptxas info    : Compiling entry function '_Z13delivery_leadILi2ELi0ELi8ELi0EEvPKvPKhPfiiii' for 'sm_60'
ptxas info    : Function properties for _Z13delivery_leadILi2ELi0ELi8ELi0EEvPKvPKhPfiiii
    0 bytes stack frame, 0 bytes spill stores, 0 bytes spill loads
ptxas info    : Used 111 registers, used 1 barriers, 16384 bytes smem, 360 bytes cmem[0], 4 bytes cmem[2]
ptxas info    : Compile time = 47.871 ms
ptxas info    : Compiling entry function '_Z13delivery_leadILi1ELi1ELi32ELi0EEvPKvPKhPfiiii' for 'sm_60'
ptxas info    : Function properties for _Z13delivery_leadILi1ELi1ELi32ELi0EEvPKvPKhPfiiii
    0 bytes stack frame, 0 bytes spill stores, 0 bytes spill loads
ptxas info    : Used 102 registers, used 1 barriers, 16384 bytes smem, 360 bytes cmem[0], 4 bytes cmem[2]
ptxas info    : Compile time = 97.273 ms
ptxas info    : Compiling entry function '_Z13delivery_leadILi1ELi1ELi16ELi0EEvPKvPKhPfiiii' for 'sm_60'
ptxas info    : Function properties for _Z13delivery_leadILi1ELi1ELi16ELi0EEvPKvPKhPfiiii
    0 bytes stack frame, 0 bytes spill stores, 0 bytes spill loads
ptxas info    : Used 102 registers, used 1 barriers, 16384 bytes smem, 360 bytes cmem[0], 4 bytes cmem[2]
ptxas info    : Compile time = 64.410 ms
ptxas info    : Compiling entry function '_Z13delivery_leadILi1ELi1ELi8ELi0EEvPKvPKhPfiiii' for 'sm_60'
ptxas info    : Function properties for _Z13delivery_leadILi1ELi1ELi8ELi0EEvPKvPKhPfiiii
    0 bytes stack frame, 0 bytes spill stores, 0 bytes spill loads
ptxas info    : Used 104 registers, used 1 barriers, 16384 bytes smem, 360 bytes cmem[0], 4 bytes cmem[2]
ptxas info    : Compile time = 47.793 ms
ptxas info    : Compiling entry function '_Z13delivery_leadILi1ELi0ELi32ELi0EEvPKvPKhPfiiii' for 'sm_60'
ptxas info    : Function properties for _Z13delivery_leadILi1ELi0ELi32ELi0EEvPKvPKhPfiiii
    0 bytes stack frame, 0 bytes spill stores, 0 bytes spill loads
ptxas info    : Used 100 registers, used 1 barriers, 16384 bytes smem, 360 bytes cmem[0], 4 bytes cmem[2]
ptxas info    : Compile time = 98.577 ms
ptxas info    : Compiling entry function '_Z13delivery_leadILi1ELi0ELi16ELi0EEvPKvPKhPfiiii' for 'sm_60'
ptxas info    : Function properties for _Z13delivery_leadILi1ELi0ELi16ELi0EEvPKvPKhPfiiii
    0 bytes stack frame, 0 bytes spill stores, 0 bytes spill loads
ptxas info    : Used 100 registers, used 1 barriers, 16384 bytes smem, 360 bytes cmem[0], 4 bytes cmem[2]
ptxas info    : Compile time = 64.942 ms
ptxas info    : Compiling entry function '_Z13delivery_leadILi1ELi0ELi8ELi0EEvPKvPKhPfiiii' for 'sm_60'
ptxas info    : Function properties for _Z13delivery_leadILi1ELi0ELi8ELi0EEvPKvPKhPfiiii
    0 bytes stack frame, 0 bytes spill stores, 0 bytes spill loads
ptxas info    : Used 102 registers, used 1 barriers, 16384 bytes smem, 360 bytes cmem[0], 4 bytes cmem[2]
ptxas info    : Compile time = 48.306 ms
ptxas info    : Compiling entry function '_Z13delivery_leadILi0ELi1ELi32ELi0EEvPKvPKhPfiiii' for 'sm_60'
ptxas info    : Function properties for _Z13delivery_leadILi0ELi1ELi32ELi0EEvPKvPKhPfiiii
    0 bytes stack frame, 0 bytes spill stores, 0 bytes spill loads
ptxas info    : Used 110 registers, used 1 barriers, 16384 bytes smem, 360 bytes cmem[0], 4 bytes cmem[2]
ptxas info    : Compile time = 103.819 ms
ptxas info    : Compiling entry function '_Z13delivery_leadILi0ELi1ELi16ELi0EEvPKvPKhPfiiii' for 'sm_60'
ptxas info    : Function properties for _Z13delivery_leadILi0ELi1ELi16ELi0EEvPKvPKhPfiiii
    0 bytes stack frame, 0 bytes spill stores, 0 bytes spill loads
ptxas info    : Used 107 registers, used 1 barriers, 16384 bytes smem, 360 bytes cmem[0], 4 bytes cmem[2]
ptxas info    : Compile time = 68.009 ms
ptxas info    : Compiling entry function '_Z13delivery_leadILi0ELi1ELi8ELi0EEvPKvPKhPfiiii' for 'sm_60'
ptxas info    : Function properties for _Z13delivery_leadILi0ELi1ELi8ELi0EEvPKvPKhPfiiii
    0 bytes stack frame, 0 bytes spill stores, 0 bytes spill loads
ptxas info    : Used 110 registers, used 1 barriers, 16384 bytes smem, 360 bytes cmem[0], 4 bytes cmem[2]
ptxas info    : Compile time = 51.895 ms
ptxas info    : Compiling entry function '_Z13delivery_leadILi0ELi0ELi32ELi0EEvPKvPKhPfiiii' for 'sm_60'
ptxas info    : Function properties for _Z13delivery_leadILi0ELi0ELi32ELi0EEvPKvPKhPfiiii
    0 bytes stack frame, 0 bytes spill stores, 0 bytes spill loads
ptxas info    : Used 104 registers, used 1 barriers, 16384 bytes smem, 360 bytes cmem[0], 4 bytes cmem[2]
ptxas info    : Compile time = 101.122 ms
ptxas info    : Compiling entry function '_Z13delivery_leadILi0ELi0ELi16ELi0EEvPKvPKhPfiiii' for 'sm_60'
ptxas info    : Function properties for _Z13delivery_leadILi0ELi0ELi16ELi0EEvPKvPKhPfiiii
    0 bytes stack frame, 0 bytes spill stores, 0 bytes spill loads
ptxas info    : Used 103 registers, used 1 barriers, 16384 bytes smem, 360 bytes cmem[0], 4 bytes cmem[2]
ptxas info    : Compile time = 66.464 ms
ptxas info    : Compiling entry function '_Z13delivery_leadILi0ELi0ELi8ELi0EEvPKvPKhPfiiii' for 'sm_60'
ptxas info    : Function properties for _Z13delivery_leadILi0ELi0ELi8ELi0EEvPKvPKhPfiiii
    0 bytes stack frame, 0 bytes spill stores, 0 bytes spill loads
ptxas info    : Used 106 registers, used 1 barriers, 16384 bytes smem, 360 bytes cmem[0], 4 bytes cmem[2]
ptxas info    : Compile time = 51.900 ms
ptxas info    : Compiling entry function '_Z18prepare_a16_vectorPKfP6__halfm' for 'sm_60'
ptxas info    : Function properties for _Z18prepare_a16_vectorPKfP6__halfm
    0 bytes stack frame, 0 bytes spill stores, 0 bytes spill loads
ptxas info    : Used 20 registers, used 0 barriers, 344 bytes cmem[0]
ptxas info    : Compile time = 1.914 ms
ptxas info    : Compiling entry function '_Z11prepare_a16PKfP6__halfm' for 'sm_60'
ptxas info    : Function properties for _Z11prepare_a16PKfP6__halfm
    0 bytes stack frame, 0 bytes spill stores, 0 bytes spill loads
ptxas info    : Used 10 registers, used 0 barriers, 344 bytes cmem[0]
ptxas info    : Compile time = 1.414 ms
